ARM Linker, 4.1 [Build 894] [Standard]

==============================================================================

Section Cross References

    startup_stm32f4xx.o(RESET) refers to startup_stm32f4xx.o(STACK) for __initial_sp
    startup_stm32f4xx.o(RESET) refers to startup_stm32f4xx.o(.text) for Reset_Handler
    startup_stm32f4xx.o(RESET) refers to main.o(.text) for HardFault_Handler
    startup_stm32f4xx.o(RESET) refers to drv_system.o(.text) for SysTick_Handler
    startup_stm32f4xx.o(RESET) refers to drv_hcsr04.o(.text) for EXTI4_IRQHandler
    startup_stm32f4xx.o(RESET) refers to drv_pwm.o(.text) for TIM1_CC_IRQHandler
    startup_stm32f4xx.o(RESET) refers to drv_i2c.o(.text) for I2C1_EV_IRQHandler
    startup_stm32f4xx.o(RESET) refers to drv_uart.o(.text) for USART2_IRQHandler
    startup_stm32f4xx.o(.text) refers to system_stm32f4xx.o(.text) for SystemInit
    startup_stm32f4xx.o(.text) refers to entry.o(.ARM.Collect$$$$00000000) for __main
    buzzer.o(.text) refers to drv_system.o(.text) for millis
    buzzer.o(.text) refers to config.o(.text) for feature
    buzzer.o(.text) refers to buzzer.o(.data) for .data
    buzzer.o(.text) refers to mw.o(.data) for toggleBeep
    buzzer.o(.text) refers to mw.o(.bss) for rcOptions
    buzzer.o(.text) refers to config.o(.bss) for cfg
    cli.o(.text) refers to dflti.o(.text) for __aeabi_i2d
    cli.o(.text) refers to dmul.o(.text) for __aeabi_dmul
    cli.o(.text) refers to dadd.o(.text) for __aeabi_dadd
    cli.o(.text) refers to ddiv.o(.text) for __aeabi_ddiv
    cli.o(.text) refers to d2f.o(.text) for __aeabi_d2f
    cli.o(.text) refers to strlen.o(.text) for strlen
    cli.o(.text) refers to strcat.o(.text) for strcat
    cli.o(.text) refers to strncpy.o(.text) for strncpy
    cli.o(.text) refers to strncasecmp.o(.text) for strncasecmp
    cli.o(.text) refers to atoi.o(.text) for atoi
    cli.o(.text) refers to strchr.o(.text) for strchr
    cli.o(.text) refers to printf3.o(i.__0printf$3) for __2printf
    cli.o(.text) refers to config.o(.bss) for cfg
    cli.o(.text) refers to drv_uart.o(.text) for uartPrint
    cli.o(.text) refers to mixer.o(.text) for mixerLoadMix
    cli.o(.text) refers to config.o(.text) for checkFirstTime
    cli.o(.text) refers to drv_system.o(.text) for delay
    cli.o(.text) refers to cli.o(.constdata) for .constdata
    cli.o(.text) refers to config.o(.constdata) for rcChannelLetters
    cli.o(.text) refers to toupper.o(.text) for toupper
    cli.o(.text) refers to strstr.o(.text) for strstr
    cli.o(.text) refers to cli.o(.bss) for .bss
    cli.o(.text) refers to cli.o(.data) for .data
    cli.o(.text) refers to serial.o(.data) for cliMode
    cli.o(.text) refers to mw.o(.data) for batteryCellCount
    cli.o(.text) refers to mw.o(.data) for vbat
    cli.o(.text) refers to drv_i2c.o(.text) for i2cGetErrorCounter
    cli.o(.text) refers to bsearch.o(.text) for bsearch
    cli.o(.text) refers to memseta.o(.text) for __aeabi_memclr
    cli.o(.text) refers to system_stm32f4xx.o(.data) for SystemCoreClock
    cli.o(.text) refers to sensors.o(.data) for accHardware
    cli.o(.constdata) refers to cli.o(.conststring) for .conststring
    cli.o(.constdata) refers to cli.o(.text) for cliAux
    cli.o(.constdata) refers to config.o(.bss) for mcfg
    config.o(.text) refers to strchr.o(.text) for strchr
    config.o(.text) refers to drv_system.o(.text) for failureMode
    config.o(.text) refers to memcpya.o(.text) for __aeabi_memcpy4
    config.o(.text) refers to mw.o(.text) for setPIDController
    config.o(.text) refers to stm32f4xx_flash.o(.text) for FLASH_Unlock
    config.o(.text) refers to memseta.o(.text) for __aeabi_memclr4
    config.o(.text) refers to config.o(.constdata) for .constdata
    config.o(.text) refers to config.o(.bss) for .bss
    config.o(.text) refers to config.o(.data) for .data
    config.o(.text) refers to mw.o(.bss) for lookupPitchRollRC
    gps.o(.text) refers to drv_uart.o(.text) for uart3Write
    gps.o(.text) refers to drv_system.o(.text) for delay
    gps.o(.text) refers to sinf.o(i.__hardfp_sinf) for __hardfp_sinf
    gps.o(.text) refers to cosf.o(i.__hardfp_cosf) for __hardfp_cosf
    gps.o(.text) refers to sqrtf.o(i.__hardfp_sqrtf) for __hardfp_sqrtf
    gps.o(.text) refers to atan2f.o(i.__hardfp_atan2f) for __hardfp_atan2f
    gps.o(.text) refers to config.o(.bss) for mcfg
    gps.o(.text) refers to gps.o(.data) for .data
    gps.o(.text) refers to gps.o(.bss) for .bss
    gps.o(.text) refers to mw.o(.data) for nav
    gps.o(.text) refers to ctype_o.o(.text) for __rt_ctype_table
    gps.o(.text) refers to mw.o(.bss) for f
    gps.o(.text) refers to sensors.o(.data) for heading
    gps.o(.text) refers to mw.o(.data) for GPS_altitude
    gps.o(.text) refers to mw.o(.data) for GPS_speed
    gps.o(.text) refers to mw.o(.data) for GPS_ground_course
    gps.o(.text) refers to mw.o(.data) for GPS_numCh
    gps.o(.text) refers to mw.o(.bss) for GPS_svinfo_chn
[...]
    OTG_FS_WKUP_IRQHandler                   0x080001b7   Thumb Code     0  startup_stm32f4xx.o(.text)
    OTG_HS_EP1_IN_IRQHandler                 0x080001b7   Thumb Code     0  startup_stm32f4xx.o(.text)
    OTG_HS_EP1_OUT_IRQHandler                0x080001b7   Thumb Code     0  startup_stm32f4xx.o(.text)
    OTG_HS_IRQHandler                        0x080001b7   Thumb Code     0  startup_stm32f4xx.o(.text)
    OTG_HS_WKUP_IRQHandler                   0x080001b7   Thumb Code     0  startup_stm32f4xx.o(.text)
    PVD_IRQHandler                           0x080001b7   Thumb Code     0  startup_stm32f4xx.o(.text)
    RCC_IRQHandler                           0x080001b7   Thumb Code     0  startup_stm32f4xx.o(.text)
    RTC_Alarm_IRQHandler                     0x080001b7   Thumb Code     0  startup_stm32f4xx.o(.text)
    RTC_WKUP_IRQHandler                      0x080001b7   Thumb Code     0  startup_stm32f4xx.o(.text)
    SDIO_IRQHandler                          0x080001b7   Thumb Code     0  startup_stm32f4xx.o(.text)
    SPI1_IRQHandler                          0x080001b7   Thumb Code     0  startup_stm32f4xx.o(.text)
    SPI2_IRQHandler                          0x080001b7   Thumb Code     0  startup_stm32f4xx.o(.text)
    SPI3_IRQHandler                          0x080001b7   Thumb Code     0  startup_stm32f4xx.o(.text)
    TAMP_STAMP_IRQHandler                    0x080001b7   Thumb Code     0  startup_stm32f4xx.o(.text)
    TIM1_BRK_TIM9_IRQHandler                 0x080001b7   Thumb Code     0  startup_stm32f4xx.o(.text)
    TIM1_TRG_COM_TIM11_IRQHandler            0x080001b7   Thumb Code     0  startup_stm32f4xx.o(.text)
    TIM1_UP_TIM10_IRQHandler                 0x080001b7   Thumb Code     0  startup_stm32f4xx.o(.text)
    TIM6_DAC_IRQHandler                      0x080001b7   Thumb Code     0  startup_stm32f4xx.o(.text)
    TIM7_IRQHandler                          0x080001b7   Thumb Code     0  startup_stm32f4xx.o(.text)
    TIM8_BRK_TIM12_IRQHandler                0x080001b7   Thumb Code     0  startup_stm32f4xx.o(.text)
    TIM8_TRG_COM_TIM14_IRQHandler            0x080001b7   Thumb Code     0  startup_stm32f4xx.o(.text)
    TIM8_UP_TIM13_IRQHandler                 0x080001b7   Thumb Code     0  startup_stm32f4xx.o(.text)
    UART4_IRQHandler                         0x080001b7   Thumb Code     0  startup_stm32f4xx.o(.text)
    UART5_IRQHandler                         0x080001b7   Thumb Code     0  startup_stm32f4xx.o(.text)
    USART1_IRQHandler                        0x080001b7   Thumb Code     0  startup_stm32f4xx.o(.text)
    USART6_IRQHandler                        0x080001b7   Thumb Code     0  startup_stm32f4xx.o(.text)
    WWDG_IRQHandler                          0x080001b7   Thumb Code     0  startup_stm32f4xx.o(.text)
    buzzer                                   0x080002a5   Thumb Code   284  buzzer.o(.text)
    itoa                                     0x08000401   Thumb Code    40  cli.o(.text)
    cliProcess                               0x0800143b   Thumb Code   426  cli.o(.text)
    parseRcChannels                          0x08001771   Thumb Code    44  config.o(.text)
    readEEPROM                               0x080017d9   Thumb Code   282  config.o(.text)
    writeEEPROM                              0x080018f3   Thumb Code   194  config.o(.text)
    featureSet                               0x080019b5   Thumb Code    10  config.o(.text)
    featureClearAll                          0x080019bf   Thumb Code     8  config.o(.text)
    checkFirstTime                           0x08001c77   Thumb Code    30  config.o(.text)
    sensors                                  0x08001c95   Thumb Code    16  config.o(.text)
    sensorsSet                               0x08001ca5   Thumb Code    10  config.o(.text)
    sensorsClear                             0x08001caf   Thumb Code    10  config.o(.text)
    sensorsMask                              0x08001cb9   Thumb Code     6  config.o(.text)
    feature                                  0x08001cbf   Thumb Code    16  config.o(.text)
    featureClear                             0x08001ccf   Thumb Code    10  config.o(.text)
    featureMask                              0x08001cd9   Thumb Code     6  config.o(.text)
    wrap_18000                               0x08001d3b   Thumb Code    26  gps.o(.text)
    GPS_reset_home_position                  0x08002209   Thumb Code    48  gps.o(.text)
    GPS_coord_to_degrees                     0x0800244b   Thumb Code   158  gps.o(.text)
    gpsInit                                  0x080029af   Thumb Code   312  gps.o(.text)
    leadFilter_clear                         0x08002ae7   Thumb Code     6  gps.o(.text)
    leadFilter_getPosition                   0x08002aed   Thumb Code    68  gps.o(.text)
    GPS_reset_nav                            0x08002b31   Thumb Code    82  gps.o(.text)
    GPS_set_next_wp                          0x08002b83   Thumb Code    78  gps.o(.text)
    _update_checksum                         0x08002bd1   Thumb Code    32  gps.o(.text)
    imuInit                                  0x08002ced   Thumb Code    82  imu.o(.text)
    rotateV                                  0x08002d3f   Thumb Code   208  imu.o(.text)
    computeIMU                               0x080030af   Thumb Code   342  imu.o(.text)
    applyDeadband                            0x08003205   Thumb Code    36  imu.o(.text)
    getEstimatedAltitude                     0x08003229   Thumb Code   564  imu.o(.text)
    fputc                                    0x080034b1   Thumb Code    22  main.o(.text)
    main                                     0x080034c7   Thumb Code   436  main.o(.text)
    HardFault_Handler                        0x0800367b   Thumb Code    12  main.o(.text)
    mixerInit                                0x080036bd   Thumb Code   132  mixer.o(.text)
    mixerLoadMix                             0x08003741   Thumb Code    74  mixer.o(.text)
    writeServos                              0x0800378b   Thumb Code    96  mixer.o(.text)
    writeMotors                              0x080037eb   Thumb Code    36  mixer.o(.text)
    writeAllMotors                           0x0800380f   Thumb Code    28  mixer.o(.text)
    mixTable                                 0x0800382b   Thumb Code  1114  mixer.o(.text)
    blinkLED                                 0x08003c8d   Thumb Code    86  mw.o(.text)
    annexCode                                0x08003ce3   Thumb Code   914  mw.o(.text)
    pwmReadRawRC                             0x08004075   Thumb Code    32  mw.o(.text)
    computeRC                                0x08004095   Thumb Code   202  mw.o(.text)
    setPIDController                         0x080044db   Thumb Code    16  mw.o(.text)
    loop                                     0x080044eb   Thumb Code  2358  mw.o(.text)
    sensorsAutodetect                        0x08004e35   Thumb Code   306  sensors.o(.text)
    batteryAdcToVoltage                      0x08004f67   Thumb Code    54  sensors.o(.text)
    batteryInit                              0x08004f9d   Thumb Code    74  sensors.o(.text)
    ACC_getADC                               0x080051dd   Thumb Code    42  sensors.o(.text)
    Baro_Common                              0x08005207   Thumb Code   130  sensors.o(.text)
    Baro_update                              0x08005289   Thumb Code    86  sensors.o(.text)
    Gyro_getADC                              0x0800547b   Thumb Code    42  sensors.o(.text)
    Mag_init                                 0x080054a5   Thumb Code    26  sensors.o(.text)
    Mag_getADC                               0x080054bf   Thumb Code   348  sensors.o(.text)
    Sonar_init                               0x0800561b   Thumb Code    22  sensors.o(.text)
    Sonar_update                             0x08005631   Thumb Code     6  sensors.o(.text)
    serialize32                              0x08005675   Thumb Code    76  serial.o(.text)
    serialize16                              0x080056c1   Thumb Code    42  serial.o(.text)
    serialize8                               0x080056eb   Thumb Code    18  serial.o(.text)
    read8                                    0x080056fd   Thumb Code    14  serial.o(.text)
    read16                                   0x0800570b   Thumb Code    20  serial.o(.text)
    read32                                   0x0800571f   Thumb Code    18  serial.o(.text)
    headSerialResponse                       0x08005731   Thumb Code    50  serial.o(.text)
    headSerialReply                          0x08005763   Thumb Code     6  serial.o(.text)
    headSerialError                          0x08005769   Thumb Code     6  serial.o(.text)
    tailSerialReply                          0x0800576f   Thumb Code     6  serial.o(.text)
    serializeNames                           0x08005775   Thumb Code    22  serial.o(.text)
    serializeBoxNamesReply                   0x0800578b   Thumb Code   120  serial.o(.text)
    serialInit                               0x08005803   Thumb Code   190  serial.o(.text)
    serialCom                                0x08005f9f   Thumb Code   232  serial.o(.text)
    spektrumInit                             0x080060eb   Thumb Code    36  spektrum.o(.text)
    spektrumFrameComplete                    0x0800610f   Thumb Code     6  spektrum.o(.text)
    spektrumReadRawRC                        0x08006115   Thumb Code   124  spektrum.o(.text)
    initTelemetry                            0x08006279   Thumb Code    34  telemetry.o(.text)
    sendTelemetry                            0x0800629b   Thumb Code   406  telemetry.o(.text)
    adcInit                                  0x080064dd   Thumb Code   254  drv_adc.o(.text)
    adcGetChannel                            0x080065db   Thumb Code     8  drv_adc.o(.text)
    adxl345Detect                            0x08006709   Thumb Code    60  drv_adxl345.o(.text)
    ECHO_EXTI_IRQHandler                     0x08006759   Thumb Code    54  drv_hcsr04.o(.text)
    EXTI4_IRQHandler                         0x0800678f   Thumb Code     2  drv_hcsr04.o(.text)
    EXTI9_5_IRQHandler                       0x08006791   Thumb Code     2  drv_hcsr04.o(.text)
    hcsr04_init                              0x08006793   Thumb Code   150  drv_hcsr04.o(.text)
    hcsr04_get_distance                      0x08006829   Thumb Code    52  drv_hcsr04.o(.text)
    hmc5883lDetect                           0x08006865   Thumb Code    50  drv_hmc5883l.o(.text)
    hmc5883lRead                             0x08006897   Thumb Code    94  drv_hmc5883l.o(.text)
    hmc5883lInit                             0x080068f5   Thumb Code   502  drv_hmc5883l.o(.text)
    i2cInit                                  0x08006b0d   Thumb Code   182  drv_i2c.o(.text)
    I2C1_ER_IRQHandler                       0x08006c35   Thumb Code     2  drv_i2c.o(.text)
    I2C1_EV_IRQHandler                       0x08006e57   Thumb Code     2  drv_i2c.o(.text)
    I2C2_ER_IRQHandler                       0x08006e59   Thumb Code     2  drv_i2c.o(.text)
    I2C2_EV_IRQHandler                       0x08006e5b   Thumb Code     2  drv_i2c.o(.text)
    i2cWriteBuffer                           0x08006e5d   Thumb Code   108  drv_i2c.o(.text)
    i2cWrite                                 0x08006ec9   Thumb Code    12  drv_i2c.o(.text)
    i2cRead                                  0x08006ed5   Thumb Code   124  drv_i2c.o(.text)
    i2cGetErrorCounter                       0x08006f51   Thumb Code     6  drv_i2c.o(.text)
    l3g4200dDetect                           0x080070ab   Thumb Code    90  drv_l3g4200d.o(.text)
    ledringDetect                            0x08007119   Thumb Code    20  drv_ledring.o(.text)
    ledringState                             0x0800712d   Thumb Code   194  drv_ledring.o(.text)
    ledringBlink                             0x080071ef   Thumb Code    32  drv_ledring.o(.text)
    mma8452Detect                            0x080072ef   Thumb Code    60  drv_mma845x.o(.text)
    mpu3050Detect                            0x0800740d   Thumb Code   106  drv_mpu3050.o(.text)
    mpu6000Detect                            0x080075fd   Thumb Code   164  drv_mpu6000.o(.text)
    ms5611Detect                             0x0800782b   Thumb Code   138  drv_ms5611.o(.text)
    TIM1_CC_IRQHandler                       0x08007bb1   Thumb Code   158  drv_pwm.o(.text)
    TIM8_CC_IRQHandler                       0x08007c4f   Thumb Code   158  drv_pwm.o(.text)
    TIM2_IRQHandler                          0x08007ced   Thumb Code    80  drv_pwm.o(.text)
    TIM3_IRQHandler                          0x08007d3d   Thumb Code   130  drv_pwm.o(.text)
    TIM4_IRQHandler                          0x08007dbf   Thumb Code   150  drv_pwm.o(.text)
    TIM5_IRQHandler                          0x08007e55   Thumb Code   156  drv_pwm.o(.text)
    pwmInit                                  0x08007fad   Thumb Code   204  drv_pwm.o(.text)
    pwmWriteMotor                            0x08008079   Thumb Code    22  drv_pwm.o(.text)
    pwmWriteServo                            0x0800808f   Thumb Code    22  drv_pwm.o(.text)
    pwmRead                                  0x080080a5   Thumb Code     8  drv_pwm.o(.text)
    init_SPI1                                0x0800818d   Thumb Code   178  drv_spi.o(.text)
    spi_writeByte                            0x0800823f   Thumb Code    50  drv_spi.o(.text)
    spi_readByte                             0x08008271   Thumb Code    46  drv_spi.o(.text)
    init_SPI2                                0x0800829f   Thumb Code   174  drv_spi.o(.text)
    SPI2_send                                0x0800834d   Thumb Code    32  drv_spi.o(.text)
    SPI2_main                                0x0800836d   Thumb Code    40  drv_spi.o(.text)
    SysTick_Handler                          0x080083a9   Thumb Code    10  drv_system.o(.text)
    micros                                   0x080083b3   Thumb Code    52  drv_system.o(.text)
    millis                                   0x080083e7   Thumb Code     6  drv_system.o(.text)
    delayMicroseconds                        0x080083ed   Thumb Code    26  drv_system.o(.text)
    delay                                    0x08008407   Thumb Code    22  drv_system.o(.text)
    systemInit                               0x0800841d   Thumb Code   230  drv_system.o(.text)
    failureMode                              0x08008503   Thumb Code    64  drv_system.o(.text)
    systemReset                              0x08008543   Thumb Code    18  drv_system.o(.text)
    DMA2_Stream7_IRQHandler                  0x080085c7   Thumb Code    58  drv_uart.o(.text)
    uartInit                                 0x08008601   Thumb Code   358  drv_uart.o(.text)
    isUartAvailable                          0x08008767   Thumb Code    26  drv_uart.o(.text)
    isUartTransmitDMAEmpty                   0x08008781   Thumb Code     6  drv_uart.o(.text)
    isUartTransmitEmpty                      0x08008787   Thumb Code    18  drv_uart.o(.text)
    uartRead                                 0x08008799   Thumb Code    28  drv_uart.o(.text)
    uartReadPoll                             0x080087b5   Thumb Code    18  drv_uart.o(.text)
    uartWrite                                0x080087c7   Thumb Code    50  drv_uart.o(.text)
    uartPrint                                0x080087f9   Thumb Code    20  drv_uart.o(.text)
    uart2Init                                0x08008853   Thumb Code   182  drv_uart.o(.text)
    uart2ChangeBaud                          0x08008909   Thumb Code     2  drv_uart.o(.text)
    uart2Write                               0x0800890b   Thumb Code    36  drv_uart.o(.text)
    isUart2TransmitEmpty                     0x0800892f   Thumb Code    18  drv_uart.o(.text)
    USART2_IRQHandler                        0x08008941   Thumb Code   120  drv_uart.o(.text)
    uart3Init                                0x080089ff   Thumb Code   182  drv_uart.o(.text)
    uart3ChangeBaud                          0x08008ab5   Thumb Code     2  drv_uart.o(.text)
    uart3Write                               0x08008ab7   Thumb Code    36  drv_uart.o(.text)
    isUart3TransmitEmpty                     0x08008adb   Thumb Code    18  drv_uart.o(.text)
    USART3_IRQHandler                        0x08008aed   Thumb Code    78  drv_uart.o(.text)
    SystemInit                               0x08008b4d   Thumb Code    74  system_stm32f4xx.o(.text)
    SystemCoreClockUpdate                    0x08008b97   Thumb Code   112  system_stm32f4xx.o(.text)
    NVIC_PriorityGroupConfig                 0x08008cb9   Thumb Code    10  misc.o(.text)
    NVIC_Init                                0x08008cc3   Thumb Code    92  misc.o(.text)
    NVIC_SetVectorTable                      0x08008d1f   Thumb Code    14  misc.o(.text)
    NVIC_SystemLPConfig                      0x08008d2d   Thumb Code    20  misc.o(.text)
    SysTick_CLKSourceConfig                  0x08008d41   Thumb Code    24  misc.o(.text)
    ADC_DeInit                               0x08008d69   Thumb Code    24  stm32f4xx_adc.o(.text)
    ADC_Init                                 0x08008d81   Thumb Code    66  stm32f4xx_adc.o(.text)
    ADC_StructInit                           0x08008dc3   Thumb Code    20  stm32f4xx_adc.o(.text)
    ADC_CommonInit                           0x08008dd7   Thumb Code    40  stm32f4xx_adc.o(.text)
    ADC_CommonStructInit                     0x08008dff   Thumb Code    12  stm32f4xx_adc.o(.text)
    ADC_Cmd                                  0x08008e0b   Thumb Code    20  stm32f4xx_adc.o(.text)
    ADC_AnalogWatchdogCmd                    0x08008e1f   Thumb Code    12  stm32f4xx_adc.o(.text)
    ADC_AnalogWatchdogThresholdsConfig       0x08008e2b   Thumb Code     6  stm32f4xx_adc.o(.text)
    ADC_AnalogWatchdogSingleChannelConfig    0x08008e31   Thumb Code    12  stm32f4xx_adc.o(.text)
    ADC_TempSensorVrefintCmd                 0x08008e3d   Thumb Code    26  stm32f4xx_adc.o(.text)
    ADC_VBATCmd                              0x08008e57   Thumb Code    26  stm32f4xx_adc.o(.text)
    ADC_RegularChannelConfig                 0x08008e71   Thumb Code   116  stm32f4xx_adc.o(.text)
    ADC_SoftwareStartConv                    0x08008ee5   Thumb Code    10  stm32f4xx_adc.o(.text)
    ADC_GetSoftwareStartConvStatus           0x08008eef   Thumb Code    14  stm32f4xx_adc.o(.text)
    ADC_EOCOnEachRegularChannelCmd           0x08008efd   Thumb Code    20  stm32f4xx_adc.o(.text)
    ADC_ContinuousModeCmd                    0x08008f11   Thumb Code    20  stm32f4xx_adc.o(.text)
    ADC_DiscModeChannelCountConfig           0x08008f25   Thumb Code    16  stm32f4xx_adc.o(.text)
    ADC_DiscModeCmd                          0x08008f35   Thumb Code    20  stm32f4xx_adc.o(.text)
    ADC_GetConversionValue                   0x08008f49   Thumb Code     6  stm32f4xx_adc.o(.text)
    ADC_GetMultiModeConversionValue          0x08008f4f   Thumb Code     6  stm32f4xx_adc.o(.text)
    ADC_DMACmd                               0x08008f55   Thumb Code    20  stm32f4xx_adc.o(.text)
    ADC_DMARequestAfterLastTransferCmd       0x08008f69   Thumb Code    20  stm32f4xx_adc.o(.text)
    ADC_MultiModeDMARequestAfterLastTransferCmd 0x08008f7d   Thumb Code    26  stm32f4xx_adc.o(.text)
    ADC_InjectedChannelConfig                0x08008f97   Thumb Code    74  stm32f4xx_adc.o(.text)
    ADC_InjectedSequencerLengthConfig        0x08008fe1   Thumb Code    16  stm32f4xx_adc.o(.text)
    ADC_SetInjectedOffset                    0x08008ff1   Thumb Code     4  stm32f4xx_adc.o(.text)
    ADC_ExternalTrigInjectedConvConfig       0x08008ff5   Thumb Code    12  stm32f4xx_adc.o(.text)
    ADC_ExternalTrigInjectedConvEdgeConfig   0x08009001   Thumb Code    12  stm32f4xx_adc.o(.text)
    ADC_SoftwareStartInjectedConv            0x0800900d   Thumb Code    10  stm32f4xx_adc.o(.text)
    ADC_GetSoftwareStartInjectedConvCmdStatus 0x08009017   Thumb Code    14  stm32f4xx_adc.o(.text)
    ADC_AutoInjectedConvCmd                  0x08009025   Thumb Code    20  stm32f4xx_adc.o(.text)
    ADC_InjectedDiscModeCmd                  0x08009039   Thumb Code    20  stm32f4xx_adc.o(.text)
    ADC_GetInjectedConversionValue           0x0800904d   Thumb Code     8  stm32f4xx_adc.o(.text)
    ADC_ITConfig                             0x08009055   Thumb Code    18  stm32f4xx_adc.o(.text)
    ADC_GetFlagStatus                        0x08009067   Thumb Code    14  stm32f4xx_adc.o(.text)
    ADC_ClearFlag                            0x08009075   Thumb Code     6  stm32f4xx_adc.o(.text)
    ADC_GetITStatus                          0x0800907b   Thumb Code    28  stm32f4xx_adc.o(.text)
    ADC_ClearITPendingBit                    0x08009097   Thumb Code     8  stm32f4xx_adc.o(.text)
    DMA_DeInit                               0x080090bd   Thumb Code   270  stm32f4xx_dma.o(.text)
    DMA_Init                                 0x080091cb   Thumb Code    80  stm32f4xx_dma.o(.text)
    DMA_StructInit                           0x0800921b   Thumb Code    34  stm32f4xx_dma.o(.text)
    DMA_Cmd                                  0x0800923d   Thumb Code    20  stm32f4xx_dma.o(.text)
    DMA_PeriphIncOffsetSizeConfig            0x08009251   Thumb Code    20  stm32f4xx_dma.o(.text)
    DMA_FlowControllerConfig                 0x08009265   Thumb Code    20  stm32f4xx_dma.o(.text)
    DMA_SetCurrDataCounter                   0x08009279   Thumb Code     4  stm32f4xx_dma.o(.text)
    DMA_GetCurrDataCounter                   0x0800927d   Thumb Code     6  stm32f4xx_dma.o(.text)
    DMA_DoubleBufferModeConfig               0x08009283   Thumb Code    22  stm32f4xx_dma.o(.text)
    DMA_DoubleBufferModeCmd                  0x08009299   Thumb Code    20  stm32f4xx_dma.o(.text)
    DMA_MemoryTargetConfig                   0x080092ad   Thumb Code    10  stm32f4xx_dma.o(.text)
    DMA_GetCurrentMemoryTarget               0x080092b7   Thumb Code    14  stm32f4xx_dma.o(.text)
    DMA_GetCmdStatus                         0x080092c5   Thumb Code    14  stm32f4xx_dma.o(.text)
    DMA_GetFIFOStatus                        0x080092d3   Thumb Code     8  stm32f4xx_dma.o(.text)
    DMA_GetFlagStatus                        0x080092db   Thumb Code    42  stm32f4xx_dma.o(.text)
    DMA_ClearFlag                            0x08009305   Thumb Code    34  stm32f4xx_dma.o(.text)
    DMA_ITConfig                             0x08009327   Thumb Code    44  stm32f4xx_dma.o(.text)
    DMA_GetITStatus                          0x08009353   Thumb Code    72  stm32f4xx_dma.o(.text)
    DMA_ClearITPendingBit                    0x0800939b   Thumb Code    34  stm32f4xx_dma.o(.text)
    EXTI_DeInit                              0x080093dd   Thumb Code    28  stm32f4xx_exti.o(.text)
    EXTI_Init                                0x080093f9   Thumb Code   112  stm32f4xx_exti.o(.text)
    EXTI_StructInit                          0x08009469   Thumb Code    14  stm32f4xx_exti.o(.text)
    EXTI_GenerateSWInterrupt                 0x08009477   Thumb Code    12  stm32f4xx_exti.o(.text)
    EXTI_GetFlagStatus                       0x08009483   Thumb Code    18  stm32f4xx_exti.o(.text)
    EXTI_ClearFlag                           0x08009495   Thumb Code     8  stm32f4xx_exti.o(.text)
    EXTI_GetITStatus                         0x0800949d   Thumb Code    28  stm32f4xx_exti.o(.text)
    EXTI_ClearITPendingBit                   0x080094b9   Thumb Code     8  stm32f4xx_exti.o(.text)
    FLASH_SetLatency                         0x080094c9   Thumb Code     6  stm32f4xx_flash.o(.text)
    FLASH_PrefetchBufferCmd                  0x080094cf   Thumb Code    22  stm32f4xx_flash.o(.text)
    FLASH_InstructionCacheCmd                0x080094e5   Thumb Code    22  stm32f4xx_flash.o(.text)
    FLASH_DataCacheCmd                       0x080094fb   Thumb Code    22  stm32f4xx_flash.o(.text)
    FLASH_InstructionCacheReset              0x08009511   Thumb Code    12  stm32f4xx_flash.o(.text)
    FLASH_DataCacheReset                     0x0800951d   Thumb Code    12  stm32f4xx_flash.o(.text)
    FLASH_Unlock                             0x08009529   Thumb Code    24  stm32f4xx_flash.o(.text)
    FLASH_Lock                               0x08009541   Thumb Code    14  stm32f4xx_flash.o(.text)
    FLASH_GetStatus                          0x0800954f   Thumb Code    48  stm32f4xx_flash.o(.text)
    FLASH_WaitForLastOperation               0x0800957f   Thumb Code    12  stm32f4xx_flash.o(.text)
    FLASH_EraseSector                        0x0800958b   Thumb Code   110  stm32f4xx_flash.o(.text)
    FLASH_EraseAllSectors                    0x080095f9   Thumb Code    92  stm32f4xx_flash.o(.text)
    FLASH_ProgramDoubleWord                  0x08009655   Thumb Code    62  stm32f4xx_flash.o(.text)
    FLASH_ProgramWord                        0x08009693   Thumb Code    60  stm32f4xx_flash.o(.text)
    FLASH_ProgramHalfWord                    0x080096cf   Thumb Code    60  stm32f4xx_flash.o(.text)
    FLASH_ProgramByte                        0x0800970b   Thumb Code    56  stm32f4xx_flash.o(.text)
    FLASH_OB_Unlock                          0x08009743   Thumb Code    24  stm32f4xx_flash.o(.text)
    FLASH_OB_Lock                            0x0800975b   Thumb Code    14  stm32f4xx_flash.o(.text)
    FLASH_OB_WRPConfig                       0x08009769   Thumb Code    36  stm32f4xx_flash.o(.text)
    FLASH_OB_RDPConfig                       0x0800978d   Thumb Code    20  stm32f4xx_flash.o(.text)
    FLASH_OB_UserConfig                      0x080097a1   Thumb Code    36  stm32f4xx_flash.o(.text)
    FLASH_OB_BORConfig                       0x080097c5   Thumb Code    20  stm32f4xx_flash.o(.text)
    FLASH_OB_Launch                          0x080097d9   Thumb Code    14  stm32f4xx_flash.o(.text)
    FLASH_OB_GetUser                         0x080097e7   Thumb Code    12  stm32f4xx_flash.o(.text)
    FLASH_OB_GetWRP                          0x080097f3   Thumb Code     8  stm32f4xx_flash.o(.text)
    FLASH_OB_GetRDP                          0x080097fb   Thumb Code    16  stm32f4xx_flash.o(.text)
    FLASH_OB_GetBOR                          0x0800980b   Thumb Code    12  stm32f4xx_flash.o(.text)
    FLASH_ITConfig                           0x08009817   Thumb Code    20  stm32f4xx_flash.o(.text)
    FLASH_GetFlagStatus                      0x0800982b   Thumb Code    18  stm32f4xx_flash.o(.text)
    FLASH_ClearFlag                          0x0800983d   Thumb Code     8  stm32f4xx_flash.o(.text)
    GPIO_DeInit                              0x08009859   Thumb Code   192  stm32f4xx_gpio.o(.text)
    GPIO_Init                                0x08009919   Thumb Code   124  stm32f4xx_gpio.o(.text)
    GPIO_StructInit                          0x08009995   Thumb Code    18  stm32f4xx_gpio.o(.text)
    GPIO_PinLockConfig                       0x080099a7   Thumb Code    16  stm32f4xx_gpio.o(.text)
    GPIO_ReadInputDataBit                    0x080099b7   Thumb Code    14  stm32f4xx_gpio.o(.text)
    GPIO_ReadInputData                       0x080099c5   Thumb Code     6  stm32f4xx_gpio.o(.text)
    GPIO_ReadOutputDataBit                   0x080099cb   Thumb Code    14  stm32f4xx_gpio.o(.text)
    GPIO_ReadOutputData                      0x080099d9   Thumb Code     6  stm32f4xx_gpio.o(.text)
    GPIO_SetBits                             0x080099df   Thumb Code     4  stm32f4xx_gpio.o(.text)
    GPIO_ResetBits                           0x080099e3   Thumb Code     4  stm32f4xx_gpio.o(.text)
    GPIO_WriteBit                            0x080099e7   Thumb Code    10  stm32f4xx_gpio.o(.text)
    GPIO_Write                               0x080099f1   Thumb Code     4  stm32f4xx_gpio.o(.text)
    GPIO_ToggleBits                          0x080099f5   Thumb Code     8  stm32f4xx_gpio.o(.text)
    GPIO_PinAFConfig                         0x080099fd   Thumb Code    32  stm32f4xx_gpio.o(.text)
    I2C_DeInit                               0x08009a41   Thumb Code    56  stm32f4xx_i2c.o(.text)
    I2C_Init                                 0x08009a79   Thumb Code   172  stm32f4xx_i2c.o(.text)
    I2C_StructInit                           0x08009b25   Thumb Code    28  stm32f4xx_i2c.o(.text)
    I2C_Cmd                                  0x08009b41   Thumb Code    20  stm32f4xx_i2c.o(.text)
    I2C_GenerateSTART                        0x08009b55   Thumb Code    20  stm32f4xx_i2c.o(.text)
    I2C_GenerateSTOP                         0x08009b69   Thumb Code    20  stm32f4xx_i2c.o(.text)
    I2C_Send7bitAddress                      0x08009b7d   Thumb Code    16  stm32f4xx_i2c.o(.text)
    I2C_AcknowledgeConfig                    0x08009b8d   Thumb Code    20  stm32f4xx_i2c.o(.text)
    I2C_OwnAddress2Config                    0x08009ba1   Thumb Code    16  stm32f4xx_i2c.o(.text)
    I2C_DualAddressCmd                       0x08009bb1   Thumb Code    20  stm32f4xx_i2c.o(.text)
    I2C_GeneralCallCmd                       0x08009bc5   Thumb Code    20  stm32f4xx_i2c.o(.text)
    I2C_SoftwareResetCmd                     0x08009bd9   Thumb Code    20  stm32f4xx_i2c.o(.text)
    I2C_StretchClockCmd                      0x08009bed   Thumb Code    20  stm32f4xx_i2c.o(.text)
    I2C_FastModeDutyCycleConfig              0x08009c01   Thumb Code    22  stm32f4xx_i2c.o(.text)
    I2C_NACKPositionConfig                   0x08009c17   Thumb Code    22  stm32f4xx_i2c.o(.text)
    I2C_SMBusAlertConfig                     0x08009c2d   Thumb Code    22  stm32f4xx_i2c.o(.text)
    I2C_ARPCmd                               0x08009c43   Thumb Code    20  stm32f4xx_i2c.o(.text)
    I2C_SendData                             0x08009c57   Thumb Code     4  stm32f4xx_i2c.o(.text)
    I2C_ReceiveData                          0x08009c5b   Thumb Code     6  stm32f4xx_i2c.o(.text)
    I2C_TransmitPEC                          0x08009c61   Thumb Code    20  stm32f4xx_i2c.o(.text)
    I2C_PECPositionConfig                    0x08009c75   Thumb Code    22  stm32f4xx_i2c.o(.text)
    I2C_CalculatePEC                         0x08009c8b   Thumb Code    20  stm32f4xx_i2c.o(.text)
    I2C_GetPEC                               0x08009c9f   Thumb Code     6  stm32f4xx_i2c.o(.text)
    I2C_DMACmd                               0x08009ca5   Thumb Code    20  stm32f4xx_i2c.o(.text)
    I2C_DMALastTransferCmd                   0x08009cb9   Thumb Code    20  stm32f4xx_i2c.o(.text)
    I2C_ReadRegister                         0x08009ccd   Thumb Code     4  stm32f4xx_i2c.o(.text)
    I2C_ITConfig                             0x08009cd1   Thumb Code    16  stm32f4xx_i2c.o(.text)
    I2C_CheckEvent                           0x08009ce1   Thumb Code    24  stm32f4xx_i2c.o(.text)
    I2C_GetLastEvent                         0x08009cf9   Thumb Code    14  stm32f4xx_i2c.o(.text)
    I2C_GetFlagStatus                        0x08009d07   Thumb Code    30  stm32f4xx_i2c.o(.text)
    I2C_ClearFlag                            0x08009d25   Thumb Code     6  stm32f4xx_i2c.o(.text)
    I2C_GetITStatus                          0x08009d2b   Thumb Code    32  stm32f4xx_i2c.o(.text)
    I2C_ClearITPendingBit                    0x08009d4b   Thumb Code     6  stm32f4xx_i2c.o(.text)
    RCC_DeInit                               0x08009d65   Thumb Code    48  stm32f4xx_rcc.o(.text)
    RCC_HSEConfig                            0x08009d95   Thumb Code    12  stm32f4xx_rcc.o(.text)
    RCC_GetFlagStatus                        0x08009da1   Thumb Code    46  stm32f4xx_rcc.o(.text)
    RCC_WaitForHSEStartUp                    0x08009dcf   Thumb Code    42  stm32f4xx_rcc.o(.text)
    RCC_AdjustHSICalibrationValue            0x08009df9   Thumb Code    16  stm32f4xx_rcc.o(.text)
    RCC_HSICmd                               0x08009e09   Thumb Code     6  stm32f4xx_rcc.o(.text)
    RCC_LSEConfig                            0x08009e0f   Thumb Code    24  stm32f4xx_rcc.o(.text)
    RCC_LSICmd                               0x08009e27   Thumb Code     6  stm32f4xx_rcc.o(.text)
    RCC_PLLConfig                            0x08009e2d   Thumb Code    32  stm32f4xx_rcc.o(.text)
    RCC_PLLCmd                               0x08009e4d   Thumb Code     6  stm32f4xx_rcc.o(.text)
    RCC_PLLI2SConfig                         0x08009e53   Thumb Code    14  stm32f4xx_rcc.o(.text)
    RCC_PLLI2SCmd                            0x08009e61   Thumb Code     6  stm32f4xx_rcc.o(.text)
    RCC_ClockSecuritySystemCmd               0x08009e67   Thumb Code     6  stm32f4xx_rcc.o(.text)
    RCC_MCO1Config                           0x08009e6d   Thumb Code    18  stm32f4xx_rcc.o(.text)
    RCC_MCO2Config                           0x08009e7f   Thumb Code    18  stm32f4xx_rcc.o(.text)
    RCC_SYSCLKConfig                         0x08009e91   Thumb Code    16  stm32f4xx_rcc.o(.text)
    RCC_GetSYSCLKSource                      0x08009ea1   Thumb Code    12  stm32f4xx_rcc.o(.text)
    RCC_HCLKConfig                           0x08009ead   Thumb Code    16  stm32f4xx_rcc.o(.text)
    RCC_PCLK1Config                          0x08009ebd   Thumb Code    16  stm32f4xx_rcc.o(.text)
    RCC_PCLK2Config                          0x08009ecd   Thumb Code    18  stm32f4xx_rcc.o(.text)
    RCC_GetClocksFreq                        0x08009edf   Thumb Code   140  stm32f4xx_rcc.o(.text)
    RCC_RTCCLKConfig                         0x08009f6b   Thumb Code    42  stm32f4xx_rcc.o(.text)
    RCC_RTCCLKCmd                            0x08009f95   Thumb Code     8  stm32f4xx_rcc.o(.text)
    RCC_BackupResetCmd                       0x08009f9d   Thumb Code     8  stm32f4xx_rcc.o(.text)
    RCC_I2SCLKConfig                         0x08009fa5   Thumb Code     6  stm32f4xx_rcc.o(.text)
    RCC_AHB1PeriphClockCmd                   0x08009fab   Thumb Code    20  stm32f4xx_rcc.o(.text)
    RCC_AHB2PeriphClockCmd                   0x08009fbf   Thumb Code    20  stm32f4xx_rcc.o(.text)
    RCC_AHB3PeriphClockCmd                   0x08009fd3   Thumb Code    20  stm32f4xx_rcc.o(.text)
    RCC_APB1PeriphClockCmd                   0x08009fe7   Thumb Code    20  stm32f4xx_rcc.o(.text)
    RCC_APB2PeriphClockCmd                   0x08009ffb   Thumb Code    20  stm32f4xx_rcc.o(.text)
    RCC_AHB1PeriphResetCmd                   0x0800a00f   Thumb Code    20  stm32f4xx_rcc.o(.text)
    RCC_AHB2PeriphResetCmd                   0x0800a023   Thumb Code    20  stm32f4xx_rcc.o(.text)
    RCC_AHB3PeriphResetCmd                   0x0800a037   Thumb Code    20  stm32f4xx_rcc.o(.text)
    RCC_APB1PeriphResetCmd                   0x0800a04b   Thumb Code    20  stm32f4xx_rcc.o(.text)
    RCC_APB2PeriphResetCmd                   0x0800a05f   Thumb Code    20  stm32f4xx_rcc.o(.text)
    RCC_AHB1PeriphClockLPModeCmd             0x0800a073   Thumb Code    20  stm32f4xx_rcc.o(.text)
    RCC_AHB2PeriphClockLPModeCmd             0x0800a087   Thumb Code    20  stm32f4xx_rcc.o(.text)
    RCC_AHB3PeriphClockLPModeCmd             0x0800a09b   Thumb Code    20  stm32f4xx_rcc.o(.text)
    RCC_APB1PeriphClockLPModeCmd             0x0800a0af   Thumb Code    20  stm32f4xx_rcc.o(.text)
    RCC_APB2PeriphClockLPModeCmd             0x0800a0c3   Thumb Code    20  stm32f4xx_rcc.o(.text)
    RCC_ITConfig                             0x0800a0d7   Thumb Code    20  stm32f4xx_rcc.o(.text)
    RCC_ClearFlag                            0x0800a0eb   Thumb Code    14  stm32f4xx_rcc.o(.text)
    RCC_GetITStatus                          0x0800a0f9   Thumb Code    18  stm32f4xx_rcc.o(.text)
    RCC_ClearITPendingBit                    0x0800a10b   Thumb Code     8  stm32f4xx_rcc.o(.text)
    SPI_I2S_DeInit                           0x0800a13d   Thumb Code    72  stm32f4xx_spi.o(.text)
    SPI_Init                                 0x0800a185   Thumb Code    56  stm32f4xx_spi.o(.text)
    I2S_Init                                 0x0800a1bd   Thumb Code   184  stm32f4xx_spi.o(.text)
    SPI_StructInit                           0x0800a275   Thumb Code    24  stm32f4xx_spi.o(.text)
    I2S_StructInit                           0x0800a28d   Thumb Code    18  stm32f4xx_spi.o(.text)
    SPI_Cmd                                  0x0800a29f   Thumb Code    20  stm32f4xx_spi.o(.text)
    I2S_Cmd                                  0x0800a2b3   Thumb Code    20  stm32f4xx_spi.o(.text)
    SPI_DataSizeConfig                       0x0800a2c7   Thumb Code    16  stm32f4xx_spi.o(.text)
    SPI_BiDirectionalLineConfig              0x0800a2d7   Thumb Code    22  stm32f4xx_spi.o(.text)
    SPI_NSSInternalSoftwareConfig            0x0800a2ed   Thumb Code    24  stm32f4xx_spi.o(.text)
    SPI_SSOutputCmd                          0x0800a305   Thumb Code    20  stm32f4xx_spi.o(.text)
    SPI_TIModeCmd                            0x0800a319   Thumb Code    20  stm32f4xx_spi.o(.text)
    I2S_FullDuplexConfig                     0x0800a32d   Thumb Code    62  stm32f4xx_spi.o(.text)
    SPI_I2S_ReceiveData                      0x0800a36b   Thumb Code     4  stm32f4xx_spi.o(.text)
    SPI_I2S_SendData                         0x0800a36f   Thumb Code     4  stm32f4xx_spi.o(.text)
    SPI_CalculateCRC                         0x0800a373   Thumb Code    20  stm32f4xx_spi.o(.text)
    SPI_TransmitCRC                          0x0800a387   Thumb Code    10  stm32f4xx_spi.o(.text)
    SPI_GetCRC                               0x0800a391   Thumb Code    12  stm32f4xx_spi.o(.text)
    SPI_GetCRCPolynomial                     0x0800a39d   Thumb Code     4  stm32f4xx_spi.o(.text)
    SPI_I2S_DMACmd                           0x0800a3a1   Thumb Code    16  stm32f4xx_spi.o(.text)
    SPI_I2S_ITConfig                         0x0800a3b1   Thumb Code    24  stm32f4xx_spi.o(.text)
    SPI_I2S_GetFlagStatus                    0x0800a3c9   Thumb Code    14  stm32f4xx_spi.o(.text)
    SPI_I2S_ClearFlag                        0x0800a3d7   Thumb Code     6  stm32f4xx_spi.o(.text)
    SPI_I2S_GetITStatus                      0x0800a3dd   Thumb Code    40  stm32f4xx_spi.o(.text)
    SPI_I2S_ClearITPendingBit                0x0800a405   Thumb Code    14  stm32f4xx_spi.o(.text)
    SYSCFG_DeInit                            0x0800a429   Thumb Code    24  stm32f4xx_syscfg.o(.text)
    SYSCFG_MemoryRemapConfig                 0x0800a441   Thumb Code     6  stm32f4xx_syscfg.o(.text)
    SYSCFG_EXTILineConfig                    0x0800a447   Thumb Code    36  stm32f4xx_syscfg.o(.text)
    SYSCFG_ETH_MediaInterfaceConfig          0x0800a46b   Thumb Code     6  stm32f4xx_syscfg.o(.text)
    SYSCFG_CompensationCellCmd               0x0800a471   Thumb Code     6  stm32f4xx_syscfg.o(.text)
    SYSCFG_GetCompensationCellStatus         0x0800a477   Thumb Code    16  stm32f4xx_syscfg.o(.text)
    TIM_DeInit                               0x0800a495   Thumb Code   284  stm32f4xx_tim.o(.text)
    TIM_TimeBaseInit                         0x0800a5b1   Thumb Code   100  stm32f4xx_tim.o(.text)
    TIM_TimeBaseStructInit                   0x0800a615   Thumb Code    18  stm32f4xx_tim.o(.text)
    TIM_PrescalerConfig                      0x0800a627   Thumb Code     6  stm32f4xx_tim.o(.text)
    TIM_CounterModeConfig                    0x0800a62d   Thumb Code    12  stm32f4xx_tim.o(.text)
    TIM_SetCounter                           0x0800a639   Thumb Code     4  stm32f4xx_tim.o(.text)
    TIM_SetAutoreload                        0x0800a63d   Thumb Code     4  stm32f4xx_tim.o(.text)
    TIM_GetCounter                           0x0800a641   Thumb Code     4  stm32f4xx_tim.o(.text)
    TIM_GetPrescaler                         0x0800a645   Thumb Code     4  stm32f4xx_tim.o(.text)
    TIM_UpdateDisableConfig                  0x0800a649   Thumb Code    20  stm32f4xx_tim.o(.text)
    TIM_UpdateRequestConfig                  0x0800a65d   Thumb Code    20  stm32f4xx_tim.o(.text)
    TIM_ARRPreloadConfig                     0x0800a671   Thumb Code    20  stm32f4xx_tim.o(.text)
    TIM_SelectOnePulseMode                   0x0800a685   Thumb Code    16  stm32f4xx_tim.o(.text)
    TIM_SetClockDivision                     0x0800a695   Thumb Code    16  stm32f4xx_tim.o(.text)
    TIM_Cmd                                  0x0800a6a5   Thumb Code    20  stm32f4xx_tim.o(.text)
    TIM_OC1Init                              0x0800a6b9   Thumb Code    88  stm32f4xx_tim.o(.text)
    TIM_OC2Init                              0x0800a711   Thumb Code   116  stm32f4xx_tim.o(.text)
    TIM_OC3Init                              0x0800a785   Thumb Code   112  stm32f4xx_tim.o(.text)
    TIM_OC4Init                              0x0800a7f5   Thumb Code    84  stm32f4xx_tim.o(.text)
    TIM_OCStructInit                         0x0800a849   Thumb Code    20  stm32f4xx_tim.o(.text)
    TIM_SelectOCxM                           0x0800a85d   Thumb Code   126  stm32f4xx_tim.o(.text)
    TIM_SetCompare1                          0x0800a8db   Thumb Code     4  stm32f4xx_tim.o(.text)
    TIM_SetCompare2                          0x0800a8df   Thumb Code     4  stm32f4xx_tim.o(.text)
    TIM_SetCompare3                          0x0800a8e3   Thumb Code     4  stm32f4xx_tim.o(.text)
    TIM_SetCompare4                          0x0800a8e7   Thumb Code     4  stm32f4xx_tim.o(.text)
    TIM_ForcedOC1Config                      0x0800a8eb   Thumb Code    12  stm32f4xx_tim.o(.text)
    TIM_ForcedOC2Config                      0x0800a8f7   Thumb Code    14  stm32f4xx_tim.o(.text)
    TIM_ForcedOC3Config                      0x0800a905   Thumb Code    12  stm32f4xx_tim.o(.text)
    TIM_ForcedOC4Config                      0x0800a911   Thumb Code    14  stm32f4xx_tim.o(.text)
    TIM_OC1PreloadConfig                     0x0800a91f   Thumb Code    12  stm32f4xx_tim.o(.text)
    TIM_OC2PreloadConfig                     0x0800a92b   Thumb Code    14  stm32f4xx_tim.o(.text)
    TIM_OC3PreloadConfig                     0x0800a939   Thumb Code    12  stm32f4xx_tim.o(.text)
    TIM_OC4PreloadConfig                     0x0800a945   Thumb Code    14  stm32f4xx_tim.o(.text)
    TIM_OC1FastConfig                        0x0800a953   Thumb Code    12  stm32f4xx_tim.o(.text)
    TIM_OC2FastConfig                        0x0800a95f   Thumb Code    14  stm32f4xx_tim.o(.text)
    TIM_OC3FastConfig                        0x0800a96d   Thumb Code    12  stm32f4xx_tim.o(.text)
    TIM_OC4FastConfig                        0x0800a979   Thumb Code    14  stm32f4xx_tim.o(.text)
    TIM_ClearOC1Ref                          0x0800a987   Thumb Code    12  stm32f4xx_tim.o(.text)
    TIM_ClearOC2Ref                          0x0800a993   Thumb Code    14  stm32f4xx_tim.o(.text)
    TIM_ClearOC3Ref                          0x0800a9a1   Thumb Code    12  stm32f4xx_tim.o(.text)
    TIM_ClearOC4Ref                          0x0800a9ad   Thumb Code    14  stm32f4xx_tim.o(.text)
    TIM_OC1PolarityConfig                    0x0800a9bb   Thumb Code    12  stm32f4xx_tim.o(.text)
    TIM_OC1NPolarityConfig                   0x0800a9c7   Thumb Code    12  stm32f4xx_tim.o(.text)
    TIM_OC2PolarityConfig                    0x0800a9d3   Thumb Code    14  stm32f4xx_tim.o(.text)
    TIM_OC2NPolarityConfig                   0x0800a9e1   Thumb Code    14  stm32f4xx_tim.o(.text)
    TIM_OC3PolarityConfig                    0x0800a9ef   Thumb Code    14  stm32f4xx_tim.o(.text)
    TIM_OC3NPolarityConfig                   0x0800a9fd   Thumb Code    14  stm32f4xx_tim.o(.text)
    TIM_OC4PolarityConfig                    0x0800aa0b   Thumb Code    14  stm32f4xx_tim.o(.text)
    TIM_CCxCmd                               0x0800aa19   Thumb Code    22  stm32f4xx_tim.o(.text)
    TIM_CCxNCmd                              0x0800aa2f   Thumb Code    22  stm32f4xx_tim.o(.text)
    TIM_SetIC4Prescaler                      0x0800aa45   Thumb Code    18  stm32f4xx_tim.o(.text)
    TIM_SetIC3Prescaler                      0x0800aa57   Thumb Code    16  stm32f4xx_tim.o(.text)
    TIM_SetIC2Prescaler                      0x0800aa67   Thumb Code    18  stm32f4xx_tim.o(.text)
    TIM_SetIC1Prescaler                      0x0800aaa7   Thumb Code    16  stm32f4xx_tim.o(.text)
    TIM_ICInit                               0x0800aab7   Thumb Code   152  stm32f4xx_tim.o(.text)
    TIM_ICStructInit                         0x0800ab4f   Thumb Code    16  stm32f4xx_tim.o(.text)
    TIM_PWMIConfig                           0x0800ab5f   Thumb Code   104  stm32f4xx_tim.o(.text)
    TIM_GetCapture1                          0x0800abc7   Thumb Code     4  stm32f4xx_tim.o(.text)
    TIM_GetCapture2                          0x0800abcb   Thumb Code     4  stm32f4xx_tim.o(.text)
    TIM_GetCapture3                          0x0800abcf   Thumb Code     4  stm32f4xx_tim.o(.text)
    TIM_GetCapture4                          0x0800abd3   Thumb Code     4  stm32f4xx_tim.o(.text)
    TIM_BDTRConfig                           0x0800abd7   Thumb Code    34  stm32f4xx_tim.o(.text)
    TIM_BDTRStructInit                       0x0800abf9   Thumb Code    18  stm32f4xx_tim.o(.text)
    TIM_CtrlPWMOutputs                       0x0800ac0b   Thumb Code    22  stm32f4xx_tim.o(.text)
    TIM_SelectCOM                            0x0800ac21   Thumb Code    20  stm32f4xx_tim.o(.text)
    TIM_CCPreloadControl                     0x0800ac35   Thumb Code    20  stm32f4xx_tim.o(.text)
    TIM_ITConfig                             0x0800ac49   Thumb Code    16  stm32f4xx_tim.o(.text)
    TIM_GenerateEvent                        0x0800ac59   Thumb Code     4  stm32f4xx_tim.o(.text)
    TIM_GetFlagStatus                        0x0800ac5d   Thumb Code    14  stm32f4xx_tim.o(.text)
    TIM_ClearFlag                            0x0800ac6b   Thumb Code     6  stm32f4xx_tim.o(.text)
    TIM_GetITStatus                          0x0800ac71   Thumb Code    22  stm32f4xx_tim.o(.text)
    TIM_ClearITPendingBit                    0x0800ac87   Thumb Code     6  stm32f4xx_tim.o(.text)
    TIM_DMAConfig                            0x0800ac8d   Thumb Code     8  stm32f4xx_tim.o(.text)
    TIM_DMACmd                               0x0800ac95   Thumb Code    16  stm32f4xx_tim.o(.text)
    TIM_SelectCCDMA                          0x0800aca5   Thumb Code    20  stm32f4xx_tim.o(.text)
    TIM_InternalClockConfig                  0x0800acb9   Thumb Code    10  stm32f4xx_tim.o(.text)
    TIM_SelectInputTrigger                   0x0800acc3   Thumb Code    12  stm32f4xx_tim.o(.text)
    TIM_ITRxExternalClockConfig              0x0800accf   Thumb Code    18  stm32f4xx_tim.o(.text)
    TIM_TIxExternalClockConfig               0x0800ace1   Thumb Code    44  stm32f4xx_tim.o(.text)
    TIM_ETRConfig                            0x0800ad0d   Thumb Code    22  stm32f4xx_tim.o(.text)
    TIM_ETRClockMode1Config                  0x0800ad23   Thumb Code    18  stm32f4xx_tim.o(.text)
    TIM_ETRClockMode2Config                  0x0800ad35   Thumb Code    18  stm32f4xx_tim.o(.text)
    TIM_SelectOutputTrigger                  0x0800ad47   Thumb Code    16  stm32f4xx_tim.o(.text)
    TIM_SelectSlaveMode                      0x0800ad57   Thumb Code    16  stm32f4xx_tim.o(.text)
    TIM_SelectMasterSlaveMode                0x0800ad67   Thumb Code    16  stm32f4xx_tim.o(.text)
    TIM_EncoderInterfaceConfig               0x0800ad77   Thumb Code    44  stm32f4xx_tim.o(.text)
    TIM_SelectHallSensor                     0x0800ada3   Thumb Code    20  stm32f4xx_tim.o(.text)
    TIM_RemapConfig                          0x0800adb7   Thumb Code     6  stm32f4xx_tim.o(.text)
    USART_DeInit                             0x0800ade9   Thumb Code   114  stm32f4xx_usart.o(.text)
    USART_Init                               0x0800ae5b   Thumb Code   174  stm32f4xx_usart.o(.text)
    USART_StructInit                         0x0800af09   Thumb Code    22  stm32f4xx_usart.o(.text)
    USART_ClockInit                          0x0800af1f   Thumb Code    28  stm32f4xx_usart.o(.text)
    USART_ClockStructInit                    0x0800af3b   Thumb Code    12  stm32f4xx_usart.o(.text)
    USART_Cmd                                0x0800af47   Thumb Code    20  stm32f4xx_usart.o(.text)
    USART_SetPrescaler                       0x0800af5b   Thumb Code    16  stm32f4xx_usart.o(.text)
    USART_OverSampling8Cmd                   0x0800af6b   Thumb Code    20  stm32f4xx_usart.o(.text)
    USART_OneBitMethodCmd                    0x0800af7f   Thumb Code    20  stm32f4xx_usart.o(.text)
    USART_SendData                           0x0800af93   Thumb Code     8  stm32f4xx_usart.o(.text)
    USART_ReceiveData                        0x0800af9b   Thumb Code     8  stm32f4xx_usart.o(.text)
    USART_SetAddress                         0x0800afa3   Thumb Code    16  stm32f4xx_usart.o(.text)
    USART_ReceiverWakeUpCmd                  0x0800afb3   Thumb Code    20  stm32f4xx_usart.o(.text)
    USART_WakeUpConfig                       0x0800afc7   Thumb Code    16  stm32f4xx_usart.o(.text)
    USART_LINBreakDetectLengthConfig         0x0800afd7   Thumb Code    16  stm32f4xx_usart.o(.text)
    USART_LINCmd                             0x0800afe7   Thumb Code    20  stm32f4xx_usart.o(.text)
    USART_SendBreak                          0x0800affb   Thumb Code    10  stm32f4xx_usart.o(.text)
    USART_HalfDuplexCmd                      0x0800b005   Thumb Code    20  stm32f4xx_usart.o(.text)
    USART_SetGuardTime                       0x0800b019   Thumb Code    16  stm32f4xx_usart.o(.text)
    USART_SmartCardCmd                       0x0800b029   Thumb Code    20  stm32f4xx_usart.o(.text)
    USART_SmartCardNACKCmd                   0x0800b03d   Thumb Code    20  stm32f4xx_usart.o(.text)
    USART_IrDAConfig                         0x0800b051   Thumb Code    16  stm32f4xx_usart.o(.text)
    USART_IrDACmd                            0x0800b061   Thumb Code    20  stm32f4xx_usart.o(.text)
    USART_DMACmd                             0x0800b075   Thumb Code    16  stm32f4xx_usart.o(.text)
    USART_ITConfig                           0x0800b085   Thumb Code    48  stm32f4xx_usart.o(.text)
    USART_GetFlagStatus                      0x0800b0b5   Thumb Code    14  stm32f4xx_usart.o(.text)
    USART_ClearFlag                          0x0800b0c3   Thumb Code     6  stm32f4xx_usart.o(.text)
    USART_GetITStatus                        0x0800b0c9   Thumb Code    62  stm32f4xx_usart.o(.text)
    USART_ClearITPendingBit                  0x0800b107   Thumb Code    12  stm32f4xx_usart.o(.text)
    __rt_ctype_table                         0x0800b12d   Thumb Code     4  ctype_o.o(.text)
    toupper                                  0x0800b135   Thumb Code    12  toupper.o(.text)
    bsearch                                  0x0800b141   Thumb Code    70  bsearch.o(.text)
    __aeabi_memcpy                           0x0800b187   Thumb Code    36  memcpya.o(.text)
    __aeabi_memcpy4                          0x0800b187   Thumb Code     0  memcpya.o(.text)
    __aeabi_memcpy8                          0x0800b187   Thumb Code     0  memcpya.o(.text)
    __aeabi_memset                           0x0800b1ab   Thumb Code    14  memseta.o(.text)
    __aeabi_memset4                          0x0800b1ab   Thumb Code     0  memseta.o(.text)
    __aeabi_memset8                          0x0800b1ab   Thumb Code     0  memseta.o(.text)
    __aeabi_memclr                           0x0800b1b9   Thumb Code     4  memseta.o(.text)
    __aeabi_memclr4                          0x0800b1b9   Thumb Code     0  memseta.o(.text)
    __aeabi_memclr8                          0x0800b1b9   Thumb Code     0  memseta.o(.text)
    _memset$wrapper                          0x0800b1bd   Thumb Code    20  memseta.o(.text)
    strcat                                   0x0800b1d1   Thumb Code    28  strcat.o(.text)
    strstr                                   0x0800b1ed   Thumb Code    44  strstr.o(.text)
    strncpy                                  0x0800b219   Thumb Code    24  strncpy.o(.text)
    strchr                                   0x0800b231   Thumb Code    18  strchr.o(.text)
    strlen                                   0x0800b243   Thumb Code    16  strlen.o(.text)
    strncasecmp                              0x0800b253   Thumb Code    50  strncasecmp.o(.text)
    atoi                                     0x0800b285   Thumb Code    26  atoi.o(.text)
    __aeabi_dadd                             0x0800b29f   Thumb Code   320  dadd.o(.text)
    __aeabi_dsub                             0x0800b3df   Thumb Code     6  dadd.o(.text)
    __aeabi_drsub                            0x0800b3e5   Thumb Code     6  dadd.o(.text)
    __aeabi_dmul                             0x0800b3eb   Thumb Code   224  dmul.o(.text)
    __aeabi_ddiv                             0x0800b4cb   Thumb Code   222  ddiv.o(.text)
    __aeabi_i2d                              0x0800b5a9   Thumb Code    34  dflti.o(.text)
    __aeabi_d2f                              0x0800b5cb   Thumb Code    56  d2f.o(.text)
    __aeabi_uidiv                            0x0800b603   Thumb Code     0  uidiv.o(.text)
    __aeabi_uidivmod                         0x0800b603   Thumb Code    44  uidiv.o(.text)
    __aeabi_llsl                             0x0800b62f   Thumb Code    30  llshl.o(.text)
    _ll_shift_l                              0x0800b62f   Thumb Code     0  llshl.o(.text)
    __aeabi_lasr                             0x0800b64d   Thumb Code    36  llsshr.o(.text)
    _ll_sshift_r                             0x0800b64d   Thumb Code     0  llsshr.o(.text)
    tolower                                  0x0800b671   Thumb Code    12  tolower.o(.text)
    strtol                                   0x0800b67d   Thumb Code   112  strtol.o(.text)
    __I$use$fp                               0x0800b6ed   Thumb Code     0  iusefp.o(.text)
    _float_round                             0x0800b6ed   Thumb Code    18  fepilogue.o(.text)
    _float_epilogue                          0x0800b6ff   Thumb Code    90  fepilogue.o(.text)
    _double_round                            0x0800b759   Thumb Code    26  depilogue.o(.text)
    _double_epilogue                         0x0800b773   Thumb Code   164  depilogue.o(.text)
    __scatterload                            0x0800b819   Thumb Code    28  init.o(.text)
    __scatterload_rt2                        0x0800b819   Thumb Code     0  init.o(.text)
    __aeabi_llsr                             0x0800b83d   Thumb Code    32  llushr.o(.text)
    _ll_ushift_r                             0x0800b83d   Thumb Code     0  llushr.o(.text)
    _strtoul                                 0x0800b85d   Thumb Code   158  _strtoul.o(.text)
    _chval                                   0x0800b8fb   Thumb Code    28  _chval.o(.text)
    __decompress                             0x0800b917   Thumb Code     0  __dczerorl2.o(.text)
    __decompress1                            0x0800b917   Thumb Code    92  __dczerorl2.o(.text)
    __0printf$3                              0x0800b975   Thumb Code    22  printf3.o(i.__0printf$3)
    __1printf$3                              0x0800b975   Thumb Code     0  printf3.o(i.__0printf$3)
    __2printf                                0x0800b975   Thumb Code     0  printf3.o(i.__0printf$3)
    __ARM_fpclassifyf                        0x0800b995   Thumb Code    38  fpclassifyf.o(i.__ARM_fpclassifyf)
    __aeabi_errno_addr                       0x0800b9bd   Thumb Code     4  errno.o(i.__aeabi_errno_addr)
    __rt_errno_addr                          0x0800b9bd   Thumb Code     0  errno.o(i.__aeabi_errno_addr)
    __hardfp_atan2f                          0x0800b9c5   Thumb Code   486  atan2f.o(i.__hardfp_atan2f)
    __hardfp_cosf                            0x0800bc0d   Thumb Code   286  cosf.o(i.__hardfp_cosf)
    __hardfp_fabs                            0x0800bd6d   Thumb Code    20  fabs.o(i.__hardfp_fabs)
    __hardfp_logf                            0x0800bd81   Thumb Code   320  logf.o(i.__hardfp_logf)
    __mathlib_logf                           0x0800bd81   Thumb Code     0  logf.o(i.__hardfp_logf)
    __hardfp_sinf                            0x0800bef1   Thumb Code   314  sinf.o(i.__hardfp_sinf)
    __hardfp_sqrtf                           0x0800c069   Thumb Code    58  sqrtf.o(i.__hardfp_sqrtf)
    __mathlib_flt_underflow                  0x0800c0a5   Thumb Code    10  funder.o(i.__mathlib_flt_underflow)
    __mathlib_rredf2                         0x0800c0b5   Thumb Code   294  rredf.o(i.__mathlib_rredf2)
    __scatterload_copy                       0x0800c1f5   Thumb Code    14  handlers.o(i.__scatterload_copy)
    __scatterload_null                       0x0800c203   Thumb Code     2  handlers.o(i.__scatterload_null)
    __scatterload_zeroinit                   0x0800c205   Thumb Code    14  handlers.o(i.__scatterload_zeroinit)
    __set_errno                              0x0800c215   Thumb Code     6  errno.o(i.__set_errno)
    mixerNames                               0x0800c3d4   Data          76  cli.o(.constdata)
    featureNames                             0x0800c420   Data          60  cli.o(.constdata)
    sensorNames                              0x0800c45c   Data          24  cli.o(.constdata)
    accNames                                 0x0800c474   Data          20  cli.o(.constdata)
    cmdTable                                 0x0800c488   Data         168  cli.o(.constdata)
    valueTable                               0x0800c530   Data        2120  cli.o(.constdata)
    rcChannelLetters                         0x0800cd78   Data           9  config.o(.constdata)
    init_speed                               0x0800cd90   Data          20  gps.o(.constdata)
    mixers                                   0x0800d240   Data         152  mixer.o(.constdata)
    __ctype_table                            0x0800d3d4   Data         129  ctype_o.o(.constdata)
    Region$$Table$$Base                      0x0800ddc8   Number         0  anon$$obj.o(Region$$Table)
    Region$$Table$$Limit                     0x0800dde8   Number         0  anon$$obj.o(Region$$Table)
    acc_25deg                                0x20000098   Data           2  imu.o(.data)
    BaroPID                                  0x2000009a   Data           2  imu.o(.data)
    errorAltitudeI                           0x2000009c   Data           2  imu.o(.data)
    vario                                    0x2000009e   Data           2  imu.o(.data)
    baroTemperature                          0x200000a8   Data           4  imu.o(.data)
    baroPressureSum                          0x200000ac   Data           4  imu.o(.data)
    BaroAlt                                  0x200000b0   Data           4  imu.o(.data)
    magneticDeclination                      0x200000b4   Data           4  imu.o(.data)
    angle                                    0x200000b8   Data           4  imu.o(.data)
    EstAlt                                   0x200000d4   Data           4  imu.o(.data)
    AltHold                                  0x200000d8   Data           4  imu.o(.data)
    accVelScale                              0x200000dc   Data           4  imu.o(.data)
    gyroData                                 0x200000e4   Data           6  imu.o(.data)
    gyroADC                                  0x200000f6   Data           6  imu.o(.data)
    accADC                                   0x200000fc   Data           6  imu.o(.data)
    accSmooth                                0x20000102   Data           6  imu.o(.data)
    magADC                                   0x20000108   Data           6  imu.o(.data)
    baroPressure                             0x20000110   Data           4  imu.o(.data)
    gyroZero                                 0x20000114   Data           6  imu.o(.data)
    sonarAlt                                 0x2000011a   Data           2  imu.o(.data)
    useServo                                 0x2000011d   Data           1  mixer.o(.data)
    servo                                    0x2000011e   Data          16  mixer.o(.data)
    toggleBeep                               0x20000130   Data           1  mw.o(.data)
    nav_mode                                 0x20000131   Data           1  mw.o(.data)
    vbat                                     0x2000013a   Data           1  mw.o(.data)
    GPS_numSat                               0x2000013b   Data           1  mw.o(.data)
    cycleTime                                0x2000013c   Data           2  mw.o(.data)
    failsafeCnt                              0x2000013e   Data           2  mw.o(.data)
    failsafeEvents                           0x20000140   Data           2  mw.o(.data)
    InflightcalibratingA                     0x20000142   Data           2  mw.o(.data)
    AccInflightCalibrationMeasurementDone    0x20000144   Data           2  mw.o(.data)
    AccInflightCalibrationSavetoEEProm       0x20000146   Data           2  mw.o(.data)
    AccInflightCalibrationActive             0x20000148   Data           2  mw.o(.data)
    headFreeModeHold                         0x2000014e   Data           2  mw.o(.data)
    telemTemperature1                        0x20000150   Data           2  mw.o(.data)
    AccInflightCalibrationArmed              0x20000152   Data           2  mw.o(.data)
    batteryWarningVoltage                    0x20000154   Data           2  mw.o(.data)
    dynP8                                    0x20000156   Data           3  mw.o(.data)
    dynI8                                    0x20000159   Data           3  mw.o(.data)
    dynD8                                    0x2000015c   Data           3  mw.o(.data)
    currentTime                              0x20000160   Data           4  mw.o(.data)
    previousTime                             0x20000164   Data           4  mw.o(.data)
    rcReadRawFunc                            0x20000168   Data           4  mw.o(.data)
    pid_controller                           0x2000016c   Data           4  mw.o(.data)
    GPS_angle                                0x20000170   Data           4  mw.o(.data)
    nav                                      0x2000018c   Data           4  mw.o(.data)
    nav_rated                                0x20000190   Data           4  mw.o(.data)
    axisPID                                  0x2000019a   Data           6  mw.o(.data)
    rcCommand                                0x200001a8   Data           8  mw.o(.data)
    GPS_coord                                0x200001b0   Data           8  mw.o(.data)
    GPS_home                                 0x200001b8   Data           8  mw.o(.data)
    GPS_hold                                 0x200001c0   Data           8  mw.o(.data)
    rcData                                   0x200001c8   Data          16  mw.o(.data)
    annex650_overrun_count                   0x200001d8   Data           2  mw.o(.data)
    GPS_update                               0x200001da   Data           1  mw.o(.data)
    GPS_ground_course                        0x200001dc   Data           2  mw.o(.data)
    GPS_Present                              0x200001de   Data           1  mw.o(.data)
    batteryCellCount                         0x200001df   Data           1  mw.o(.data)
    debug                                    0x200001e0   Data           8  mw.o(.data)
    rssi                                     0x200001e8   Data           2  mw.o(.data)
    GPS_distanceToHome                       0x200001ea   Data           2  mw.o(.data)
    GPS_directionToHome                      0x200001ec   Data           2  mw.o(.data)
    GPS_altitude                             0x200001ee   Data           2  mw.o(.data)
    GPS_speed                                0x200001f0   Data           2  mw.o(.data)
    GPS_numCh                                0x200001f2   Data           1  mw.o(.data)
    accHardware                              0x200001f4   Data           1  sensors.o(.data)
    calibratingA                             0x200001f6   Data           2  sensors.o(.data)
    calibratingG                             0x200001f8   Data           2  sensors.o(.data)
    acc_1G                                   0x200001fa   Data           2  sensors.o(.data)
    calibratingB                             0x20000238   Data           2  sensors.o(.data)
    heading                                  0x2000023a   Data           2  sensors.o(.data)
    magHold                                  0x2000023c   Data           2  sensors.o(.data)
    cliMode                                  0x20000242   Data           1  serial.o(.data)
    boxes                                    0x2000024c   Data         252  serial.o(.data)
    acc_samples                              0x20000365   Data           1  drv_adxl345.o(.data)
    txDMAEmpty                               0x20000518   Data           1  drv_uart.o(.data)
    uart2RxOnly                              0x20000519   Data           1  drv_uart.o(.data)
    uart3RxOnly                              0x2000051a   Data           1  drv_uart.o(.data)
    rxDMAPos                                 0x2000051c   Data           4  drv_uart.o(.data)
    txBufferTail                             0x20000520   Data           4  drv_uart.o(.data)
    txBufferHead                             0x20000524   Data           4  drv_uart.o(.data)
    uart2Callback                            0x20000528   Data           4  drv_uart.o(.data)
    tx2BufferTail                            0x2000052c   Data           4  drv_uart.o(.data)
    tx2BufferHead                            0x20000530   Data           4  drv_uart.o(.data)
    uart3Callback                            0x20000534   Data           4  drv_uart.o(.data)
    tx3BufferTail                            0x20000538   Data           4  drv_uart.o(.data)
    tx3BufferHead                            0x2000053c   Data           4  drv_uart.o(.data)
    SystemCoreClock                          0x20000540   Data           4  system_stm32f4xx.o(.data)
    AHBPrescTable                            0x20000544   Data          16  system_stm32f4xx.o(.data)
    __stdout                                 0x20000564   Data           4  stdout.o(.data)
    mcfg                                     0x2000059c   Data         768  config.o(.bss)
    cfg                                      0x2000089c   Data         160  config.o(.bss)
    EstG                                     0x20000afc   Data          12  imu.o(.bss)
    motor                                    0x20000b08   Data          24  mixer.o(.bss)
    f                                        0x20000c88   Data          16  mw.o(.bss)
    lookupPitchRollRC                        0x20000c98   Data          12  mw.o(.bss)
    lookupThrottleRC                         0x20000ca4   Data          22  mw.o(.bss)
    rcOptions                                0x20000cba   Data          20  mw.o(.bss)
    GPS_svinfo_chn                           0x20000cce   Data          16  mw.o(.bss)
    GPS_svinfo_svid                          0x20000cde   Data          16  mw.o(.bss)
    GPS_svinfo_quality                       0x20000cee   Data          16  mw.o(.bss)
    GPS_svinfo_cno                           0x20000cfe   Data          16  mw.o(.bss)
    acc                                      0x20000e30   Data          20  sensors.o(.bss)
    gyro                                     0x20000e44   Data          20  sensors.o(.bss)
    baro                                     0x20000e58   Data          24  sensors.o(.bss)
    spekFrame                                0x20000ee0   Data          16  spektrum.o(.bss)
    rxBuffer                                 0x200010f0   Data         512  drv_uart.o(.bss)
    txBuffer                                 0x200012f0   Data         512  drv_uart.o(.bss)
    tx2Buffer                                0x200014f0   Data         128  drv_uart.o(.bss)
    tx3Buffer                                0x20001570   Data         128  drv_uart.o(.bss)
    __initial_sp                             0x200019f0   Data           0  startup_stm32f4xx.o(STACK)



==============================================================================

Memory Map of the image

  Image Entry point : 0x08000189

  Load Region LR_IROM1 (Base: 0x08000000, Size: 0x0000e354, Max: 0x00100000, ABSOLUTE, COMPRESSED[0x0000df50])

    Execution Region ER_IROM1 (Base: 0x08000000, Size: 0x0000dde8, Max: 0x00100000, ABSOLUTE)

    Base Addr    Size         Type   Attr      Idx    E Section Name        Object

    0x08000000   0x00000188   Data   RO            3    RESET               startup_stm32f4xx.o
    0x08000188   0x00000000   Code   RO         1370  * .ARM.Collect$$$$00000000  mc_w.l(entry.o)
    0x08000188   0x00000004   Code   RO         1703    .ARM.Collect$$$$00000001  mc_w.l(entry2.o)
    0x0800018c   0x00000004   Code   RO         1706    .ARM.Collect$$$$00000004  mc_w.l(entry5.o)
    0x08000190   0x00000000   Code   RO         1708    .ARM.Collect$$$$00000008  mc_w.l(entry7b.o)
    0x08000190   0x00000008   Code   RO         1709    .ARM.Collect$$$$00000009  mc_w.l(entry8.o)
    0x08000198   0x00000004   Code   RO         1704    .ARM.Collect$$$$00002712  mc_w.l(entry2.o)
    0x0800019c   0x00000024   Code   RO            4    .text               startup_stm32f4xx.o
    0x080001c0   0x0000021c   Code   RO           11    .text               buzzer.o
    0x080003dc   0x00001394   Code   RO          172    .text               cli.o
    0x08001770   0x00000594   Code   RO          195    .text               config.o
    0x08001d04   0x00000fe8   Code   RO          221    .text               gps.o
    0x08002cec   0x000007c4   Code   RO          249    .text               imu.o
    0x080034b0   0x0000020c   Code   RO          277    .text               main.o
    0x080036bc   0x000005d0   Code   RO          294    .text               mixer.o
    0x08003c8c   0x000011a8   Code   RO          332    .text               mw.o
    0x08004e34   0x00000840   Code   RO          383    .text               sensors.o
    0x08005674   0x00000a3c   Code   RO          411    .text               serial.o
    0x080060b0   0x000000f4   Code   RO          435    .text               spektrum.o
    0x080061a4   0x00000338   Code   RO          455    .text               telemetry.o
    0x080064dc   0x00000118   Code   RO          474    .text               drv_adc.o
    0x080065f4   0x00000164   Code   RO          495    .text               drv_adxl345.o
    0x08006758   0x0000010c   Code   RO          515    .text               drv_hcsr04.o
    0x08006864   0x000002a8   Code   RO          537    .text               drv_hmc5883l.o
    0x08006b0c   0x00000514   Code   RO          555    .text               drv_i2c.o
    0x08007020   0x000000f8   Code   RO          583    .text               drv_l3g4200d.o
    0x08007118   0x00000108   Code   RO          601    .text               drv_ledring.o
    0x08007220   0x00000124   Code   RO          618    .text               drv_mma845x.o
    0x08007344   0x0000014c   Code   RO          637    .text               drv_mpu3050.o
    0x08007490   0x0000025c   Code   RO          655    .text               drv_mpu6000.o
    0x080076ec   0x00000278   Code   RO          674    .text               drv_ms5611.o
    0x08007964   0x00000828   Code   RO          693    .text               drv_pwm.o
    0x0800818c   0x0000021c   Code   RO          720    .text               drv_spi.o
    0x080083a8   0x000001dc   Code   RO          736    .text               drv_system.o
    0x08008584   0x000005c8   Code   RO          759    .text               drv_uart.o
    0x08008b4c   0x0000016c   Code   RO          780    .text               system_stm32f4xx.o
    0x08008cb8   0x000000b0   Code   RO          802    .text               misc.o
    0x08008d68   0x00000354   Code   RO          818    .text               stm32f4xx_adc.o
    0x080090bc   0x00000320   Code   RO          978    .text               stm32f4xx_dma.o
    0x080093dc   0x000000ec   Code   RO          994    .text               stm32f4xx_exti.o
    0x080094c8   0x00000390   Code   RO         1010    .text               stm32f4xx_flash.o
    0x08009858   0x000001e8   Code   RO         1043    .text               stm32f4xx_gpio.o
    0x08009a40   0x00000324   Code   RO         1107    .text               stm32f4xx_i2c.o
    0x08009d64   0x000003d8   Code   RO         1155    .text               stm32f4xx_rcc.o
    0x0800a13c   0x000002ec   Code   RO         1222    .text               stm32f4xx_spi.o
    0x0800a428   0x0000006c   Code   RO         1238    .text               stm32f4xx_syscfg.o
    0x0800a494   0x00000954   Code   RO         1254    .text               stm32f4xx_tim.o
    0x0800ade8   0x00000344   Code   RO         1271    .text               stm32f4xx_usart.o
    0x0800b12c   0x00000008   Code   RO         1373    .text               mc_w.l(ctype_o.o)
    0x0800b134   0x0000000c   Code   RO         1401    .text               mc_w.l(toupper.o)
    0x0800b140   0x00000046   Code   RO         1403    .text               mc_w.l(bsearch.o)
    0x0800b186   0x00000024   Code   RO         1405    .text               mc_w.l(memcpya.o)
    0x0800b1aa   0x00000026   Code   RO         1407    .text               mc_w.l(memseta.o)
    0x0800b1d0   0x0000001c   Code   RO         1409    .text               mc_w.l(strcat.o)
    0x0800b1ec   0x0000002c   Code   RO         1411    .text               mc_w.l(strstr.o)
    0x0800b218   0x00000018   Code   RO         1413    .text               mc_w.l(strncpy.o)
    0x0800b230   0x00000012   Code   RO         1415    .text               mc_w.l(strchr.o)
    0x0800b242   0x00000010   Code   RO         1417    .text               mc_w.l(strlen.o)
    0x0800b252   0x00000032   Code   RO         1421    .text               mc_w.l(strncasecmp.o)
    0x0800b284   0x0000001a   Code   RO         1684    .text               mc_w.l(atoi.o)
    0x0800b29e   0x0000014c   Code   RO         1686    .text               mf_w.l(dadd.o)
    0x0800b3ea   0x000000e0   Code   RO         1688    .text               mf_w.l(dmul.o)
    0x0800b4ca   0x000000de   Code   RO         1690    .text               mf_w.l(ddiv.o)
    0x0800b5a8   0x00000022   Code   RO         1692    .text               mf_w.l(dflti.o)
    0x0800b5ca   0x00000038   Code   RO         1694    .text               mf_w.l(d2f.o)
    0x0800b602   0x0000002c   Code   RO         1711    .text               mc_w.l(uidiv.o)
    0x0800b62e   0x0000001e   Code   RO         1715    .text               mc_w.l(llshl.o)
    0x0800b64c   0x00000024   Code   RO         1717    .text               mc_w.l(llsshr.o)
    0x0800b670   0x0000000c   Code   RO         1719    .text               mc_w.l(tolower.o)
    0x0800b67c   0x00000070   Code   RO         1728    .text               mc_w.l(strtol.o)
    0x0800b6ec   0x00000000   Code   RO         1730    .text               mc_w.l(iusefp.o)
    0x0800b6ec   0x0000006c   Code   RO         1731    .text               mf_w.l(fepilogue.o)
    0x0800b758   0x000000be   Code   RO         1733    .text               mf_w.l(depilogue.o)
    0x0800b816   0x00000002   PAD
    0x0800b818   0x00000024   Code   RO         1739    .text               mc_w.l(init.o)
    0x0800b83c   0x00000020   Code   RO         1741    .text               mc_w.l(llushr.o)
    0x0800b85c   0x0000009e   Code   RO         1743    .text               mc_w.l(_strtoul.o)
    0x0800b8fa   0x0000001c   Code   RO         1745    .text               mc_w.l(_chval.o)
    0x0800b916   0x0000005c   Code   RO         1755    .text               mc_w.l(__dczerorl2.o)
    0x0800b972   0x00000002   PAD
    0x0800b974   0x00000020   Code   RO         1512    i.__0printf$3       mc_w.l(printf3.o)
    0x0800b994   0x00000026   Code   RO         1696    i.__ARM_fpclassifyf  m_wm.l(fpclassifyf.o)
    0x0800b9ba   0x00000002   PAD
    0x0800b9bc   0x00000008   Code   RO         1721    i.__aeabi_errno_addr  mc_w.l(errno.o)
    0x0800b9c4   0x00000248   Code   RO         1302    i.__hardfp_atan2f   m_wm.l(atan2f.o)
    0x0800bc0c   0x00000160   Code   RO         1314    i.__hardfp_cosf     m_wm.l(cosf.o)
    0x0800bd6c   0x00000014   Code   RO         1326    i.__hardfp_fabs     m_wm.l(fabs.o)
    0x0800bd80   0x00000170   Code   RO         1332    i.__hardfp_logf     m_wm.l(logf.o)
    0x0800bef0   0x00000178   Code   RO         1346    i.__hardfp_sinf     m_wm.l(sinf.o)
    0x0800c068   0x0000003a   Code   RO         1358    i.__hardfp_sqrtf    m_wm.l(sqrtf.o)
    0x0800c0a2   0x00000002   PAD
    0x0800c0a4   0x00000010   Code   RO         1698    i.__mathlib_flt_underflow  m_wm.l(funder.o)
    0x0800c0b4   0x00000140   Code   RO         1700    i.__mathlib_rredf2  m_wm.l(rredf.o)
    0x0800c1f4   0x0000000e   Code   RO         1749    i.__scatterload_copy  mc_w.l(handlers.o)
    0x0800c202   0x00000002   Code   RO         1750    i.__scatterload_null  mc_w.l(handlers.o)
    0x0800c204   0x0000000e   Code   RO         1751    i.__scatterload_zeroinit  mc_w.l(handlers.o)
    0x0800c212   0x00000002   PAD
    0x0800c214   0x0000000c   Code   RO         1723    i.__set_errno       mc_w.l(errno.o)
    0x0800c220   0x000001b4   Code   RO         1519    i._printf_core      mc_w.l(printf3.o)
    0x0800c3d4   0x000009a4   Data   RO          174    .constdata          cli.o
    0x0800cd78   0x00000015   Data   RO          197    .constdata          config.o
    0x0800cd8d   0x00000003   PAD
    0x0800cd90   0x000000c0   Data   RO          223    .constdata          gps.o
    0x0800ce50   0x00000030   Data   RO          296    .constdata          mixer.o
    0x0800ce80   0x00000040   Data   RO          297    .constdata          mixer.o
    0x0800cec0   0x00000040   Data   RO          298    .constdata          mixer.o
    0x0800cf00   0x00000020   Data   RO          299    .constdata          mixer.o
    0x0800cf20   0x00000060   Data   RO          300    .constdata          mixer.o
    0x0800cf80   0x00000060   Data   RO          301    .constdata          mixer.o
    0x0800cfe0   0x00000040   Data   RO          302    .constdata          mixer.o
    0x0800d020   0x00000060   Data   RO          303    .constdata          mixer.o
    0x0800d080   0x00000080   Data   RO          304    .constdata          mixer.o
    0x0800d100   0x00000080   Data   RO          305    .constdata          mixer.o
    0x0800d180   0x00000080   Data   RO          306    .constdata          mixer.o
    0x0800d200   0x00000040   Data   RO          307    .constdata          mixer.o
    0x0800d240   0x00000098   Data   RO          308    .constdata          mixer.o
    0x0800d2d8   0x00000030   Data   RO          414    .constdata          serial.o
    0x0800d308   0x0000001c   Data   RO          695    .constdata          drv_pwm.o
    0x0800d324   0x0000002a   Data   RO          696    .constdata          drv_pwm.o
    0x0800d34e   0x0000001c   Data   RO          697    .constdata          drv_pwm.o
    0x0800d36a   0x0000002a   Data   RO          698    .constdata          drv_pwm.o
    0x0800d394   0x00000040   Data   RO         1335    .constdata          m_wm.l(logf.o)
    0x0800d3d4   0x00000081   Data   RO         1374    .constdata          mc_w.l(ctype_o.o)
    0x0800d455   0x00000003   PAD
    0x0800d458   0x00000004   Data   RO         1375    .constdata          mc_w.l(ctype_o.o)
    0x0800d45c   0x00000020   Data   RO         1701    .constdata          m_wm.l(rredf.o)
    0x0800d47c   0x000007cc   Data   RO          175    .conststring        cli.o
    0x0800dc48   0x000000da   Data   RO          224    .conststring        gps.o
    0x0800dd22   0x000000a4   Data   RO          415    .conststring        serial.o
    0x0800ddc6   0x00000002   PAD
    0x0800ddc8   0x00000020   Data   RO         1747    Region$$Table       anon$$obj.o


    Execution Region RW_IRAM1 (Base: 0x20000000, Size: 0x000019f0, Max: 0x00020000, ABSOLUTE, COMPRESSED[0x00000168])

    Base Addr    Size         Type   Attr      Idx    E Section Name        Object

    0x20000000   0x0000000c   Data   RW           12    .data               buzzer.o
    0x2000000c   0x00000004   Data   RW          176    .data               cli.o
    0x20000010   0x00000008   Data   RW          198    .data               config.o
    0x20000018   0x00000080   Data   RW          225    .data               gps.o
    0x20000098   0x00000076   Data   RW          251    .data               imu.o
    0x2000010e   0x00000002   PAD
    0x20000110   0x00000004   Data   RW          252    .data               imu.o
    0x20000114   0x00000006   Data   RW          253    .data               imu.o
    0x2000011a   0x00000002   Data   RW          254    .data               imu.o
    0x2000011c   0x00000012   Data   RW          309    .data               mixer.o
    0x2000012e   0x00000002   PAD
    0x20000130   0x000000a8   Data   RW          338    .data               mw.o
    0x200001d8   0x00000002   Data   RW          339    .data               mw.o
    0x200001da   0x00000001   Data   RW          340    .data               mw.o
    0x200001db   0x00000001   PAD
    0x200001dc   0x00000002   Data   RW          341    .data               mw.o
    0x200001de   0x00000001   Data   RW          342    .data               mw.o
    0x200001df   0x00000001   Data   RW          344    .data               mw.o
    0x200001e0   0x00000008   Data   RW          345    .data               mw.o
    0x200001e8   0x00000002   Data   RW          346    .data               mw.o
    0x200001ea   0x00000002   Data   RW          347    .data               mw.o
    0x200001ec   0x00000002   Data   RW          348    .data               mw.o
    0x200001ee   0x00000002   Data   RW          349    .data               mw.o
    0x200001f0   0x00000002   Data   RW          350    .data               mw.o
    0x200001f2   0x00000001   Data   RW          351    .data               mw.o
    0x200001f3   0x00000001   PAD
    0x200001f4   0x00000044   Data   RW          385    .data               sensors.o
    0x20000238   0x00000002   Data   RW          386    .data               sensors.o
    0x2000023a   0x00000002   Data   RW          387    .data               sensors.o
    0x2000023c   0x00000002   Data   RW          388    .data               sensors.o
    0x2000023e   0x00000002   PAD
    0x20000240   0x00000108   Data   RW          416    .data               serial.o
    0x20000348   0x00000010   Data   RW          437    .data               spektrum.o
    0x20000358   0x00000008   Data   RW          456    .data               telemetry.o
    0x20000360   0x00000004   Data   RW          475    .data               drv_adc.o
    0x20000364   0x00000002   Data   RW          496    .data               drv_adxl345.o
    0x20000366   0x00000002   PAD
    0x20000368   0x00000018   Data   RW          516    .data               drv_hcsr04.o
    0x20000380   0x00000003   Data   RW          538    .data               drv_hmc5883l.o
    0x20000383   0x00000001   PAD
    0x20000384   0x00000018   Data   RW          556    .data               drv_i2c.o
    0x2000039c   0x00000001   Data   RW          584    .data               drv_l3g4200d.o
    0x2000039d   0x00000001   Data   RW          602    .data               drv_ledring.o
    0x2000039e   0x00000001   Data   RW          619    .data               drv_mma845x.o
    0x2000039f   0x00000001   Data   RW          638    .data               drv_mpu3050.o
    0x200003a0   0x00000002   Data   RW          656    .data               drv_mpu6000.o
    0x200003a2   0x00000002   PAD
    0x200003a4   0x0000000c   Data   RW          676    .data               drv_ms5611.o
    0x200003b0   0x00000160   Data   RW          699    .data               drv_pwm.o
    0x20000510   0x00000008   Data   RW          737    .data               drv_system.o
    0x20000518   0x00000028   Data   RW          761    .data               drv_uart.o
    0x20000540   0x00000014   Data   RW          781    .data               system_stm32f4xx.o
    0x20000554   0x00000010   Data   RW         1156    .data               stm32f4xx_rcc.o
    0x20000564   0x00000004   Data   RW         1710    .data               mc_w.l(stdout.o)
    0x20000568   0x00000004   Data   RW         1724    .data               mc_w.l(errno.o)
    0x2000056c   0x00000030   Zero   RW          173    .bss                cli.o
    0x2000059c   0x000003a0   Zero   RW          196    .bss                config.o
    0x2000093c   0x000001a8   Zero   RW          222    .bss                gps.o
    0x20000ae4   0x00000024   Zero   RW          250    .bss                imu.o
    0x20000b08   0x000000d8   Zero   RW          295    .bss                mixer.o
    0x20000be0   0x000000ee   Zero   RW          333    .bss                mw.o
    0x20000cce   0x00000010   Zero   RW          334    .bss                mw.o
    0x20000cde   0x00000010   Zero   RW          335    .bss                mw.o
    0x20000cee   0x00000010   Zero   RW          336    .bss                mw.o
    0x20000cfe   0x00000010   Zero   RW          337    .bss                mw.o
    0x20000d0e   0x00000002   PAD
    0x20000d10   0x00000160   Zero   RW          384    .bss                sensors.o
    0x20000e70   0x00000054   Zero   RW          412    .bss                serial.o
    0x20000ec4   0x0000002c   Zero   RW          436    .bss                spektrum.o
    0x20000ef0   0x00000010   Zero   RW          675    .bss                drv_ms5611.o
    0x20000f00   0x000001f0   Zero   RW          694    .bss                drv_pwm.o
    0x200010f0   0x00000500   Zero   RW          760    .bss                drv_uart.o
    0x200015f0   0x00000400   Zero   RW            1    STACK               startup_stm32f4xx.o


==============================================================================

Image component sizes


      Code (inc. data)   RO Data    RW Data    ZI Data      Debug   Object Name

       540         28          0         12          0     315489   buzzer.o
      5012       1528       4464          4         48      10413   cli.o
      1428         72         21          8        928      12785   config.o
       280         18          0          4          0       1500   drv_adc.o
       356         20          0          2          0       2379   drv_adxl345.o
       268          8          0         24          0      19958   drv_hcsr04.o
       680         34          0          3          0       2423   drv_hmc5883l.o
      1300         24          0         24          0       4289   drv_i2c.o
       248         20          0          1          0       1865   drv_l3g4200d.o
       264         18          0          1          0        918   drv_ledring.o
       292         26          0          1          0       2477   drv_mma845x.o
       332         26          0          1          0       2040   drv_mpu3050.o
       604         44          0          2          0       7745   drv_mpu6000.o
       632         34          0         12         16       3219   drv_ms5611.o
      2088         88        140        352        496       6822   drv_pwm.o
       540         20          0          0          0       1949   drv_spi.o
       476         48          0          8          0      20960   drv_system.o
      1480         60          0         40       1280       6616   drv_uart.o
      4072        352        410        128        424      13828   gps.o
      1988        102          0        130         36       5297   imu.o
       524         54          0          0          0       1119   main.o
       176         16          0          0          0       1905   misc.o
      1488         56       1160         18        216      10517   mixer.o
      4520        202          0        194        302      16012   mw.o
      2112        138          0         74        352       6453   sensors.o
      2620        240        212        264         84       7084   serial.o
       244         20          0         16         44       2055   spektrum.o
        36          8        392          0       1024        764   startup_stm32f4xx.o
       852         30          0          0          0      10530   stm32f4xx_adc.o
       800         32          0          0          0       6885   stm32f4xx_dma.o
       236          8          0          0          0       2491   stm32f4xx_exti.o
       912         20          0          0          0       7423   stm32f4xx_flash.o
       488         36          0          0          0       4393   stm32f4xx_gpio.o
       804         20          0          0          0       8379   stm32f4xx_i2c.o
       984         42          0         16          0      11335   stm32f4xx_rcc.o
       748         22          0          0          0       7205   stm32f4xx_spi.o
       108         14          0          0          0       1715   stm32f4xx_syscfg.o
      2388         52          0          0          0      22890   stm32f4xx_tim.o
       836         26          0          0          0       8180   stm32f4xx_usart.o
       364         38          0         20          0       1919   system_stm32f4xx.o
       824         50          0          8          0       3673   telemetry.o

    ----------------------------------------------------------------------
     44944       3694       6836       1380       5252     585899   Object Totals
         0          0         32          0          0          0   (incl. Generated)
         0          0          5         13          2          0   (incl. Padding)

    ----------------------------------------------------------------------

      Code (inc. data)   RO Data    RW Data    ZI Data      Debug   Library Member Name

       584         98          0          0          0        176   atan2f.o
       352         66          0          0          0        140   cosf.o
        20          0          0          0          0        124   fabs.o
        38          0          0          0          0        116   fpclassifyf.o
        16          6          0          0          0        116   funder.o
       368         48         64          0          0        124   logf.o
       320         26         32          0          0        160   rredf.o
       376         62          0          0          0        160   sinf.o
        58          0          0          0          0        136   sqrtf.o
        92          0          0          0          0          0   __dczerorl2.o
        28          0          0          0          0         68   _chval.o
       158          0          0          0          0         92   _strtoul.o
        26          0          0          0          0         80   atoi.o
        70          0          0          0          0         92   bsearch.o
         8          4        133          0          0         68   ctype_o.o
         0          0          0          0          0          0   entry.o
         8          4          0          0          0          0   entry2.o
         4          0          0          0          0          0   entry5.o
         0          0          0          0          0          0   entry7b.o
         8          4          0          0          0          0   entry8.o
        20         10          0          4          0        136   errno.o
        30          0          0          0          0          0   handlers.o
        36          8          0          0          0         68   init.o
         0          0          0          0          0          0   iusefp.o
        30          0          0          0          0         68   llshl.o
        36          0          0          0          0         68   llsshr.o
        32          0          0          0          0         68   llushr.o
        36          0          0          0          0         68   memcpya.o
        38          0          0          0          0        108   memseta.o
       468         14          0          0          0        180   printf3.o
         0          0          0          4          0          0   stdout.o
        28          0          0          0          0         68   strcat.o
        18          0          0          0          0         68   strchr.o
        16          0          0          0          0         68   strlen.o
        50          0          0          0          0         84   strncasecmp.o
        24          0          0          0          0         76   strncpy.o
        44          0          0          0          0         80   strstr.o
       112          0          0          0          0         88   strtol.o
        12          0          0          0          0         68   tolower.o
        12          0          0          0          0         68   toupper.o
        44          0          0          0          0         80   uidiv.o
        56          0          0          0          0         88   d2f.o
       332          0          0          0          0        148   dadd.o
       222          0          0          0          0        100   ddiv.o
       190          0          0          0          0        176   depilogue.o
        34          0          0          0          0         76   dflti.o
       224          0          0          0          0         96   dmul.o
       108          0          0          0          0        168   fepilogue.o

    ----------------------------------------------------------------------
      4796        350        232          8          0       4016   Library Totals
        10          0          3          0          0          0   (incl. Padding)

    ----------------------------------------------------------------------

      Code (inc. data)   RO Data    RW Data    ZI Data      Debug   Library Name

      2132        306         96          0          0       1252   m_wm.l
      1488         44        133          8          0       1912   mc_w.l
      1166          0          0          0          0        852   mf_w.l

    ----------------------------------------------------------------------
      4796        350        232          8          0       4016   Library Totals

    ----------------------------------------------------------------------

==============================================================================


      Code (inc. data)   RO Data    RW Data    ZI Data      Debug   

     49740       4044       7068       1388       5252     576859   Grand Totals
     49740       4044       7068        360       5252     576859   ELF Image Totals (compressed)
     49740       4044       7068        360          0          0   ROM Totals

==============================================================================

    Total RO  Size (Code + RO Data)                56808 (  55.48kB)
    Total RW  Size (RW Data + ZI Data)              6640 (   6.48kB)
    Total ROM Size (Code + RO Data + RW Data)      57168 (  55.83kB)

==============================================================================

