ARM Linker, 4.1 [Build 894] [Standard]

==============================================================================

Section Cross References

    startup_stm32f4xx.o(RESET) refers to startup_stm32f4xx.o(STACK) for __initial_sp
    startup_stm32f4xx.o(RESET) refers to startup_stm32f4xx.o(.text) for Reset_Handler
    startup_stm32f4xx.o(RESET) refers to main.o(.text) for HardFault_Handler
    startup_stm32f4xx.o(RESET) refers to drv_system.o(.text) for SysTick_Handler
    startup_stm32f4xx.o(RESET) refers to drv_hcsr04.o(.text) for EXTI4_IRQHandler
    startup_stm32f4xx.o(RESET) refers to drv_pwm.o(.text) for TIM1_CC_IRQHandler
    startup_stm32f4xx.o(RESET) refers to drv_i2c.o(.text) for I2C1_EV_IRQHandler
    startup_stm32f4xx.o(RESET) refers to drv_uart.o(.text) for USART2_IRQHandler
    startup_stm32f4xx.o(.text) refers to system_stm32f4xx.o(.text) for SystemInit
    startup_stm32f4xx.o(.text) refers to entry.o(.ARM.Collect$$$$00000000) for __main
    buzzer.o(.text) refers to drv_system.o(.text) for millis
    buzzer.o(.text) refers to config.o(.text) for feature
    buzzer.o(.text) refers to buzzer.o(.data) for .data
    buzzer.o(.text) refers to mw.o(.data) for toggleBeep
    buzzer.o(.text) refers to mw.o(.bss) for rcOptions
    buzzer.o(.text) refers to config.o(.bss) for cfg
    cli.o(.text) refers to dflti.o(.text) for __aeabi_i2d
    cli.o(.text) refers to dmul.o(.text) for __aeabi_dmul
    cli.o(.text) refers to dadd.o(.text) for __aeabi_dadd
    cli.o(.text) refers to ddiv.o(.text) for __aeabi_ddiv
    cli.o(.text) refers to d2f.o(.text) for __aeabi_d2f
    cli.o(.text) refers to strlen.o(.text) for strlen
    cli.o(.text) refers to strcat.o(.text) for strcat
    cli.o(.text) refers to strncpy.o(.text) for strncpy
    cli.o(.text) refers to strncasecmp.o(.text) for strncasecmp
    cli.o(.text) refers to atoi.o(.text) for atoi
    cli.o(.text) refers to strchr.o(.text) for strchr
    cli.o(.text) refers to printf.o(.text) for tfp_printf
    cli.o(.text) refers to config.o(.bss) for cfg
    cli.o(.text) refers to drv_uart.o(.text) for uartPrint
    cli.o(.text) refers to mixer.o(.text) for mixerLoadMix
    cli.o(.text) refers to config.o(.text) for checkFirstTime
    cli.o(.text) refers to drv_system.o(.text) for delay
    cli.o(.text) refers to cli.o(.constdata) for .constdata
    cli.o(.text) refers to config.o(.constdata) for rcChannelLetters
    cli.o(.text) refers to toupper.o(.text) for toupper
    cli.o(.text) refers to strstr.o(.text) for strstr
    cli.o(.text) refers to cli.o(.bss) for .bss
    cli.o(.text) refers to cli.o(.data) for .data
    cli.o(.text) refers to serial.o(.data) for cliMode
    cli.o(.text) refers to mw.o(.data) for batteryCellCount
    cli.o(.text) refers to mw.o(.data) for vbat
    cli.o(.text) refers to system_stm32f4xx.o(.data) for SystemCoreClock
    cli.o(.text) refers to drv_i2c.o(.text) for i2cGetErrorCounter
    cli.o(.text) refers to memmovea.o(.text) for __aeabi_memmove
    cli.o(.text) refers to bsearch.o(.text) for bsearch
    cli.o(.text) refers to sensors.o(.data) for accHardware
    cli.o(.constdata) refers to cli.o(.conststring) for .conststring
    cli.o(.constdata) refers to cli.o(.text) for cliAux
    cli.o(.constdata) refers to config.o(.bss) for mcfg
    config.o(.text) refers to strchr.o(.text) for strchr
    config.o(.text) refers to drv_system.o(.text) for failureMode
    config.o(.text) refers to memmovea.o(.text) for __aeabi_memcpy4
    config.o(.text) refers to stm32f4xx_flash.o(.text) for FLASH_Unlock
    config.o(.text) refers to mw.o(.text) for blinkLED
    config.o(.text) refers to memseta.o(.text) for __aeabi_memclr4
    config.o(.text) refers to config.o(.constdata) for .constdata
    config.o(.text) refers to config.o(.bss) for .bss
    config.o(.text) refers to config.o(.data) for .data
    config.o(.text) refers to mw.o(.bss) for lookupPitchRollRC
    gps.o(.text) refers to drv_uart.o(.text) for uart2Write
    gps.o(.text) refers to drv_system.o(.text) for delay
    gps.o(.text) refers to sinf.o(i.__hardfp_sinf) for __hardfp_sinf
    gps.o(.text) refers to cosf.o(i.__hardfp_cosf) for __hardfp_cosf
    gps.o(.text) refers to sqrtf.o(i.__hardfp_sqrtf) for __hardfp_sqrtf
    gps.o(.text) refers to atan2f.o(i.__hardfp_atan2f) for __hardfp_atan2f
    gps.o(.text) refers to config.o(.bss) for mcfg
    gps.o(.text) refers to gps.o(.data) for .data
    gps.o(.text) refers to gps.o(.bss) for .bss
    gps.o(.text) refers to mw.o(.data) for nav
    gps.o(.text) refers to ctype_o.o(.text) for __rt_ctype_table
    gps.o(.text) refers to mw.o(.bss) for f
    gps.o(.text) refers to sensors.o(.data) for heading
    gps.o(.text) refers to mw.o(.data) for GPS_altitude
    gps.o(.text) refers to mw.o(.data) for GPS_speed
    gps.o(.text) refers to mw.o(.data) for GPS_ground_course
    gps.o(.text) refers to mw.o(.data) for GPS_numCh
    gps.o(.text) refers to mw.o(.bss) for GPS_svinfo_chn
    gps.o(.text) refers to mw.o(.bss) for GPS_svinfo_svid
[...]
    EXTI1_IRQHandler                         0x080001b7   Thumb Code     0  startup_stm32f4xx.o(.text)
    EXTI2_IRQHandler                         0x080001b7   Thumb Code     0  startup_stm32f4xx.o(.text)
    EXTI3_IRQHandler                         0x080001b7   Thumb Code     0  startup_stm32f4xx.o(.text)
    FLASH_IRQHandler                         0x080001b7   Thumb Code     0  startup_stm32f4xx.o(.text)
    FPU_IRQHandler                           0x080001b7   Thumb Code     0  startup_stm32f4xx.o(.text)
    FSMC_IRQHandler                          0x080001b7   Thumb Code     0  startup_stm32f4xx.o(.text)
    HASH_RNG_IRQHandler                      0x080001b7   Thumb Code     0  startup_stm32f4xx.o(.text)
    I2C3_ER_IRQHandler                       0x080001b7   Thumb Code     0  startup_stm32f4xx.o(.text)
    I2C3_EV_IRQHandler                       0x080001b7   Thumb Code     0  startup_stm32f4xx.o(.text)
    OTG_FS_IRQHandler                        0x080001b7   Thumb Code     0  startup_stm32f4xx.o(.text)
    OTG_FS_WKUP_IRQHandler                   0x080001b7   Thumb Code     0  startup_stm32f4xx.o(.text)
    OTG_HS_EP1_IN_IRQHandler                 0x080001b7   Thumb Code     0  startup_stm32f4xx.o(.text)
    OTG_HS_EP1_OUT_IRQHandler                0x080001b7   Thumb Code     0  startup_stm32f4xx.o(.text)
    OTG_HS_IRQHandler                        0x080001b7   Thumb Code     0  startup_stm32f4xx.o(.text)
    OTG_HS_WKUP_IRQHandler                   0x080001b7   Thumb Code     0  startup_stm32f4xx.o(.text)
    PVD_IRQHandler                           0x080001b7   Thumb Code     0  startup_stm32f4xx.o(.text)
    RCC_IRQHandler                           0x080001b7   Thumb Code     0  startup_stm32f4xx.o(.text)
    RTC_Alarm_IRQHandler                     0x080001b7   Thumb Code     0  startup_stm32f4xx.o(.text)
    RTC_WKUP_IRQHandler                      0x080001b7   Thumb Code     0  startup_stm32f4xx.o(.text)
    SDIO_IRQHandler                          0x080001b7   Thumb Code     0  startup_stm32f4xx.o(.text)
    SPI1_IRQHandler                          0x080001b7   Thumb Code     0  startup_stm32f4xx.o(.text)
    SPI2_IRQHandler                          0x080001b7   Thumb Code     0  startup_stm32f4xx.o(.text)
    SPI3_IRQHandler                          0x080001b7   Thumb Code     0  startup_stm32f4xx.o(.text)
    TAMP_STAMP_IRQHandler                    0x080001b7   Thumb Code     0  startup_stm32f4xx.o(.text)
    TIM1_BRK_TIM9_IRQHandler                 0x080001b7   Thumb Code     0  startup_stm32f4xx.o(.text)
    TIM1_TRG_COM_TIM11_IRQHandler            0x080001b7   Thumb Code     0  startup_stm32f4xx.o(.text)
    TIM1_UP_TIM10_IRQHandler                 0x080001b7   Thumb Code     0  startup_stm32f4xx.o(.text)
    TIM6_DAC_IRQHandler                      0x080001b7   Thumb Code     0  startup_stm32f4xx.o(.text)
    TIM7_IRQHandler                          0x080001b7   Thumb Code     0  startup_stm32f4xx.o(.text)
    TIM8_BRK_TIM12_IRQHandler                0x080001b7   Thumb Code     0  startup_stm32f4xx.o(.text)
    TIM8_TRG_COM_TIM14_IRQHandler            0x080001b7   Thumb Code     0  startup_stm32f4xx.o(.text)
    TIM8_UP_TIM13_IRQHandler                 0x080001b7   Thumb Code     0  startup_stm32f4xx.o(.text)
    UART4_IRQHandler                         0x080001b7   Thumb Code     0  startup_stm32f4xx.o(.text)
    UART5_IRQHandler                         0x080001b7   Thumb Code     0  startup_stm32f4xx.o(.text)
    USART1_IRQHandler                        0x080001b7   Thumb Code     0  startup_stm32f4xx.o(.text)
    USART6_IRQHandler                        0x080001b7   Thumb Code     0  startup_stm32f4xx.o(.text)
    WWDG_IRQHandler                          0x080001b7   Thumb Code     0  startup_stm32f4xx.o(.text)
    buzzer                                   0x080002a5   Thumb Code   284  buzzer.o(.text)
    itoa                                     0x08000401   Thumb Code    40  cli.o(.text)
    cliProcess                               0x08001461   Thumb Code   678  cli.o(.text)
    parseRcChannels                          0x08001839   Thumb Code    44  config.o(.text)
    readEEPROM                               0x080018a1   Thumb Code   270  config.o(.text)
    writeEEPROM                              0x080019af   Thumb Code   194  config.o(.text)
    featureSet                               0x08001a71   Thumb Code    10  config.o(.text)
    featureClearAll                          0x08001a7b   Thumb Code     8  config.o(.text)
    checkFirstTime                           0x08001d2d   Thumb Code    30  config.o(.text)
    sensors                                  0x08001d4b   Thumb Code    16  config.o(.text)
    sensorsSet                               0x08001d5b   Thumb Code    10  config.o(.text)
    sensorsClear                             0x08001d65   Thumb Code    10  config.o(.text)
    sensorsMask                              0x08001d6f   Thumb Code     6  config.o(.text)
    feature                                  0x08001d75   Thumb Code    16  config.o(.text)
    featureClear                             0x08001d85   Thumb Code    10  config.o(.text)
    featureMask                              0x08001d8f   Thumb Code     6  config.o(.text)
    wrap_18000                               0x08001deb   Thumb Code    26  gps.o(.text)
    GPS_reset_home_position                  0x080022b9   Thumb Code    48  gps.o(.text)
    GPS_coord_to_degrees                     0x080024fb   Thumb Code   158  gps.o(.text)
    gpsInit                                  0x08002a5f   Thumb Code   312  gps.o(.text)
    leadFilter_clear                         0x08002b97   Thumb Code     6  gps.o(.text)
    leadFilter_getPosition                   0x08002b9d   Thumb Code    68  gps.o(.text)
    GPS_reset_nav                            0x08002be1   Thumb Code    82  gps.o(.text)
    GPS_set_next_wp                          0x08002c33   Thumb Code    78  gps.o(.text)
    _update_checksum                         0x08002c81   Thumb Code    32  gps.o(.text)
    imuInit                                  0x08002d9d   Thumb Code    82  imu.o(.text)
    rotateV                                  0x08002def   Thumb Code   208  imu.o(.text)
    computeIMU                               0x0800315f   Thumb Code   342  imu.o(.text)
    applyDeadband                            0x080032b5   Thumb Code    36  imu.o(.text)
    getEstimatedAltitude                     0x080032d9   Thumb Code   564  imu.o(.text)
    main                                     0x08003567   Thumb Code   444  main.o(.text)
    HardFault_Handler                        0x08003723   Thumb Code    12  main.o(.text)
    mixerInit                                0x08003769   Thumb Code   132  mixer.o(.text)
    mixerLoadMix                             0x080037ed   Thumb Code    74  mixer.o(.text)
    writeServos                              0x08003837   Thumb Code    92  mixer.o(.text)
    writeMotors                              0x08003893   Thumb Code    36  mixer.o(.text)
    writeAllMotors                           0x080038b7   Thumb Code    28  mixer.o(.text)
    mixTable                                 0x080038d3   Thumb Code  1114  mixer.o(.text)
    blinkLED                                 0x08003d35   Thumb Code    86  mw.o(.text)
    annexCode                                0x08003d8b   Thumb Code   894  mw.o(.text)
    pwmReadRawRC                             0x08004109   Thumb Code    32  mw.o(.text)
    computeRC                                0x08004129   Thumb Code   202  mw.o(.text)
    loop                                     0x0800421f   Thumb Code  2850  mw.o(.text)
    tfp_format                               0x08004e67   Thumb Code   306  printf.o(.text)
    init_printf                              0x08004f99   Thumb Code     8  printf.o(.text)
    tfp_printf                               0x08004fa1   Thumb Code    34  printf.o(.text)
    tfp_sprintf                              0x08004fc3   Thumb Code    26  printf.o(.text)
    sensorsAutodetect                        0x08004ff1   Thumb Code   306  sensors.o(.text)
    batteryAdcToVoltage                      0x08005123   Thumb Code    54  sensors.o(.text)
    batteryInit                              0x08005159   Thumb Code    74  sensors.o(.text)
    ACC_getADC                               0x08005399   Thumb Code    42  sensors.o(.text)
    Baro_Common                              0x080053c3   Thumb Code   130  sensors.o(.text)
    Baro_update                              0x08005445   Thumb Code    86  sensors.o(.text)
    Gyro_getADC                              0x08005637   Thumb Code    42  sensors.o(.text)
    Mag_init                                 0x08005661   Thumb Code    26  sensors.o(.text)
    Mag_getADC                               0x0800567b   Thumb Code   348  sensors.o(.text)
    Sonar_init                               0x080057d7   Thumb Code    22  sensors.o(.text)
    Sonar_update                             0x080057ed   Thumb Code     6  sensors.o(.text)
    serialize32                              0x08005831   Thumb Code    76  serial.o(.text)
    serialize16                              0x0800587d   Thumb Code    42  serial.o(.text)
    serialize8                               0x080058a7   Thumb Code    18  serial.o(.text)
    read8                                    0x080058b9   Thumb Code    14  serial.o(.text)
    read16                                   0x080058c7   Thumb Code    20  serial.o(.text)
    read32                                   0x080058db   Thumb Code    18  serial.o(.text)
    headSerialResponse                       0x080058ed   Thumb Code    50  serial.o(.text)
    headSerialReply                          0x0800591f   Thumb Code     6  serial.o(.text)
    headSerialError                          0x08005925   Thumb Code     6  serial.o(.text)
    tailSerialReply                          0x0800592b   Thumb Code     6  serial.o(.text)
    serializeNames                           0x08005931   Thumb Code    22  serial.o(.text)
    serializeBoxNamesReply                   0x08005947   Thumb Code   120  serial.o(.text)
    serialInit                               0x080059bf   Thumb Code   190  serial.o(.text)
    serialCom                                0x0800615f   Thumb Code   232  serial.o(.text)
    spektrumInit                             0x080062ab   Thumb Code    36  spektrum.o(.text)
    spektrumFrameComplete                    0x080062cf   Thumb Code     6  spektrum.o(.text)
    spektrumReadRawRC                        0x080062d5   Thumb Code   124  spektrum.o(.text)
    initTelemetry                            0x08006439   Thumb Code    34  telemetry.o(.text)
    sendTelemetry                            0x0800645b   Thumb Code   406  telemetry.o(.text)
    adcInit                                  0x0800669d   Thumb Code   254  drv_adc.o(.text)
    adcGetChannel                            0x0800679b   Thumb Code     8  drv_adc.o(.text)
    adxl345Detect                            0x080068c9   Thumb Code    60  drv_adxl345.o(.text)
    ECHO_EXTI_IRQHandler                     0x08006919   Thumb Code    54  drv_hcsr04.o(.text)
    EXTI4_IRQHandler                         0x0800694f   Thumb Code     2  drv_hcsr04.o(.text)
    EXTI9_5_IRQHandler                       0x08006951   Thumb Code     2  drv_hcsr04.o(.text)
    hcsr04_init                              0x08006953   Thumb Code   150  drv_hcsr04.o(.text)
    hcsr04_get_distance                      0x080069e9   Thumb Code    52  drv_hcsr04.o(.text)
    hmc5883lDetect                           0x08006a25   Thumb Code    50  drv_hmc5883l.o(.text)
    hmc5883lRead                             0x08006a57   Thumb Code    86  drv_hmc5883l.o(.text)
    hmc5883lInit                             0x08006aad   Thumb Code   502  drv_hmc5883l.o(.text)
    i2cInit                                  0x08006cc5   Thumb Code   182  drv_i2c.o(.text)
    I2C1_ER_IRQHandler                       0x08006ded   Thumb Code     2  drv_i2c.o(.text)
    I2C1_EV_IRQHandler                       0x0800700f   Thumb Code     2  drv_i2c.o(.text)
    I2C2_ER_IRQHandler                       0x08007011   Thumb Code     2  drv_i2c.o(.text)
    I2C2_EV_IRQHandler                       0x08007013   Thumb Code     2  drv_i2c.o(.text)
    i2cWriteBuffer                           0x08007015   Thumb Code   136  drv_i2c.o(.text)
    i2cWrite                                 0x0800709d   Thumb Code    24  drv_i2c.o(.text)
    i2cRead                                  0x080070b5   Thumb Code   108  drv_i2c.o(.text)
    i2cGetErrorCounter                       0x08007121   Thumb Code     6  drv_i2c.o(.text)
    l3g4200dDetect                           0x0800727b   Thumb Code    90  drv_l3g4200d.o(.text)
    ledringDetect                            0x080072e9   Thumb Code    20  drv_ledring.o(.text)
    ledringState                             0x080072fd   Thumb Code   194  drv_ledring.o(.text)
    ledringBlink                             0x080073bf   Thumb Code    32  drv_ledring.o(.text)
    mma8452Detect                            0x080074bf   Thumb Code    60  drv_mma845x.o(.text)
    mpu3050Detect                            0x080075dd   Thumb Code   106  drv_mpu3050.o(.text)
    mpu6000Detect                            0x080077cd   Thumb Code   164  drv_mpu6000.o(.text)
    ms5611Detect                             0x080079fb   Thumb Code   138  drv_ms5611.o(.text)
    TIM1_CC_IRQHandler                       0x08007d81   Thumb Code   158  drv_pwm.o(.text)
    TIM8_CC_IRQHandler                       0x08007e1f   Thumb Code   158  drv_pwm.o(.text)
    TIM2_IRQHandler                          0x08007ebd   Thumb Code    80  drv_pwm.o(.text)
    TIM3_IRQHandler                          0x08007f0d   Thumb Code   130  drv_pwm.o(.text)
    TIM4_IRQHandler                          0x08007f8f   Thumb Code   150  drv_pwm.o(.text)
    TIM5_IRQHandler                          0x08008025   Thumb Code   156  drv_pwm.o(.text)
    pwmInit                                  0x0800817d   Thumb Code   178  drv_pwm.o(.text)
    pwmWriteMotor                            0x0800822f   Thumb Code    22  drv_pwm.o(.text)
    pwmWriteServo                            0x08008245   Thumb Code    22  drv_pwm.o(.text)
    pwmRead                                  0x0800825b   Thumb Code     8  drv_pwm.o(.text)
    init_SPI1                                0x08008345   Thumb Code   178  drv_spi.o(.text)
    spi_writeByte                            0x080083f7   Thumb Code    50  drv_spi.o(.text)
    spi_readByte                             0x08008429   Thumb Code    46  drv_spi.o(.text)
    init_SPI2                                0x08008457   Thumb Code   174  drv_spi.o(.text)
    SPI2_send                                0x08008505   Thumb Code    32  drv_spi.o(.text)
    SPI2_main                                0x08008525   Thumb Code    40  drv_spi.o(.text)
    SysTick_Handler                          0x08008561   Thumb Code    10  drv_system.o(.text)
    micros                                   0x0800856b   Thumb Code    52  drv_system.o(.text)
    millis                                   0x0800859f   Thumb Code     6  drv_system.o(.text)
    delayMicroseconds                        0x080085a5   Thumb Code    26  drv_system.o(.text)
    delay                                    0x080085bf   Thumb Code    22  drv_system.o(.text)
    systemInit                               0x080085d5   Thumb Code   230  drv_system.o(.text)
    failureMode                              0x080086bb   Thumb Code    64  drv_system.o(.text)
    systemReset                              0x080086fb   Thumb Code    18  drv_system.o(.text)
    DMA2_Stream7_IRQHandler                  0x0800876f   Thumb Code    54  drv_uart.o(.text)
    uartInit                                 0x080087a5   Thumb Code   358  drv_uart.o(.text)
    uartAvailable                            0x0800890b   Thumb Code    26  drv_uart.o(.text)
    uartTransmitEmpty                        0x08008925   Thumb Code    18  drv_uart.o(.text)
    uartRead                                 0x08008937   Thumb Code    26  drv_uart.o(.text)
    uartReadPoll                             0x08008951   Thumb Code    18  drv_uart.o(.text)
    uartWrite                                0x08008963   Thumb Code    48  drv_uart.o(.text)
    uartPrint                                0x08008993   Thumb Code    20  drv_uart.o(.text)
    uart2Init                                0x080089ed   Thumb Code   182  drv_uart.o(.text)
    uart2ChangeBaud                          0x08008aa3   Thumb Code     2  drv_uart.o(.text)
    uart2Write                               0x08008aa5   Thumb Code    36  drv_uart.o(.text)
    uart2TransmitEmpty                       0x08008ac9   Thumb Code    18  drv_uart.o(.text)
    USART2_IRQHandler                        0x08008adb   Thumb Code   118  drv_uart.o(.text)
    uart3Init                                0x08008b97   Thumb Code   182  drv_uart.o(.text)
    uart3ChangeBaud                          0x08008c4d   Thumb Code     2  drv_uart.o(.text)
    uart3Write                               0x08008c4f   Thumb Code    36  drv_uart.o(.text)
    uart3TransmitEmpty                       0x08008c73   Thumb Code    18  drv_uart.o(.text)
    USART3_IRQHandler                        0x08008c85   Thumb Code    78  drv_uart.o(.text)
    SystemInit                               0x08008ce5   Thumb Code    74  system_stm32f4xx.o(.text)
    SystemCoreClockUpdate                    0x08008d2f   Thumb Code   112  system_stm32f4xx.o(.text)
    NVIC_PriorityGroupConfig                 0x08008e51   Thumb Code    10  misc.o(.text)
    NVIC_Init                                0x08008e5b   Thumb Code    92  misc.o(.text)
    NVIC_SetVectorTable                      0x08008eb7   Thumb Code    14  misc.o(.text)
    NVIC_SystemLPConfig                      0x08008ec5   Thumb Code    20  misc.o(.text)
    SysTick_CLKSourceConfig                  0x08008ed9   Thumb Code    24  misc.o(.text)
    ADC_DeInit                               0x08008f01   Thumb Code    24  stm32f4xx_adc.o(.text)
    ADC_Init                                 0x08008f19   Thumb Code    66  stm32f4xx_adc.o(.text)
    ADC_StructInit                           0x08008f5b   Thumb Code    20  stm32f4xx_adc.o(.text)
    ADC_CommonInit                           0x08008f6f   Thumb Code    40  stm32f4xx_adc.o(.text)
    ADC_CommonStructInit                     0x08008f97   Thumb Code    12  stm32f4xx_adc.o(.text)
    ADC_Cmd                                  0x08008fa3   Thumb Code    20  stm32f4xx_adc.o(.text)
    ADC_AnalogWatchdogCmd                    0x08008fb7   Thumb Code    12  stm32f4xx_adc.o(.text)
    ADC_AnalogWatchdogThresholdsConfig       0x08008fc3   Thumb Code     6  stm32f4xx_adc.o(.text)
    ADC_AnalogWatchdogSingleChannelConfig    0x08008fc9   Thumb Code    12  stm32f4xx_adc.o(.text)
    ADC_TempSensorVrefintCmd                 0x08008fd5   Thumb Code    26  stm32f4xx_adc.o(.text)
    ADC_VBATCmd                              0x08008fef   Thumb Code    26  stm32f4xx_adc.o(.text)
    ADC_RegularChannelConfig                 0x08009009   Thumb Code   116  stm32f4xx_adc.o(.text)
    ADC_SoftwareStartConv                    0x0800907d   Thumb Code    10  stm32f4xx_adc.o(.text)
    ADC_GetSoftwareStartConvStatus           0x08009087   Thumb Code    14  stm32f4xx_adc.o(.text)
    ADC_EOCOnEachRegularChannelCmd           0x08009095   Thumb Code    20  stm32f4xx_adc.o(.text)
    ADC_ContinuousModeCmd                    0x080090a9   Thumb Code    20  stm32f4xx_adc.o(.text)
    ADC_DiscModeChannelCountConfig           0x080090bd   Thumb Code    16  stm32f4xx_adc.o(.text)
    ADC_DiscModeCmd                          0x080090cd   Thumb Code    20  stm32f4xx_adc.o(.text)
    ADC_GetConversionValue                   0x080090e1   Thumb Code     6  stm32f4xx_adc.o(.text)
    ADC_GetMultiModeConversionValue          0x080090e7   Thumb Code     6  stm32f4xx_adc.o(.text)
    ADC_DMACmd                               0x080090ed   Thumb Code    20  stm32f4xx_adc.o(.text)
    ADC_DMARequestAfterLastTransferCmd       0x08009101   Thumb Code    20  stm32f4xx_adc.o(.text)
    ADC_MultiModeDMARequestAfterLastTransferCmd 0x08009115   Thumb Code    26  stm32f4xx_adc.o(.text)
    ADC_InjectedChannelConfig                0x0800912f   Thumb Code    74  stm32f4xx_adc.o(.text)
    ADC_InjectedSequencerLengthConfig        0x08009179   Thumb Code    16  stm32f4xx_adc.o(.text)
    ADC_SetInjectedOffset                    0x08009189   Thumb Code     4  stm32f4xx_adc.o(.text)
    ADC_ExternalTrigInjectedConvConfig       0x0800918d   Thumb Code    12  stm32f4xx_adc.o(.text)
    ADC_ExternalTrigInjectedConvEdgeConfig   0x08009199   Thumb Code    12  stm32f4xx_adc.o(.text)
    ADC_SoftwareStartInjectedConv            0x080091a5   Thumb Code    10  stm32f4xx_adc.o(.text)
    ADC_GetSoftwareStartInjectedConvCmdStatus 0x080091af   Thumb Code    14  stm32f4xx_adc.o(.text)
    ADC_AutoInjectedConvCmd                  0x080091bd   Thumb Code    20  stm32f4xx_adc.o(.text)
    ADC_InjectedDiscModeCmd                  0x080091d1   Thumb Code    20  stm32f4xx_adc.o(.text)
    ADC_GetInjectedConversionValue           0x080091e5   Thumb Code     8  stm32f4xx_adc.o(.text)
    ADC_ITConfig                             0x080091ed   Thumb Code    18  stm32f4xx_adc.o(.text)
    ADC_GetFlagStatus                        0x080091ff   Thumb Code    14  stm32f4xx_adc.o(.text)
    ADC_ClearFlag                            0x0800920d   Thumb Code     6  stm32f4xx_adc.o(.text)
    ADC_GetITStatus                          0x08009213   Thumb Code    28  stm32f4xx_adc.o(.text)
    ADC_ClearITPendingBit                    0x0800922f   Thumb Code     8  stm32f4xx_adc.o(.text)
    DMA_DeInit                               0x08009255   Thumb Code   270  stm32f4xx_dma.o(.text)
    DMA_Init                                 0x08009363   Thumb Code    80  stm32f4xx_dma.o(.text)
    DMA_StructInit                           0x080093b3   Thumb Code    34  stm32f4xx_dma.o(.text)
    DMA_Cmd                                  0x080093d5   Thumb Code    20  stm32f4xx_dma.o(.text)
    DMA_PeriphIncOffsetSizeConfig            0x080093e9   Thumb Code    20  stm32f4xx_dma.o(.text)
    DMA_FlowControllerConfig                 0x080093fd   Thumb Code    20  stm32f4xx_dma.o(.text)
    DMA_SetCurrDataCounter                   0x08009411   Thumb Code     4  stm32f4xx_dma.o(.text)
    DMA_GetCurrDataCounter                   0x08009415   Thumb Code     6  stm32f4xx_dma.o(.text)
    DMA_DoubleBufferModeConfig               0x0800941b   Thumb Code    22  stm32f4xx_dma.o(.text)
    DMA_DoubleBufferModeCmd                  0x08009431   Thumb Code    20  stm32f4xx_dma.o(.text)
    DMA_MemoryTargetConfig                   0x08009445   Thumb Code    10  stm32f4xx_dma.o(.text)
    DMA_GetCurrentMemoryTarget               0x0800944f   Thumb Code    14  stm32f4xx_dma.o(.text)
    DMA_GetCmdStatus                         0x0800945d   Thumb Code    14  stm32f4xx_dma.o(.text)
    DMA_GetFIFOStatus                        0x0800946b   Thumb Code     8  stm32f4xx_dma.o(.text)
    DMA_GetFlagStatus                        0x08009473   Thumb Code    42  stm32f4xx_dma.o(.text)
    DMA_ClearFlag                            0x0800949d   Thumb Code    34  stm32f4xx_dma.o(.text)
    DMA_ITConfig                             0x080094bf   Thumb Code    44  stm32f4xx_dma.o(.text)
    DMA_GetITStatus                          0x080094eb   Thumb Code    72  stm32f4xx_dma.o(.text)
    DMA_ClearITPendingBit                    0x08009533   Thumb Code    34  stm32f4xx_dma.o(.text)
    EXTI_DeInit                              0x08009575   Thumb Code    28  stm32f4xx_exti.o(.text)
    EXTI_Init                                0x08009591   Thumb Code   112  stm32f4xx_exti.o(.text)
    EXTI_StructInit                          0x08009601   Thumb Code    14  stm32f4xx_exti.o(.text)
    EXTI_GenerateSWInterrupt                 0x0800960f   Thumb Code    12  stm32f4xx_exti.o(.text)
    EXTI_GetFlagStatus                       0x0800961b   Thumb Code    18  stm32f4xx_exti.o(.text)
    EXTI_ClearFlag                           0x0800962d   Thumb Code     8  stm32f4xx_exti.o(.text)
    EXTI_GetITStatus                         0x08009635   Thumb Code    28  stm32f4xx_exti.o(.text)
    EXTI_ClearITPendingBit                   0x08009651   Thumb Code     8  stm32f4xx_exti.o(.text)
    FLASH_SetLatency                         0x08009661   Thumb Code     6  stm32f4xx_flash.o(.text)
    FLASH_PrefetchBufferCmd                  0x08009667   Thumb Code    22  stm32f4xx_flash.o(.text)
    FLASH_InstructionCacheCmd                0x0800967d   Thumb Code    22  stm32f4xx_flash.o(.text)
    FLASH_DataCacheCmd                       0x08009693   Thumb Code    22  stm32f4xx_flash.o(.text)
    FLASH_InstructionCacheReset              0x080096a9   Thumb Code    12  stm32f4xx_flash.o(.text)
    FLASH_DataCacheReset                     0x080096b5   Thumb Code    12  stm32f4xx_flash.o(.text)
    FLASH_Unlock                             0x080096c1   Thumb Code    24  stm32f4xx_flash.o(.text)
    FLASH_Lock                               0x080096d9   Thumb Code    14  stm32f4xx_flash.o(.text)
    FLASH_GetStatus                          0x080096e7   Thumb Code    48  stm32f4xx_flash.o(.text)
    FLASH_WaitForLastOperation               0x08009717   Thumb Code    12  stm32f4xx_flash.o(.text)
    FLASH_EraseSector                        0x08009723   Thumb Code   110  stm32f4xx_flash.o(.text)
    FLASH_EraseAllSectors                    0x08009791   Thumb Code    92  stm32f4xx_flash.o(.text)
    FLASH_ProgramDoubleWord                  0x080097ed   Thumb Code    62  stm32f4xx_flash.o(.text)
    FLASH_ProgramWord                        0x0800982b   Thumb Code    60  stm32f4xx_flash.o(.text)
    FLASH_ProgramHalfWord                    0x08009867   Thumb Code    60  stm32f4xx_flash.o(.text)
    FLASH_ProgramByte                        0x080098a3   Thumb Code    56  stm32f4xx_flash.o(.text)
    FLASH_OB_Unlock                          0x080098db   Thumb Code    24  stm32f4xx_flash.o(.text)
    FLASH_OB_Lock                            0x080098f3   Thumb Code    14  stm32f4xx_flash.o(.text)
    FLASH_OB_WRPConfig                       0x08009901   Thumb Code    36  stm32f4xx_flash.o(.text)
    FLASH_OB_RDPConfig                       0x08009925   Thumb Code    20  stm32f4xx_flash.o(.text)
    FLASH_OB_UserConfig                      0x08009939   Thumb Code    36  stm32f4xx_flash.o(.text)
    FLASH_OB_BORConfig                       0x0800995d   Thumb Code    20  stm32f4xx_flash.o(.text)
    FLASH_OB_Launch                          0x08009971   Thumb Code    14  stm32f4xx_flash.o(.text)
    FLASH_OB_GetUser                         0x0800997f   Thumb Code    12  stm32f4xx_flash.o(.text)
    FLASH_OB_GetWRP                          0x0800998b   Thumb Code     8  stm32f4xx_flash.o(.text)
    FLASH_OB_GetRDP                          0x08009993   Thumb Code    16  stm32f4xx_flash.o(.text)
    FLASH_OB_GetBOR                          0x080099a3   Thumb Code    12  stm32f4xx_flash.o(.text)
    FLASH_ITConfig                           0x080099af   Thumb Code    20  stm32f4xx_flash.o(.text)
    FLASH_GetFlagStatus                      0x080099c3   Thumb Code    18  stm32f4xx_flash.o(.text)
    FLASH_ClearFlag                          0x080099d5   Thumb Code     8  stm32f4xx_flash.o(.text)
    GPIO_DeInit                              0x080099f1   Thumb Code   192  stm32f4xx_gpio.o(.text)
    GPIO_Init                                0x08009ab1   Thumb Code   124  stm32f4xx_gpio.o(.text)
    GPIO_StructInit                          0x08009b2d   Thumb Code    18  stm32f4xx_gpio.o(.text)
    GPIO_PinLockConfig                       0x08009b3f   Thumb Code    16  stm32f4xx_gpio.o(.text)
    GPIO_ReadInputDataBit                    0x08009b4f   Thumb Code    14  stm32f4xx_gpio.o(.text)
    GPIO_ReadInputData                       0x08009b5d   Thumb Code     6  stm32f4xx_gpio.o(.text)
    GPIO_ReadOutputDataBit                   0x08009b63   Thumb Code    14  stm32f4xx_gpio.o(.text)
    GPIO_ReadOutputData                      0x08009b71   Thumb Code     6  stm32f4xx_gpio.o(.text)
    GPIO_SetBits                             0x08009b77   Thumb Code     4  stm32f4xx_gpio.o(.text)
    GPIO_ResetBits                           0x08009b7b   Thumb Code     4  stm32f4xx_gpio.o(.text)
    GPIO_WriteBit                            0x08009b7f   Thumb Code    10  stm32f4xx_gpio.o(.text)
    GPIO_Write                               0x08009b89   Thumb Code     4  stm32f4xx_gpio.o(.text)
    GPIO_ToggleBits                          0x08009b8d   Thumb Code     8  stm32f4xx_gpio.o(.text)
    GPIO_PinAFConfig                         0x08009b95   Thumb Code    32  stm32f4xx_gpio.o(.text)
    I2C_DeInit                               0x08009bd9   Thumb Code    56  stm32f4xx_i2c.o(.text)
    I2C_Init                                 0x08009c11   Thumb Code   172  stm32f4xx_i2c.o(.text)
    I2C_StructInit                           0x08009cbd   Thumb Code    28  stm32f4xx_i2c.o(.text)
    I2C_Cmd                                  0x08009cd9   Thumb Code    20  stm32f4xx_i2c.o(.text)
    I2C_GenerateSTART                        0x08009ced   Thumb Code    20  stm32f4xx_i2c.o(.text)
    I2C_GenerateSTOP                         0x08009d01   Thumb Code    20  stm32f4xx_i2c.o(.text)
    I2C_Send7bitAddress                      0x08009d15   Thumb Code    16  stm32f4xx_i2c.o(.text)
    I2C_AcknowledgeConfig                    0x08009d25   Thumb Code    20  stm32f4xx_i2c.o(.text)
    I2C_OwnAddress2Config                    0x08009d39   Thumb Code    16  stm32f4xx_i2c.o(.text)
    I2C_DualAddressCmd                       0x08009d49   Thumb Code    20  stm32f4xx_i2c.o(.text)
    I2C_GeneralCallCmd                       0x08009d5d   Thumb Code    20  stm32f4xx_i2c.o(.text)
    I2C_SoftwareResetCmd                     0x08009d71   Thumb Code    20  stm32f4xx_i2c.o(.text)
    I2C_StretchClockCmd                      0x08009d85   Thumb Code    20  stm32f4xx_i2c.o(.text)
    I2C_FastModeDutyCycleConfig              0x08009d99   Thumb Code    22  stm32f4xx_i2c.o(.text)
    I2C_NACKPositionConfig                   0x08009daf   Thumb Code    22  stm32f4xx_i2c.o(.text)
    I2C_SMBusAlertConfig                     0x08009dc5   Thumb Code    22  stm32f4xx_i2c.o(.text)
    I2C_ARPCmd                               0x08009ddb   Thumb Code    20  stm32f4xx_i2c.o(.text)
    I2C_SendData                             0x08009def   Thumb Code     4  stm32f4xx_i2c.o(.text)
    I2C_ReceiveData                          0x08009df3   Thumb Code     6  stm32f4xx_i2c.o(.text)
    I2C_TransmitPEC                          0x08009df9   Thumb Code    20  stm32f4xx_i2c.o(.text)
    I2C_PECPositionConfig                    0x08009e0d   Thumb Code    22  stm32f4xx_i2c.o(.text)
    I2C_CalculatePEC                         0x08009e23   Thumb Code    20  stm32f4xx_i2c.o(.text)
    I2C_GetPEC                               0x08009e37   Thumb Code     6  stm32f4xx_i2c.o(.text)
    I2C_DMACmd                               0x08009e3d   Thumb Code    20  stm32f4xx_i2c.o(.text)
    I2C_DMALastTransferCmd                   0x08009e51   Thumb Code    20  stm32f4xx_i2c.o(.text)
    I2C_ReadRegister                         0x08009e65   Thumb Code     4  stm32f4xx_i2c.o(.text)
    I2C_ITConfig                             0x08009e69   Thumb Code    16  stm32f4xx_i2c.o(.text)
    I2C_CheckEvent                           0x08009e79   Thumb Code    24  stm32f4xx_i2c.o(.text)
    I2C_GetLastEvent                         0x08009e91   Thumb Code    14  stm32f4xx_i2c.o(.text)
    I2C_GetFlagStatus                        0x08009e9f   Thumb Code    30  stm32f4xx_i2c.o(.text)
    I2C_ClearFlag                            0x08009ebd   Thumb Code     6  stm32f4xx_i2c.o(.text)
    I2C_GetITStatus                          0x08009ec3   Thumb Code    32  stm32f4xx_i2c.o(.text)
    I2C_ClearITPendingBit                    0x08009ee3   Thumb Code     6  stm32f4xx_i2c.o(.text)
    RCC_DeInit                               0x08009efd   Thumb Code    48  stm32f4xx_rcc.o(.text)
    RCC_HSEConfig                            0x08009f2d   Thumb Code    12  stm32f4xx_rcc.o(.text)
    RCC_GetFlagStatus                        0x08009f39   Thumb Code    46  stm32f4xx_rcc.o(.text)
    RCC_WaitForHSEStartUp                    0x08009f67   Thumb Code    42  stm32f4xx_rcc.o(.text)
    RCC_AdjustHSICalibrationValue            0x08009f91   Thumb Code    16  stm32f4xx_rcc.o(.text)
    RCC_HSICmd                               0x08009fa1   Thumb Code     6  stm32f4xx_rcc.o(.text)
    RCC_LSEConfig                            0x08009fa7   Thumb Code    24  stm32f4xx_rcc.o(.text)
    RCC_LSICmd                               0x08009fbf   Thumb Code     6  stm32f4xx_rcc.o(.text)
    RCC_PLLConfig                            0x08009fc5   Thumb Code    32  stm32f4xx_rcc.o(.text)
    RCC_PLLCmd                               0x08009fe5   Thumb Code     6  stm32f4xx_rcc.o(.text)
    RCC_PLLI2SConfig                         0x08009feb   Thumb Code    14  stm32f4xx_rcc.o(.text)
    RCC_PLLI2SCmd                            0x08009ff9   Thumb Code     6  stm32f4xx_rcc.o(.text)
    RCC_ClockSecuritySystemCmd               0x08009fff   Thumb Code     6  stm32f4xx_rcc.o(.text)
    RCC_MCO1Config                           0x0800a005   Thumb Code    18  stm32f4xx_rcc.o(.text)
    RCC_MCO2Config                           0x0800a017   Thumb Code    18  stm32f4xx_rcc.o(.text)
    RCC_SYSCLKConfig                         0x0800a029   Thumb Code    16  stm32f4xx_rcc.o(.text)
    RCC_GetSYSCLKSource                      0x0800a039   Thumb Code    12  stm32f4xx_rcc.o(.text)
    RCC_HCLKConfig                           0x0800a045   Thumb Code    16  stm32f4xx_rcc.o(.text)
    RCC_PCLK1Config                          0x0800a055   Thumb Code    16  stm32f4xx_rcc.o(.text)
    RCC_PCLK2Config                          0x0800a065   Thumb Code    18  stm32f4xx_rcc.o(.text)
    RCC_GetClocksFreq                        0x0800a077   Thumb Code   140  stm32f4xx_rcc.o(.text)
    RCC_RTCCLKConfig                         0x0800a103   Thumb Code    42  stm32f4xx_rcc.o(.text)
    RCC_RTCCLKCmd                            0x0800a12d   Thumb Code     8  stm32f4xx_rcc.o(.text)
    RCC_BackupResetCmd                       0x0800a135   Thumb Code     8  stm32f4xx_rcc.o(.text)
    RCC_I2SCLKConfig                         0x0800a13d   Thumb Code     6  stm32f4xx_rcc.o(.text)
    RCC_AHB1PeriphClockCmd                   0x0800a143   Thumb Code    20  stm32f4xx_rcc.o(.text)
    RCC_AHB2PeriphClockCmd                   0x0800a157   Thumb Code    20  stm32f4xx_rcc.o(.text)
    RCC_AHB3PeriphClockCmd                   0x0800a16b   Thumb Code    20  stm32f4xx_rcc.o(.text)
    RCC_APB1PeriphClockCmd                   0x0800a17f   Thumb Code    20  stm32f4xx_rcc.o(.text)
    RCC_APB2PeriphClockCmd                   0x0800a193   Thumb Code    20  stm32f4xx_rcc.o(.text)
    RCC_AHB1PeriphResetCmd                   0x0800a1a7   Thumb Code    20  stm32f4xx_rcc.o(.text)
    RCC_AHB2PeriphResetCmd                   0x0800a1bb   Thumb Code    20  stm32f4xx_rcc.o(.text)
    RCC_AHB3PeriphResetCmd                   0x0800a1cf   Thumb Code    20  stm32f4xx_rcc.o(.text)
    RCC_APB1PeriphResetCmd                   0x0800a1e3   Thumb Code    20  stm32f4xx_rcc.o(.text)
    RCC_APB2PeriphResetCmd                   0x0800a1f7   Thumb Code    20  stm32f4xx_rcc.o(.text)
    RCC_AHB1PeriphClockLPModeCmd             0x0800a20b   Thumb Code    20  stm32f4xx_rcc.o(.text)
    RCC_AHB2PeriphClockLPModeCmd             0x0800a21f   Thumb Code    20  stm32f4xx_rcc.o(.text)
    RCC_AHB3PeriphClockLPModeCmd             0x0800a233   Thumb Code    20  stm32f4xx_rcc.o(.text)
    RCC_APB1PeriphClockLPModeCmd             0x0800a247   Thumb Code    20  stm32f4xx_rcc.o(.text)
    RCC_APB2PeriphClockLPModeCmd             0x0800a25b   Thumb Code    20  stm32f4xx_rcc.o(.text)
    RCC_ITConfig                             0x0800a26f   Thumb Code    20  stm32f4xx_rcc.o(.text)
    RCC_ClearFlag                            0x0800a283   Thumb Code    14  stm32f4xx_rcc.o(.text)
    RCC_GetITStatus                          0x0800a291   Thumb Code    18  stm32f4xx_rcc.o(.text)
    RCC_ClearITPendingBit                    0x0800a2a3   Thumb Code     8  stm32f4xx_rcc.o(.text)
    SPI_I2S_DeInit                           0x0800a2d5   Thumb Code    72  stm32f4xx_spi.o(.text)
    SPI_Init                                 0x0800a31d   Thumb Code    56  stm32f4xx_spi.o(.text)
    I2S_Init                                 0x0800a355   Thumb Code   184  stm32f4xx_spi.o(.text)
    SPI_StructInit                           0x0800a40d   Thumb Code    24  stm32f4xx_spi.o(.text)
    I2S_StructInit                           0x0800a425   Thumb Code    18  stm32f4xx_spi.o(.text)
    SPI_Cmd                                  0x0800a437   Thumb Code    20  stm32f4xx_spi.o(.text)
    I2S_Cmd                                  0x0800a44b   Thumb Code    20  stm32f4xx_spi.o(.text)
    SPI_DataSizeConfig                       0x0800a45f   Thumb Code    16  stm32f4xx_spi.o(.text)
    SPI_BiDirectionalLineConfig              0x0800a46f   Thumb Code    22  stm32f4xx_spi.o(.text)
    SPI_NSSInternalSoftwareConfig            0x0800a485   Thumb Code    24  stm32f4xx_spi.o(.text)
    SPI_SSOutputCmd                          0x0800a49d   Thumb Code    20  stm32f4xx_spi.o(.text)
    SPI_TIModeCmd                            0x0800a4b1   Thumb Code    20  stm32f4xx_spi.o(.text)
    I2S_FullDuplexConfig                     0x0800a4c5   Thumb Code    62  stm32f4xx_spi.o(.text)
    SPI_I2S_ReceiveData                      0x0800a503   Thumb Code     4  stm32f4xx_spi.o(.text)
    SPI_I2S_SendData                         0x0800a507   Thumb Code     4  stm32f4xx_spi.o(.text)
    SPI_CalculateCRC                         0x0800a50b   Thumb Code    20  stm32f4xx_spi.o(.text)
    SPI_TransmitCRC                          0x0800a51f   Thumb Code    10  stm32f4xx_spi.o(.text)
    SPI_GetCRC                               0x0800a529   Thumb Code    12  stm32f4xx_spi.o(.text)
    SPI_GetCRCPolynomial                     0x0800a535   Thumb Code     4  stm32f4xx_spi.o(.text)
    SPI_I2S_DMACmd                           0x0800a539   Thumb Code    16  stm32f4xx_spi.o(.text)
    SPI_I2S_ITConfig                         0x0800a549   Thumb Code    24  stm32f4xx_spi.o(.text)
    SPI_I2S_GetFlagStatus                    0x0800a561   Thumb Code    14  stm32f4xx_spi.o(.text)
    SPI_I2S_ClearFlag                        0x0800a56f   Thumb Code     6  stm32f4xx_spi.o(.text)
    SPI_I2S_GetITStatus                      0x0800a575   Thumb Code    40  stm32f4xx_spi.o(.text)
    SPI_I2S_ClearITPendingBit                0x0800a59d   Thumb Code    14  stm32f4xx_spi.o(.text)
    SYSCFG_DeInit                            0x0800a5c1   Thumb Code    24  stm32f4xx_syscfg.o(.text)
    SYSCFG_MemoryRemapConfig                 0x0800a5d9   Thumb Code     6  stm32f4xx_syscfg.o(.text)
    SYSCFG_EXTILineConfig                    0x0800a5df   Thumb Code    36  stm32f4xx_syscfg.o(.text)
    SYSCFG_ETH_MediaInterfaceConfig          0x0800a603   Thumb Code     6  stm32f4xx_syscfg.o(.text)
    SYSCFG_CompensationCellCmd               0x0800a609   Thumb Code     6  stm32f4xx_syscfg.o(.text)
    SYSCFG_GetCompensationCellStatus         0x0800a60f   Thumb Code    16  stm32f4xx_syscfg.o(.text)
    TIM_DeInit                               0x0800a62d   Thumb Code   284  stm32f4xx_tim.o(.text)
    TIM_TimeBaseInit                         0x0800a749   Thumb Code   100  stm32f4xx_tim.o(.text)
    TIM_TimeBaseStructInit                   0x0800a7ad   Thumb Code    18  stm32f4xx_tim.o(.text)
    TIM_PrescalerConfig                      0x0800a7bf   Thumb Code     6  stm32f4xx_tim.o(.text)
    TIM_CounterModeConfig                    0x0800a7c5   Thumb Code    12  stm32f4xx_tim.o(.text)
    TIM_SetCounter                           0x0800a7d1   Thumb Code     4  stm32f4xx_tim.o(.text)
    TIM_SetAutoreload                        0x0800a7d5   Thumb Code     4  stm32f4xx_tim.o(.text)
    TIM_GetCounter                           0x0800a7d9   Thumb Code     4  stm32f4xx_tim.o(.text)
    TIM_GetPrescaler                         0x0800a7dd   Thumb Code     4  stm32f4xx_tim.o(.text)
    TIM_UpdateDisableConfig                  0x0800a7e1   Thumb Code    20  stm32f4xx_tim.o(.text)
    TIM_UpdateRequestConfig                  0x0800a7f5   Thumb Code    20  stm32f4xx_tim.o(.text)
    TIM_ARRPreloadConfig                     0x0800a809   Thumb Code    20  stm32f4xx_tim.o(.text)
    TIM_SelectOnePulseMode                   0x0800a81d   Thumb Code    16  stm32f4xx_tim.o(.text)
    TIM_SetClockDivision                     0x0800a82d   Thumb Code    16  stm32f4xx_tim.o(.text)
    TIM_Cmd                                  0x0800a83d   Thumb Code    20  stm32f4xx_tim.o(.text)
    TIM_OC1Init                              0x0800a851   Thumb Code    88  stm32f4xx_tim.o(.text)
    TIM_OC2Init                              0x0800a8a9   Thumb Code   116  stm32f4xx_tim.o(.text)
    TIM_OC3Init                              0x0800a91d   Thumb Code   112  stm32f4xx_tim.o(.text)
    TIM_OC4Init                              0x0800a98d   Thumb Code    84  stm32f4xx_tim.o(.text)
    TIM_OCStructInit                         0x0800a9e1   Thumb Code    20  stm32f4xx_tim.o(.text)
    TIM_SelectOCxM                           0x0800a9f5   Thumb Code   126  stm32f4xx_tim.o(.text)
    TIM_SetCompare1                          0x0800aa73   Thumb Code     4  stm32f4xx_tim.o(.text)
    TIM_SetCompare2                          0x0800aa77   Thumb Code     4  stm32f4xx_tim.o(.text)
    TIM_SetCompare3                          0x0800aa7b   Thumb Code     4  stm32f4xx_tim.o(.text)
    TIM_SetCompare4                          0x0800aa7f   Thumb Code     4  stm32f4xx_tim.o(.text)
    TIM_ForcedOC1Config                      0x0800aa83   Thumb Code    12  stm32f4xx_tim.o(.text)
    TIM_ForcedOC2Config                      0x0800aa8f   Thumb Code    14  stm32f4xx_tim.o(.text)
    TIM_ForcedOC3Config                      0x0800aa9d   Thumb Code    12  stm32f4xx_tim.o(.text)
    TIM_ForcedOC4Config                      0x0800aaa9   Thumb Code    14  stm32f4xx_tim.o(.text)
    TIM_OC1PreloadConfig                     0x0800aab7   Thumb Code    12  stm32f4xx_tim.o(.text)
    TIM_OC2PreloadConfig                     0x0800aac3   Thumb Code    14  stm32f4xx_tim.o(.text)
    TIM_OC3PreloadConfig                     0x0800aad1   Thumb Code    12  stm32f4xx_tim.o(.text)
    TIM_OC4PreloadConfig                     0x0800aadd   Thumb Code    14  stm32f4xx_tim.o(.text)
    TIM_OC1FastConfig                        0x0800aaeb   Thumb Code    12  stm32f4xx_tim.o(.text)
    TIM_OC2FastConfig                        0x0800aaf7   Thumb Code    14  stm32f4xx_tim.o(.text)
    TIM_OC3FastConfig                        0x0800ab05   Thumb Code    12  stm32f4xx_tim.o(.text)
    TIM_OC4FastConfig                        0x0800ab11   Thumb Code    14  stm32f4xx_tim.o(.text)
    TIM_ClearOC1Ref                          0x0800ab1f   Thumb Code    12  stm32f4xx_tim.o(.text)
    TIM_ClearOC2Ref                          0x0800ab2b   Thumb Code    14  stm32f4xx_tim.o(.text)
    TIM_ClearOC3Ref                          0x0800ab39   Thumb Code    12  stm32f4xx_tim.o(.text)
    TIM_ClearOC4Ref                          0x0800ab45   Thumb Code    14  stm32f4xx_tim.o(.text)
    TIM_OC1PolarityConfig                    0x0800ab53   Thumb Code    12  stm32f4xx_tim.o(.text)
    TIM_OC1NPolarityConfig                   0x0800ab5f   Thumb Code    12  stm32f4xx_tim.o(.text)
    TIM_OC2PolarityConfig                    0x0800ab6b   Thumb Code    14  stm32f4xx_tim.o(.text)
    TIM_OC2NPolarityConfig                   0x0800ab79   Thumb Code    14  stm32f4xx_tim.o(.text)
    TIM_OC3PolarityConfig                    0x0800ab87   Thumb Code    14  stm32f4xx_tim.o(.text)
    TIM_OC3NPolarityConfig                   0x0800ab95   Thumb Code    14  stm32f4xx_tim.o(.text)
    TIM_OC4PolarityConfig                    0x0800aba3   Thumb Code    14  stm32f4xx_tim.o(.text)
    TIM_CCxCmd                               0x0800abb1   Thumb Code    22  stm32f4xx_tim.o(.text)
    TIM_CCxNCmd                              0x0800abc7   Thumb Code    22  stm32f4xx_tim.o(.text)
    TIM_SetIC4Prescaler                      0x0800abdd   Thumb Code    18  stm32f4xx_tim.o(.text)
    TIM_SetIC3Prescaler                      0x0800abef   Thumb Code    16  stm32f4xx_tim.o(.text)
    TIM_SetIC2Prescaler                      0x0800abff   Thumb Code    18  stm32f4xx_tim.o(.text)
    TIM_SetIC1Prescaler                      0x0800ac3f   Thumb Code    16  stm32f4xx_tim.o(.text)
    TIM_ICInit                               0x0800ac4f   Thumb Code   152  stm32f4xx_tim.o(.text)
    TIM_ICStructInit                         0x0800ace7   Thumb Code    16  stm32f4xx_tim.o(.text)
    TIM_PWMIConfig                           0x0800acf7   Thumb Code   104  stm32f4xx_tim.o(.text)
    TIM_GetCapture1                          0x0800ad5f   Thumb Code     4  stm32f4xx_tim.o(.text)
    TIM_GetCapture2                          0x0800ad63   Thumb Code     4  stm32f4xx_tim.o(.text)
    TIM_GetCapture3                          0x0800ad67   Thumb Code     4  stm32f4xx_tim.o(.text)
    TIM_GetCapture4                          0x0800ad6b   Thumb Code     4  stm32f4xx_tim.o(.text)
    TIM_BDTRConfig                           0x0800ad6f   Thumb Code    34  stm32f4xx_tim.o(.text)
    TIM_BDTRStructInit                       0x0800ad91   Thumb Code    18  stm32f4xx_tim.o(.text)
    TIM_CtrlPWMOutputs                       0x0800ada3   Thumb Code    22  stm32f4xx_tim.o(.text)
    TIM_SelectCOM                            0x0800adb9   Thumb Code    20  stm32f4xx_tim.o(.text)
    TIM_CCPreloadControl                     0x0800adcd   Thumb Code    20  stm32f4xx_tim.o(.text)
    TIM_ITConfig                             0x0800ade1   Thumb Code    16  stm32f4xx_tim.o(.text)
    TIM_GenerateEvent                        0x0800adf1   Thumb Code     4  stm32f4xx_tim.o(.text)
    TIM_GetFlagStatus                        0x0800adf5   Thumb Code    14  stm32f4xx_tim.o(.text)
    TIM_ClearFlag                            0x0800ae03   Thumb Code     6  stm32f4xx_tim.o(.text)
    TIM_GetITStatus                          0x0800ae09   Thumb Code    22  stm32f4xx_tim.o(.text)
    TIM_ClearITPendingBit                    0x0800ae1f   Thumb Code     6  stm32f4xx_tim.o(.text)
    TIM_DMAConfig                            0x0800ae25   Thumb Code     8  stm32f4xx_tim.o(.text)
    TIM_DMACmd                               0x0800ae2d   Thumb Code    16  stm32f4xx_tim.o(.text)
    TIM_SelectCCDMA                          0x0800ae3d   Thumb Code    20  stm32f4xx_tim.o(.text)
    TIM_InternalClockConfig                  0x0800ae51   Thumb Code    10  stm32f4xx_tim.o(.text)
    TIM_SelectInputTrigger                   0x0800ae5b   Thumb Code    12  stm32f4xx_tim.o(.text)
    TIM_ITRxExternalClockConfig              0x0800ae67   Thumb Code    18  stm32f4xx_tim.o(.text)
    TIM_TIxExternalClockConfig               0x0800ae79   Thumb Code    44  stm32f4xx_tim.o(.text)
    TIM_ETRConfig                            0x0800aea5   Thumb Code    22  stm32f4xx_tim.o(.text)
    TIM_ETRClockMode1Config                  0x0800aebb   Thumb Code    18  stm32f4xx_tim.o(.text)
    TIM_ETRClockMode2Config                  0x0800aecd   Thumb Code    18  stm32f4xx_tim.o(.text)
    TIM_SelectOutputTrigger                  0x0800aedf   Thumb Code    16  stm32f4xx_tim.o(.text)
    TIM_SelectSlaveMode                      0x0800aeef   Thumb Code    16  stm32f4xx_tim.o(.text)
    TIM_SelectMasterSlaveMode                0x0800aeff   Thumb Code    16  stm32f4xx_tim.o(.text)
    TIM_EncoderInterfaceConfig               0x0800af0f   Thumb Code    44  stm32f4xx_tim.o(.text)
    TIM_SelectHallSensor                     0x0800af3b   Thumb Code    20  stm32f4xx_tim.o(.text)
    TIM_RemapConfig                          0x0800af4f   Thumb Code     6  stm32f4xx_tim.o(.text)
    USART_DeInit                             0x0800af81   Thumb Code   114  stm32f4xx_usart.o(.text)
    USART_Init                               0x0800aff3   Thumb Code   174  stm32f4xx_usart.o(.text)
    USART_StructInit                         0x0800b0a1   Thumb Code    22  stm32f4xx_usart.o(.text)
    USART_ClockInit                          0x0800b0b7   Thumb Code    28  stm32f4xx_usart.o(.text)
    USART_ClockStructInit                    0x0800b0d3   Thumb Code    12  stm32f4xx_usart.o(.text)
    USART_Cmd                                0x0800b0df   Thumb Code    20  stm32f4xx_usart.o(.text)
    USART_SetPrescaler                       0x0800b0f3   Thumb Code    16  stm32f4xx_usart.o(.text)
    USART_OverSampling8Cmd                   0x0800b103   Thumb Code    20  stm32f4xx_usart.o(.text)
    USART_OneBitMethodCmd                    0x0800b117   Thumb Code    20  stm32f4xx_usart.o(.text)
    USART_SendData                           0x0800b12b   Thumb Code     8  stm32f4xx_usart.o(.text)
    USART_ReceiveData                        0x0800b133   Thumb Code     8  stm32f4xx_usart.o(.text)
    USART_SetAddress                         0x0800b13b   Thumb Code    16  stm32f4xx_usart.o(.text)
    USART_ReceiverWakeUpCmd                  0x0800b14b   Thumb Code    20  stm32f4xx_usart.o(.text)
    USART_WakeUpConfig                       0x0800b15f   Thumb Code    16  stm32f4xx_usart.o(.text)
    USART_LINBreakDetectLengthConfig         0x0800b16f   Thumb Code    16  stm32f4xx_usart.o(.text)
    USART_LINCmd                             0x0800b17f   Thumb Code    20  stm32f4xx_usart.o(.text)
    USART_SendBreak                          0x0800b193   Thumb Code    10  stm32f4xx_usart.o(.text)
    USART_HalfDuplexCmd                      0x0800b19d   Thumb Code    20  stm32f4xx_usart.o(.text)
    USART_SetGuardTime                       0x0800b1b1   Thumb Code    16  stm32f4xx_usart.o(.text)
    USART_SmartCardCmd                       0x0800b1c1   Thumb Code    20  stm32f4xx_usart.o(.text)
    USART_SmartCardNACKCmd                   0x0800b1d5   Thumb Code    20  stm32f4xx_usart.o(.text)
    USART_IrDAConfig                         0x0800b1e9   Thumb Code    16  stm32f4xx_usart.o(.text)
    USART_IrDACmd                            0x0800b1f9   Thumb Code    20  stm32f4xx_usart.o(.text)
    USART_DMACmd                             0x0800b20d   Thumb Code    16  stm32f4xx_usart.o(.text)
    USART_ITConfig                           0x0800b21d   Thumb Code    48  stm32f4xx_usart.o(.text)
    USART_GetFlagStatus                      0x0800b24d   Thumb Code    14  stm32f4xx_usart.o(.text)
    USART_ClearFlag                          0x0800b25b   Thumb Code     6  stm32f4xx_usart.o(.text)
    USART_GetITStatus                        0x0800b261   Thumb Code    62  stm32f4xx_usart.o(.text)
    USART_ClearITPendingBit                  0x0800b29f   Thumb Code    12  stm32f4xx_usart.o(.text)
    __rt_ctype_table                         0x0800b2c5   Thumb Code     4  ctype_o.o(.text)
    toupper                                  0x0800b2cd   Thumb Code    12  toupper.o(.text)
    bsearch                                  0x0800b2d9   Thumb Code    70  bsearch.o(.text)
    ___aeabi_memcpy$move                     0x0800b31f   Thumb Code    64  memmovea.o(.text)
    ___aeabi_memcpy8$move                    0x0800b31f   Thumb Code     0  memmovea.o(.text)
    __aeabi_memcpy4                          0x0800b31f   Thumb Code     0  memmovea.o(.text)
    __aeabi_memmove                          0x0800b31f   Thumb Code     0  memmovea.o(.text)
    __aeabi_memmove4                         0x0800b31f   Thumb Code     0  memmovea.o(.text)
    __aeabi_memmove8                         0x0800b31f   Thumb Code     0  memmovea.o(.text)
    __aeabi_memset                           0x0800b35f   Thumb Code    14  memseta.o(.text)
    __aeabi_memset4                          0x0800b35f   Thumb Code     0  memseta.o(.text)
    __aeabi_memset8                          0x0800b35f   Thumb Code     0  memseta.o(.text)
    __aeabi_memclr                           0x0800b36d   Thumb Code     4  memseta.o(.text)
    __aeabi_memclr4                          0x0800b36d   Thumb Code     0  memseta.o(.text)
    __aeabi_memclr8                          0x0800b36d   Thumb Code     0  memseta.o(.text)
    _memset$wrapper                          0x0800b371   Thumb Code    20  memseta.o(.text)
    strcat                                   0x0800b385   Thumb Code    28  strcat.o(.text)
    strstr                                   0x0800b3a1   Thumb Code    44  strstr.o(.text)
    strncpy                                  0x0800b3cd   Thumb Code    24  strncpy.o(.text)
    strchr                                   0x0800b3e5   Thumb Code    18  strchr.o(.text)
    strlen                                   0x0800b3f7   Thumb Code    16  strlen.o(.text)
    strncasecmp                              0x0800b407   Thumb Code    50  strncasecmp.o(.text)
    atoi                                     0x0800b439   Thumb Code    26  atoi.o(.text)
    __aeabi_dadd                             0x0800b453   Thumb Code   320  dadd.o(.text)
    __aeabi_dsub                             0x0800b593   Thumb Code     6  dadd.o(.text)
    __aeabi_drsub                            0x0800b599   Thumb Code     6  dadd.o(.text)
    __aeabi_dmul                             0x0800b59f   Thumb Code   224  dmul.o(.text)
    __aeabi_ddiv                             0x0800b67f   Thumb Code   222  ddiv.o(.text)
    __aeabi_i2d                              0x0800b75d   Thumb Code    34  dflti.o(.text)
    __aeabi_d2f                              0x0800b77f   Thumb Code    56  d2f.o(.text)
    __aeabi_llsl                             0x0800b7b7   Thumb Code    30  llshl.o(.text)
    _ll_shift_l                              0x0800b7b7   Thumb Code     0  llshl.o(.text)
    __aeabi_lasr                             0x0800b7d5   Thumb Code    36  llsshr.o(.text)
    _ll_sshift_r                             0x0800b7d5   Thumb Code     0  llsshr.o(.text)
    tolower                                  0x0800b7f9   Thumb Code    12  tolower.o(.text)
    strtol                                   0x0800b805   Thumb Code   112  strtol.o(.text)
    __I$use$fp                               0x0800b875   Thumb Code     0  iusefp.o(.text)
    _float_round                             0x0800b875   Thumb Code    18  fepilogue.o(.text)
    _float_epilogue                          0x0800b887   Thumb Code    90  fepilogue.o(.text)
    _double_round                            0x0800b8e1   Thumb Code    26  depilogue.o(.text)
    _double_epilogue                         0x0800b8fb   Thumb Code   164  depilogue.o(.text)
    __scatterload                            0x0800b9a1   Thumb Code    28  init.o(.text)
    __scatterload_rt2                        0x0800b9a1   Thumb Code     0  init.o(.text)
    __aeabi_llsr                             0x0800b9c5   Thumb Code    32  llushr.o(.text)
    _ll_ushift_r                             0x0800b9c5   Thumb Code     0  llushr.o(.text)
    _strtoul                                 0x0800b9e5   Thumb Code   158  _strtoul.o(.text)
    _chval                                   0x0800ba83   Thumb Code    28  _chval.o(.text)
    __decompress                             0x0800ba9f   Thumb Code     0  __dczerorl2.o(.text)
    __decompress1                            0x0800ba9f   Thumb Code    92  __dczerorl2.o(.text)
    __ARM_fpclassifyf                        0x0800bafb   Thumb Code    38  fpclassifyf.o(i.__ARM_fpclassifyf)
    __aeabi_errno_addr                       0x0800bb21   Thumb Code     4  errno.o(i.__aeabi_errno_addr)
    __rt_errno_addr                          0x0800bb21   Thumb Code     0  errno.o(i.__aeabi_errno_addr)
    __hardfp_atan2f                          0x0800bb29   Thumb Code   486  atan2f.o(i.__hardfp_atan2f)
    __hardfp_cosf                            0x0800bd71   Thumb Code   286  cosf.o(i.__hardfp_cosf)
    __hardfp_fabs                            0x0800bed1   Thumb Code    20  fabs.o(i.__hardfp_fabs)
    __hardfp_logf                            0x0800bee5   Thumb Code   320  logf.o(i.__hardfp_logf)
    __mathlib_logf                           0x0800bee5   Thumb Code     0  logf.o(i.__hardfp_logf)
    __hardfp_sinf                            0x0800c055   Thumb Code   314  sinf.o(i.__hardfp_sinf)
    __hardfp_sqrtf                           0x0800c1cd   Thumb Code    58  sqrtf.o(i.__hardfp_sqrtf)
    __mathlib_flt_underflow                  0x0800c209   Thumb Code    10  funder.o(i.__mathlib_flt_underflow)
    __mathlib_rredf2                         0x0800c219   Thumb Code   294  rredf.o(i.__mathlib_rredf2)
    __scatterload_copy                       0x0800c359   Thumb Code    14  handlers.o(i.__scatterload_copy)
    __scatterload_null                       0x0800c367   Thumb Code     2  handlers.o(i.__scatterload_null)
    __scatterload_zeroinit                   0x0800c369   Thumb Code    14  handlers.o(i.__scatterload_zeroinit)
    __set_errno                              0x0800c379   Thumb Code     6  errno.o(i.__set_errno)
    mixerNames                               0x0800c384   Data          76  cli.o(.constdata)
    featureNames                             0x0800c3d0   Data          60  cli.o(.constdata)
    sensorNames                              0x0800c40c   Data          24  cli.o(.constdata)
    accNames                                 0x0800c424   Data          20  cli.o(.constdata)
    cmdTable                                 0x0800c438   Data         168  cli.o(.constdata)
    valueTable                               0x0800c4e0   Data        2080  cli.o(.constdata)
    rcChannelLetters                         0x0800cd00   Data           9  config.o(.constdata)
    init_speed                               0x0800cd18   Data          20  gps.o(.constdata)
    mixers                                   0x0800d1c8   Data         152  mixer.o(.constdata)
    __ctype_table                            0x0800d318   Data         129  ctype_o.o(.constdata)
    Region$$Table$$Base                      0x0800dcf0   Number         0  anon$$obj.o(Region$$Table)
    Region$$Table$$Limit                     0x0800dd10   Number         0  anon$$obj.o(Region$$Table)
    acc_25deg                                0x20000098   Data           2  imu.o(.data)
    BaroPID                                  0x2000009a   Data           2  imu.o(.data)
    errorAltitudeI                           0x2000009c   Data           2  imu.o(.data)
    vario                                    0x2000009e   Data           2  imu.o(.data)
    baroTemperature                          0x200000a8   Data           4  imu.o(.data)
    baroPressureSum                          0x200000ac   Data           4  imu.o(.data)
    BaroAlt                                  0x200000b0   Data           4  imu.o(.data)
    magneticDeclination                      0x200000b4   Data           4  imu.o(.data)
    angle                                    0x200000b8   Data           4  imu.o(.data)
    EstAlt                                   0x200000d4   Data           4  imu.o(.data)
    AltHold                                  0x200000d8   Data           4  imu.o(.data)
    accVelScale                              0x200000dc   Data           4  imu.o(.data)
    gyroData                                 0x200000e4   Data           6  imu.o(.data)
    gyroADC                                  0x200000f6   Data           6  imu.o(.data)
    accADC                                   0x200000fc   Data           6  imu.o(.data)
    accSmooth                                0x20000102   Data           6  imu.o(.data)
    magADC                                   0x20000108   Data           6  imu.o(.data)
    baroPressure                             0x20000110   Data           4  imu.o(.data)
    gyroZero                                 0x20000114   Data           6  imu.o(.data)
    sonarAlt                                 0x2000011a   Data           2  imu.o(.data)
    useServo                                 0x2000011d   Data           1  mixer.o(.data)
    servo                                    0x2000011e   Data          16  mixer.o(.data)
    toggleBeep                               0x20000130   Data           1  mw.o(.data)
    nav_mode                                 0x20000131   Data           1  mw.o(.data)
    vbat                                     0x2000013a   Data           1  mw.o(.data)
    GPS_numSat                               0x2000013b   Data           1  mw.o(.data)
    cycleTime                                0x2000013c   Data           2  mw.o(.data)
    failsafeCnt                              0x2000013e   Data           2  mw.o(.data)
    failsafeEvents                           0x20000140   Data           2  mw.o(.data)
    InflightcalibratingA                     0x20000142   Data           2  mw.o(.data)
    AccInflightCalibrationMeasurementDone    0x20000144   Data           2  mw.o(.data)
    AccInflightCalibrationSavetoEEProm       0x20000146   Data           2  mw.o(.data)
    AccInflightCalibrationActive             0x20000148   Data           2  mw.o(.data)
    headFreeModeHold                         0x2000014e   Data           2  mw.o(.data)
    telemTemperature1                        0x20000150   Data           2  mw.o(.data)
    AccInflightCalibrationArmed              0x20000152   Data           2  mw.o(.data)
    batteryWarningVoltage                    0x20000154   Data           2  mw.o(.data)
    dynP8                                    0x20000156   Data           3  mw.o(.data)
    dynD8                                    0x20000159   Data           3  mw.o(.data)
    currentTime                              0x2000015c   Data           4  mw.o(.data)
    previousTime                             0x20000160   Data           4  mw.o(.data)
    rcReadRawFunc                            0x20000164   Data           4  mw.o(.data)
    GPS_angle                                0x20000168   Data           4  mw.o(.data)
    nav                                      0x20000188   Data           4  mw.o(.data)
    nav_rated                                0x2000018c   Data           4  mw.o(.data)
    axisPID                                  0x200001a8   Data           6  mw.o(.data)
    debug                                    0x200001ae   Data           8  mw.o(.data)
    rcCommand                                0x200001b6   Data           8  mw.o(.data)
    GPS_coord                                0x200001c0   Data           8  mw.o(.data)
    GPS_home                                 0x200001c8   Data           8  mw.o(.data)
    GPS_hold                                 0x200001d0   Data           8  mw.o(.data)
    rcData                                   0x200001d8   Data          16  mw.o(.data)
    annex650_overrun_count                   0x200001e8   Data           2  mw.o(.data)
    GPS_update                               0x200001ea   Data           1  mw.o(.data)
    GPS_ground_course                        0x200001ec   Data           2  mw.o(.data)
    GPS_Present                              0x200001ee   Data           1  mw.o(.data)
    batteryCellCount                         0x200001ef   Data           1  mw.o(.data)
    rssi                                     0x200001f0   Data           2  mw.o(.data)
    GPS_distanceToHome                       0x200001f2   Data           2  mw.o(.data)
    GPS_directionToHome                      0x200001f4   Data           2  mw.o(.data)
    GPS_altitude                             0x200001f6   Data           2  mw.o(.data)
    GPS_speed                                0x200001f8   Data           2  mw.o(.data)
    GPS_numCh                                0x200001fa   Data           1  mw.o(.data)
    accHardware                              0x20000204   Data           1  sensors.o(.data)
    calibratingA                             0x20000206   Data           2  sensors.o(.data)
    calibratingG                             0x20000208   Data           2  sensors.o(.data)
    acc_1G                                   0x2000020a   Data           2  sensors.o(.data)
    calibratingB                             0x20000248   Data           2  sensors.o(.data)
    heading                                  0x2000024a   Data           2  sensors.o(.data)
    magHold                                  0x2000024c   Data           2  sensors.o(.data)
    cliMode                                  0x20000252   Data           1  serial.o(.data)
    boxes                                    0x2000025c   Data         252  serial.o(.data)
    acc_samples                              0x20000375   Data           1  drv_adxl345.o(.data)
    uart2RxOnly                              0x20000524   Data           1  drv_uart.o(.data)
    uart3RxOnly                              0x20000525   Data           1  drv_uart.o(.data)
    rxDMAPos                                 0x20000528   Data           4  drv_uart.o(.data)
    txBufferTail                             0x2000052c   Data           4  drv_uart.o(.data)
    txBufferHead                             0x20000530   Data           4  drv_uart.o(.data)
    uart2Callback                            0x20000534   Data           4  drv_uart.o(.data)
    tx2BufferTail                            0x20000538   Data           4  drv_uart.o(.data)
    tx2BufferHead                            0x2000053c   Data           4  drv_uart.o(.data)
    uart3Callback                            0x20000540   Data           4  drv_uart.o(.data)
    tx3BufferTail                            0x20000544   Data           4  drv_uart.o(.data)
    tx3BufferHead                            0x20000548   Data           4  drv_uart.o(.data)
    SystemCoreClock                          0x2000054c   Data           4  system_stm32f4xx.o(.data)
    AHBPrescTable                            0x20000550   Data          16  system_stm32f4xx.o(.data)
    mcfg                                     0x200005a4   Data         768  config.o(.bss)
    cfg                                      0x200008a4   Data         160  config.o(.bss)
    EstG                                     0x20000b04   Data          12  imu.o(.bss)
    motor                                    0x20000b10   Data          24  mixer.o(.bss)
    f                                        0x20000c48   Data          16  mw.o(.bss)
    lookupPitchRollRC                        0x20000c58   Data          12  mw.o(.bss)
    lookupThrottleRC                         0x20000c64   Data          22  mw.o(.bss)
    rcOptions                                0x20000c7a   Data          20  mw.o(.bss)
    GPS_svinfo_chn                           0x20000c8e   Data          16  mw.o(.bss)
    GPS_svinfo_svid                          0x20000c9e   Data          16  mw.o(.bss)
    GPS_svinfo_quality                       0x20000cae   Data          16  mw.o(.bss)
    GPS_svinfo_cno                           0x20000cbe   Data          16  mw.o(.bss)
    acc                                      0x20000df0   Data          20  sensors.o(.bss)
    gyro                                     0x20000e04   Data          20  sensors.o(.bss)
    baro                                     0x20000e18   Data          24  sensors.o(.bss)
    spekFrame                                0x20000ea0   Data          16  spektrum.o(.bss)
    rxBuffer                                 0x200010b0   Data         512  drv_uart.o(.bss)
    txBuffer                                 0x200012b0   Data         512  drv_uart.o(.bss)
    tx2Buffer                                0x200014b0   Data         128  drv_uart.o(.bss)
    tx3Buffer                                0x20001530   Data         128  drv_uart.o(.bss)
    __initial_sp                             0x200019b0   Data           0  startup_stm32f4xx.o(STACK)



==============================================================================

Memory Map of the image

  Image Entry point : 0x08000189

  Load Region LR_IROM1 (Base: 0x08000000, Size: 0x0000e284, Max: 0x00100000, ABSOLUTE, COMPRESSED[0x0000de70])

    Execution Region ER_IROM1 (Base: 0x08000000, Size: 0x0000dd10, Max: 0x00100000, ABSOLUTE)

    Base Addr    Size         Type   Attr      Idx    E Section Name        Object

    0x08000000   0x00000188   Data   RO            3    RESET               startup_stm32f4xx.o
    0x08000188   0x00000000   Code   RO         1384  * .ARM.Collect$$$$00000000  mc_w.l(entry.o)
    0x08000188   0x00000004   Code   RO         1460    .ARM.Collect$$$$00000001  mc_w.l(entry2.o)
    0x0800018c   0x00000004   Code   RO         1463    .ARM.Collect$$$$00000004  mc_w.l(entry5.o)
    0x08000190   0x00000000   Code   RO         1465    .ARM.Collect$$$$00000008  mc_w.l(entry7b.o)
    0x08000190   0x00000008   Code   RO         1466    .ARM.Collect$$$$00000009  mc_w.l(entry8.o)
    0x08000198   0x00000004   Code   RO         1461    .ARM.Collect$$$$00002712  mc_w.l(entry2.o)
    0x0800019c   0x00000024   Code   RO            4    .text               startup_stm32f4xx.o
    0x080001c0   0x0000021c   Code   RO           11    .text               buzzer.o
    0x080003dc   0x0000145c   Code   RO          178    .text               cli.o
    0x08001838   0x0000057c   Code   RO          201    .text               config.o
    0x08001db4   0x00000fe8   Code   RO          227    .text               gps.o
    0x08002d9c   0x000007c4   Code   RO          255    .text               imu.o
    0x08003560   0x00000208   Code   RO          283    .text               main.o
    0x08003768   0x000005cc   Code   RO          300    .text               mixer.o
    0x08003d34   0x0000103c   Code   RO          338    .text               mw.o
    0x08004d70   0x00000280   Code   RO          379    .text               printf.o
    0x08004ff0   0x00000840   Code   RO          397    .text               sensors.o
    0x08005830   0x00000a40   Code   RO          425    .text               serial.o
    0x08006270   0x000000f4   Code   RO          449    .text               spektrum.o
    0x08006364   0x00000338   Code   RO          469    .text               telemetry.o
    0x0800669c   0x00000118   Code   RO          488    .text               drv_adc.o
    0x080067b4   0x00000164   Code   RO          509    .text               drv_adxl345.o
    0x08006918   0x0000010c   Code   RO          529    .text               drv_hcsr04.o
    0x08006a24   0x000002a0   Code   RO          551    .text               drv_hmc5883l.o
    0x08006cc4   0x0000052c   Code   RO          569    .text               drv_i2c.o
    0x080071f0   0x000000f8   Code   RO          597    .text               drv_l3g4200d.o
    0x080072e8   0x00000108   Code   RO          615    .text               drv_ledring.o
    0x080073f0   0x00000124   Code   RO          632    .text               drv_mma845x.o
    0x08007514   0x0000014c   Code   RO          651    .text               drv_mpu3050.o
    0x08007660   0x0000025c   Code   RO          669    .text               drv_mpu6000.o
    0x080078bc   0x00000278   Code   RO          688    .text               drv_ms5611.o
    0x08007b34   0x00000810   Code   RO          707    .text               drv_pwm.o
    0x08008344   0x0000021c   Code   RO          734    .text               drv_spi.o
    0x08008560   0x000001dc   Code   RO          750    .text               drv_system.o
    0x0800873c   0x000005a8   Code   RO          773    .text               drv_uart.o
    0x08008ce4   0x0000016c   Code   RO          794    .text               system_stm32f4xx.o
    0x08008e50   0x000000b0   Code   RO          816    .text               misc.o
    0x08008f00   0x00000354   Code   RO          832    .text               stm32f4xx_adc.o
    0x08009254   0x00000320   Code   RO          992    .text               stm32f4xx_dma.o
    0x08009574   0x000000ec   Code   RO         1008    .text               stm32f4xx_exti.o
    0x08009660   0x00000390   Code   RO         1024    .text               stm32f4xx_flash.o
    0x080099f0   0x000001e8   Code   RO         1057    .text               stm32f4xx_gpio.o
    0x08009bd8   0x00000324   Code   RO         1121    .text               stm32f4xx_i2c.o
    0x08009efc   0x000003d8   Code   RO         1169    .text               stm32f4xx_rcc.o
    0x0800a2d4   0x000002ec   Code   RO         1236    .text               stm32f4xx_spi.o
    0x0800a5c0   0x0000006c   Code   RO         1252    .text               stm32f4xx_syscfg.o
    0x0800a62c   0x00000954   Code   RO         1268    .text               stm32f4xx_tim.o
    0x0800af80   0x00000344   Code   RO         1285    .text               stm32f4xx_usart.o
    0x0800b2c4   0x00000008   Code   RO         1387    .text               mc_w.l(ctype_o.o)
    0x0800b2cc   0x0000000c   Code   RO         1415    .text               mc_w.l(toupper.o)
    0x0800b2d8   0x00000046   Code   RO         1417    .text               mc_w.l(bsearch.o)
    0x0800b31e   0x00000040   Code   RO         1421    .text               mc_w.l(memmovea.o)
    0x0800b35e   0x00000026   Code   RO         1423    .text               mc_w.l(memseta.o)
    0x0800b384   0x0000001c   Code   RO         1425    .text               mc_w.l(strcat.o)
    0x0800b3a0   0x0000002c   Code   RO         1427    .text               mc_w.l(strstr.o)
    0x0800b3cc   0x00000018   Code   RO         1429    .text               mc_w.l(strncpy.o)
    0x0800b3e4   0x00000012   Code   RO         1431    .text               mc_w.l(strchr.o)
    0x0800b3f6   0x00000010   Code   RO         1433    .text               mc_w.l(strlen.o)
    0x0800b406   0x00000032   Code   RO         1439    .text               mc_w.l(strncasecmp.o)
    0x0800b438   0x0000001a   Code   RO         1441    .text               mc_w.l(atoi.o)
    0x0800b452   0x0000014c   Code   RO         1443    .text               mf_w.l(dadd.o)
    0x0800b59e   0x000000e0   Code   RO         1445    .text               mf_w.l(dmul.o)
    0x0800b67e   0x000000de   Code   RO         1447    .text               mf_w.l(ddiv.o)
    0x0800b75c   0x00000022   Code   RO         1449    .text               mf_w.l(dflti.o)
    0x0800b77e   0x00000038   Code   RO         1451    .text               mf_w.l(d2f.o)
    0x0800b7b6   0x0000001e   Code   RO         1467    .text               mc_w.l(llshl.o)
    0x0800b7d4   0x00000024   Code   RO         1469    .text               mc_w.l(llsshr.o)
    0x0800b7f8   0x0000000c   Code   RO         1471    .text               mc_w.l(tolower.o)
    0x0800b804   0x00000070   Code   RO         1480    .text               mc_w.l(strtol.o)
    0x0800b874   0x00000000   Code   RO         1482    .text               mc_w.l(iusefp.o)
    0x0800b874   0x0000006c   Code   RO         1483    .text               mf_w.l(fepilogue.o)
    0x0800b8e0   0x000000be   Code   RO         1485    .text               mf_w.l(depilogue.o)
    0x0800b99e   0x00000002   PAD
    0x0800b9a0   0x00000024   Code   RO         1487    .text               mc_w.l(init.o)
    0x0800b9c4   0x00000020   Code   RO         1489    .text               mc_w.l(llushr.o)
    0x0800b9e4   0x0000009e   Code   RO         1491    .text               mc_w.l(_strtoul.o)
    0x0800ba82   0x0000001c   Code   RO         1493    .text               mc_w.l(_chval.o)
    0x0800ba9e   0x0000005c   Code   RO         1503    .text               mc_w.l(__dczerorl2.o)
    0x0800bafa   0x00000026   Code   RO         1453    i.__ARM_fpclassifyf  m_wm.l(fpclassifyf.o)
    0x0800bb20   0x00000008   Code   RO         1473    i.__aeabi_errno_addr  mc_w.l(errno.o)
    0x0800bb28   0x00000248   Code   RO         1316    i.__hardfp_atan2f   m_wm.l(atan2f.o)
    0x0800bd70   0x00000160   Code   RO         1328    i.__hardfp_cosf     m_wm.l(cosf.o)
    0x0800bed0   0x00000014   Code   RO         1340    i.__hardfp_fabs     m_wm.l(fabs.o)
    0x0800bee4   0x00000170   Code   RO         1346    i.__hardfp_logf     m_wm.l(logf.o)
    0x0800c054   0x00000178   Code   RO         1360    i.__hardfp_sinf     m_wm.l(sinf.o)
    0x0800c1cc   0x0000003a   Code   RO         1372    i.__hardfp_sqrtf    m_wm.l(sqrtf.o)
    0x0800c206   0x00000002   PAD
    0x0800c208   0x00000010   Code   RO         1455    i.__mathlib_flt_underflow  m_wm.l(funder.o)
    0x0800c218   0x00000140   Code   RO         1457    i.__mathlib_rredf2  m_wm.l(rredf.o)
    0x0800c358   0x0000000e   Code   RO         1497    i.__scatterload_copy  mc_w.l(handlers.o)
    0x0800c366   0x00000002   Code   RO         1498    i.__scatterload_null  mc_w.l(handlers.o)
    0x0800c368   0x0000000e   Code   RO         1499    i.__scatterload_zeroinit  mc_w.l(handlers.o)
    0x0800c376   0x00000002   PAD
    0x0800c378   0x0000000c   Code   RO         1475    i.__set_errno       mc_w.l(errno.o)
    0x0800c384   0x0000097c   Data   RO          180    .constdata          cli.o
    0x0800cd00   0x00000015   Data   RO          203    .constdata          config.o
    0x0800cd15   0x00000003   PAD
    0x0800cd18   0x000000c0   Data   RO          229    .constdata          gps.o
    0x0800cdd8   0x00000030   Data   RO          302    .constdata          mixer.o
    0x0800ce08   0x00000040   Data   RO          303    .constdata          mixer.o
    0x0800ce48   0x00000040   Data   RO          304    .constdata          mixer.o
    0x0800ce88   0x00000020   Data   RO          305    .constdata          mixer.o
    0x0800cea8   0x00000060   Data   RO          306    .constdata          mixer.o
    0x0800cf08   0x00000060   Data   RO          307    .constdata          mixer.o
    0x0800cf68   0x00000040   Data   RO          308    .constdata          mixer.o
    0x0800cfa8   0x00000060   Data   RO          309    .constdata          mixer.o
    0x0800d008   0x00000080   Data   RO          310    .constdata          mixer.o
    0x0800d088   0x00000080   Data   RO          311    .constdata          mixer.o
    0x0800d108   0x00000080   Data   RO          312    .constdata          mixer.o
    0x0800d188   0x00000040   Data   RO          313    .constdata          mixer.o
    0x0800d1c8   0x00000098   Data   RO          314    .constdata          mixer.o
    0x0800d260   0x00000030   Data   RO          428    .constdata          serial.o
    0x0800d290   0x0000000e   Data   RO          709    .constdata          drv_pwm.o
    0x0800d29e   0x00000015   Data   RO          710    .constdata          drv_pwm.o
    0x0800d2b3   0x0000000e   Data   RO          711    .constdata          drv_pwm.o
    0x0800d2c1   0x00000015   Data   RO          712    .constdata          drv_pwm.o
    0x0800d2d6   0x00000002   PAD
    0x0800d2d8   0x00000040   Data   RO         1349    .constdata          m_wm.l(logf.o)
    0x0800d318   0x00000081   Data   RO         1388    .constdata          mc_w.l(ctype_o.o)
    0x0800d399   0x00000003   PAD
    0x0800d39c   0x00000004   Data   RO         1389    .constdata          mc_w.l(ctype_o.o)
    0x0800d3a0   0x00000020   Data   RO         1458    .constdata          m_wm.l(rredf.o)
    0x0800d3c0   0x000007af   Data   RO          181    .conststring        cli.o
    0x0800db6f   0x000000da   Data   RO          230    .conststring        gps.o
    0x0800dc49   0x000000a4   Data   RO          429    .conststring        serial.o
    0x0800dced   0x00000003   PAD
    0x0800dcf0   0x00000020   Data   RO         1495    Region$$Table       anon$$obj.o


    Execution Region RW_IRAM1 (Base: 0x20000000, Size: 0x000019b0, Max: 0x00020000, ABSOLUTE, COMPRESSED[0x00000160])

    Base Addr    Size         Type   Attr      Idx    E Section Name        Object

    0x20000000   0x0000000c   Data   RW           12    .data               buzzer.o
    0x2000000c   0x00000004   Data   RW          182    .data               cli.o
    0x20000010   0x00000008   Data   RW          204    .data               config.o
    0x20000018   0x00000080   Data   RW          231    .data               gps.o
    0x20000098   0x00000076   Data   RW          257    .data               imu.o
    0x2000010e   0x00000002   PAD
    0x20000110   0x00000004   Data   RW          258    .data               imu.o
    0x20000114   0x00000006   Data   RW          259    .data               imu.o
    0x2000011a   0x00000002   Data   RW          260    .data               imu.o
    0x2000011c   0x00000012   Data   RW          315    .data               mixer.o
    0x2000012e   0x00000002   PAD
    0x20000130   0x000000b8   Data   RW          344    .data               mw.o
    0x200001e8   0x00000002   Data   RW          345    .data               mw.o
    0x200001ea   0x00000001   Data   RW          346    .data               mw.o
    0x200001eb   0x00000001   PAD
    0x200001ec   0x00000002   Data   RW          347    .data               mw.o
    0x200001ee   0x00000001   Data   RW          348    .data               mw.o
    0x200001ef   0x00000001   Data   RW          350    .data               mw.o
    0x200001f0   0x00000002   Data   RW          351    .data               mw.o
    0x200001f2   0x00000002   Data   RW          353    .data               mw.o
    0x200001f4   0x00000002   Data   RW          354    .data               mw.o
    0x200001f6   0x00000002   Data   RW          355    .data               mw.o
    0x200001f8   0x00000002   Data   RW          356    .data               mw.o
    0x200001fa   0x00000001   Data   RW          357    .data               mw.o
    0x200001fb   0x00000001   PAD
    0x200001fc   0x00000008   Data   RW          380    .data               printf.o
    0x20000204   0x00000044   Data   RW          399    .data               sensors.o
    0x20000248   0x00000002   Data   RW          400    .data               sensors.o
    0x2000024a   0x00000002   Data   RW          401    .data               sensors.o
    0x2000024c   0x00000002   Data   RW          402    .data               sensors.o
    0x2000024e   0x00000002   PAD
    0x20000250   0x00000108   Data   RW          430    .data               serial.o
    0x20000358   0x00000010   Data   RW          451    .data               spektrum.o
    0x20000368   0x00000008   Data   RW          470    .data               telemetry.o
    0x20000370   0x00000004   Data   RW          489    .data               drv_adc.o
    0x20000374   0x00000002   Data   RW          510    .data               drv_adxl345.o
    0x20000376   0x00000002   PAD
    0x20000378   0x00000018   Data   RW          530    .data               drv_hcsr04.o
    0x20000390   0x00000003   Data   RW          552    .data               drv_hmc5883l.o
    0x20000393   0x00000001   PAD
    0x20000394   0x00000018   Data   RW          570    .data               drv_i2c.o
    0x200003ac   0x00000001   Data   RW          598    .data               drv_l3g4200d.o
    0x200003ad   0x00000001   Data   RW          616    .data               drv_ledring.o
    0x200003ae   0x00000001   Data   RW          633    .data               drv_mma845x.o
    0x200003af   0x00000001   Data   RW          652    .data               drv_mpu3050.o
    0x200003b0   0x00000002   Data   RW          670    .data               drv_mpu6000.o
    0x200003b2   0x00000002   PAD
    0x200003b4   0x0000000c   Data   RW          690    .data               drv_ms5611.o
    0x200003c0   0x0000015c   Data   RW          713    .data               drv_pwm.o
    0x2000051c   0x00000008   Data   RW          751    .data               drv_system.o
    0x20000524   0x00000028   Data   RW          775    .data               drv_uart.o
    0x2000054c   0x00000014   Data   RW          795    .data               system_stm32f4xx.o
    0x20000560   0x00000010   Data   RW         1170    .data               stm32f4xx_rcc.o
    0x20000570   0x00000004   Data   RW         1476    .data               mc_w.l(errno.o)
    0x20000574   0x00000030   Zero   RW          179    .bss                cli.o
    0x200005a4   0x000003a0   Zero   RW          202    .bss                config.o
    0x20000944   0x000001a8   Zero   RW          228    .bss                gps.o
    0x20000aec   0x00000024   Zero   RW          256    .bss                imu.o
    0x20000b10   0x000000d8   Zero   RW          301    .bss                mixer.o
    0x20000be8   0x000000a6   Zero   RW          339    .bss                mw.o
    0x20000c8e   0x00000010   Zero   RW          340    .bss                mw.o
    0x20000c9e   0x00000010   Zero   RW          341    .bss                mw.o
    0x20000cae   0x00000010   Zero   RW          342    .bss                mw.o
    0x20000cbe   0x00000010   Zero   RW          343    .bss                mw.o
    0x20000cce   0x00000002   PAD
    0x20000cd0   0x00000160   Zero   RW          398    .bss                sensors.o
    0x20000e30   0x00000054   Zero   RW          426    .bss                serial.o
    0x20000e84   0x0000002c   Zero   RW          450    .bss                spektrum.o
    0x20000eb0   0x00000010   Zero   RW          689    .bss                drv_ms5611.o
    0x20000ec0   0x000001f0   Zero   RW          708    .bss                drv_pwm.o
    0x200010b0   0x00000500   Zero   RW          774    .bss                drv_uart.o
    0x200015b0   0x00000400   Zero   RW            1    STACK               startup_stm32f4xx.o


==============================================================================

Image component sizes


      Code (inc. data)   RO Data    RW Data    ZI Data      Debug   Object Name

       540         28          0         12          0     314801   buzzer.o
      5212       1540       4395          4         48      10569   cli.o
      1404         68         21          8        928      12561   config.o
       280         18          0          4          0       1500   drv_adc.o
       356         20          0          2          0       2379   drv_adxl345.o
       268          8          0         24          0      19958   drv_hcsr04.o
       672         34          0          3          0       2331   drv_hmc5883l.o
      1324         22          0         24          0       4441   drv_i2c.o
       248         20          0          1          0       1865   drv_l3g4200d.o
       264         18          0          1          0        918   drv_ledring.o
       292         26          0          1          0       2477   drv_mma845x.o
       332         26          0          1          0       2040   drv_mpu3050.o
       604         44          0          2          0       7745   drv_mpu6000.o
       632         34          0         12         16       3219   drv_ms5611.o
      2064         90         70        348        496       6810   drv_pwm.o
       540         20          0          0          0       1949   drv_spi.o
       476         48          0          8          0      20960   drv_system.o
      1448         58          0         40       1280       6270   drv_uart.o
      4072        352        410        128        424      13828   gps.o
      1988        102          0        130         36       5297   imu.o
       520         58          0          0          0       1065   main.o
       176         16          0          0          0       1905   misc.o
      1484         56       1160         18        216      10477   mixer.o
      4156        174          0        202        230      14864   mw.o
       640         10          0          8          0       4096   printf.o
      2112        138          0         74        352       6453   sensors.o
      2624        242        212        264         84       7020   serial.o
       244         20          0         16         44       2055   spektrum.o
        36          8        392          0       1024        764   startup_stm32f4xx.o
       852         30          0          0          0      10530   stm32f4xx_adc.o
       800         32          0          0          0       6885   stm32f4xx_dma.o
       236          8          0          0          0       2491   stm32f4xx_exti.o
       912         20          0          0          0       7423   stm32f4xx_flash.o
       488         36          0          0          0       4393   stm32f4xx_gpio.o
       804         20          0          0          0       8379   stm32f4xx_i2c.o
       984         42          0         16          0      11335   stm32f4xx_rcc.o
       748         22          0          0          0       7205   stm32f4xx_spi.o
       108         14          0          0          0       1715   stm32f4xx_syscfg.o
      2388         52          0          0          0      22890   stm32f4xx_tim.o
       836         26          0          0          0       8180   stm32f4xx_usart.o
       364         38          0         20          0       1919   system_stm32f4xx.o
       824         50          0          8          0       3673   telemetry.o

    ----------------------------------------------------------------------
     45352       3688       6700       1392       5180     587635   Object Totals
         0          0         32          0          0          0   (incl. Generated)
         0          0          8         13          2          0   (incl. Padding)

    ----------------------------------------------------------------------

      Code (inc. data)   RO Data    RW Data    ZI Data      Debug   Library Member Name

       584         98          0          0          0        176   atan2f.o
       352         66          0          0          0        140   cosf.o
        20          0          0          0          0        124   fabs.o
        38          0          0          0          0        116   fpclassifyf.o
        16          6          0          0          0        116   funder.o
       368         48         64          0          0        124   logf.o
       320         26         32          0          0        160   rredf.o
       376         62          0          0          0        160   sinf.o
        58          0          0          0          0        136   sqrtf.o
        92          0          0          0          0          0   __dczerorl2.o
        28          0          0          0          0         68   _chval.o
       158          0          0          0          0         92   _strtoul.o
        26          0          0          0          0         80   atoi.o
        70          0          0          0          0         92   bsearch.o
         8          4        133          0          0         68   ctype_o.o
         0          0          0          0          0          0   entry.o
         8          4          0          0          0          0   entry2.o
         4          0          0          0          0          0   entry5.o
         0          0          0          0          0          0   entry7b.o
         8          4          0          0          0          0   entry8.o
        20         10          0          4          0        136   errno.o
        30          0          0          0          0          0   handlers.o
        36          8          0          0          0         68   init.o
         0          0          0          0          0          0   iusefp.o
        30          0          0          0          0         68   llshl.o
        36          0          0          0          0         68   llsshr.o
        32          0          0          0          0         68   llushr.o
        64          0          0          0          0         76   memmovea.o
        38          0          0          0          0        108   memseta.o
        28          0          0          0          0         68   strcat.o
        18          0          0          0          0         68   strchr.o
        16          0          0          0          0         68   strlen.o
        50          0          0          0          0         84   strncasecmp.o
        24          0          0          0          0         76   strncpy.o
        44          0          0          0          0         80   strstr.o
       112          0          0          0          0         88   strtol.o
        12          0          0          0          0         68   tolower.o
        12          0          0          0          0         68   toupper.o
        56          0          0          0          0         88   d2f.o
       332          0          0          0          0        148   dadd.o
       222          0          0          0          0        100   ddiv.o
       190          0          0          0          0        176   depilogue.o
        34          0          0          0          0         76   dflti.o
       224          0          0          0          0         96   dmul.o
       108          0          0          0          0        168   fepilogue.o

    ----------------------------------------------------------------------
      4308        336        232          4          0       3764   Library Totals
         6          0          3          0          0          0   (incl. Padding)

    ----------------------------------------------------------------------

      Code (inc. data)   RO Data    RW Data    ZI Data      Debug   Library Name

      2132        306         96          0          0       1252   m_wm.l
      1004         30        133          4          0       1660   mc_w.l
      1166          0          0          0          0        852   mf_w.l

    ----------------------------------------------------------------------
      4308        336        232          4          0       3764   Library Totals

    ----------------------------------------------------------------------

==============================================================================


      Code (inc. data)   RO Data    RW Data    ZI Data      Debug   

     49660       4024       6932       1396       5180     578499   Grand Totals
     49660       4024       6932        352       5180     578499   ELF Image Totals (compressed)
     49660       4024       6932        352          0          0   ROM Totals

==============================================================================

    Total RO  Size (Code + RO Data)                56592 (  55.27kB)
    Total RW  Size (RW Data + ZI Data)              6576 (   6.42kB)
    Total ROM Size (Code + RO Data + RW Data)      56944 (  55.61kB)

==============================================================================

