<html>
<body>
<pre>
<h1>µVision Build Log</h1>
<h2>Project:</h2>
D:\MultirotorF4\MultirotorF4.uvproj
Project File Date:  04/10/2013

<h2>Output:</h2>
Build target 'MultirotorF4'
compiling main.c...
linking...
Program Size: Code=48086 RO-data=7178 RW-data=1132 ZI-data=4316  
FromELF: creating hex file...
".\build\MultirotorF4.axf" - 0 Error(s), 0 Warning(s).
Build target 'MultirotorF4'
compiling main.c...
linking...
Program Size: Code=48094 RO-data=7178 RW-data=1132 ZI-data=4316  
FromELF: creating hex file...
".\build\MultirotorF4.axf" - 0 Error(s), 0 Warning(s).
