ARM Linker, 4.1 [Build 894] [Standard]

==============================================================================

Section Cross References

    startup_stm32f4xx.o(RESET) refers to startup_stm32f4xx.o(STACK) for __initial_sp
    startup_stm32f4xx.o(RESET) refers to startup_stm32f4xx.o(.text) for Reset_Handler
    startup_stm32f4xx.o(RESET) refers to main.o(.text) for HardFault_Handler
    startup_stm32f4xx.o(RESET) refers to drv_system.o(.text) for SysTick_Handler
    startup_stm32f4xx.o(RESET) refers to drv_hcsr04.o(.text) for EXTI1_IRQHandler
    startup_stm32f4xx.o(RESET) refers to drv_pwm.o(.text) for TIM1_CC_IRQHandler
    startup_stm32f4xx.o(RESET) refers to drv_i2c.o(.text) for I2C1_EV_IRQHandler
    startup_stm32f4xx.o(RESET) refers to drv_uart.o(.text) for USART2_IRQHandler
    startup_stm32f4xx.o(RESET) refers to drv_bmp085.o(.text) for EXTI15_10_IRQHandler
    startup_stm32f4xx.o(.text) refers to system_stm32f4xx.o(.text) for SystemInit
    startup_stm32f4xx.o(.text) refers to entry.o(.ARM.Collect$$$$00000000) for __main
    system_stm32f4xx.o(.text) refers to system_stm32f4xx.o(.data) for SystemCoreClock
    stm32f4xx_adc.o(.text) refers to stm32f4xx_rcc.o(.text) for RCC_APB2PeriphResetCmd
    stm32f4xx_can.o(.text) refers to stm32f4xx_rcc.o(.text) for RCC_APB1PeriphResetCmd
    stm32f4xx_can.o(.text) refers to stm32f4xx_can.o(.text) for CheckITStatus
    stm32f4xx_cryp.o(.text) refers to stm32f4xx_rcc.o(.text) for RCC_AHB2PeriphResetCmd
    stm32f4xx_cryp_aes.o(.text) refers to stm32f4xx_cryp.o(.text) for CRYP_KeyStructInit
    stm32f4xx_cryp_aes.o(.text) refers to stm32f4xx_cryp.o(.text) for CRYP_FIFOFlush
    stm32f4xx_cryp_aes.o(.text) refers to stm32f4xx_cryp.o(.text) for CRYP_Init
    stm32f4xx_cryp_aes.o(.text) refers to stm32f4xx_cryp.o(.text) for CRYP_KeyInit
    stm32f4xx_cryp_aes.o(.text) refers to stm32f4xx_cryp.o(.text) for CRYP_Cmd
    stm32f4xx_cryp_aes.o(.text) refers to stm32f4xx_cryp.o(.text) for CRYP_GetFlagStatus
    stm32f4xx_cryp_aes.o(.text) refers to stm32f4xx_cryp.o(.text) for CRYP_DataIn
    stm32f4xx_cryp_aes.o(.text) refers to stm32f4xx_cryp.o(.text) for CRYP_DataOut
    stm32f4xx_cryp_aes.o(.text) refers to stm32f4xx_cryp.o(.text) for CRYP_KeyStructInit
    stm32f4xx_cryp_aes.o(.text) refers to stm32f4xx_cryp.o(.text) for CRYP_FIFOFlush
    stm32f4xx_cryp_aes.o(.text) refers to stm32f4xx_cryp.o(.text) for CRYP_Init
    stm32f4xx_cryp_aes.o(.text) refers to stm32f4xx_cryp.o(.text) for CRYP_KeyInit
    stm32f4xx_cryp_aes.o(.text) refers to stm32f4xx_cryp.o(.text) for CRYP_Cmd
    stm32f4xx_cryp_aes.o(.text) refers to stm32f4xx_cryp.o(.text) for CRYP_GetFlagStatus
    stm32f4xx_cryp_aes.o(.text) refers to stm32f4xx_cryp.o(.text) for CRYP_IVInit
    stm32f4xx_cryp_aes.o(.text) refers to stm32f4xx_cryp.o(.text) for CRYP_DataIn
    stm32f4xx_cryp_aes.o(.text) refers to stm32f4xx_cryp.o(.text) for CRYP_DataOut
    stm32f4xx_cryp_aes.o(.text) refers to stm32f4xx_cryp.o(.text) for CRYP_KeyStructInit
    stm32f4xx_cryp_aes.o(.text) refers to stm32f4xx_cryp.o(.text) for CRYP_KeyInit
    stm32f4xx_cryp_aes.o(.text) refers to stm32f4xx_cryp.o(.text) for CRYP_Init
    stm32f4xx_cryp_aes.o(.text) refers to stm32f4xx_cryp.o(.text) for CRYP_IVInit
    stm32f4xx_cryp_aes.o(.text) refers to stm32f4xx_cryp.o(.text) for CRYP_FIFOFlush
    stm32f4xx_cryp_aes.o(.text) refers to stm32f4xx_cryp.o(.text) for CRYP_Cmd
    stm32f4xx_cryp_aes.o(.text) refers to stm32f4xx_cryp.o(.text) for CRYP_DataIn
    stm32f4xx_cryp_aes.o(.text) refers to stm32f4xx_cryp.o(.text) for CRYP_GetFlagStatus
    stm32f4xx_cryp_aes.o(.text) refers to stm32f4xx_cryp.o(.text) for CRYP_DataOut
    stm32f4xx_cryp_des.o(.text) refers to stm32f4xx_cryp.o(.text) for CRYP_KeyStructInit
    stm32f4xx_cryp_des.o(.text) refers to stm32f4xx_cryp.o(.text) for CRYP_Init
    stm32f4xx_cryp_des.o(.text) refers to stm32f4xx_cryp.o(.text) for CRYP_KeyInit
    stm32f4xx_cryp_des.o(.text) refers to stm32f4xx_cryp.o(.text) for CRYP_FIFOFlush
    stm32f4xx_cryp_des.o(.text) refers to stm32f4xx_cryp.o(.text) for CRYP_Cmd
    stm32f4xx_cryp_des.o(.text) refers to stm32f4xx_cryp.o(.text) for CRYP_DataIn
    stm32f4xx_cryp_des.o(.text) refers to stm32f4xx_cryp.o(.text) for CRYP_GetFlagStatus
    stm32f4xx_cryp_des.o(.text) refers to stm32f4xx_cryp.o(.text) for CRYP_DataOut
    stm32f4xx_cryp_des.o(.text) refers to stm32f4xx_cryp.o(.text) for CRYP_KeyStructInit
    stm32f4xx_cryp_des.o(.text) refers to stm32f4xx_cryp.o(.text) for CRYP_Init
    stm32f4xx_cryp_des.o(.text) refers to stm32f4xx_cryp.o(.text) for CRYP_KeyInit
    stm32f4xx_cryp_des.o(.text) refers to stm32f4xx_cryp.o(.text) for CRYP_IVInit
    stm32f4xx_cryp_des.o(.text) refers to stm32f4xx_cryp.o(.text) for CRYP_FIFOFlush
    stm32f4xx_cryp_des.o(.text) refers to stm32f4xx_cryp.o(.text) for CRYP_Cmd
    stm32f4xx_cryp_des.o(.text) refers to stm32f4xx_cryp.o(.text) for CRYP_DataIn
    stm32f4xx_cryp_des.o(.text) refers to stm32f4xx_cryp.o(.text) for CRYP_GetFlagStatus
[...]
    writing                                  0x20000060   Data           1  drv_i2c.o(.data)
    reading                                  0x20000061   Data           1  drv_i2c.o(.data)
    write_p                                  0x20000064   Data           4  drv_i2c.o(.data)
    read_p                                   0x20000068   Data           4  drv_i2c.o(.data)
    .data                                    0x2000006c   Section        1  drv_l3g4200d.o(.data)
    mpuLowPassFilter                         0x2000006c   Data           1  drv_l3g4200d.o(.data)
    .data                                    0x2000006d   Section        1  drv_ledring.o(.data)
    state                                    0x2000006d   Data           1  drv_ledring.o(.data)
    .data                                    0x2000006e   Section        1  drv_mma845x.o(.data)
    device_id                                0x2000006e   Data           1  drv_mma845x.o(.data)
    .data                                    0x2000006f   Section        1  drv_mpu3050.o(.data)
    mpuLowPassFilter                         0x2000006f   Data           1  drv_mpu3050.o(.data)
    .data                                    0x20000070   Section        1  drv_mpu6050.o(.data)
    mpuAccelHalf                             0x20000070   Data           1  drv_mpu6050.o(.data)
    .data                                    0x20000074   Section       12  drv_ms5611.o(.data)
    ms5611_osr                               0x20000074   Data           1  drv_ms5611.o(.data)
    ms5611_ut                                0x20000078   Data           4  drv_ms5611.o(.data)
    ms5611_up                                0x2000007c   Data           4  drv_ms5611.o(.data)
    .data                                    0x20000080   Section      345  drv_pwm.o(.data)
    timerHardware                            0x20000080   Data         320  drv_pwm.o(.data)
    numMotors                                0x200001c0   Data           1  drv_pwm.o(.data)
    numServos                                0x200001c1   Data           1  drv_pwm.o(.data)
    numInputs                                0x200001c2   Data           1  drv_pwm.o(.data)
    hardwareMaps                             0x200001c4   Data          16  drv_pwm.o(.data)
    now                                      0x200001d4   Data           2  drv_pwm.o(.data)
    last                                     0x200001d6   Data           2  drv_pwm.o(.data)
    chan                                     0x200001d8   Data           1  drv_pwm.o(.data)
    .data                                    0x200001dc   Section        8  drv_system.o(.data)
    usTicks                                  0x200001dc   Data           4  drv_system.o(.data)
    sysTickUptime                            0x200001e0   Data           4  drv_system.o(.data)
    .data                                    0x200001e4   Section       41  drv_uart.o(.data)
    .data                                    0x20000210   Section       12  buzzer.o(.data)
    buzzerIsOn                               0x20000210   Data           1  buzzer.o(.data)
    beepDone                                 0x20000211   Data           1  buzzer.o(.data)
    beeperOnBox                              0x20000212   Data           1  buzzer.o(.data)
    warn_noGPSfix                            0x20000213   Data           1  buzzer.o(.data)
    warn_failsafe                            0x20000214   Data           1  buzzer.o(.data)
    warn_runtime                             0x20000215   Data           1  buzzer.o(.data)
    icnt                                     0x20000216   Data           1  buzzer.o(.data)
    buzzerLastToggleTime                     0x20000218   Data           4  buzzer.o(.data)
    .data                                    0x2000021c   Section        4  cli.o(.data)
    bufferIndex                              0x2000021c   Data           4  cli.o(.data)
    .data                                    0x20000220   Section        8  config.o(.data)
    EEPROM_CONF_VERSION                      0x20000220   Data           1  config.o(.data)
    enabledSensors                           0x20000224   Data           4  config.o(.data)
    .data                                    0x20000228   Section      139  gps.o(.data)
    actual_speed                             0x20000228   Data           4  gps.o(.data)
    GPS_filter_index                         0x2000022c   Data           1  gps.o(.data)
    nav_loopTimer                            0x20000230   Data           4  gps.o(.data)
    speed_old                                0x20000234   Data           4  gps.o(.data)
    last                                     0x20000238   Data           8  gps.o(.data)
    init                                     0x20000240   Data           1  gps.o(.data)
    param                                    0x20000241   Data           1  gps.o(.data)
    offset                                   0x20000242   Data           1  gps.o(.data)
    parity                                   0x20000243   Data           1  gps.o(.data)
    checksum_param                           0x20000244   Data           1  gps.o(.data)
    frame                                    0x20000245   Data           1  gps.o(.data)
    dTnav                                    0x20000248   Data           4  gps.o(.data)
    GPS_scaleLonDown                         0x2000024c   Data           4  gps.o(.data)
    rate_error                               0x20000250   Data           4  gps.o(.data)
    error                                    0x20000254   Data           8  gps.o(.data)
    GPS_WP                                   0x2000025c   Data           8  gps.o(.data)
    target_bearing                           0x20000264   Data           4  gps.o(.data)
    original_target_bearing                  0x20000268   Data           4  gps.o(.data)
    crosstrack_error                         0x2000026c   Data           2  gps.o(.data)
    wp_distance                              0x20000270   Data           4  gps.o(.data)
    waypoint_speed_gov                       0x20000274   Data           2  gps.o(.data)
    GPS_filter_sum                           0x20000278   Data           8  gps.o(.data)
    GPS_read                                 0x20000280   Data           8  gps.o(.data)
    GPS_filtered                             0x20000288   Data           8  gps.o(.data)
    GPS_degree                               0x20000290   Data           8  gps.o(.data)
    fraction3                                0x20000298   Data           4  gps.o(.data)
    nav_bearing                              0x2000029c   Data           4  gps.o(.data)
    nav_takeoff_bearing                      0x200002a0   Data           2  gps.o(.data)
    _ck_a                                    0x200002a5   Data           1  gps.o(.data)
    _ck_b                                    0x200002a6   Data           1  gps.o(.data)
    _step                                    0x200002a7   Data           1  gps.o(.data)
    _msg_id                                  0x200002a8   Data           1  gps.o(.data)
    _payload_length                          0x200002aa   Data           2  gps.o(.data)
    _payload_counter                         0x200002ac   Data           2  gps.o(.data)
    next_fix                                 0x200002ae   Data           1  gps.o(.data)
    _class                                   0x200002af   Data           1  gps.o(.data)
    _new_position                            0x200002b0   Data           1  gps.o(.data)
    _new_speed                               0x200002b1   Data           1  gps.o(.data)
    _disable_counter                         0x200002b2   Data           1  gps.o(.data)
    .data                                    0x200002b4   Section      124  imu.o(.data)
    gyroADCprevious                          0x200002d0   Data           6  imu.o(.data)
    timeInterleave                           0x200002d8   Data           4  imu.o(.data)
    gyroYawSmooth                            0x200002dc   Data           2  imu.o(.data)
    Smoothing                                0x200002de   Data           3  imu.o(.data)
    gyroSmooth                               0x200002e2   Data           6  imu.o(.data)
    previousT                                0x200002e8   Data           4  imu.o(.data)
    deadLine                                 0x200002ec   Data           4  imu.o(.data)
    baroHistIdx                              0x200002f0   Data           1  imu.o(.data)
    baroHigh                                 0x200002f4   Data           4  imu.o(.data)
    vel                                      0x200002f8   Data           4  imu.o(.data)
    lastBaroAlt                              0x200002fc   Data           4  imu.o(.data)
    _lastTime                                0x20000300   Data           4  imu.o(.data)
    .data                                    0x20000330   Section       16  kalmanfilterfrontend.o(.data)
    _init                                    0x20000330   Data           4  kalmanfilterfrontend.o(.data)
    _lastTime                                0x20000334   Data           4  kalmanfilterfrontend.o(.data)
    _init                                    0x20000338   Data           4  kalmanfilterfrontend.o(.data)
    _lastTime                                0x2000033c   Data           4  kalmanfilterfrontend.o(.data)
    .data                                    0x20000340   Section       18  mixer.o(.data)
    numberMotor                              0x20000340   Data           1  mixer.o(.data)
    .data                                    0x20000354   Section      210  mw.o(.data)
    calibratedAccTime                        0x20000394   Data           4  mw.o(.data)
    buzzerFreq                               0x20000398   Data           1  mw.o(.data)
    vbatTimer                                0x20000399   Data           1  mw.o(.data)
    ind                                      0x2000039a   Data           1  mw.o(.data)
    LEDTime                                  0x2000039c   Data           4  mw.o(.data)
    GPSLEDTime                               0x200003a0   Data           4  mw.o(.data)
    rc4ValuesIndex                           0x200003a4   Data           1  mw.o(.data)
    rcDelayCommand                           0x200003a5   Data           1  mw.o(.data)
    lastGyro                                 0x200003a6   Data           6  mw.o(.data)
    delta1                                   0x200003ac   Data           6  mw.o(.data)
    delta2                                   0x200003b2   Data           6  mw.o(.data)
    errorGyroI                               0x200003b8   Data           6  mw.o(.data)
    errorAngleI                              0x200003be   Data           4  mw.o(.data)
    rcTime                                   0x200003c4   Data           4  mw.o(.data)
    initialThrottleHold                      0x200003c8   Data           2  mw.o(.data)
    loopTime                                 0x200003cc   Data           4  mw.o(.data)
    taskOrder                                0x200003d0   Data           1  mw.o(.data)
    .data                                    0x20000428   Section        8  printf.o(.data)
    stdout_putf                              0x20000428   Data           4  printf.o(.data)
    stdout_putp                              0x2000042c   Data           4  printf.o(.data)
    .data                                    0x20000430   Section       68  sensors.o(.data)
    magCal                                   0x20000438   Data          12  sensors.o(.data)
    magInit                                  0x20000444   Data           1  sensors.o(.data)
    accZero_saved                            0x20000446   Data           6  sensors.o(.data)
    angleTrim_saved                          0x2000044c   Data           4  sensors.o(.data)
    baroDeadline                             0x20000450   Data           4  sensors.o(.data)
    state                                    0x20000454   Data           1  sensors.o(.data)
    previousGyroADC                          0x20000456   Data           6  sensors.o(.data)
    t                                        0x2000045c   Data           4  sensors.o(.data)
    tCal                                     0x20000460   Data           4  sensors.o(.data)
    magZeroTempMin                           0x20000464   Data           6  sensors.o(.data)
    magZeroTempMax                           0x2000046a   Data           6  sensors.o(.data)
    .data                                    0x20000474   Section       10  serial.o(.data)
    guiConnected                             0x20000474   Data           1  serial.o(.data)
    t                                        0x20000476   Data           1  serial.o(.data)
    t                                        0x20000477   Data           1  serial.o(.data)
    offset                                   0x20000478   Data           1  serial.o(.data)
    dataSize                                 0x20000479   Data           1  serial.o(.data)
    c_state                                  0x2000047a   Data           1  serial.o(.data)
    checksum                                 0x2000047b   Data           1  serial.o(.data)
    indRX                                    0x2000047c   Data           1  serial.o(.data)
    cmdMSP                                   0x2000047d   Data           1  serial.o(.data)
    .data                                    0x20000480   Section       15  spektrum.o(.data)
    rcFrameComplete                          0x20000480   Data           1  spektrum.o(.data)
    spekDataIncoming                         0x20000481   Data           1  spektrum.o(.data)
    spekTimeLast                             0x20000484   Data           4  spektrum.o(.data)
    spekTimeInterval                         0x20000488   Data           4  spektrum.o(.data)
    spekFramePosition                        0x2000048c   Data           1  spektrum.o(.data)
    spek_chan_shift                          0x2000048d   Data           1  spektrum.o(.data)
    spek_chan_mask                           0x2000048e   Data           1  spektrum.o(.data)
    .data                                    0x20000490   Section       12  telemetry.o(.data)
    telemetryEnabled                         0x20000490   Data           1  telemetry.o(.data)
    lastCycleTime                            0x20000494   Data           4  telemetry.o(.data)
    cycleNum                                 0x20000498   Data           1  telemetry.o(.data)
    currentCell                              0x2000049a   Data           2  telemetry.o(.data)
    .data                                    0x2000049c   Section        4  errno.o(.data)
    _errno                                   0x2000049c   Data           4  errno.o(.data)
    .bss                                     0x200004a0   Section       36  drv_bmp085.o(.bss)
    bmp085                                   0x200004a0   Data          36  drv_bmp085.o(.bss)
    .bss                                     0x200004c4   Section       16  drv_ms5611.o(.bss)
    ms5611_c                                 0x200004c4   Data          16  drv_ms5611.o(.bss)
    .bss                                     0x200004d4   Section      496  drv_pwm.o(.bss)
    pwmPorts                                 0x200004d4   Data         400  drv_pwm.o(.bss)
    captures                                 0x20000664   Data          16  drv_pwm.o(.bss)
    motors                                   0x20000674   Data          48  drv_pwm.o(.bss)
    servos                                   0x200006a4   Data          32  drv_pwm.o(.bss)
    .bss                                     0x200006c4   Section      768  drv_uart.o(.bss)
    .bss                                     0x200009c4   Section       48  cli.o(.bss)
    cliBuffer                                0x200009c4   Data          48  cli.o(.bss)
    .bss                                     0x200009f4   Section      476  config.o(.bss)
    .bss                                     0x20000bd0   Section      288  gps.o(.bss)
    string                                   0x20000bd0   Data          15  gps.o(.bss)
    posholdPID_PARAM                         0x20000be0   Data          16  gps.o(.bss)
    poshold_ratePID_PARAM                    0x20000bf0   Data          16  gps.o(.bss)
    navPID_PARAM                             0x20000c00   Data          16  gps.o(.bss)
    posholdPID                               0x20000c10   Data          40  gps.o(.bss)
    poshold_ratePID                          0x20000c38   Data          40  gps.o(.bss)
    navPID                                   0x20000c60   Data          40  gps.o(.bss)
    GPS_filter                               0x20000c88   Data          40  gps.o(.bss)
    _buffer                                  0x20000cb0   Data          64  gps.o(.bss)
    .bss                                     0x20000cf0   Section      144  imu.o(.bss)
    EstM                                     0x20000cf0   Data          12  imu.o(.bss)
    accLPF                                   0x20000cfc   Data          12  imu.o(.bss)
    baroHistTab                              0x20000d08   Data          96  imu.o(.bss)
    .bss                                     0x20000d80   Section      312  kalmanfilterfrontend.o(.bss)
    .bss                                     0x20000eb8   Section      216  mixer.o(.bss)
    currentMixer                             0x20000ed0   Data         192  mixer.o(.bss)
    .bss                                     0x20000f90   Section      173  mw.o(.bss)
    vbatRawArray                             0x20000f90   Data          16  mw.o(.bss)
    rcData4Values                            0x20000fa0   Data          64  mw.o(.bss)
    rcDataMean                               0x20000fe0   Data          16  mw.o(.bss)
    lastDTerm                                0x20000ff0   Data          12  mw.o(.bss)
    .bss                                     0x20001040   Section      156  sensors.o(.bss)
    a                                        0x20001040   Data          12  sensors.o(.bss)
    b                                        0x2000104c   Data          12  sensors.o(.bss)
    g                                        0x20001058   Data          12  sensors.o(.bss)
    var                                      0x20001064   Data          60  sensors.o(.bss)
    .bss                                     0x200010dc   Section       64  serial.o(.bss)
    inBuf                                    0x200010dc   Data          64  serial.o(.bss)
    .bss                                     0x2000111c   Section       84  simpleintegrator.o(.bss)
    nullValueCounter                         0x2000111c   Data          12  simpleintegrator.o(.bss)
    .bss                                     0x20001170   Section       44  spektrum.o(.bss)
    spekChannelData                          0x20001170   Data          28  spektrum.o(.bss)
    STACK                                    0x200011a0   Section     1024  startup_stm32f4xx.o(STACK)

    Global Symbols

    Symbol Name                              Value     Ov Type        Size  Object(Section)

    BuildAttributes$$THM_ISAv4$E$P$D$K$B$S$7EM$VFPi3$EXTD16$VFPS$VFMA$PE$A:L22UL41UL21$X:L11$S22US41US21$IEEE1$IW$USESV6$~STKCKD$USESV7$~SHL$OTIME$ROPI$IEEEX$EBA8$MICROLIB$REQ8$PRES8$EABIv2 0x00000000   Number         0  anon$$obj.o ABSOLUTE
    __ARM_use_no_argv                        0x00000000   Number         0  main.o ABSOLUTE
    _clock_init                               - Undefined Weak Reference
    __Vectors_Size                           0x00000188   Number         0  startup_stm32f4xx.o ABSOLUTE
    __Vectors                                0x08000000   Data           4  startup_stm32f4xx.o(RESET)
    __Vectors_End                            0x08000188   Data           0  startup_stm32f4xx.o(RESET)
    __main                                   0x08000189   Thumb Code     0  entry.o(.ARM.Collect$$$$00000000)
    _main_stk                                0x08000189   Thumb Code     0  entry2.o(.ARM.Collect$$$$00000001)
    _main_scatterload                        0x0800018d   Thumb Code     0  entry5.o(.ARM.Collect$$$$00000004)
    __main_after_scatterload                 0x08000191   Thumb Code     0  entry5.o(.ARM.Collect$$$$00000004)
    _main_clock                              0x08000191   Thumb Code     0  entry7b.o(.ARM.Collect$$$$00000008)
    _main_init                               0x08000191   Thumb Code     0  entry8.o(.ARM.Collect$$$$00000009)
    Reset_Handler                            0x0800019d   Thumb Code     8  startup_stm32f4xx.o(.text)
    NMI_Handler                              0x080001a5   Thumb Code     2  startup_stm32f4xx.o(.text)
    MemManage_Handler                        0x080001a9   Thumb Code     2  startup_stm32f4xx.o(.text)
    BusFault_Handler                         0x080001ab   Thumb Code     2  startup_stm32f4xx.o(.text)
    UsageFault_Handler                       0x080001ad   Thumb Code     2  startup_stm32f4xx.o(.text)
    SVC_Handler                              0x080001af   Thumb Code     2  startup_stm32f4xx.o(.text)
    DebugMon_Handler                         0x080001b1   Thumb Code     2  startup_stm32f4xx.o(.text)
    PendSV_Handler                           0x080001b3   Thumb Code     2  startup_stm32f4xx.o(.text)
    ADC_IRQHandler                           0x080001b7   Thumb Code     0  startup_stm32f4xx.o(.text)
    CAN1_RX0_IRQHandler                      0x080001b7   Thumb Code     0  startup_stm32f4xx.o(.text)
    CAN1_RX1_IRQHandler                      0x080001b7   Thumb Code     0  startup_stm32f4xx.o(.text)
    CAN1_SCE_IRQHandler                      0x080001b7   Thumb Code     0  startup_stm32f4xx.o(.text)
    CAN1_TX_IRQHandler                       0x080001b7   Thumb Code     0  startup_stm32f4xx.o(.text)
    CAN2_RX0_IRQHandler                      0x080001b7   Thumb Code     0  startup_stm32f4xx.o(.text)
    CAN2_RX1_IRQHandler                      0x080001b7   Thumb Code     0  startup_stm32f4xx.o(.text)
    CAN2_SCE_IRQHandler                      0x080001b7   Thumb Code     0  startup_stm32f4xx.o(.text)
    CAN2_TX_IRQHandler                       0x080001b7   Thumb Code     0  startup_stm32f4xx.o(.text)
    CRYP_IRQHandler                          0x080001b7   Thumb Code     0  startup_stm32f4xx.o(.text)
    DCMI_IRQHandler                          0x080001b7   Thumb Code     0  startup_stm32f4xx.o(.text)
    DMA1_Stream0_IRQHandler                  0x080001b7   Thumb Code     0  startup_stm32f4xx.o(.text)
    DMA1_Stream1_IRQHandler                  0x080001b7   Thumb Code     0  startup_stm32f4xx.o(.text)
    DMA1_Stream2_IRQHandler                  0x080001b7   Thumb Code     0  startup_stm32f4xx.o(.text)
    DMA1_Stream3_IRQHandler                  0x080001b7   Thumb Code     0  startup_stm32f4xx.o(.text)
    DMA1_Stream4_IRQHandler                  0x080001b7   Thumb Code     0  startup_stm32f4xx.o(.text)
    DMA1_Stream5_IRQHandler                  0x080001b7   Thumb Code     0  startup_stm32f4xx.o(.text)
    DMA1_Stream6_IRQHandler                  0x080001b7   Thumb Code     0  startup_stm32f4xx.o(.text)
    DMA1_Stream7_IRQHandler                  0x080001b7   Thumb Code     0  startup_stm32f4xx.o(.text)
    DMA2_Stream0_IRQHandler                  0x080001b7   Thumb Code     0  startup_stm32f4xx.o(.text)
    DMA2_Stream1_IRQHandler                  0x080001b7   Thumb Code     0  startup_stm32f4xx.o(.text)
    DMA2_Stream2_IRQHandler                  0x080001b7   Thumb Code     0  startup_stm32f4xx.o(.text)
    DMA2_Stream3_IRQHandler                  0x080001b7   Thumb Code     0  startup_stm32f4xx.o(.text)
    DMA2_Stream4_IRQHandler                  0x080001b7   Thumb Code     0  startup_stm32f4xx.o(.text)
    DMA2_Stream5_IRQHandler                  0x080001b7   Thumb Code     0  startup_stm32f4xx.o(.text)
    DMA2_Stream6_IRQHandler                  0x080001b7   Thumb Code     0  startup_stm32f4xx.o(.text)
    DMA2_Stream7_IRQHandler                  0x080001b7   Thumb Code     0  startup_stm32f4xx.o(.text)
    ETH_IRQHandler                           0x080001b7   Thumb Code     0  startup_stm32f4xx.o(.text)
    ETH_WKUP_IRQHandler                      0x080001b7   Thumb Code     0  startup_stm32f4xx.o(.text)
    EXTI0_IRQHandler                         0x080001b7   Thumb Code     0  startup_stm32f4xx.o(.text)
    EXTI2_IRQHandler                         0x080001b7   Thumb Code     0  startup_stm32f4xx.o(.text)
    EXTI3_IRQHandler                         0x080001b7   Thumb Code     0  startup_stm32f4xx.o(.text)
    EXTI4_IRQHandler                         0x080001b7   Thumb Code     0  startup_stm32f4xx.o(.text)
    FLASH_IRQHandler                         0x080001b7   Thumb Code     0  startup_stm32f4xx.o(.text)
    FPU_IRQHandler                           0x080001b7   Thumb Code     0  startup_stm32f4xx.o(.text)
    FSMC_IRQHandler                          0x080001b7   Thumb Code     0  startup_stm32f4xx.o(.text)
    HASH_RNG_IRQHandler                      0x080001b7   Thumb Code     0  startup_stm32f4xx.o(.text)
    I2C3_ER_IRQHandler                       0x080001b7   Thumb Code     0  startup_stm32f4xx.o(.text)
    I2C3_EV_IRQHandler                       0x080001b7   Thumb Code     0  startup_stm32f4xx.o(.text)
    OTG_FS_IRQHandler                        0x080001b7   Thumb Code     0  startup_stm32f4xx.o(.text)
    OTG_FS_WKUP_IRQHandler                   0x080001b7   Thumb Code     0  startup_stm32f4xx.o(.text)
    OTG_HS_EP1_IN_IRQHandler                 0x080001b7   Thumb Code     0  startup_stm32f4xx.o(.text)
    OTG_HS_EP1_OUT_IRQHandler                0x080001b7   Thumb Code     0  startup_stm32f4xx.o(.text)
    OTG_HS_IRQHandler                        0x080001b7   Thumb Code     0  startup_stm32f4xx.o(.text)
    OTG_HS_WKUP_IRQHandler                   0x080001b7   Thumb Code     0  startup_stm32f4xx.o(.text)
    PVD_IRQHandler                           0x080001b7   Thumb Code     0  startup_stm32f4xx.o(.text)
    RCC_IRQHandler                           0x080001b7   Thumb Code     0  startup_stm32f4xx.o(.text)
    RTC_Alarm_IRQHandler                     0x080001b7   Thumb Code     0  startup_stm32f4xx.o(.text)
    RTC_WKUP_IRQHandler                      0x080001b7   Thumb Code     0  startup_stm32f4xx.o(.text)
    SDIO_IRQHandler                          0x080001b7   Thumb Code     0  startup_stm32f4xx.o(.text)
    SPI1_IRQHandler                          0x080001b7   Thumb Code     0  startup_stm32f4xx.o(.text)
    SPI2_IRQHandler                          0x080001b7   Thumb Code     0  startup_stm32f4xx.o(.text)
    SPI3_IRQHandler                          0x080001b7   Thumb Code     0  startup_stm32f4xx.o(.text)
    TAMP_STAMP_IRQHandler                    0x080001b7   Thumb Code     0  startup_stm32f4xx.o(.text)
    TIM1_BRK_TIM9_IRQHandler                 0x080001b7   Thumb Code     0  startup_stm32f4xx.o(.text)
    TIM1_TRG_COM_TIM11_IRQHandler            0x080001b7   Thumb Code     0  startup_stm32f4xx.o(.text)
    TIM1_UP_TIM10_IRQHandler                 0x080001b7   Thumb Code     0  startup_stm32f4xx.o(.text)
    TIM6_DAC_IRQHandler                      0x080001b7   Thumb Code     0  startup_stm32f4xx.o(.text)
    TIM7_IRQHandler                          0x080001b7   Thumb Code     0  startup_stm32f4xx.o(.text)
    TIM8_BRK_TIM12_IRQHandler                0x080001b7   Thumb Code     0  startup_stm32f4xx.o(.text)
    TIM8_TRG_COM_TIM14_IRQHandler            0x080001b7   Thumb Code     0  startup_stm32f4xx.o(.text)
    TIM8_UP_TIM13_IRQHandler                 0x080001b7   Thumb Code     0  startup_stm32f4xx.o(.text)
    UART4_IRQHandler                         0x080001b7   Thumb Code     0  startup_stm32f4xx.o(.text)
    UART5_IRQHandler                         0x080001b7   Thumb Code     0  startup_stm32f4xx.o(.text)
    USART1_IRQHandler                        0x080001b7   Thumb Code     0  startup_stm32f4xx.o(.text)
    USART6_IRQHandler                        0x080001b7   Thumb Code     0  startup_stm32f4xx.o(.text)
    WWDG_IRQHandler                          0x080001b7   Thumb Code     0  startup_stm32f4xx.o(.text)
    SystemInit                               0x08000287   Thumb Code    74  system_stm32f4xx.o(.text)
    SystemCoreClockUpdate                    0x080002d1   Thumb Code   178  system_stm32f4xx.o(.text)
    NVIC_PriorityGroupConfig                 0x080003b1   Thumb Code    10  misc.o(.text)
    NVIC_Init                                0x080003bb   Thumb Code   108  misc.o(.text)
    ADC_Init                                 0x08000439   Thumb Code    74  stm32f4xx_adc.o(.text)
    ADC_Cmd                                  0x08000483   Thumb Code    22  stm32f4xx_adc.o(.text)
    ADC_RegularChannelConfig                 0x08000499   Thumb Code   186  stm32f4xx_adc.o(.text)
    ADC_SoftwareStartConv                    0x08000553   Thumb Code    10  stm32f4xx_adc.o(.text)
    ADC_DMACmd                               0x0800055d   Thumb Code    22  stm32f4xx_adc.o(.text)
    DMA_DeInit                               0x0800057d   Thumb Code   324  stm32f4xx_dma.o(.text)
    DMA_Init                                 0x080006c1   Thumb Code    82  stm32f4xx_dma.o(.text)
    DMA_Cmd                                  0x08000713   Thumb Code    22  stm32f4xx_dma.o(.text)
    DMA_GetCurrDataCounter                   0x08000729   Thumb Code     8  stm32f4xx_dma.o(.text)
    DMA_ITConfig                             0x08000731   Thumb Code    58  stm32f4xx_dma.o(.text)
    EXTI_Init                                0x08000785   Thumb Code   142  stm32f4xx_exti.o(.text)
    EXTI_GetITStatus                         0x08000813   Thumb Code    34  stm32f4xx_exti.o(.text)
    EXTI_ClearITPendingBit                   0x08000835   Thumb Code     8  stm32f4xx_exti.o(.text)
    FLASH_Unlock                             0x08000841   Thumb Code    24  stm32f4xx_flash.o(.text)
    FLASH_Lock                               0x08000859   Thumb Code    14  stm32f4xx_flash.o(.text)
    FLASH_GetStatus                          0x08000867   Thumb Code    74  stm32f4xx_flash.o(.text)
    FLASH_WaitForLastOperation               0x080008b1   Thumb Code    26  stm32f4xx_flash.o(.text)
    FLASH_EraseSector                        0x080008cb   Thumb Code   130  stm32f4xx_flash.o(.text)
    FLASH_ProgramWord                        0x0800094d   Thumb Code    74  stm32f4xx_flash.o(.text)
    FLASH_ClearFlag                          0x08000997   Thumb Code     8  stm32f4xx_flash.o(.text)
    GPIO_Init                                0x080009ad   Thumb Code   144  stm32f4xx_gpio.o(.text)
    GPIO_StructInit                          0x08000a3d   Thumb Code    18  stm32f4xx_gpio.o(.text)
    GPIO_ReadInputDataBit                    0x08000a4f   Thumb Code    18  stm32f4xx_gpio.o(.text)
    GPIO_SetBits                             0x08000a61   Thumb Code     4  stm32f4xx_gpio.o(.text)
    GPIO_ResetBits                           0x08000a65   Thumb Code     4  stm32f4xx_gpio.o(.text)
    GPIO_PinAFConfig                         0x08000a69   Thumb Code    70  stm32f4xx_gpio.o(.text)
    I2C_DeInit                               0x08000ab1   Thumb Code    82  stm32f4xx_i2c.o(.text)
    I2C_Init                                 0x08000b03   Thumb Code   218  stm32f4xx_i2c.o(.text)
    I2C_StructInit                           0x08000bdd   Thumb Code    30  stm32f4xx_i2c.o(.text)
    I2C_Cmd                                  0x08000bfb   Thumb Code    24  stm32f4xx_i2c.o(.text)
    I2C_GenerateSTART                        0x08000c13   Thumb Code    24  stm32f4xx_i2c.o(.text)
    I2C_GenerateSTOP                         0x08000c2b   Thumb Code    24  stm32f4xx_i2c.o(.text)
    I2C_Send7bitAddress                      0x08000c43   Thumb Code    16  stm32f4xx_i2c.o(.text)
    I2C_AcknowledgeConfig                    0x08000c53   Thumb Code    24  stm32f4xx_i2c.o(.text)
    I2C_SendData                             0x08000c6b   Thumb Code     4  stm32f4xx_i2c.o(.text)
    I2C_ReceiveData                          0x08000c6f   Thumb Code     8  stm32f4xx_i2c.o(.text)
    I2C_ITConfig                             0x08000c77   Thumb Code    24  stm32f4xx_i2c.o(.text)
    RCC_GetClocksFreq                        0x08000ca9   Thumb Code   206  stm32f4xx_rcc.o(.text)
    RCC_AHB1PeriphClockCmd                   0x08000d77   Thumb Code    34  stm32f4xx_rcc.o(.text)
    RCC_APB1PeriphClockCmd                   0x08000d99   Thumb Code    34  stm32f4xx_rcc.o(.text)
    RCC_APB2PeriphClockCmd                   0x08000dbb   Thumb Code    34  stm32f4xx_rcc.o(.text)
    RCC_APB1PeriphResetCmd                   0x08000ddd   Thumb Code    34  stm32f4xx_rcc.o(.text)
    RCC_ClearFlag                            0x08000dff   Thumb Code    18  stm32f4xx_rcc.o(.text)
    SYSCFG_EXTILineConfig                    0x08000e21   Thumb Code    60  stm32f4xx_syscfg.o(.text)
    TIM_TimeBaseInit                         0x08000e61   Thumb Code   104  stm32f4xx_tim.o(.text)
    TIM_TimeBaseStructInit                   0x08000ec9   Thumb Code    18  stm32f4xx_tim.o(.text)
    TIM_Cmd                                  0x08000edb   Thumb Code    24  stm32f4xx_tim.o(.text)
    TIM_OC1Init                              0x08000ef3   Thumb Code   126  stm32f4xx_tim.o(.text)
    TIM_OC2Init                              0x08000f71   Thumb Code   156  stm32f4xx_tim.o(.text)
    TIM_OC3Init                              0x0800100d   Thumb Code   154  stm32f4xx_tim.o(.text)
    TIM_OC4Init                              0x080010a7   Thumb Code   110  stm32f4xx_tim.o(.text)
    TIM_OCStructInit                         0x08001115   Thumb Code    20  stm32f4xx_tim.o(.text)
    TIM_OC1PreloadConfig                     0x08001129   Thumb Code    18  stm32f4xx_tim.o(.text)
    TIM_OC2PreloadConfig                     0x0800113b   Thumb Code    22  stm32f4xx_tim.o(.text)
    TIM_OC3PreloadConfig                     0x08001151   Thumb Code    18  stm32f4xx_tim.o(.text)
    TIM_OC4PreloadConfig                     0x08001163   Thumb Code    22  stm32f4xx_tim.o(.text)
    TIM_SetIC4Prescaler                      0x08001179   Thumb Code    22  stm32f4xx_tim.o(.text)
    TIM_SetIC3Prescaler                      0x080011d3   Thumb Code    18  stm32f4xx_tim.o(.text)
    TIM_SetIC2Prescaler                      0x08001225   Thumb Code    22  stm32f4xx_tim.o(.text)
    TIM_SetIC1Prescaler                      0x0800129d   Thumb Code    18  stm32f4xx_tim.o(.text)
    TIM_ICInit                               0x080012e7   Thumb Code   110  stm32f4xx_tim.o(.text)
    TIM_ICStructInit                         0x08001355   Thumb Code    18  stm32f4xx_tim.o(.text)
    TIM_GetCapture1                          0x08001367   Thumb Code     6  stm32f4xx_tim.o(.text)
    TIM_GetCapture2                          0x0800136d   Thumb Code     6  stm32f4xx_tim.o(.text)
    TIM_GetCapture3                          0x08001373   Thumb Code     6  stm32f4xx_tim.o(.text)
    TIM_GetCapture4                          0x08001379   Thumb Code     6  stm32f4xx_tim.o(.text)
    TIM_CtrlPWMOutputs                       0x0800137f   Thumb Code    30  stm32f4xx_tim.o(.text)
    TIM_ITConfig                             0x0800139d   Thumb Code    24  stm32f4xx_tim.o(.text)
    TIM_GetITStatus                          0x080013b5   Thumb Code    38  stm32f4xx_tim.o(.text)
    TIM_ClearITPendingBit                    0x080013db   Thumb Code     6  stm32f4xx_tim.o(.text)
    USART_Init                               0x080013e1   Thumb Code   204  stm32f4xx_usart.o(.text)
    USART_StructInit                         0x080014ad   Thumb Code    24  stm32f4xx_usart.o(.text)
    USART_Cmd                                0x080014c5   Thumb Code    24  stm32f4xx_usart.o(.text)
    USART_ReceiveData                        0x080014dd   Thumb Code    10  stm32f4xx_usart.o(.text)
    USART_DMACmd                             0x080014e7   Thumb Code    24  stm32f4xx_usart.o(.text)
    USART_ITConfig                           0x080014ff   Thumb Code    74  stm32f4xx_usart.o(.text)
    adcInit                                  0x08001551   Thumb Code   214  drv_adc.o(.text)
    adcGetChannel                            0x08001627   Thumb Code    10  drv_adc.o(.text)
    adxl345Detect                            0x08001761   Thumb Code    62  drv_adxl345.o(.text)
    EXTI15_10_IRQHandler                     0x080017b9   Thumb Code    28  drv_bmp085.o(.text)
    bmp085Detect                             0x08001ac1   Thumb Code   334  drv_bmp085.o(.text)
    ECHO_EXTI_IRQHandler                     0x08001c15   Thumb Code    70  drv_hcsr04.o(.text)
    EXTI1_IRQHandler                         0x08001c5b   Thumb Code     8  drv_hcsr04.o(.text)
    EXTI9_5_IRQHandler                       0x08001c63   Thumb Code     8  drv_hcsr04.o(.text)
    hcsr04_init                              0x08001c6b   Thumb Code   224  drv_hcsr04.o(.text)
    hcsr04_get_distance                      0x08001d4b   Thumb Code    60  drv_hcsr04.o(.text)
    hmc5883lDetect                           0x08001dad   Thumb Code    40  drv_hmc5883l.o(.text)
    hmc5883lInit                             0x08001dd5   Thumb Code    48  drv_hmc5883l.o(.text)
    hmc5883lCal                              0x08001e05   Thumb Code    42  drv_hmc5883l.o(.text)
    hmc5883lFinishCal                        0x08001e2f   Thumb Code    34  drv_hmc5883l.o(.text)
    hmc5883lRead                             0x08001e51   Thumb Code    66  drv_hmc5883l.o(.text)
    i2cInit                                  0x08001f61   Thumb Code   198  drv_i2c.o(.text)
    I2C1_ER_IRQHandler                       0x080020d3   Thumb Code     8  drv_i2c.o(.text)
    I2C1_EV_IRQHandler                       0x080024b7   Thumb Code     8  drv_i2c.o(.text)
    I2C2_ER_IRQHandler                       0x080024bf   Thumb Code     8  drv_i2c.o(.text)
    I2C2_EV_IRQHandler                       0x080024c7   Thumb Code     8  drv_i2c.o(.text)
    i2cWriteBuffer                           0x080024cf   Thumb Code   216  drv_i2c.o(.text)
    i2cWrite                                 0x080025a7   Thumb Code    20  drv_i2c.o(.text)
    i2cRead                                  0x080025bb   Thumb Code   178  drv_i2c.o(.text)
    i2cGetErrorCounter                       0x0800266d   Thumb Code     6  drv_i2c.o(.text)
    l3g4200dDetect                           0x08002751   Thumb Code    50  drv_l3g4200d.o(.text)
    l3g4200dConfig                           0x08002783   Thumb Code    74  drv_l3g4200d.o(.text)
    ledringState                             0x080027dd   Thumb Code   274  drv_ledring.o(.text)
    ledringBlink                             0x080028ef   Thumb Code    32  drv_ledring.o(.text)
    mma8452Detect                            0x08002a0b   Thumb Code    70  drv_mma845x.o(.text)
    mpu3050Detect                            0x08002b53   Thumb Code    48  drv_mpu3050.o(.text)
    mpu3050Config                            0x08002b83   Thumb Code   102  drv_mpu3050.o(.text)
    mpu6050Detect                            0x08002d65   Thumb Code   216  drv_mpu6050.o(.text)
    ms5611Detect                             0x080030e1   Thumb Code   150  drv_ms5611.o(.text)
    TIM1_CC_IRQHandler                       0x08003559   Thumb Code   232  drv_pwm.o(.text)
    TIM8_CC_IRQHandler                       0x08003641   Thumb Code   194  drv_pwm.o(.text)
    TIM2_IRQHandler                          0x08003703   Thumb Code   100  drv_pwm.o(.text)
    TIM3_IRQHandler                          0x08003767   Thumb Code    98  drv_pwm.o(.text)
    TIM4_IRQHandler                          0x080037c9   Thumb Code   194  drv_pwm.o(.text)
    TIM5_IRQHandler                          0x0800388b   Thumb Code   194  drv_pwm.o(.text)
    pwmInit                                  0x08003a97   Thumb Code   216  drv_pwm.o(.text)
    pwmWriteMotor                            0x08003b6f   Thumb Code    20  drv_pwm.o(.text)
    pwmWriteServo                            0x08003b83   Thumb Code    20  drv_pwm.o(.text)
    pwmRead                                  0x08003b97   Thumb Code    10  drv_pwm.o(.text)
    SysTick_Handler                          0x08003beb   Thumb Code    12  drv_system.o(.text)
    micros                                   0x08003bf7   Thumb Code    44  drv_system.o(.text)
    millis                                   0x08003c23   Thumb Code     6  drv_system.o(.text)
    delayMicroseconds                        0x08003c29   Thumb Code    24  drv_system.o(.text)
    delay                                    0x08003c41   Thumb Code    24  drv_system.o(.text)
    systemInit                               0x08003c59   Thumb Code   274  drv_system.o(.text)
    failureMode                              0x08003d6b   Thumb Code    78  drv_system.o(.text)
    systemReset                              0x08003db9   Thumb Code    18  drv_system.o(.text)
    uartInit                                 0x08003e69   Thumb Code   352  drv_uart.o(.text)
    uartAvailable                            0x08003fc9   Thumb Code    26  drv_uart.o(.text)
    uartTransmitEmpty                        0x08003fe3   Thumb Code    20  drv_uart.o(.text)
    uartRead                                 0x08003ff7   Thumb Code    32  drv_uart.o(.text)
    uartWrite                                0x08004017   Thumb Code    40  drv_uart.o(.text)
    uartPrint                                0x0800403f   Thumb Code    22  drv_uart.o(.text)
    uart2Init                                0x0800409b   Thumb Code   170  drv_uart.o(.text)
    uart2ChangeBaud                          0x08004145   Thumb Code    12  drv_uart.o(.text)
    uart2Write                               0x08004151   Thumb Code    50  drv_uart.o(.text)
    uart2TransmitEmpty                       0x08004183   Thumb Code    20  drv_uart.o(.text)
    USART2_IRQHandler                        0x08004197   Thumb Code   162  drv_uart.o(.text)
    USART3_IRQHandler                        0x0800427f   Thumb Code    96  drv_uart.o(.text)
    buzzer                                   0x0800441f   Thumb Code   388  buzzer.o(.text)
    itoa                                     0x0800460d   Thumb Code    60  cli.o(.text)
    cliProcess                               0x08005827   Thumb Code   980  cli.o(.text)
    parseRcChannels                          0x08005c39   Thumb Code    42  config.o(.text)
    readEEPROM                               0x08005cad   Thumb Code   332  config.o(.text)
    writeParams                              0x08005df9   Thumb Code   150  config.o(.text)
    setFeature                               0x08005e8f   Thumb Code    16  config.o(.text)
    featureClearAll                          0x08005e9f   Thumb Code    10  config.o(.text)
    checkFirstTime                           0x080061c7   Thumb Code    18  config.o(.text)
    getSensors                               0x080061d9   Thumb Code    18  config.o(.text)
    setSensors                               0x080061eb   Thumb Code    12  config.o(.text)
    clearSensors                             0x080061f7   Thumb Code    12  config.o(.text)
    sensorsMask                              0x08006203   Thumb Code     6  config.o(.text)
    getFeature                               0x08006209   Thumb Code    18  config.o(.text)
    featureClear                             0x0800621b   Thumb Code    12  config.o(.text)
    featureMask                              0x08006227   Thumb Code     6  config.o(.text)
    wrap_18000                               0x08006273   Thumb Code    26  gps.o(.text)
    GPS_reset_home_position                  0x080069a3   Thumb Code    56  gps.o(.text)
    GPS_coord_to_degrees                     0x08006d17   Thumb Code   176  gps.o(.text)
    gpsInit                                  0x080074a5   Thumb Code   246  gps.o(.text)
    GPS_reset_nav                            0x080075b1   Thumb Code    76  gps.o(.text)
    GPS_set_next_wp                          0x080075fd   Thumb Code    88  gps.o(.text)
    imuInit                                  0x080076fd   Thumb Code    84  imu.o(.text)
    rotateV                                  0x08007751   Thumb Code   368  imu.o(.text)
    applyDeadband16                          0x080078c1   Thumb Code    38  imu.o(.text)
    integratorStep                           0x080078e7   Thumb Code   460  imu.o(.text)
    computeIMU                               0x08007fb7   Thumb Code   364  imu.o(.text)
    applyDeadbandFloat                       0x08008123   Thumb Code   104  imu.o(.text)
    InvSqrt                                  0x0800818b   Thumb Code    58  imu.o(.text)
    isq                                      0x080081c5   Thumb Code     8  imu.o(.text)
    getEstimatedAltitude                     0x080081cd   Thumb Code  1158  imu.o(.text)
    initKalman1D                             0x08008695   Thumb Code    54  kalman1d.o(.text)
    kalman1DUpdate32                         0x080086cb   Thumb Code   324  kalman1d.o(.text)
    kalman1DUpdate                           0x0800880f   Thumb Code    36  kalman1d.o(.text)
    accelKalmanfilterStep                    0x08008915   Thumb Code   142  kalmanfilterfrontend.o(.text)
    gyroKalmanfilterStep                     0x080089a3   Thumb Code   142  kalmanfilterfrontend.o(.text)
    main                                     0x08008a77   Thumb Code   498  main.o(.text)
    HardFault_Handler                        0x08008c69   Thumb Code    16  main.o(.text)
    mixerInit                                0x08008ca9   Thumb Code   210  mixer.o(.text)
    mixerLoadMix                             0x08008d7b   Thumb Code   106  mixer.o(.text)
    writeServos                              0x08008de5   Thumb Code   198  mixer.o(.text)
    writeMotors                              0x08008eab   Thumb Code    34  mixer.o(.text)
    writeAllMotors                           0x08008ecd   Thumb Code    32  mixer.o(.text)
    mixTable                                 0x080091f3   Thumb Code  2296  mixer.o(.text)
    blinkLED                                 0x08009b09   Thumb Code    78  mw.o(.text)
    annexCode                                0x08009b57   Thumb Code  1316  mw.o(.text)
    pwmReadRawRC                             0x0800a07b   Thumb Code    42  mw.o(.text)
    computeRC                                0x0800a0a5   Thumb Code   198  mw.o(.text)
    loop                                     0x0800a16b   Thumb Code  4276  mw.o(.text)
    tfp_format                               0x0800b403   Thumb Code   384  printf.o(.text)
    init_printf                              0x0800b583   Thumb Code    10  printf.o(.text)
    tfp_printf                               0x0800b58d   Thumb Code    44  printf.o(.text)
    sensorsAutodetect                        0x0800b5cd   Thumb Code   380  sensors.o(.text)
    batteryAdcToVoltage                      0x0800b749   Thumb Code    58  sensors.o(.text)
    batteryInit                              0x0800b783   Thumb Code    86  sensors.o(.text)
    ACC_getADC                               0x0800bab3   Thumb Code    48  sensors.o(.text)
    Baro_update                              0x0800bae3   Thumb Code   296  sensors.o(.text)
    Gyro_getADC                              0x0800beab   Thumb Code    48  sensors.o(.text)
    Mag_init                                 0x0800beed   Thumb Code   484  sensors.o(.text)
    Mag_getADC                               0x0800c0d1   Thumb Code   496  sensors.o(.text)
    Sonar_init                               0x0800c2c1   Thumb Code    22  sensors.o(.text)
    Sonar_update                             0x0800c2d7   Thumb Code    10  sensors.o(.text)
    serialize32                              0x0800c2e5   Thumb Code   116  serial.o(.text)
    serialize16                              0x0800c359   Thumb Code    60  serial.o(.text)
    serialize8                               0x0800c395   Thumb Code    22  serial.o(.text)
    read8                                    0x0800c3ab   Thumb Code    18  serial.o(.text)
    read16                                   0x0800c3bd   Thumb Code    22  serial.o(.text)
    read32                                   0x0800c3d3   Thumb Code    20  serial.o(.text)
    headSerialResponse                       0x0800c3e7   Thumb Code    54  serial.o(.text)
    headSerialReply                          0x0800c41d   Thumb Code    14  serial.o(.text)
    headSerialError                          0x0800c42b   Thumb Code    14  serial.o(.text)
    tailSerialReply                          0x0800c439   Thumb Code    12  serial.o(.text)
    serializeNames                           0x0800c445   Thumb Code    24  serial.o(.text)
    serialInit                               0x0800c45d   Thumb Code    12  serial.o(.text)
    serialCom                                0x0800cac5   Thumb Code   456  serial.o(.text)
    resetIntegrator                          0x0800ccb5   Thumb Code    76  simpleintegrator.o(.text)
    accIntegratorStep                        0x0800cd01   Thumb Code   398  simpleintegrator.o(.text)
    spektrumInit                             0x0800cf03   Thumb Code    50  spektrum.o(.text)
    spektrumFrameComplete                    0x0800cf35   Thumb Code     6  spektrum.o(.text)
    spektrumReadRawRC                        0x0800cf3b   Thumb Code   144  spektrum.o(.text)
    initTelemetry                            0x0800d307   Thumb Code    40  telemetry.o(.text)
    sendTelemetry                            0x0800d32f   Thumb Code   150  telemetry.o(.text)
    __aeabi_lasr                             0x0800d401   Thumb Code    36  llsshr.o(.text)
    _ll_sshift_r                             0x0800d401   Thumb Code     0  llsshr.o(.text)
    __rt_ctype_table                         0x0800d425   Thumb Code     4  ctype_o.o(.text)
    toupper                                  0x0800d42d   Thumb Code    12  toupper.o(.text)
    bsearch                                  0x0800d439   Thumb Code    70  bsearch.o(.text)
    __aeabi_memcpy                           0x0800d47f   Thumb Code    36  memcpya.o(.text)
    __aeabi_memcpy4                          0x0800d47f   Thumb Code     0  memcpya.o(.text)
    __aeabi_memcpy8                          0x0800d47f   Thumb Code     0  memcpya.o(.text)
    __aeabi_memset                           0x0800d4a3   Thumb Code    14  memseta.o(.text)
    __aeabi_memset4                          0x0800d4a3   Thumb Code     0  memseta.o(.text)
    __aeabi_memset8                          0x0800d4a3   Thumb Code     0  memseta.o(.text)
    __aeabi_memclr                           0x0800d4b1   Thumb Code     4  memseta.o(.text)
    __aeabi_memclr4                          0x0800d4b1   Thumb Code     0  memseta.o(.text)
    __aeabi_memclr8                          0x0800d4b1   Thumb Code     0  memseta.o(.text)
    _memset$wrapper                          0x0800d4b5   Thumb Code    20  memseta.o(.text)
    strcat                                   0x0800d4c9   Thumb Code    28  strcat.o(.text)
    strstr                                   0x0800d4e5   Thumb Code    44  strstr.o(.text)
    strncpy                                  0x0800d511   Thumb Code    24  strncpy.o(.text)
    strchr                                   0x0800d529   Thumb Code    18  strchr.o(.text)
    strlen                                   0x0800d53b   Thumb Code    16  strlen.o(.text)
    strncasecmp                              0x0800d54b   Thumb Code    50  strncasecmp.o(.text)
    atoi                                     0x0800d57d   Thumb Code    26  atoi.o(.text)
    __aeabi_dadd                             0x0800d597   Thumb Code   320  dadd.o(.text)
    __aeabi_dsub                             0x0800d6d7   Thumb Code     6  dadd.o(.text)
    __aeabi_drsub                            0x0800d6dd   Thumb Code     6  dadd.o(.text)
    __aeabi_dmul                             0x0800d6e3   Thumb Code   224  dmul.o(.text)
    __aeabi_ddiv                             0x0800d7c3   Thumb Code   222  ddiv.o(.text)
    __aeabi_i2d                              0x0800d8a1   Thumb Code    34  dflti.o(.text)
    __aeabi_ui2d                             0x0800d8c3   Thumb Code    26  dfltui.o(.text)
    __aeabi_d2iz                             0x0800d8dd   Thumb Code    62  dfixi.o(.text)
    __aeabi_f2d                              0x0800d91b   Thumb Code    44  f2d.o(.text)
    __aeabi_cdrcmple                         0x0800d949   Thumb Code    38  cdrcmple.o(.text)
    __aeabi_d2f                              0x0800d971   Thumb Code    56  d2f.o(.text)
    __aeabi_llsl                             0x0800d9a9   Thumb Code    30  llshl.o(.text)
    _ll_shift_l                              0x0800d9a9   Thumb Code     0  llshl.o(.text)
    __aeabi_llsr                             0x0800d9c7   Thumb Code    32  llushr.o(.text)
    _ll_ushift_r                             0x0800d9c7   Thumb Code     0  llushr.o(.text)
    tolower                                  0x0800d9e7   Thumb Code    12  tolower.o(.text)
    strtol                                   0x0800d9f3   Thumb Code   112  strtol.o(.text)
    __I$use$fp                               0x0800da63   Thumb Code     0  iusefp.o(.text)
    _float_round                             0x0800da63   Thumb Code    18  fepilogue.o(.text)
    _float_epilogue                          0x0800da75   Thumb Code    90  fepilogue.o(.text)
    _double_round                            0x0800dacf   Thumb Code    26  depilogue.o(.text)
    _double_epilogue                         0x0800dae9   Thumb Code   164  depilogue.o(.text)
    __ARM_scalbn                             0x0800db8d   Thumb Code    46  dscalb.o(.text)
    scalbn                                   0x0800db8d   Thumb Code     0  dscalb.o(.text)
    __scatterload                            0x0800dbbd   Thumb Code    28  init.o(.text)
    __scatterload_rt2                        0x0800dbbd   Thumb Code     0  init.o(.text)
    _strtoul                                 0x0800dbe1   Thumb Code   158  _strtoul.o(.text)
    _dsqrt                                   0x0800dc7f   Thumb Code   162  dsqrt.o(.text)
    _chval                                   0x0800dd21   Thumb Code    28  _chval.o(.text)
    __decompress                             0x0800dd3d   Thumb Code     0  __dczerorl2.o(.text)
    __decompress1                            0x0800dd3d   Thumb Code    92  __dczerorl2.o(.text)
    __ARM_fpclassify                         0x0800dd99   Thumb Code    48  fpclassify.o(i.__ARM_fpclassify)
    __ARM_fpclassifyf                        0x0800ddc9   Thumb Code    38  fpclassifyf.o(i.__ARM_fpclassifyf)
    __aeabi_errno_addr                       0x0800ddf1   Thumb Code     4  errno.o(i.__aeabi_errno_addr)
    __rt_errno_addr                          0x0800ddf1   Thumb Code     0  errno.o(i.__aeabi_errno_addr)
    __hardfp_asinf                           0x0800ddf9   Thumb Code   250  asinf.o(i.__hardfp_asinf)
    __hardfp_atan2f                          0x0800df1d   Thumb Code   486  atan2f.o(i.__hardfp_atan2f)
    __hardfp_cosf                            0x0800e165   Thumb Code   286  cosf.o(i.__hardfp_cosf)
    __hardfp_fabs                            0x0800e2c5   Thumb Code    20  fabs.o(i.__hardfp_fabs)
    __hardfp_pow                             0x0800e2d9   Thumb Code  3148  pow.o(i.__hardfp_pow)
    __hardfp_sinf                            0x0800ef81   Thumb Code   314  sinf.o(i.__hardfp_sinf)
    __hardfp_sqrtf                           0x0800f0f9   Thumb Code    58  sqrtf.o(i.__hardfp_sqrtf)
    __kernel_poly                            0x0800f133   Thumb Code   248  poly.o(i.__kernel_poly)
    __mathlib_dbl_underflow                  0x0800f231   Thumb Code    24  dunder.o(i.__mathlib_dbl_underflow)
    __mathlib_flt_underflow                  0x0800f251   Thumb Code    10  funder.o(i.__mathlib_flt_underflow)
    __mathlib_rredf2                         0x0800f261   Thumb Code   294  rredf.o(i.__mathlib_rredf2)
    __scatterload_copy                       0x0800f3a1   Thumb Code    14  handlers.o(i.__scatterload_copy)
    __scatterload_null                       0x0800f3af   Thumb Code     2  handlers.o(i.__scatterload_null)
    __scatterload_zeroinit                   0x0800f3b1   Thumb Code    14  handlers.o(i.__scatterload_zeroinit)
    __set_errno                              0x0800f3c1   Thumb Code     6  errno.o(i.__set_errno)
    fabs                                     0x0800f3cd   Thumb Code    32  fabs.o(i.fabs)
    sqrt                                     0x0800f3ed   Thumb Code   108  sqrt.o(i.sqrt)
    sqrtf                                    0x0800f459   Thumb Code    62  sqrtf.o(i.sqrtf)
    mixerNames                               0x0800f52c   Data          80  cli.o(.constdata)
    featureNames                             0x0800f57c   Data          52  cli.o(.constdata)
    sensorNames                              0x0800f5b0   Data          24  cli.o(.constdata)
    accNames                                 0x0800f5c8   Data          20  cli.o(.constdata)
    cmdTable                                 0x0800f5dc   Data         156  cli.o(.constdata)
    valueTable                               0x0800f678   Data        2240  cli.o(.constdata)
    rcChannelLetters                         0x0800ff38   Data           9  config.o(.constdata)
    init_speed                               0x0800ff50   Data          20  gps.o(.constdata)
    mixers                                   0x08010460   Data         160  mixer.o(.constdata)
    __ctype_table                            0x08010628   Data         129  ctype_o.o(.constdata)
    __mathlib_zero                           0x080106b0   Data           8  qnan.o(.constdata)
    Region$$Table$$Base                      0x08010f48   Number         0  anon$$obj.o(Region$$Table)
    Region$$Table$$Limit                     0x08010f68   Number         0  anon$$obj.o(Region$$Table)
    SystemCoreClock                          0x20000000   Data           4  system_stm32f4xx.o(.data)
    AHBPrescTable                            0x20000004   Data          16  system_stm32f4xx.o(.data)
    acc_samples                              0x20000029   Data           1  drv_adxl345.o(.data)
    rxDMAPos                                 0x200001e4   Data           4  drv_uart.o(.data)
    txBufferTail                             0x200001e8   Data           4  drv_uart.o(.data)
    txBufferHead                             0x200001ec   Data           4  drv_uart.o(.data)
    uart2Callback                            0x200001f0   Data           4  drv_uart.o(.data)
    tx2BufferTail                            0x200001f4   Data           4  drv_uart.o(.data)
    tx2BufferHead                            0x200001f8   Data           4  drv_uart.o(.data)
    uart2RxOnly                              0x200001fc   Data           1  drv_uart.o(.data)
    uart3Callback                            0x20000200   Data           4  drv_uart.o(.data)
    tx3BufferTail                            0x20000204   Data           4  drv_uart.o(.data)
    tx3BufferHead                            0x20000208   Data           4  drv_uart.o(.data)
    uart3RxOnly                              0x2000020c   Data           1  drv_uart.o(.data)
    ubs_protocol_bytes                       0x200002a2   Data           1  gps.o(.data)
    ubs_nav_fix_type                         0x200002a3   Data           1  gps.o(.data)
    ubx_nav_status_bits                      0x200002a4   Data           1  gps.o(.data)
    acc_25deg                                0x200002b4   Data           2  imu.o(.data)
    BaroPID                                  0x200002b6   Data           2  imu.o(.data)
    errorAltitudeI                           0x200002b8   Data           2  imu.o(.data)
    magneticDeclination                      0x200002bc   Data           4  imu.o(.data)
    gyroData                                 0x200002c0   Data           6  imu.o(.data)
    gyroZero                                 0x200002c6   Data           6  imu.o(.data)
    angle                                    0x200002cc   Data           4  imu.o(.data)
    gyroADC                                  0x20000304   Data           6  imu.o(.data)
    accADC                                   0x2000030a   Data           6  imu.o(.data)
    accSmooth                                0x20000310   Data           6  imu.o(.data)
    magADC                                   0x20000316   Data           6  imu.o(.data)
    BaroAlt                                  0x2000031c   Data           4  imu.o(.data)
    sonarAlt                                 0x20000320   Data           2  imu.o(.data)
    EstAlt                                   0x20000324   Data           4  imu.o(.data)
    AltHold                                  0x20000328   Data           4  imu.o(.data)
    accVelScale                              0x2000032c   Data           4  imu.o(.data)
    useServo                                 0x20000341   Data           1  mixer.o(.data)
    servo                                    0x20000342   Data          16  mixer.o(.data)
    toggleBeep                               0x20000354   Data           1  mw.o(.data)
    currentTime                              0x20000358   Data           4  mw.o(.data)
    previousTime                             0x2000035c   Data           4  mw.o(.data)
    cycleTime                                0x20000360   Data           2  mw.o(.data)
    annex650_overrun_count                   0x20000362   Data           2  mw.o(.data)
    failsafeCnt                              0x20000364   Data           2  mw.o(.data)
    failsafeEvents                           0x20000366   Data           2  mw.o(.data)
    rcData                                   0x20000368   Data          16  mw.o(.data)
    rcReadRawFunc                            0x20000378   Data           4  mw.o(.data)
    GPS_update                               0x2000037c   Data           1  mw.o(.data)
    GPS_angle                                0x2000037e   Data           4  mw.o(.data)
    GPS_ground_course                        0x20000382   Data           2  mw.o(.data)
    GPS_Present                              0x20000384   Data           1  mw.o(.data)
    GPS_Enable                               0x20000385   Data           1  mw.o(.data)
    nav_mode                                 0x20000386   Data           1  mw.o(.data)
    InflightcalibratingA                     0x20000388   Data           2  mw.o(.data)
    AccInflightCalibrationMeasurementDone    0x2000038a   Data           2  mw.o(.data)
    AccInflightCalibrationSavetoEEProm       0x2000038c   Data           2  mw.o(.data)
    AccInflightCalibrationActive             0x2000038e   Data           2  mw.o(.data)
    batteryCellCount                         0x20000390   Data           1  mw.o(.data)
    debug                                    0x200003d2   Data           8  mw.o(.data)
    headFreeModeHold                         0x200003da   Data           2  mw.o(.data)
    vbat                                     0x200003dc   Data           1  mw.o(.data)
    telemTemperature1                        0x200003de   Data           2  mw.o(.data)
    rcCommand                                0x200003e0   Data           8  mw.o(.data)
    dynP8                                    0x200003e8   Data           3  mw.o(.data)
    dynI8                                    0x200003eb   Data           3  mw.o(.data)
    dynD8                                    0x200003ee   Data           3  mw.o(.data)
    axisPID                                  0x200003f2   Data           6  mw.o(.data)
    GPS_coord                                0x200003f8   Data           8  mw.o(.data)
    GPS_home                                 0x20000400   Data           8  mw.o(.data)
    GPS_hold                                 0x20000408   Data           8  mw.o(.data)
    GPS_numSat                               0x20000410   Data           1  mw.o(.data)
    GPS_distanceToHome                       0x20000412   Data           2  mw.o(.data)
    GPS_directionToHome                      0x20000414   Data           2  mw.o(.data)
    GPS_altitude                             0x20000416   Data           2  mw.o(.data)
    GPS_speed                                0x20000418   Data           2  mw.o(.data)
    nav                                      0x2000041a   Data           4  mw.o(.data)
    nav_rated                                0x2000041e   Data           4  mw.o(.data)
    AccInflightCalibrationArmed              0x20000422   Data           2  mw.o(.data)
    batteryWarningVoltage                    0x20000424   Data           2  mw.o(.data)
    calibratingA                             0x20000430   Data           2  sensors.o(.data)
    calibratingG                             0x20000432   Data           2  sensors.o(.data)
    acc_1G                                   0x20000434   Data           2  sensors.o(.data)
    accHardware                              0x20000436   Data           1  sensors.o(.data)
    heading                                  0x20000470   Data           2  sensors.o(.data)
    magHold                                  0x20000472   Data           2  sensors.o(.data)
    cliMode                                  0x20000475   Data           1  serial.o(.data)
    rxBuffer                                 0x200006c4   Data         256  drv_uart.o(.bss)
    txBuffer                                 0x200007c4   Data         256  drv_uart.o(.bss)
    tx2Buffer                                0x200008c4   Data         128  drv_uart.o(.bss)
    tx3Buffer                                0x20000944   Data         128  drv_uart.o(.bss)
    cfg                                      0x200009f4   Data         476  config.o(.bss)
    accLPFVel                                0x20000d68   Data          12  imu.o(.bss)
    EstG                                     0x20000d74   Data          12  imu.o(.bss)
    kax                                      0x20000d80   Data          52  kalmanfilterfrontend.o(.bss)
    kay                                      0x20000db4   Data          52  kalmanfilterfrontend.o(.bss)
    kaz                                      0x20000de8   Data          52  kalmanfilterfrontend.o(.bss)
    kgx                                      0x20000e1c   Data          52  kalmanfilterfrontend.o(.bss)
    kgy                                      0x20000e50   Data          52  kalmanfilterfrontend.o(.bss)
    kgz                                      0x20000e84   Data          52  kalmanfilterfrontend.o(.bss)
    motor                                    0x20000eb8   Data          24  mixer.o(.bss)
    flightMode                               0x20000ffc   Data          15  mw.o(.bss)
    lookupPitchRollRC                        0x2000100c   Data          12  mw.o(.bss)
    lookupThrottleRC                         0x20001018   Data          22  mw.o(.bss)
    rcOptions                                0x2000102e   Data          15  mw.o(.bss)
    acc                                      0x200010a0   Data          16  sensors.o(.bss)
    gyro                                     0x200010b0   Data          16  sensors.o(.bss)
    baro                                     0x200010c0   Data          28  sensors.o(.bss)
    m                                        0x20001128   Data          36  simpleintegrator.o(.bss)
    navData                                  0x2000114c   Data          36  simpleintegrator.o(.bss)
    spekFrame                                0x2000118c   Data          16  spektrum.o(.bss)
    __initial_sp                             0x200015a0   Data           0  startup_stm32f4xx.o(STACK)



==============================================================================

Memory Map of the image

  Image Entry point : 0x08000189

  Load Region LR_IROM1 (Base: 0x08000000, Size: 0x00011408, Max: 0x00080000, ABSOLUTE, COMPRESSED[0x00011034])

    Execution Region ER_IROM1 (Base: 0x08000000, Size: 0x00010f68, Max: 0x00080000, ABSOLUTE)

    Base Addr    Size         Type   Attr      Idx    E Section Name        Object

    0x08000000   0x00000188   Data   RO            3    RESET               startup_stm32f4xx.o
    0x08000188   0x00000000   Code   RO         4709  * .ARM.Collect$$$$00000000  mc_w.l(entry.o)
    0x08000188   0x00000004   Code   RO         4812    .ARM.Collect$$$$00000001  mc_w.l(entry2.o)
    0x0800018c   0x00000004   Code   RO         4815    .ARM.Collect$$$$00000004  mc_w.l(entry5.o)
    0x08000190   0x00000000   Code   RO         4817    .ARM.Collect$$$$00000008  mc_w.l(entry7b.o)
    0x08000190   0x00000008   Code   RO         4818    .ARM.Collect$$$$00000009  mc_w.l(entry8.o)
    0x08000198   0x00000004   Code   RO         4813    .ARM.Collect$$$$00002712  mc_w.l(entry2.o)
    0x0800019c   0x00000024   Code   RO            4    .text               startup_stm32f4xx.o
    0x080001c0   0x000001f0   Code   RO           11    .text               system_stm32f4xx.o
    0x080003b0   0x00000088   Code   RO          134    .text               misc.o
    0x08000438   0x00000144   Code   RO          195    .text               stm32f4xx_adc.o
    0x0800057c   0x00000208   Code   RO         1049    .text               stm32f4xx_dma.o
    0x08000784   0x000000bc   Code   RO         1150    .text               stm32f4xx_exti.o
    0x08000840   0x0000016c   Code   RO         1201    .text               stm32f4xx_flash.o
    0x080009ac   0x00000102   Code   RO         1474    .text               stm32f4xx_gpio.o
    0x08000aae   0x00000002   PAD
    0x08000ab0   0x000001f8   Code   RO         1693    .text               stm32f4xx_i2c.o
    0x08000ca8   0x00000178   Code   RO         1989    .text               stm32f4xx_rcc.o
    0x08000e20   0x00000040   Code   RO         2970    .text               stm32f4xx_syscfg.o
    0x08000e60   0x00000580   Code   RO         3015    .text               stm32f4xx_tim.o
    0x080013e0   0x00000170   Code   RO         3403    .text               stm32f4xx_usart.o
    0x08001550   0x000000e8   Code   RO         3624    .text               drv_adc.o
    0x08001638   0x00000180   Code   RO         3688    .text               drv_adxl345.o
    0x080017b8   0x0000045c   Code   RO         3708    .text               drv_bmp085.o
    0x08001c14   0x00000198   Code   RO         3727    .text               drv_hcsr04.o
    0x08001dac   0x000000ec   Code   RO         3753    .text               drv_hmc5883l.o
    0x08001e98   0x00000814   Code   RO         3769    .text               drv_i2c.o
    0x080026ac   0x00000130   Code   RO         3797    .text               drv_l3g4200d.o
    0x080027dc   0x00000144   Code   RO         3816    .text               drv_ledring.o
    0x08002920   0x00000148   Code   RO         3838    .text               drv_mma845x.o
    0x08002a68   0x00000194   Code   RO         3857    .text               drv_mpu3050.o
    0x08002bfc   0x00000264   Code   RO         3875    .text               drv_mpu6050.o
    0x08002e60   0x00000344   Code   RO         3906    .text               drv_ms5611.o
    0x080031a4   0x00000a30   Code   RO         3925    .text               drv_pwm.o
    0x08003bd4   0x00000244   Code   RO         3995    .text               drv_system.o
    0x08003e18   0x000004e0   Code   RO         4018    .text               drv_uart.o
    0x080042f8   0x000002e4   Code   RO         4134    .text               buzzer.o
    0x080045dc   0x0000165c   Code   RO         4152    .text               cli.o
    0x08005c38   0x00000604   Code   RO         4175    .text               config.o
    0x0800623c   0x000014c0   Code   RO         4200    .text               gps.o
    0x080076fc   0x00000f98   Code   RO         4228    .text               imu.o
    0x08008694   0x000001a8   Code   RO         4258    .text               kalman1d.o
    0x0800883c   0x0000022c   Code   RO         4277    .text               kalmanfilterfrontend.o
    0x08008a68   0x00000240   Code   RO         4300    .text               main.o
    0x08008ca8   0x00000e60   Code   RO         4317    .text               mixer.o
    0x08009b08   0x00001740   Code   RO         4355    .text               mw.o
    0x0800b248   0x00000384   Code   RO         4382    .text               printf.o
    0x0800b5cc   0x00000d18   Code   RO         4483    .text               sensors.o
    0x0800c2e4   0x000009d0   Code   RO         4515    .text               serial.o
    0x0800ccb4   0x000001f4   Code   RO         4536    .text               simpleintegrator.o
    0x0800cea8   0x00000154   Code   RO         4579    .text               spektrum.o
    0x0800cffc   0x00000404   Code   RO         4599    .text               telemetry.o
    0x0800d400   0x00000024   Code   RO         4712    .text               mc_w.l(llsshr.o)
    0x0800d424   0x00000008   Code   RO         4714    .text               mc_w.l(ctype_o.o)
    0x0800d42c   0x0000000c   Code   RO         4742    .text               mc_w.l(toupper.o)
    0x0800d438   0x00000046   Code   RO         4744    .text               mc_w.l(bsearch.o)
    0x0800d47e   0x00000024   Code   RO         4746    .text               mc_w.l(memcpya.o)
    0x0800d4a2   0x00000026   Code   RO         4748    .text               mc_w.l(memseta.o)
    0x0800d4c8   0x0000001c   Code   RO         4750    .text               mc_w.l(strcat.o)
    0x0800d4e4   0x0000002c   Code   RO         4752    .text               mc_w.l(strstr.o)
    0x0800d510   0x00000018   Code   RO         4754    .text               mc_w.l(strncpy.o)
    0x0800d528   0x00000012   Code   RO         4756    .text               mc_w.l(strchr.o)
    0x0800d53a   0x00000010   Code   RO         4758    .text               mc_w.l(strlen.o)
    0x0800d54a   0x00000032   Code   RO         4762    .text               mc_w.l(strncasecmp.o)
    0x0800d57c   0x0000001a   Code   RO         4764    .text               mc_w.l(atoi.o)
    0x0800d596   0x0000014c   Code   RO         4766    .text               mf_w.l(dadd.o)
    0x0800d6e2   0x000000e0   Code   RO         4768    .text               mf_w.l(dmul.o)
    0x0800d7c2   0x000000de   Code   RO         4770    .text               mf_w.l(ddiv.o)
    0x0800d8a0   0x00000022   Code   RO         4772    .text               mf_w.l(dflti.o)
    0x0800d8c2   0x0000001a   Code   RO         4774    .text               mf_w.l(dfltui.o)
    0x0800d8dc   0x0000003e   Code   RO         4776    .text               mf_w.l(dfixi.o)
    0x0800d91a   0x0000002c   Code   RO         4778    .text               mf_w.l(f2d.o)
    0x0800d946   0x00000002   PAD
    0x0800d948   0x00000028   Code   RO         4782    .text               mf_w.l(cdrcmple.o)
    0x0800d970   0x00000038   Code   RO         4784    .text               mf_w.l(d2f.o)
    0x0800d9a8   0x0000001e   Code   RO         4819    .text               mc_w.l(llshl.o)
    0x0800d9c6   0x00000020   Code   RO         4821    .text               mc_w.l(llushr.o)
    0x0800d9e6   0x0000000c   Code   RO         4823    .text               mc_w.l(tolower.o)
    0x0800d9f2   0x00000070   Code   RO         4832    .text               mc_w.l(strtol.o)
    0x0800da62   0x00000000   Code   RO         4834    .text               mc_w.l(iusefp.o)
    0x0800da62   0x0000006c   Code   RO         4835    .text               mf_w.l(fepilogue.o)
    0x0800dace   0x000000be   Code   RO         4837    .text               mf_w.l(depilogue.o)
    0x0800db8c   0x0000002e   Code   RO         4841    .text               mf_w.l(dscalb.o)
    0x0800dbba   0x00000002   PAD
    0x0800dbbc   0x00000024   Code   RO         4843    .text               mc_w.l(init.o)
    0x0800dbe0   0x0000009e   Code   RO         4845    .text               mc_w.l(_strtoul.o)
    0x0800dc7e   0x000000a2   Code   RO         4847    .text               mf_w.l(dsqrt.o)
    0x0800dd20   0x0000001c   Code   RO         4849    .text               mc_w.l(_chval.o)
    0x0800dd3c   0x0000005c   Code   RO         4859    .text               mc_w.l(__dczerorl2.o)
    0x0800dd98   0x00000030   Code   RO         4788    i.__ARM_fpclassify  m_wm.l(fpclassify.o)
    0x0800ddc8   0x00000026   Code   RO         4790    i.__ARM_fpclassifyf  m_wm.l(fpclassifyf.o)
    0x0800ddee   0x00000002   PAD
    0x0800ddf0   0x00000008   Code   RO         4825    i.__aeabi_errno_addr  mc_w.l(errno.o)
    0x0800ddf8   0x00000124   Code   RO         4617    i.__hardfp_asinf    m_wm.l(asinf.o)
    0x0800df1c   0x00000248   Code   RO         4629    i.__hardfp_atan2f   m_wm.l(atan2f.o)
    0x0800e164   0x00000160   Code   RO         4653    i.__hardfp_cosf     m_wm.l(cosf.o)
    0x0800e2c4   0x00000014   Code   RO         4665    i.__hardfp_fabs     m_wm.l(fabs.o)
    0x0800e2d8   0x00000ca8   Code   RO         4671    i.__hardfp_pow      m_wm.l(pow.o)
    0x0800ef80   0x00000178   Code   RO         4685    i.__hardfp_sinf     m_wm.l(sinf.o)
    0x0800f0f8   0x0000003a   Code   RO         4697    i.__hardfp_sqrtf    m_wm.l(sqrtf.o)
    0x0800f132   0x000000f8   Code   RO         4794    i.__kernel_poly     m_wm.l(poly.o)
    0x0800f22a   0x00000006   PAD
    0x0800f230   0x00000020   Code   RO         4786    i.__mathlib_dbl_underflow  m_wm.l(dunder.o)
    0x0800f250   0x00000010   Code   RO         4792    i.__mathlib_flt_underflow  m_wm.l(funder.o)
    0x0800f260   0x00000140   Code   RO         4797    i.__mathlib_rredf2  m_wm.l(rredf.o)
    0x0800f3a0   0x0000000e   Code   RO         4853    i.__scatterload_copy  mc_w.l(handlers.o)
    0x0800f3ae   0x00000002   Code   RO         4854    i.__scatterload_null  mc_w.l(handlers.o)
    0x0800f3b0   0x0000000e   Code   RO         4855    i.__scatterload_zeroinit  mc_w.l(handlers.o)
    0x0800f3be   0x00000002   PAD
    0x0800f3c0   0x0000000c   Code   RO         4827    i.__set_errno       mc_w.l(errno.o)
    0x0800f3cc   0x00000020   Code   RO         4667    i.fabs              m_wm.l(fabs.o)
    0x0800f3ec   0x0000006c   Code   RO         4802    i.sqrt              m_wm.l(sqrt.o)
    0x0800f458   0x0000003e   Code   RO         4699    i.sqrtf             m_wm.l(sqrtf.o)
    0x0800f496   0x00000046   Data   RO         3927    .constdata          drv_pwm.o
    0x0800f4dc   0x00000050   Data   RO         3996    .constdata          drv_system.o
    0x0800f52c   0x00000a0c   Data   RO         4154    .constdata          cli.o
    0x0800ff38   0x00000015   Data   RO         4177    .constdata          config.o
    0x0800ff4d   0x00000003   PAD
    0x0800ff50   0x000000c0   Data   RO         4203    .constdata          gps.o
    0x08010010   0x000004f0   Data   RO         4321    .constdata          mixer.o
    0x08010500   0x0000009e   Data   RO         4517    .constdata          serial.o
    0x0801059e   0x00000002   PAD
    0x080105a0   0x00000088   Data   RO         4674    .constdata          m_wm.l(pow.o)
    0x08010628   0x00000081   Data   RO         4715    .constdata          mc_w.l(ctype_o.o)
    0x080106a9   0x00000003   PAD
    0x080106ac   0x00000004   Data   RO         4716    .constdata          mc_w.l(ctype_o.o)
    0x080106b0   0x00000008   Data   RO         4796    .constdata          m_wm.l(qnan.o)
    0x080106b8   0x00000020   Data   RO         4798    .constdata          m_wm.l(rredf.o)
    0x080106d8   0x00000794   Data   RO         4155    .conststring        cli.o
    0x08010e6c   0x000000da   Data   RO         4204    .conststring        gps.o
    0x08010f46   0x00000002   PAD
    0x08010f48   0x00000020   Data   RO         4851    Region$$Table       anon$$obj.o


    Execution Region RW_IRAM1 (Base: 0x20000000, Size: 0x000015a0, Max: 0x00020000, ABSOLUTE, COMPRESSED[0x000000cc])

    Base Addr    Size         Type   Attr      Idx    E Section Name        Object

    0x20000000   0x00000014   Data   RW           12    .data               system_stm32f4xx.o
    0x20000014   0x00000010   Data   RW         2008    .data               stm32f4xx_rcc.o
    0x20000024   0x00000004   Data   RW         3625    .data               drv_adc.o
    0x20000028   0x00000002   Data   RW         3689    .data               drv_adxl345.o
    0x2000002a   0x00000002   PAD
    0x2000002c   0x0000000c   Data   RW         3710    .data               drv_bmp085.o
    0x20000038   0x00000018   Data   RW         3728    .data               drv_hcsr04.o
    0x20000050   0x0000001c   Data   RW         3770    .data               drv_i2c.o
    0x2000006c   0x00000001   Data   RW         3798    .data               drv_l3g4200d.o
    0x2000006d   0x00000001   Data   RW         3817    .data               drv_ledring.o
    0x2000006e   0x00000001   Data   RW         3839    .data               drv_mma845x.o
    0x2000006f   0x00000001   Data   RW         3858    .data               drv_mpu3050.o
    0x20000070   0x00000001   Data   RW         3878    .data               drv_mpu6050.o
    0x20000071   0x00000003   PAD
    0x20000074   0x0000000c   Data   RW         3908    .data               drv_ms5611.o
    0x20000080   0x00000159   Data   RW         3928    .data               drv_pwm.o
    0x200001d9   0x00000003   PAD
    0x200001dc   0x00000008   Data   RW         3997    .data               drv_system.o
    0x200001e4   0x00000029   Data   RW         4026    .data               drv_uart.o
    0x2000020d   0x00000003   PAD
    0x20000210   0x0000000c   Data   RW         4135    .data               buzzer.o
    0x2000021c   0x00000004   Data   RW         4156    .data               cli.o
    0x20000220   0x00000008   Data   RW         4178    .data               config.o
    0x20000228   0x0000008b   Data   RW         4205    .data               gps.o
    0x200002b3   0x00000001   PAD
    0x200002b4   0x0000007c   Data   RW         4230    .data               imu.o
    0x20000330   0x00000010   Data   RW         4279    .data               kalmanfilterfrontend.o
    0x20000340   0x00000012   Data   RW         4322    .data               mixer.o
    0x20000352   0x00000002   PAD
    0x20000354   0x000000d2   Data   RW         4357    .data               mw.o
    0x20000426   0x00000002   PAD
    0x20000428   0x00000008   Data   RW         4384    .data               printf.o
    0x20000430   0x00000044   Data   RW         4485    .data               sensors.o
    0x20000474   0x0000000a   Data   RW         4518    .data               serial.o
    0x2000047e   0x00000002   PAD
    0x20000480   0x0000000f   Data   RW         4581    .data               spektrum.o
    0x2000048f   0x00000001   PAD
    0x20000490   0x0000000c   Data   RW         4600    .data               telemetry.o
    0x2000049c   0x00000004   Data   RW         4828    .data               mc_w.l(errno.o)
    0x200004a0   0x00000024   Zero   RW         3709    .bss                drv_bmp085.o
    0x200004c4   0x00000010   Zero   RW         3907    .bss                drv_ms5611.o
    0x200004d4   0x000001f0   Zero   RW         3926    .bss                drv_pwm.o
    0x200006c4   0x00000300   Zero   RW         4025    .bss                drv_uart.o
    0x200009c4   0x00000030   Zero   RW         4153    .bss                cli.o
    0x200009f4   0x000001dc   Zero   RW         4176    .bss                config.o
    0x20000bd0   0x00000120   Zero   RW         4202    .bss                gps.o
    0x20000cf0   0x00000090   Zero   RW         4229    .bss                imu.o
    0x20000d80   0x00000138   Zero   RW         4278    .bss                kalmanfilterfrontend.o
    0x20000eb8   0x000000d8   Zero   RW         4320    .bss                mixer.o
    0x20000f90   0x000000ad   Zero   RW         4356    .bss                mw.o
    0x2000103d   0x00000003   PAD
    0x20001040   0x0000009c   Zero   RW         4484    .bss                sensors.o
    0x200010dc   0x00000040   Zero   RW         4516    .bss                serial.o
    0x2000111c   0x00000054   Zero   RW         4541    .bss                simpleintegrator.o
    0x20001170   0x0000002c   Zero   RW         4580    .bss                spektrum.o
    0x2000119c   0x00000004   PAD
    0x200011a0   0x00000400   Zero   RW            1    STACK               startup_stm32f4xx.o


==============================================================================

Image component sizes


      Code (inc. data)   RO Data    RW Data    ZI Data      Debug   Object Name

       740         58          0         12          0       1617   buzzer.o
      5724       1508       4512          4         48       9925   cli.o
      1540         74         21          8        476      11317   config.o
       232          8          0          4          0       6272   drv_adc.o
       384         26          0          2          0       2343   drv_adxl345.o
      1116         58          0         12         36       4676   drv_bmp085.o
       408         38          0         24          0      20058   drv_hcsr04.o
       236          6          0          0          0       1953   drv_hmc5883l.o
      2068        110          0         28          0       4537   drv_i2c.o
       304         16          0          1          0       1956   drv_l3g4200d.o
       324         18          0          1          0        716   drv_ledring.o
       328         24          0          1          0       2485   drv_mma845x.o
       404         20          0          1          0       2166   drv_mpu3050.o
       612         36          0          1          0       5373   drv_mpu6050.o
       836         46          0         12         16       3267   drv_ms5611.o
      2608        136         70        345        496       6478   drv_pwm.o
       580         78         80          8          0      21026   drv_system.o
      1248         92          0         41        768       4759   drv_uart.o
      5312        640        410        139        288      12485   gps.o
      3992        318          0        124        144       7062   imu.o
       424         10          0          0          0       2055   kalman1d.o
       556         56          0         16        312       2083   kalmanfilterfrontend.o
       576         48          0          0          0       1101   main.o
       136         18          0          0          0     224793   misc.o
      3680        150       1264         18        216      10253   mixer.o
      5952        466          0        210        173      13484   mw.o
       900         10          0          8          0       4180   printf.o
      3352        272          0         68        156       6576   sensors.o
      2512        242        158         10         64       5502   serial.o
       500         26          0          0         84       1600   simpleintegrator.o
       340         50          0         15         44       1987   spektrum.o
        36          8        392          0       1024        764   startup_stm32f4xx.o
       324         10          0          0          0       2949   stm32f4xx_adc.o
       520         26          0          0          0       2938   stm32f4xx_dma.o
       188          4          0          0          0       1420   stm32f4xx_exti.o
       364         14          0          0          0       2321   stm32f4xx_flash.o
       258          0          0          0          0       2187   stm32f4xx_gpio.o
       504         26          0          0          0       3332   stm32f4xx_i2c.o
       376         16          0         16          0       3530   stm32f4xx_rcc.o
        64          4          0          0          0        620   stm32f4xx_syscfg.o
      1408         28          0          0          0       8665   stm32f4xx_tim.o
       368          8          0          0          0       2890   stm32f4xx_usart.o
       496         46          0         20          0      76395   system_stm32f4xx.o
      1028         60          0         12          0       2658   telemetry.o

    ----------------------------------------------------------------------
     53860       4908       6946       1180       4352     514754   Object Totals
         0          0         32          0          0          0   (incl. Generated)
         2          0          7         19          7          0   (incl. Padding)

    ----------------------------------------------------------------------

      Code (inc. data)   RO Data    RW Data    ZI Data      Debug   Library Member Name

       292         42          0          0          0        180   asinf.o
       584         98          0          0          0        176   atan2f.o
       352         66          0          0          0        140   cosf.o
        32          8          0          0          0        124   dunder.o
        52          0          0          0          0        248   fabs.o
        48          0          0          0          0        124   fpclassify.o
        38          0          0          0          0        116   fpclassifyf.o
        16          6          0          0          0        116   funder.o
       248          0          0          0          0        152   poly.o
      3240        310        136          0          0        220   pow.o
         0          0          8          0          0          0   qnan.o
       320         26         32          0          0        160   rredf.o
       376         62          0          0          0        160   sinf.o
       108          0          0          0          0        148   sqrt.o
       120          0          0          0          0        272   sqrtf.o
        92          0          0          0          0          0   __dczerorl2.o
        28          0          0          0          0         68   _chval.o
       158          0          0          0          0         92   _strtoul.o
        26          0          0          0          0         80   atoi.o
        70          0          0          0          0         92   bsearch.o
         8          4        133          0          0         68   ctype_o.o
         0          0          0          0          0          0   entry.o
         8          4          0          0          0          0   entry2.o
         4          0          0          0          0          0   entry5.o
         0          0          0          0          0          0   entry7b.o
         8          4          0          0          0          0   entry8.o
        20         10          0          4          0        136   errno.o
        30          0          0          0          0          0   handlers.o
        36          8          0          0          0         68   init.o
         0          0          0          0          0          0   iusefp.o
        30          0          0          0          0         68   llshl.o
        36          0          0          0          0         68   llsshr.o
        32          0          0          0          0         68   llushr.o
        36          0          0          0          0         68   memcpya.o
        38          0          0          0          0        108   memseta.o
        28          0          0          0          0         68   strcat.o
        18          0          0          0          0         68   strchr.o
        16          0          0          0          0         68   strlen.o
        50          0          0          0          0         84   strncasecmp.o
        24          0          0          0          0         76   strncpy.o
        44          0          0          0          0         80   strstr.o
       112          0          0          0          0         88   strtol.o
        12          0          0          0          0         68   tolower.o
        12          0          0          0          0         68   toupper.o
        40          2          0          0          0         68   cdrcmple.o
        56          0          0          0          0         88   d2f.o
       332          0          0          0          0        148   dadd.o
       222          0          0          0          0        100   ddiv.o
       190          0          0          0          0        176   depilogue.o
        62          0          0          0          0         80   dfixi.o
        34          0          0          0          0         76   dflti.o
        26          0          0          0          0         76   dfltui.o
       224          0          0          0          0         96   dmul.o
        46          0          0          0          0         80   dscalb.o
       162          0          0          0          0        100   dsqrt.o
        44          0          0          0          0         68   f2d.o
       108          0          0          0          0        168   fepilogue.o

    ----------------------------------------------------------------------
      8362        650        312          4          0       5312   Library Totals
        14          0          3          0          0          0   (incl. Padding)

    ----------------------------------------------------------------------

      Code (inc. data)   RO Data    RW Data    ZI Data      Debug   Library Name

      5826        618        176          0          0       2336   m_wm.l
       976         30        133          4          0       1652   mc_w.l
      1546          2          0          0          0       1324   mf_w.l

    ----------------------------------------------------------------------
      8362        650        312          4          0       5312   Library Totals

    ----------------------------------------------------------------------

==============================================================================


      Code (inc. data)   RO Data    RW Data    ZI Data      Debug   

     62222       5558       7258       1184       4352     509254   Grand Totals
     62222       5558       7258        204       4352     509254   ELF Image Totals (compressed)
     62222       5558       7258        204          0          0   ROM Totals

==============================================================================

    Total RO  Size (Code + RO Data)                69480 (  67.85kB)
    Total RW  Size (RW Data + ZI Data)              5536 (   5.41kB)
    Total ROM Size (Code + RO Data + RW Data)      69684 (  68.05kB)

==============================================================================

