ARM Linker, 4.1 [Build 894] [Standard]

==============================================================================

Section Cross References

    system_stm32f4xx.o(.text) refers to system_stm32f4xx.o(.data) for .data
    stm32f4xx_adc.o(.text) refers to stm32f4xx_rcc.o(.text) for RCC_APB2PeriphResetCmd
    stm32f4xx_can.o(.text) refers to stm32f4xx_rcc.o(.text) for RCC_APB1PeriphResetCmd
    stm32f4xx_can.o(.text) refers to stm32f4xx_can.o(.text) for CheckITStatus
    stm32f4xx_cryp.o(.text) refers to stm32f4xx_rcc.o(.text) for RCC_AHB2PeriphResetCmd
    stm32f4xx_cryp_aes.o(.text) refers to stm32f4xx_cryp.o(.text) for CRYP_KeyStructInit
    stm32f4xx_cryp_aes.o(.text) refers to stm32f4xx_cryp.o(.text) for CRYP_KeyInit
    stm32f4xx_cryp_aes.o(.text) refers to stm32f4xx_cryp.o(.text) for CRYP_Init
    stm32f4xx_cryp_aes.o(.text) refers to stm32f4xx_cryp.o(.text) for CRYP_FIFOFlush
    stm32f4xx_cryp_aes.o(.text) refers to stm32f4xx_cryp.o(.text) for CRYP_Cmd
    stm32f4xx_cryp_aes.o(.text) refers to stm32f4xx_cryp.o(.text) for CRYP_GetFlagStatus
    stm32f4xx_cryp_aes.o(.text) refers to stm32f4xx_cryp.o(.text) for CRYP_DataIn
    stm32f4xx_cryp_aes.o(.text) refers to stm32f4xx_cryp.o(.text) for CRYP_DataOut
    stm32f4xx_cryp_aes.o(.text) refers to stm32f4xx_cryp.o(.text) for CRYP_KeyStructInit
    stm32f4xx_cryp_aes.o(.text) refers to stm32f4xx_cryp.o(.text) for CRYP_KeyInit
    stm32f4xx_cryp_aes.o(.text) refers to stm32f4xx_cryp.o(.text) for CRYP_Init
    stm32f4xx_cryp_aes.o(.text) refers to stm32f4xx_cryp.o(.text) for CRYP_IVInit
    stm32f4xx_cryp_aes.o(.text) refers to stm32f4xx_cryp.o(.text) for CRYP_FIFOFlush
    stm32f4xx_cryp_aes.o(.text) refers to stm32f4xx_cryp.o(.text) for CRYP_Cmd
    stm32f4xx_cryp_aes.o(.text) refers to stm32f4xx_cryp.o(.text) for CRYP_GetFlagStatus
    stm32f4xx_cryp_aes.o(.text) refers to stm32f4xx_cryp.o(.text) for CRYP_DataIn
    stm32f4xx_cryp_aes.o(.text) refers to stm32f4xx_cryp.o(.text) for CRYP_DataOut
    stm32f4xx_cryp_aes.o(.text) refers to stm32f4xx_cryp.o(.text) for CRYP_KeyStructInit
    stm32f4xx_cryp_aes.o(.text) refers to stm32f4xx_cryp.o(.text) for CRYP_KeyInit
    stm32f4xx_cryp_aes.o(.text) refers to stm32f4xx_cryp.o(.text) for CRYP_Init
    stm32f4xx_cryp_aes.o(.text) refers to stm32f4xx_cryp.o(.text) for CRYP_IVInit
    stm32f4xx_cryp_aes.o(.text) refers to stm32f4xx_cryp.o(.text) for CRYP_FIFOFlush
    stm32f4xx_cryp_aes.o(.text) refers to stm32f4xx_cryp.o(.text) for CRYP_Cmd
    stm32f4xx_cryp_aes.o(.text) refers to stm32f4xx_cryp.o(.text) for CRYP_DataIn
    stm32f4xx_cryp_aes.o(.text) refers to stm32f4xx_cryp.o(.text) for CRYP_GetFlagStatus
    stm32f4xx_cryp_aes.o(.text) refers to stm32f4xx_cryp.o(.text) for CRYP_DataOut
    stm32f4xx_cryp_des.o(.text) refers to stm32f4xx_cryp.o(.text) for CRYP_KeyStructInit
    stm32f4xx_cryp_des.o(.text) refers to stm32f4xx_cryp.o(.text) for CRYP_Init
    stm32f4xx_cryp_des.o(.text) refers to stm32f4xx_cryp.o(.text) for CRYP_KeyInit
    stm32f4xx_cryp_des.o(.text) refers to stm32f4xx_cryp.o(.text) for CRYP_FIFOFlush
    stm32f4xx_cryp_des.o(.text) refers to stm32f4xx_cryp.o(.text) for CRYP_Cmd
    stm32f4xx_cryp_des.o(.text) refers to stm32f4xx_cryp.o(.text) for CRYP_DataIn
    stm32f4xx_cryp_des.o(.text) refers to stm32f4xx_cryp.o(.text) for CRYP_GetFlagStatus
    stm32f4xx_cryp_des.o(.text) refers to stm32f4xx_cryp.o(.text) for CRYP_DataOut
    stm32f4xx_cryp_des.o(.text) refers to stm32f4xx_cryp.o(.text) for CRYP_KeyStructInit
    stm32f4xx_cryp_des.o(.text) refers to stm32f4xx_cryp.o(.text) for CRYP_Init
    stm32f4xx_cryp_des.o(.text) refers to stm32f4xx_cryp.o(.text) for CRYP_KeyInit
    stm32f4xx_cryp_des.o(.text) refers to stm32f4xx_cryp.o(.text) for CRYP_IVInit
    stm32f4xx_cryp_des.o(.text) refers to stm32f4xx_cryp.o(.text) for CRYP_FIFOFlush
    stm32f4xx_cryp_des.o(.text) refers to stm32f4xx_cryp.o(.text) for CRYP_Cmd
    stm32f4xx_cryp_des.o(.text) refers to stm32f4xx_cryp.o(.text) for CRYP_DataIn
    stm32f4xx_cryp_des.o(.text) refers to stm32f4xx_cryp.o(.text) for CRYP_GetFlagStatus
    stm32f4xx_cryp_des.o(.text) refers to stm32f4xx_cryp.o(.text) for CRYP_DataOut
    stm32f4xx_cryp_tdes.o(.text) refers to stm32f4xx_cryp.o(.text) for CRYP_KeyStructInit
    stm32f4xx_cryp_tdes.o(.text) refers to stm32f4xx_cryp.o(.text) for CRYP_Init
    stm32f4xx_cryp_tdes.o(.text) refers to stm32f4xx_cryp.o(.text) for CRYP_KeyInit
    stm32f4xx_cryp_tdes.o(.text) refers to stm32f4xx_cryp.o(.text) for CRYP_FIFOFlush
    stm32f4xx_cryp_tdes.o(.text) refers to stm32f4xx_cryp.o(.text) for CRYP_Cmd
    stm32f4xx_cryp_tdes.o(.text) refers to stm32f4xx_cryp.o(.text) for CRYP_DataIn
    stm32f4xx_cryp_tdes.o(.text) refers to stm32f4xx_cryp.o(.text) for CRYP_GetFlagStatus
    stm32f4xx_cryp_tdes.o(.text) refers to stm32f4xx_cryp.o(.text) for CRYP_DataOut
    stm32f4xx_cryp_tdes.o(.text) refers to stm32f4xx_cryp.o(.text) for CRYP_KeyStructInit
[...]
    EEPROM_CONF_VERSION                      0x20000210   Data           1  config.o(.data)
    enabledSensors                           0x20000214   Data           4  config.o(.data)
    .data                                    0x20000218   Section      128  gps.o(.data)
    GPS_filter_index                         0x20000218   Data           1  gps.o(.data)
    init                                     0x20000219   Data           1  gps.o(.data)
    param                                    0x2000021a   Data           1  gps.o(.data)
    offset                                   0x2000021b   Data           1  gps.o(.data)
    parity                                   0x2000021c   Data           1  gps.o(.data)
    checksum_param                           0x2000021d   Data           1  gps.o(.data)
    frame                                    0x2000021e   Data           1  gps.o(.data)
    _ck_a                                    0x2000021f   Data           1  gps.o(.data)
    _ck_b                                    0x20000220   Data           1  gps.o(.data)
    _step                                    0x20000221   Data           1  gps.o(.data)
    _msg_id                                  0x20000222   Data           1  gps.o(.data)
    next_fix                                 0x20000223   Data           1  gps.o(.data)
    _class                                   0x20000224   Data           1  gps.o(.data)
    _new_position                            0x20000225   Data           1  gps.o(.data)
    _new_speed                               0x20000226   Data           1  gps.o(.data)
    crosstrack_error                         0x20000228   Data           2  gps.o(.data)
    waypoint_speed_gov                       0x2000022a   Data           2  gps.o(.data)
    nav_takeoff_bearing                      0x2000022c   Data           2  gps.o(.data)
    _payload_length                          0x2000022e   Data           2  gps.o(.data)
    _payload_counter                         0x20000230   Data           2  gps.o(.data)
    actual_speed                             0x20000232   Data           4  gps.o(.data)
    nav_loopTimer                            0x20000238   Data           4  gps.o(.data)
    speed_old                                0x2000023c   Data           4  gps.o(.data)
    dTnav                                    0x20000240   Data           4  gps.o(.data)
    GPS_scaleLonDown                         0x20000244   Data           4  gps.o(.data)
    rate_error                               0x20000248   Data           4  gps.o(.data)
    target_bearing                           0x2000024c   Data           4  gps.o(.data)
    original_target_bearing                  0x20000250   Data           4  gps.o(.data)
    wp_distance                              0x20000254   Data           4  gps.o(.data)
    fraction3                                0x20000258   Data           4  gps.o(.data)
    nav_bearing                              0x2000025c   Data           4  gps.o(.data)
    last                                     0x20000260   Data           8  gps.o(.data)
    error                                    0x20000268   Data           8  gps.o(.data)
    GPS_WP                                   0x20000270   Data           8  gps.o(.data)
    GPS_filter_sum                           0x20000278   Data           8  gps.o(.data)
    GPS_read                                 0x20000280   Data           8  gps.o(.data)
    GPS_filtered                             0x20000288   Data           8  gps.o(.data)
    GPS_degree                               0x20000290   Data           8  gps.o(.data)
    .data                                    0x20000298   Section      110  imu.o(.data)
    baroHistIdx                              0x20000298   Data           1  imu.o(.data)
    gyroYawSmooth                            0x200002a0   Data           2  imu.o(.data)
    Smoothing                                0x200002a2   Data           3  imu.o(.data)
    timeInterleave                           0x200002b0   Data           4  imu.o(.data)
    previousT                                0x200002b4   Data           4  imu.o(.data)
    deadLine                                 0x200002b8   Data           4  imu.o(.data)
    baroHigh                                 0x200002bc   Data           4  imu.o(.data)
    vel                                      0x200002c0   Data           4  imu.o(.data)
    lastBaroAlt                              0x200002c4   Data           4  imu.o(.data)
    _lastTime                                0x200002c8   Data           4  imu.o(.data)
    gyroADCprevious                          0x200002e2   Data           6  imu.o(.data)
    gyroSmooth                               0x200002e8   Data           6  imu.o(.data)
    .data                                    0x20000306   Section        6  imu.o(.data)
    .data                                    0x2000030c   Section        2  imu.o(.data)
    .data                                    0x20000310   Section       16  kalmanfilterfrontend.o(.data)
    _init                                    0x20000310   Data           4  kalmanfilterfrontend.o(.data)
    _lastTime                                0x20000314   Data           4  kalmanfilterfrontend.o(.data)
    _init                                    0x20000318   Data           4  kalmanfilterfrontend.o(.data)
    _lastTime                                0x2000031c   Data           4  kalmanfilterfrontend.o(.data)
    .data                                    0x20000320   Section       18  mixer.o(.data)
    numberMotor                              0x20000320   Data           1  mixer.o(.data)
    .data                                    0x20000334   Section      168  mw.o(.data)
    buzzerFreq                               0x20000336   Data           1  mw.o(.data)
    vbatTimer                                0x20000337   Data           1  mw.o(.data)
    ind                                      0x20000338   Data           1  mw.o(.data)
    rc4ValuesIndex                           0x20000339   Data           1  mw.o(.data)
    rcDelayCommand                           0x2000033a   Data           1  mw.o(.data)
    taskOrder                                0x2000033b   Data           1  mw.o(.data)
    initialThrottleHold                      0x2000034c   Data           2  mw.o(.data)
    calibratedAccTime                        0x2000036c   Data           4  mw.o(.data)
    LEDTime                                  0x20000370   Data           4  mw.o(.data)
    GPSLEDTime                               0x20000374   Data           4  mw.o(.data)
    errorAngleI                              0x20000378   Data           4  mw.o(.data)
    rcTime                                   0x2000037c   Data           4  mw.o(.data)
    loopTime                                 0x20000380   Data           4  mw.o(.data)
    lastGyro                                 0x2000038c   Data           6  mw.o(.data)
    delta1                                   0x20000392   Data           6  mw.o(.data)
    delta2                                   0x20000398   Data           6  mw.o(.data)
    errorGyroI                               0x2000039e   Data           6  mw.o(.data)
    .data                                    0x200003dc   Section        2  mw.o(.data)
    .data                                    0x200003de   Section        1  mw.o(.data)
    .data                                    0x200003e0   Section        2  mw.o(.data)
    .data                                    0x200003e2   Section        1  mw.o(.data)
    .data                                    0x200003e3   Section        1  mw.o(.data)
    .data                                    0x200003e4   Section        8  mw.o(.data)
    .data                                    0x200003ec   Section        2  mw.o(.data)
    .data                                    0x200003ee   Section        2  mw.o(.data)
    .data                                    0x200003f0   Section        2  mw.o(.data)
    .data                                    0x200003f2   Section        2  mw.o(.data)
    .data                                    0x200003f4   Section        8  printf.o(.data)
    stdout_putf                              0x200003f4   Data           4  printf.o(.data)
    stdout_putp                              0x200003f8   Data           4  printf.o(.data)
    .data                                    0x200003fc   Section       64  sensors.o(.data)
    magInit                                  0x200003fd   Data           1  sensors.o(.data)
    state                                    0x200003fe   Data           1  sensors.o(.data)
    angleTrim_saved                          0x20000406   Data           4  sensors.o(.data)
    baroDeadline                             0x2000040c   Data           4  sensors.o(.data)
    t                                        0x20000410   Data           4  sensors.o(.data)
    tCal                                     0x20000414   Data           4  sensors.o(.data)
    accZero_saved                            0x20000418   Data           6  sensors.o(.data)
    previousGyroADC                          0x2000041e   Data           6  sensors.o(.data)
    magZeroTempMin                           0x20000424   Data           6  sensors.o(.data)
    magZeroTempMax                           0x2000042a   Data           6  sensors.o(.data)
    magCal                                   0x20000430   Data          12  sensors.o(.data)
    .data                                    0x2000043c   Section        2  sensors.o(.data)
    .data                                    0x2000043e   Section        2  sensors.o(.data)
    .data                                    0x20000440   Section       10  serial.o(.data)
    guiConnected                             0x20000440   Data           1  serial.o(.data)
    t                                        0x20000442   Data           1  serial.o(.data)
    t                                        0x20000443   Data           1  serial.o(.data)
    offset                                   0x20000444   Data           1  serial.o(.data)
    dataSize                                 0x20000445   Data           1  serial.o(.data)
    c_state                                  0x20000446   Data           1  serial.o(.data)
    checksum                                 0x20000447   Data           1  serial.o(.data)
    indRX                                    0x20000448   Data           1  serial.o(.data)
    cmdMSP                                   0x20000449   Data           1  serial.o(.data)
    .data                                    0x2000044c   Section       16  spektrum.o(.data)
    rcFrameComplete                          0x2000044c   Data           1  spektrum.o(.data)
    spekDataIncoming                         0x2000044d   Data           1  spektrum.o(.data)
    spekFramePosition                        0x2000044e   Data           1  spektrum.o(.data)
    spek_chan_shift                          0x2000044f   Data           1  spektrum.o(.data)
    spek_chan_mask                           0x20000450   Data           1  spektrum.o(.data)
    spekTimeLast                             0x20000454   Data           4  spektrum.o(.data)
    spekTimeInterval                         0x20000458   Data           4  spektrum.o(.data)
    .data                                    0x2000045c   Section        8  telemetry.o(.data)
    telemetryEnabled                         0x2000045c   Data           1  telemetry.o(.data)
    cycleNum                                 0x2000045d   Data           1  telemetry.o(.data)
    currentCell                              0x2000045e   Data           2  telemetry.o(.data)
    lastCycleTime                            0x20000460   Data           4  telemetry.o(.data)
    .data                                    0x20000464   Section        4  errno.o(.data)
    _errno                                   0x20000464   Data           4  errno.o(.data)
    .bss                                     0x20000468   Section       16  drv_ms5611.o(.bss)
    ms5611_c                                 0x20000468   Data          16  drv_ms5611.o(.bss)
    .bss                                     0x20000478   Section      496  drv_pwm.o(.bss)
    pwmPorts                                 0x20000478   Data         400  drv_pwm.o(.bss)
    captures                                 0x20000608   Data          16  drv_pwm.o(.bss)
    motors                                   0x20000618   Data          48  drv_pwm.o(.bss)
    servos                                   0x20000648   Data          32  drv_pwm.o(.bss)
    .bss                                     0x20000668   Section      768  drv_uart.o(.bss)
    .bss                                     0x20000968   Section       48  cli.o(.bss)
    cliBuffer                                0x20000968   Data          48  cli.o(.bss)
    .bss                                     0x20000998   Section      476  config.o(.bss)
    .bss                                     0x20000b74   Section      288  gps.o(.bss)
    string                                   0x20000b74   Data          15  gps.o(.bss)
    posholdPID_PARAM                         0x20000b84   Data          16  gps.o(.bss)
    poshold_ratePID_PARAM                    0x20000b94   Data          16  gps.o(.bss)
    navPID_PARAM                             0x20000ba4   Data          16  gps.o(.bss)
    posholdPID                               0x20000bb4   Data          40  gps.o(.bss)
    poshold_ratePID                          0x20000bdc   Data          40  gps.o(.bss)
    navPID                                   0x20000c04   Data          40  gps.o(.bss)
    GPS_filter                               0x20000c2c   Data          40  gps.o(.bss)
    _buffer                                  0x20000c54   Data          64  gps.o(.bss)
    .bss                                     0x20000c94   Section      144  imu.o(.bss)
    EstM                                     0x20000c94   Data          12  imu.o(.bss)
    accLPF                                   0x20000ca0   Data          12  imu.o(.bss)
    baroHistTab                              0x20000cac   Data          96  imu.o(.bss)
    .bss                                     0x20000d24   Section      312  kalmanfilterfrontend.o(.bss)
    .bss                                     0x20000e5c   Section      216  mixer.o(.bss)
    currentMixer                             0x20000e74   Data         192  mixer.o(.bss)
    .bss                                     0x20000f34   Section      173  mw.o(.bss)
    vbatRawArray                             0x20000f34   Data          16  mw.o(.bss)
    rcData4Values                            0x20000f44   Data          64  mw.o(.bss)
    rcDataMean                               0x20000f84   Data          16  mw.o(.bss)
    lastDTerm                                0x20000f94   Data          12  mw.o(.bss)
    .bss                                     0x20000fe4   Section      156  sensors.o(.bss)
    a                                        0x20000fe4   Data          12  sensors.o(.bss)
    b                                        0x20000ff0   Data          12  sensors.o(.bss)
    g                                        0x20000ffc   Data          12  sensors.o(.bss)
    var                                      0x20001008   Data          60  sensors.o(.bss)
    .bss                                     0x20001080   Section       64  serial.o(.bss)
    inBuf                                    0x20001080   Data          64  serial.o(.bss)
    .bss                                     0x200010c0   Section       48  simpleintegrator.o(.bss)
    nullValueCounter                         0x200010c0   Data          12  simpleintegrator.o(.bss)
    .bss                                     0x200010f0   Section       44  spektrum.o(.bss)
    spekChannelData                          0x200010f0   Data          28  spektrum.o(.bss)
    STACK                                    0x20001120   Section     1024  startup_stm32f4xx.o(STACK)

    Global Symbols

    Symbol Name                              Value     Ov Type        Size  Object(Section)

    BuildAttributes$$THM_ISAv4$E$P$D$K$B$S$7EM$VFPi3$EXTD16$VFPS$VFMA$PE$A:L22UL41UL21$X:L11$S22US41US21$IEEE1$IW$USESV6$~STKCKD$USESV7$~SHL$OTIME$ROPI$IEEEX$EBA8$MICROLIB$REQ8$PRES8$EABIv2 0x00000000   Number         0  anon$$obj.o ABSOLUTE
    __ARM_use_no_argv                        0x00000000   Number         0  main.o ABSOLUTE
    _clock_init                               - Undefined Weak Reference
    __Vectors_Size                           0x00000188   Number         0  startup_stm32f4xx.o ABSOLUTE
    __Vectors                                0x08000000   Data           4  startup_stm32f4xx.o(RESET)
    __Vectors_End                            0x08000188   Data           0  startup_stm32f4xx.o(RESET)
    __main                                   0x08000189   Thumb Code     0  entry.o(.ARM.Collect$$$$00000000)
    _main_stk                                0x08000189   Thumb Code     0  entry2.o(.ARM.Collect$$$$00000001)
    _main_scatterload                        0x0800018d   Thumb Code     0  entry5.o(.ARM.Collect$$$$00000004)
    __main_after_scatterload                 0x08000191   Thumb Code     0  entry5.o(.ARM.Collect$$$$00000004)
    _main_clock                              0x08000191   Thumb Code     0  entry7b.o(.ARM.Collect$$$$00000008)
    _main_init                               0x08000191   Thumb Code     0  entry8.o(.ARM.Collect$$$$00000009)
    SystemInit                               0x08000245   Thumb Code    72  system_stm32f4xx.o(.text)
    SystemCoreClockUpdate                    0x0800028d   Thumb Code   110  system_stm32f4xx.o(.text)
    NVIC_PriorityGroupConfig                 0x08000329   Thumb Code    10  misc.o(.text)
    NVIC_Init                                0x08000333   Thumb Code    92  misc.o(.text)
    ADC_DeInit                               0x0800039d   Thumb Code    24  stm32f4xx_adc.o(.text)
    ADC_Init                                 0x080003b5   Thumb Code    66  stm32f4xx_adc.o(.text)
    ADC_CommonInit                           0x080003f7   Thumb Code    40  stm32f4xx_adc.o(.text)
    ADC_Cmd                                  0x0800041f   Thumb Code    20  stm32f4xx_adc.o(.text)
    ADC_RegularChannelConfig                 0x08000433   Thumb Code   116  stm32f4xx_adc.o(.text)
    ADC_SoftwareStartConv                    0x080004a7   Thumb Code    10  stm32f4xx_adc.o(.text)
    ADC_DMACmd                               0x080004b1   Thumb Code    20  stm32f4xx_adc.o(.text)
    DMA_DeInit                               0x080004d5   Thumb Code   270  stm32f4xx_dma.o(.text)
    DMA_Init                                 0x080005e3   Thumb Code    80  stm32f4xx_dma.o(.text)
    DMA_Cmd                                  0x08000633   Thumb Code    20  stm32f4xx_dma.o(.text)
    DMA_SetCurrDataCounter                   0x08000647   Thumb Code     4  stm32f4xx_dma.o(.text)
    DMA_GetCurrDataCounter                   0x0800064b   Thumb Code     6  stm32f4xx_dma.o(.text)
    DMA_GetCmdStatus                         0x08000651   Thumb Code    14  stm32f4xx_dma.o(.text)
    DMA_ITConfig                             0x0800065f   Thumb Code    44  stm32f4xx_dma.o(.text)
    DMA_GetITStatus                          0x0800068b   Thumb Code    72  stm32f4xx_dma.o(.text)
    DMA_ClearITPendingBit                    0x080006d3   Thumb Code    34  stm32f4xx_dma.o(.text)
    EXTI_Init                                0x08000715   Thumb Code   112  stm32f4xx_exti.o(.text)
    EXTI_GetITStatus                         0x08000785   Thumb Code    28  stm32f4xx_exti.o(.text)
    EXTI_ClearITPendingBit                   0x080007a1   Thumb Code     8  stm32f4xx_exti.o(.text)
    FLASH_Unlock                             0x080007ad   Thumb Code    22  stm32f4xx_flash.o(.text)
    FLASH_Lock                               0x080007c3   Thumb Code    12  stm32f4xx_flash.o(.text)
    FLASH_GetStatus                          0x080007cf   Thumb Code    48  stm32f4xx_flash.o(.text)
    FLASH_WaitForLastOperation               0x080007ff   Thumb Code    12  stm32f4xx_flash.o(.text)
    FLASH_EraseSector                        0x0800080b   Thumb Code   108  stm32f4xx_flash.o(.text)
    FLASH_ProgramWord                        0x08000877   Thumb Code    58  stm32f4xx_flash.o(.text)
    FLASH_ClearFlag                          0x080008b1   Thumb Code     8  stm32f4xx_flash.o(.text)
    GPIO_Init                                0x080008c5   Thumb Code   124  stm32f4xx_gpio.o(.text)
    GPIO_StructInit                          0x08000941   Thumb Code    18  stm32f4xx_gpio.o(.text)
    GPIO_ReadInputDataBit                    0x08000953   Thumb Code    14  stm32f4xx_gpio.o(.text)
    GPIO_SetBits                             0x08000961   Thumb Code     4  stm32f4xx_gpio.o(.text)
    GPIO_ResetBits                           0x08000965   Thumb Code     4  stm32f4xx_gpio.o(.text)
    GPIO_PinAFConfig                         0x08000969   Thumb Code    32  stm32f4xx_gpio.o(.text)
    I2C_DeInit                               0x08000989   Thumb Code    56  stm32f4xx_i2c.o(.text)
    I2C_Init                                 0x080009c1   Thumb Code   172  stm32f4xx_i2c.o(.text)
    I2C_StructInit                           0x08000a6d   Thumb Code    28  stm32f4xx_i2c.o(.text)
    I2C_Cmd                                  0x08000a89   Thumb Code    20  stm32f4xx_i2c.o(.text)
    I2C_GenerateSTART                        0x08000a9d   Thumb Code    20  stm32f4xx_i2c.o(.text)
    I2C_GenerateSTOP                         0x08000ab1   Thumb Code    20  stm32f4xx_i2c.o(.text)
    I2C_Send7bitAddress                      0x08000ac5   Thumb Code    16  stm32f4xx_i2c.o(.text)
    I2C_AcknowledgeConfig                    0x08000ad5   Thumb Code    20  stm32f4xx_i2c.o(.text)
    I2C_SendData                             0x08000ae9   Thumb Code     4  stm32f4xx_i2c.o(.text)
    I2C_ReceiveData                          0x08000aed   Thumb Code     6  stm32f4xx_i2c.o(.text)
    I2C_ITConfig                             0x08000af3   Thumb Code    16  stm32f4xx_i2c.o(.text)
    RCC_GetClocksFreq                        0x08000b19   Thumb Code   138  stm32f4xx_rcc.o(.text)
    RCC_AHB1PeriphClockCmd                   0x08000ba3   Thumb Code    20  stm32f4xx_rcc.o(.text)
    RCC_APB1PeriphClockCmd                   0x08000bb7   Thumb Code    20  stm32f4xx_rcc.o(.text)
    RCC_APB2PeriphClockCmd                   0x08000bcb   Thumb Code    20  stm32f4xx_rcc.o(.text)
    RCC_APB1PeriphResetCmd                   0x08000bdf   Thumb Code    20  stm32f4xx_rcc.o(.text)
    RCC_APB2PeriphResetCmd                   0x08000bf3   Thumb Code    20  stm32f4xx_rcc.o(.text)
    RCC_ClearFlag                            0x08000c07   Thumb Code    14  stm32f4xx_rcc.o(.text)
    SPI_Init                                 0x08000c21   Thumb Code    56  stm32f4xx_spi.o(.text)
    SPI_Cmd                                  0x08000c59   Thumb Code    20  stm32f4xx_spi.o(.text)
    SPI_I2S_ReceiveData                      0x08000c6d   Thumb Code     4  stm32f4xx_spi.o(.text)
    SPI_I2S_SendData                         0x08000c71   Thumb Code     4  stm32f4xx_spi.o(.text)
    SPI_I2S_GetFlagStatus                    0x08000c75   Thumb Code    14  stm32f4xx_spi.o(.text)
    SYSCFG_EXTILineConfig                    0x08000c85   Thumb Code    34  stm32f4xx_syscfg.o(.text)
    TIM_TimeBaseInit                         0x08000cad   Thumb Code   100  stm32f4xx_tim.o(.text)
    TIM_TimeBaseStructInit                   0x08000d11   Thumb Code    18  stm32f4xx_tim.o(.text)
    TIM_Cmd                                  0x08000d23   Thumb Code    20  stm32f4xx_tim.o(.text)
    TIM_OC1Init                              0x08000d37   Thumb Code    88  stm32f4xx_tim.o(.text)
    TIM_OC2Init                              0x08000d8f   Thumb Code   116  stm32f4xx_tim.o(.text)
    TIM_OC3Init                              0x08000e03   Thumb Code   112  stm32f4xx_tim.o(.text)
    TIM_OC4Init                              0x08000e73   Thumb Code    84  stm32f4xx_tim.o(.text)
    TIM_OCStructInit                         0x08000ec7   Thumb Code    20  stm32f4xx_tim.o(.text)
    TIM_OC1PreloadConfig                     0x08000edb   Thumb Code    12  stm32f4xx_tim.o(.text)
    TIM_OC2PreloadConfig                     0x08000ee7   Thumb Code    14  stm32f4xx_tim.o(.text)
    TIM_OC3PreloadConfig                     0x08000ef5   Thumb Code    12  stm32f4xx_tim.o(.text)
    TIM_OC4PreloadConfig                     0x08000f01   Thumb Code    14  stm32f4xx_tim.o(.text)
    TIM_SetIC4Prescaler                      0x08000f0f   Thumb Code    18  stm32f4xx_tim.o(.text)
    TIM_SetIC3Prescaler                      0x08000f21   Thumb Code    16  stm32f4xx_tim.o(.text)
    TIM_SetIC2Prescaler                      0x08000f31   Thumb Code    18  stm32f4xx_tim.o(.text)
    TIM_SetIC1Prescaler                      0x08000f71   Thumb Code    16  stm32f4xx_tim.o(.text)
    TIM_ICInit                               0x08000f81   Thumb Code   152  stm32f4xx_tim.o(.text)
    TIM_ICStructInit                         0x08001019   Thumb Code    16  stm32f4xx_tim.o(.text)
    TIM_GetCapture1                          0x08001029   Thumb Code     4  stm32f4xx_tim.o(.text)
    TIM_GetCapture2                          0x0800102d   Thumb Code     4  stm32f4xx_tim.o(.text)
    TIM_GetCapture3                          0x08001031   Thumb Code     4  stm32f4xx_tim.o(.text)
    TIM_GetCapture4                          0x08001035   Thumb Code     4  stm32f4xx_tim.o(.text)
    TIM_CtrlPWMOutputs                       0x08001039   Thumb Code    22  stm32f4xx_tim.o(.text)
    TIM_ITConfig                             0x0800104f   Thumb Code    16  stm32f4xx_tim.o(.text)
    TIM_GetITStatus                          0x0800105f   Thumb Code    22  stm32f4xx_tim.o(.text)
    TIM_ClearITPendingBit                    0x08001075   Thumb Code     6  stm32f4xx_tim.o(.text)
    USART_Init                               0x080010c5   Thumb Code   174  stm32f4xx_usart.o(.text)
    USART_StructInit                         0x08001173   Thumb Code    22  stm32f4xx_usart.o(.text)
    USART_Cmd                                0x08001189   Thumb Code    20  stm32f4xx_usart.o(.text)
    USART_ReceiveData                        0x0800119d   Thumb Code     8  stm32f4xx_usart.o(.text)
    USART_DMACmd                             0x080011a5   Thumb Code    16  stm32f4xx_usart.o(.text)
    USART_ITConfig                           0x080011b5   Thumb Code    48  stm32f4xx_usart.o(.text)
    Reset_Handler                            0x080011ed   Thumb Code     8  startup_stm32f4xx.o(.text)
    NMI_Handler                              0x080011f5   Thumb Code     2  startup_stm32f4xx.o(.text)
    MemManage_Handler                        0x080011f9   Thumb Code     2  startup_stm32f4xx.o(.text)
    BusFault_Handler                         0x080011fb   Thumb Code     2  startup_stm32f4xx.o(.text)
    UsageFault_Handler                       0x080011fd   Thumb Code     2  startup_stm32f4xx.o(.text)
    SVC_Handler                              0x080011ff   Thumb Code     2  startup_stm32f4xx.o(.text)
    DebugMon_Handler                         0x08001201   Thumb Code     2  startup_stm32f4xx.o(.text)
    PendSV_Handler                           0x08001203   Thumb Code     2  startup_stm32f4xx.o(.text)
    ADC_IRQHandler                           0x08001207   Thumb Code     0  startup_stm32f4xx.o(.text)
    CAN1_RX0_IRQHandler                      0x08001207   Thumb Code     0  startup_stm32f4xx.o(.text)
    CAN1_RX1_IRQHandler                      0x08001207   Thumb Code     0  startup_stm32f4xx.o(.text)
    CAN1_SCE_IRQHandler                      0x08001207   Thumb Code     0  startup_stm32f4xx.o(.text)
    CAN1_TX_IRQHandler                       0x08001207   Thumb Code     0  startup_stm32f4xx.o(.text)
    CAN2_RX0_IRQHandler                      0x08001207   Thumb Code     0  startup_stm32f4xx.o(.text)
    CAN2_RX1_IRQHandler                      0x08001207   Thumb Code     0  startup_stm32f4xx.o(.text)
    CAN2_SCE_IRQHandler                      0x08001207   Thumb Code     0  startup_stm32f4xx.o(.text)
    CAN2_TX_IRQHandler                       0x08001207   Thumb Code     0  startup_stm32f4xx.o(.text)
    CRYP_IRQHandler                          0x08001207   Thumb Code     0  startup_stm32f4xx.o(.text)
    DCMI_IRQHandler                          0x08001207   Thumb Code     0  startup_stm32f4xx.o(.text)
    DMA1_Stream0_IRQHandler                  0x08001207   Thumb Code     0  startup_stm32f4xx.o(.text)
    DMA1_Stream1_IRQHandler                  0x08001207   Thumb Code     0  startup_stm32f4xx.o(.text)
    DMA1_Stream2_IRQHandler                  0x08001207   Thumb Code     0  startup_stm32f4xx.o(.text)
    DMA1_Stream3_IRQHandler                  0x08001207   Thumb Code     0  startup_stm32f4xx.o(.text)
    DMA1_Stream4_IRQHandler                  0x08001207   Thumb Code     0  startup_stm32f4xx.o(.text)
    DMA1_Stream5_IRQHandler                  0x08001207   Thumb Code     0  startup_stm32f4xx.o(.text)
    DMA1_Stream6_IRQHandler                  0x08001207   Thumb Code     0  startup_stm32f4xx.o(.text)
    DMA1_Stream7_IRQHandler                  0x08001207   Thumb Code     0  startup_stm32f4xx.o(.text)
    DMA2_Stream0_IRQHandler                  0x08001207   Thumb Code     0  startup_stm32f4xx.o(.text)
    DMA2_Stream1_IRQHandler                  0x08001207   Thumb Code     0  startup_stm32f4xx.o(.text)
    DMA2_Stream2_IRQHandler                  0x08001207   Thumb Code     0  startup_stm32f4xx.o(.text)
    DMA2_Stream3_IRQHandler                  0x08001207   Thumb Code     0  startup_stm32f4xx.o(.text)
    DMA2_Stream4_IRQHandler                  0x08001207   Thumb Code     0  startup_stm32f4xx.o(.text)
    DMA2_Stream5_IRQHandler                  0x08001207   Thumb Code     0  startup_stm32f4xx.o(.text)
    DMA2_Stream6_IRQHandler                  0x08001207   Thumb Code     0  startup_stm32f4xx.o(.text)
    ETH_IRQHandler                           0x08001207   Thumb Code     0  startup_stm32f4xx.o(.text)
    ETH_WKUP_IRQHandler                      0x08001207   Thumb Code     0  startup_stm32f4xx.o(.text)
    EXTI0_IRQHandler                         0x08001207   Thumb Code     0  startup_stm32f4xx.o(.text)
    EXTI2_IRQHandler                         0x08001207   Thumb Code     0  startup_stm32f4xx.o(.text)
    EXTI3_IRQHandler                         0x08001207   Thumb Code     0  startup_stm32f4xx.o(.text)
    EXTI4_IRQHandler                         0x08001207   Thumb Code     0  startup_stm32f4xx.o(.text)
    FLASH_IRQHandler                         0x08001207   Thumb Code     0  startup_stm32f4xx.o(.text)
    FPU_IRQHandler                           0x08001207   Thumb Code     0  startup_stm32f4xx.o(.text)
    FSMC_IRQHandler                          0x08001207   Thumb Code     0  startup_stm32f4xx.o(.text)
    HASH_RNG_IRQHandler                      0x08001207   Thumb Code     0  startup_stm32f4xx.o(.text)
    I2C3_ER_IRQHandler                       0x08001207   Thumb Code     0  startup_stm32f4xx.o(.text)
    I2C3_EV_IRQHandler                       0x08001207   Thumb Code     0  startup_stm32f4xx.o(.text)
    OTG_FS_IRQHandler                        0x08001207   Thumb Code     0  startup_stm32f4xx.o(.text)
    OTG_FS_WKUP_IRQHandler                   0x08001207   Thumb Code     0  startup_stm32f4xx.o(.text)
    OTG_HS_EP1_IN_IRQHandler                 0x08001207   Thumb Code     0  startup_stm32f4xx.o(.text)
    OTG_HS_EP1_OUT_IRQHandler                0x08001207   Thumb Code     0  startup_stm32f4xx.o(.text)
    OTG_HS_IRQHandler                        0x08001207   Thumb Code     0  startup_stm32f4xx.o(.text)
    OTG_HS_WKUP_IRQHandler                   0x08001207   Thumb Code     0  startup_stm32f4xx.o(.text)
    PVD_IRQHandler                           0x08001207   Thumb Code     0  startup_stm32f4xx.o(.text)
    RCC_IRQHandler                           0x08001207   Thumb Code     0  startup_stm32f4xx.o(.text)
    RTC_Alarm_IRQHandler                     0x08001207   Thumb Code     0  startup_stm32f4xx.o(.text)
    RTC_WKUP_IRQHandler                      0x08001207   Thumb Code     0  startup_stm32f4xx.o(.text)
    SDIO_IRQHandler                          0x08001207   Thumb Code     0  startup_stm32f4xx.o(.text)
    SPI1_IRQHandler                          0x08001207   Thumb Code     0  startup_stm32f4xx.o(.text)
    SPI2_IRQHandler                          0x08001207   Thumb Code     0  startup_stm32f4xx.o(.text)
    SPI3_IRQHandler                          0x08001207   Thumb Code     0  startup_stm32f4xx.o(.text)
    TAMP_STAMP_IRQHandler                    0x08001207   Thumb Code     0  startup_stm32f4xx.o(.text)
    TIM1_BRK_TIM9_IRQHandler                 0x08001207   Thumb Code     0  startup_stm32f4xx.o(.text)
    TIM1_TRG_COM_TIM11_IRQHandler            0x08001207   Thumb Code     0  startup_stm32f4xx.o(.text)
    TIM1_UP_TIM10_IRQHandler                 0x08001207   Thumb Code     0  startup_stm32f4xx.o(.text)
    TIM6_DAC_IRQHandler                      0x08001207   Thumb Code     0  startup_stm32f4xx.o(.text)
    TIM7_IRQHandler                          0x08001207   Thumb Code     0  startup_stm32f4xx.o(.text)
    TIM8_BRK_TIM12_IRQHandler                0x08001207   Thumb Code     0  startup_stm32f4xx.o(.text)
    TIM8_TRG_COM_TIM14_IRQHandler            0x08001207   Thumb Code     0  startup_stm32f4xx.o(.text)
    TIM8_UP_TIM13_IRQHandler                 0x08001207   Thumb Code     0  startup_stm32f4xx.o(.text)
    UART4_IRQHandler                         0x08001207   Thumb Code     0  startup_stm32f4xx.o(.text)
    UART5_IRQHandler                         0x08001207   Thumb Code     0  startup_stm32f4xx.o(.text)
    USART1_IRQHandler                        0x08001207   Thumb Code     0  startup_stm32f4xx.o(.text)
    USART6_IRQHandler                        0x08001207   Thumb Code     0  startup_stm32f4xx.o(.text)
    WWDG_IRQHandler                          0x08001207   Thumb Code     0  startup_stm32f4xx.o(.text)
    adcInit                                  0x08001211   Thumb Code   254  drv_adc.o(.text)
    adcGetChannel                            0x0800130f   Thumb Code     8  drv_adc.o(.text)
    adxl345Detect                            0x0800143d   Thumb Code    60  drv_adxl345.o(.text)
    EXTI15_10_IRQHandler                     0x0800148d   Thumb Code    30  drv_bmp085.o(.text)
    ECHO_EXTI_IRQHandler                     0x080014b1   Thumb Code    54  drv_hcsr04.o(.text)
    EXTI1_IRQHandler                         0x080014e7   Thumb Code     2  drv_hcsr04.o(.text)
    EXTI9_5_IRQHandler                       0x080014e9   Thumb Code     2  drv_hcsr04.o(.text)
    hcsr04_init                              0x080014eb   Thumb Code   176  drv_hcsr04.o(.text)
    hcsr04_get_distance                      0x0800159b   Thumb Code    52  drv_hcsr04.o(.text)
    hmc5883lDetect                           0x080015d9   Thumb Code    38  drv_hmc5883l.o(.text)
    hmc5883lInit                             0x080015ff   Thumb Code    48  drv_hmc5883l.o(.text)
    hmc5883lCal                              0x0800162f   Thumb Code    44  drv_hmc5883l.o(.text)
    hmc5883lFinishCal                        0x0800165b   Thumb Code    36  drv_hmc5883l.o(.text)
    hmc5883lRead                             0x0800167f   Thumb Code    42  drv_hmc5883l.o(.text)
    i2cInit                                  0x080016ad   Thumb Code   204  drv_i2c.o(.text)
    I2C1_ER_IRQHandler                       0x080017eb   Thumb Code     2  drv_i2c.o(.text)
    I2C1_EV_IRQHandler                       0x08001a0d   Thumb Code     2  drv_i2c.o(.text)
    I2C2_ER_IRQHandler                       0x08001a0f   Thumb Code     2  drv_i2c.o(.text)
    I2C2_EV_IRQHandler                       0x08001a11   Thumb Code     2  drv_i2c.o(.text)
    i2cWriteBuffer                           0x08001a13   Thumb Code   136  drv_i2c.o(.text)
    i2cWrite                                 0x08001a9b   Thumb Code    12  drv_i2c.o(.text)
    i2cRead                                  0x08001aa7   Thumb Code   122  drv_i2c.o(.text)
    i2cGetErrorCounter                       0x08001b21   Thumb Code     6  drv_i2c.o(.text)
    l3g4200dDetect                           0x08001c87   Thumb Code    50  drv_l3g4200d.o(.text)
    l3g4200dConfig                           0x08001cb9   Thumb Code    50  drv_l3g4200d.o(.text)
    ledringState                             0x08001cfd   Thumb Code   194  drv_ledring.o(.text)
    ledringBlink                             0x08001dbf   Thumb Code    32  drv_ledring.o(.text)
    mma8452Detect                            0x08001ec1   Thumb Code    60  drv_mma845x.o(.text)
    mpu3050Detect                            0x08001fdd   Thumb Code    44  drv_mpu3050.o(.text)
    mpu3050Config                            0x08002009   Thumb Code    70  drv_mpu3050.o(.text)
    ms5611Detect                             0x080021a9   Thumb Code   142  drv_ms5611.o(.text)
    TIM1_CC_IRQHandler                       0x0800251d   Thumb Code   158  drv_pwm.o(.text)
    TIM8_CC_IRQHandler                       0x080025bb   Thumb Code   158  drv_pwm.o(.text)
    TIM2_IRQHandler                          0x08002659   Thumb Code    80  drv_pwm.o(.text)
    TIM3_IRQHandler                          0x080026a9   Thumb Code   124  drv_pwm.o(.text)
    TIM4_IRQHandler                          0x08002725   Thumb Code   150  drv_pwm.o(.text)
    TIM5_IRQHandler                          0x080027bb   Thumb Code   156  drv_pwm.o(.text)
    pwmInit                                  0x080028e7   Thumb Code   174  drv_pwm.o(.text)
    pwmWriteMotor                            0x08002995   Thumb Code    22  drv_pwm.o(.text)
    pwmWriteServo                            0x080029ab   Thumb Code    22  drv_pwm.o(.text)
    pwmRead                                  0x080029c1   Thumb Code     8  drv_pwm.o(.text)
    SysTick_Handler                          0x08002abf   Thumb Code    12  drv_system.o(.text)
    micros                                   0x08002acb   Thumb Code    44  drv_system.o(.text)
    millis                                   0x08002af7   Thumb Code     6  drv_system.o(.text)
    delayMicroseconds                        0x08002afd   Thumb Code    24  drv_system.o(.text)
    delay                                    0x08002b15   Thumb Code    24  drv_system.o(.text)
    systemInit                               0x08002b2d   Thumb Code   208  drv_system.o(.text)
    failureMode                              0x08002bfd   Thumb Code    76  drv_system.o(.text)
    systemReset                              0x08002c49   Thumb Code    18  drv_system.o(.text)
    DMA2_Stream7_IRQHandler                  0x08002cdb   Thumb Code    52  drv_uart.o(.text)
    uartInit                                 0x08002d0f   Thumb Code   366  drv_uart.o(.text)
    uartAvailable                            0x08002e7d   Thumb Code    26  drv_uart.o(.text)
    uartTransmitEmpty                        0x08002e97   Thumb Code    18  drv_uart.o(.text)
    uartRead                                 0x08002ea9   Thumb Code    26  drv_uart.o(.text)
    uartWrite                                0x08002ec3   Thumb Code    36  drv_uart.o(.text)
    uartPrint                                0x08002ee7   Thumb Code    20  drv_uart.o(.text)
    uart2Init                                0x08002f41   Thumb Code   182  drv_uart.o(.text)
    USART2_IRQHandler                        0x08002ff7   Thumb Code    78  drv_uart.o(.text)
    uart3Init                                0x080030b9   Thumb Code   182  drv_uart.o(.text)
    uart3ChangeBaud                          0x0800316f   Thumb Code     2  drv_uart.o(.text)
    uart3Write                               0x08003171   Thumb Code    36  drv_uart.o(.text)
    uart3TransmitEmpty                       0x08003195   Thumb Code    18  drv_uart.o(.text)
    USART3_IRQHandler                        0x080031a7   Thumb Code    78  drv_uart.o(.text)
    init_SPI1                                0x08003205   Thumb Code   178  drv_spi.o(.text)
    spi_writeByte                            0x080032b7   Thumb Code    50  drv_spi.o(.text)
    spi_readByte                             0x080032e9   Thumb Code    46  drv_spi.o(.text)
    init_SPI2                                0x08003317   Thumb Code   174  drv_spi.o(.text)
    mpu6000Detect                            0x08003519   Thumb Code    70  drv_mpu6000.o(.text)
    buzzer                                   0x08003689   Thumb Code   284  buzzer.o(.text)
    itoa                                     0x080037e5   Thumb Code    40  cli.o(.text)
    cliProcess                               0x08004617   Thumb Code  1042  cli.o(.text)
    parseRcChannels                          0x08004a81   Thumb Code    44  config.o(.text)
    readEEPROM                               0x08004aad   Thumb Code   224  config.o(.text)
    writeParams                              0x08004b8d   Thumb Code   132  config.o(.text)
    setFeature                               0x08004c11   Thumb Code    10  config.o(.text)
    checkFirstTime                           0x08004e31   Thumb Code   124  config.o(.text)
    getSensors                               0x08004ead   Thumb Code    16  config.o(.text)
    setSensors                               0x08004ebd   Thumb Code    10  config.o(.text)
    clearSensors                             0x08004ec7   Thumb Code    10  config.o(.text)
    sensorsMask                              0x08004ed1   Thumb Code     6  config.o(.text)
    getFeature                               0x08004ed7   Thumb Code    16  config.o(.text)
    featureClear                             0x08004ee7   Thumb Code    10  config.o(.text)
    featureMask                              0x08004ef1   Thumb Code     6  config.o(.text)
    wrap_18000                               0x08004f37   Thumb Code    26  gps.o(.text)
    GPS_reset_home_position                  0x08005401   Thumb Code    48  gps.o(.text)
    GPS_coord_to_degrees                     0x080055f1   Thumb Code   160  gps.o(.text)
    gpsInit                                  0x08005ba1   Thumb Code   218  gps.o(.text)
    GPS_reset_nav                            0x08005c7b   Thumb Code    80  gps.o(.text)
    GPS_set_next_wp                          0x08005ccb   Thumb Code    78  gps.o(.text)
    imuInit                                  0x08005e19   Thumb Code    82  imu.o(.text)
    rotateV                                  0x08005e6b   Thumb Code   208  imu.o(.text)
    applyDeadband16                          0x08005f3b   Thumb Code    36  imu.o(.text)
    integratorStep                           0x08005f5f   Thumb Code   342  imu.o(.text)
    computeIMU                               0x08006439   Thumb Code   304  imu.o(.text)
    applyDeadbandFloat                       0x08006569   Thumb Code    92  imu.o(.text)
    InvSqrt                                  0x080065c5   Thumb Code    40  imu.o(.text)
    getEstimatedAltitude                     0x080065ed   Thumb Code   774  imu.o(.text)
    initKalman1D                             0x0800692d   Thumb Code    50  kalman1d.o(.text)
    kalman1DUpdate32                         0x0800695f   Thumb Code   202  kalman1d.o(.text)
    kalman1DUpdate                           0x08006a29   Thumb Code    24  kalman1d.o(.text)
    accelKalmanfilterStep                    0x08006a49   Thumb Code   212  kalmanfilterfrontend.o(.text)
    gyroKalmanfilterStep                     0x08006b1d   Thumb Code   212  kalmanfilterfrontend.o(.text)
    main                                     0x08006c13   Thumb Code   504  main.o(.text)
    HardFault_Handler                        0x08006e0b   Thumb Code    12  main.o(.text)
    mixerInit                                0x08006e49   Thumb Code   132  mixer.o(.text)
    mixerLoadMix                             0x08006ecd   Thumb Code    76  mixer.o(.text)
    writeServos                              0x08006f19   Thumb Code   120  mixer.o(.text)
    writeMotors                              0x08006f91   Thumb Code    34  mixer.o(.text)
    writeAllMotors                           0x08006fb3   Thumb Code    28  mixer.o(.text)
    mixTable                                 0x08007101   Thumb Code  1120  mixer.o(.text)
    blinkLED                                 0x08007571   Thumb Code    86  mw.o(.text)
    annexCode                                0x080075c7   Thumb Code   894  mw.o(.text)
    pwmReadRawRC                             0x08007945   Thumb Code    32  mw.o(.text)
    computeRC                                0x08007965   Thumb Code   198  mw.o(.text)
    loop                                     0x08007a2b   Thumb Code  2820  mw.o(.text)
    tfp_format                               0x08008647   Thumb Code   306  printf.o(.text)
    init_printf                              0x08008779   Thumb Code     8  printf.o(.text)
    tfp_printf                               0x08008781   Thumb Code    34  printf.o(.text)
    sensorsAutodetect                        0x080087a9   Thumb Code   318  sensors.o(.text)
    batteryAdcToVoltage                      0x080088e7   Thumb Code    56  sensors.o(.text)
    batteryInit                              0x0800891f   Thumb Code    76  sensors.o(.text)
    ACC_getADC                               0x08008b41   Thumb Code    52  sensors.o(.text)
    Baro_update                              0x08008b75   Thumb Code   238  sensors.o(.text)
    Gyro_getADC                              0x08008dfd   Thumb Code    50  sensors.o(.text)
    Mag_init                                 0x08008e2f   Thumb Code   376  sensors.o(.text)
    Mag_getADC                               0x08008fa7   Thumb Code   420  sensors.o(.text)
    Sonar_init                               0x0800914b   Thumb Code    22  sensors.o(.text)
    Sonar_update                             0x08009161   Thumb Code     6  sensors.o(.text)
    serialize32                              0x08009195   Thumb Code    76  serial.o(.text)
    serialize16                              0x080091e1   Thumb Code    42  serial.o(.text)
    serialize8                               0x0800920b   Thumb Code    18  serial.o(.text)
    read8                                    0x0800921d   Thumb Code    14  serial.o(.text)
    read16                                   0x0800922b   Thumb Code    20  serial.o(.text)
    read32                                   0x0800923f   Thumb Code    18  serial.o(.text)
    headSerialResponse                       0x08009251   Thumb Code    50  serial.o(.text)
    headSerialReply                          0x08009283   Thumb Code     6  serial.o(.text)
    headSerialError                          0x08009289   Thumb Code     6  serial.o(.text)
    tailSerialReply                          0x0800928f   Thumb Code     6  serial.o(.text)
    serializeNames                           0x08009295   Thumb Code    22  serial.o(.text)
    serialInit                               0x080092ab   Thumb Code     4  serial.o(.text)
    serialCom                                0x080097e1   Thumb Code   234  serial.o(.text)
    resetIntegrator                          0x0800990d   Thumb Code    44  simpleintegrator.o(.text)
    accIntegratorStep                        0x08009939   Thumb Code   266  simpleintegrator.o(.text)
    spektrumInit                             0x08009a8b   Thumb Code    36  spektrum.o(.text)
    spektrumFrameComplete                    0x08009aaf   Thumb Code     6  spektrum.o(.text)
    spektrumReadRawRC                        0x08009ab5   Thumb Code   124  spektrum.o(.text)
    initTelemetry                            0x08009c19   Thumb Code    34  telemetry.o(.text)
    sendTelemetry                            0x08009c3b   Thumb Code   406  telemetry.o(.text)
    __rt_ctype_table                         0x08009e7d   Thumb Code     4  ctype_o.o(.text)
    toupper                                  0x08009e85   Thumb Code    12  toupper.o(.text)
    bsearch                                  0x08009e91   Thumb Code    70  bsearch.o(.text)
    __aeabi_memcpy                           0x08009ed7   Thumb Code    36  memcpya.o(.text)
    __aeabi_memcpy4                          0x08009ed7   Thumb Code     0  memcpya.o(.text)
    __aeabi_memcpy8                          0x08009ed7   Thumb Code     0  memcpya.o(.text)
    __aeabi_memset                           0x08009efb   Thumb Code    14  memseta.o(.text)
    __aeabi_memset4                          0x08009efb   Thumb Code     0  memseta.o(.text)
    __aeabi_memset8                          0x08009efb   Thumb Code     0  memseta.o(.text)
    __aeabi_memclr                           0x08009f09   Thumb Code     4  memseta.o(.text)
    __aeabi_memclr4                          0x08009f09   Thumb Code     0  memseta.o(.text)
    __aeabi_memclr8                          0x08009f09   Thumb Code     0  memseta.o(.text)
    _memset$wrapper                          0x08009f0d   Thumb Code    20  memseta.o(.text)
    strcat                                   0x08009f21   Thumb Code    28  strcat.o(.text)
    strstr                                   0x08009f3d   Thumb Code    44  strstr.o(.text)
    strncpy                                  0x08009f69   Thumb Code    24  strncpy.o(.text)
    strchr                                   0x08009f81   Thumb Code    18  strchr.o(.text)
    strlen                                   0x08009f93   Thumb Code    16  strlen.o(.text)
    strncasecmp                              0x08009fa3   Thumb Code    50  strncasecmp.o(.text)
    atoi                                     0x08009fd5   Thumb Code    26  atoi.o(.text)
    __aeabi_dadd                             0x08009fef   Thumb Code   320  dadd.o(.text)
    __aeabi_dsub                             0x0800a12f   Thumb Code     6  dadd.o(.text)
    __aeabi_drsub                            0x0800a135   Thumb Code     6  dadd.o(.text)
    __aeabi_dmul                             0x0800a13b   Thumb Code   224  dmul.o(.text)
    __aeabi_ddiv                             0x0800a21b   Thumb Code   222  ddiv.o(.text)
    __aeabi_i2d                              0x0800a2f9   Thumb Code    34  dflti.o(.text)
    __aeabi_ui2d                             0x0800a31b   Thumb Code    26  dfltui.o(.text)
    __aeabi_d2iz                             0x0800a335   Thumb Code    62  dfixi.o(.text)
    __aeabi_f2d                              0x0800a373   Thumb Code    44  f2d.o(.text)
    __aeabi_d2f                              0x0800a39f   Thumb Code    56  d2f.o(.text)
    __aeabi_llsl                             0x0800a3d7   Thumb Code    30  llshl.o(.text)
    _ll_shift_l                              0x0800a3d7   Thumb Code     0  llshl.o(.text)
    __aeabi_llsr                             0x0800a3f5   Thumb Code    32  llushr.o(.text)
    _ll_ushift_r                             0x0800a3f5   Thumb Code     0  llushr.o(.text)
    __aeabi_lasr                             0x0800a415   Thumb Code    36  llsshr.o(.text)
    _ll_sshift_r                             0x0800a415   Thumb Code     0  llsshr.o(.text)
    tolower                                  0x0800a439   Thumb Code    12  tolower.o(.text)
    strtol                                   0x0800a445   Thumb Code   112  strtol.o(.text)
    __I$use$fp                               0x0800a4b5   Thumb Code     0  iusefp.o(.text)
    _float_round                             0x0800a4b5   Thumb Code    18  fepilogue.o(.text)
    _float_epilogue                          0x0800a4c7   Thumb Code    90  fepilogue.o(.text)
    _double_round                            0x0800a521   Thumb Code    26  depilogue.o(.text)
    _double_epilogue                         0x0800a53b   Thumb Code   164  depilogue.o(.text)
    __ARM_scalbn                             0x0800a5df   Thumb Code    46  dscalb.o(.text)
    scalbn                                   0x0800a5df   Thumb Code     0  dscalb.o(.text)
    __aeabi_cdrcmple                         0x0800a60d   Thumb Code    38  cdrcmple.o(.text)
    __scatterload                            0x0800a635   Thumb Code    28  init.o(.text)
    __scatterload_rt2                        0x0800a635   Thumb Code     0  init.o(.text)
    _strtoul                                 0x0800a659   Thumb Code   158  _strtoul.o(.text)
    _dsqrt                                   0x0800a6f7   Thumb Code   162  dsqrt.o(.text)
    _chval                                   0x0800a799   Thumb Code    28  _chval.o(.text)
    __decompress                             0x0800a7b5   Thumb Code     0  __dczerorl2.o(.text)
    __decompress1                            0x0800a7b5   Thumb Code    92  __dczerorl2.o(.text)
    __ARM_fpclassify                         0x0800a811   Thumb Code    48  fpclassify.o(i.__ARM_fpclassify)
    __ARM_fpclassifyf                        0x0800a841   Thumb Code    38  fpclassifyf.o(i.__ARM_fpclassifyf)
    __aeabi_errno_addr                       0x0800a869   Thumb Code     4  errno.o(i.__aeabi_errno_addr)
    __rt_errno_addr                          0x0800a869   Thumb Code     0  errno.o(i.__aeabi_errno_addr)
    __hardfp_asinf                           0x0800a871   Thumb Code   250  asinf.o(i.__hardfp_asinf)
    __hardfp_atan2f                          0x0800a995   Thumb Code   486  atan2f.o(i.__hardfp_atan2f)
    __hardfp_cosf                            0x0800abdd   Thumb Code   286  cosf.o(i.__hardfp_cosf)
    __hardfp_pow                             0x0800ad41   Thumb Code  3148  pow.o(i.__hardfp_pow)
    __hardfp_sinf                            0x0800b9e9   Thumb Code   314  sinf.o(i.__hardfp_sinf)
    __hardfp_sqrtf                           0x0800bb61   Thumb Code    58  sqrtf.o(i.__hardfp_sqrtf)
    __kernel_poly                            0x0800bb9b   Thumb Code   248  poly.o(i.__kernel_poly)
    __mathlib_dbl_underflow                  0x0800bc99   Thumb Code    24  dunder.o(i.__mathlib_dbl_underflow)
    __mathlib_flt_underflow                  0x0800bcb9   Thumb Code    10  funder.o(i.__mathlib_flt_underflow)
    __mathlib_rredf2                         0x0800bcc9   Thumb Code   294  rredf.o(i.__mathlib_rredf2)
    __scatterload_copy                       0x0800be09   Thumb Code    14  handlers.o(i.__scatterload_copy)
    __scatterload_null                       0x0800be17   Thumb Code     2  handlers.o(i.__scatterload_null)
    __scatterload_zeroinit                   0x0800be19   Thumb Code    14  handlers.o(i.__scatterload_zeroinit)
    __set_errno                              0x0800be29   Thumb Code     6  errno.o(i.__set_errno)
    fabs                                     0x0800be35   Thumb Code    32  fabs.o(i.fabs)
    sqrt                                     0x0800be55   Thumb Code   108  sqrt.o(i.sqrt)
    sqrtf                                    0x0800bec1   Thumb Code    62  sqrtf.o(i.sqrtf)
    mixerNames                               0x0800bf44   Data          80  cli.o(.constdata)
    featureNames                             0x0800bf94   Data          52  cli.o(.constdata)
    sensorNames                              0x0800bfc8   Data          24  cli.o(.constdata)
    accNames                                 0x0800bfe0   Data          20  cli.o(.constdata)
    cmdTable                                 0x0800bff4   Data         156  cli.o(.constdata)
    valueTable                               0x0800c090   Data        2240  cli.o(.constdata)
    rcChannelLetters                         0x0800c950   Data           9  config.o(.constdata)
    init_speed                               0x0800c968   Data          20  gps.o(.constdata)
    mixers                                   0x0800ce78   Data         160  mixer.o(.constdata)
    __ctype_table                            0x0800d040   Data         129  ctype_o.o(.constdata)
    __mathlib_zero                           0x0800d0c8   Data           8  qnan.o(.constdata)
    Region$$Table$$Base                      0x0800d960   Number         0  anon$$obj.o(Region$$Table)
    Region$$Table$$Limit                     0x0800d980   Number         0  anon$$obj.o(Region$$Table)
    SystemCoreClock                          0x20000000   Data           4  system_stm32f4xx.o(.data)
    AHBPrescTable                            0x20000004   Data          16  system_stm32f4xx.o(.data)
    acc_samples                              0x20000029   Data           1  drv_adxl345.o(.data)
    uart2RxOnly                              0x200001d8   Data           1  drv_uart.o(.data)
    uart3RxOnly                              0x200001d9   Data           1  drv_uart.o(.data)
    rxDMAPos                                 0x200001dc   Data           4  drv_uart.o(.data)
    txBufferTail                             0x200001e0   Data           4  drv_uart.o(.data)
    txBufferHead                             0x200001e4   Data           4  drv_uart.o(.data)
    uart2Callback                            0x200001e8   Data           4  drv_uart.o(.data)
    tx2BufferTail                            0x200001ec   Data           4  drv_uart.o(.data)
    tx2BufferHead                            0x200001f0   Data           4  drv_uart.o(.data)
    uart3Callback                            0x200001f4   Data           4  drv_uart.o(.data)
    tx3BufferTail                            0x200001f8   Data           4  drv_uart.o(.data)
    tx3BufferHead                            0x200001fc   Data           4  drv_uart.o(.data)
    acc_25deg                                0x2000029a   Data           2  imu.o(.data)
    BaroPID                                  0x2000029c   Data           2  imu.o(.data)
    errorAltitudeI                           0x2000029e   Data           2  imu.o(.data)
    magneticDeclination                      0x200002a8   Data           4  imu.o(.data)
    angle                                    0x200002ac   Data           4  imu.o(.data)
    BaroAlt                                  0x200002cc   Data           4  imu.o(.data)
    EstAlt                                   0x200002d0   Data           4  imu.o(.data)
    AltHold                                  0x200002d4   Data           4  imu.o(.data)
    accVelScale                              0x200002d8   Data           4  imu.o(.data)
    gyroData                                 0x200002dc   Data           6  imu.o(.data)
    gyroADC                                  0x200002ee   Data           6  imu.o(.data)
    accADC                                   0x200002f4   Data           6  imu.o(.data)
    accSmooth                                0x200002fa   Data           6  imu.o(.data)
    magADC                                   0x20000300   Data           6  imu.o(.data)
    gyroZero                                 0x20000306   Data           6  imu.o(.data)
    sonarAlt                                 0x2000030c   Data           2  imu.o(.data)
    useServo                                 0x20000321   Data           1  mixer.o(.data)
    servo                                    0x20000322   Data          16  mixer.o(.data)
    toggleBeep                               0x20000334   Data           1  mw.o(.data)
    nav_mode                                 0x20000335   Data           1  mw.o(.data)
    vbat                                     0x2000033c   Data           1  mw.o(.data)
    GPS_numSat                               0x2000033d   Data           1  mw.o(.data)
    cycleTime                                0x2000033e   Data           2  mw.o(.data)
    failsafeCnt                              0x20000340   Data           2  mw.o(.data)
    failsafeEvents                           0x20000342   Data           2  mw.o(.data)
    InflightcalibratingA                     0x20000344   Data           2  mw.o(.data)
    AccInflightCalibrationMeasurementDone    0x20000346   Data           2  mw.o(.data)
    AccInflightCalibrationSavetoEEProm       0x20000348   Data           2  mw.o(.data)
    AccInflightCalibrationActive             0x2000034a   Data           2  mw.o(.data)
    headFreeModeHold                         0x2000034e   Data           2  mw.o(.data)
    telemTemperature1                        0x20000350   Data           2  mw.o(.data)
    AccInflightCalibrationArmed              0x20000352   Data           2  mw.o(.data)
    batteryWarningVoltage                    0x20000354   Data           2  mw.o(.data)
    dynP8                                    0x20000356   Data           3  mw.o(.data)
    dynD8                                    0x20000359   Data           3  mw.o(.data)
    currentTime                              0x2000035c   Data           4  mw.o(.data)
    previousTime                             0x20000360   Data           4  mw.o(.data)
    rcReadRawFunc                            0x20000364   Data           4  mw.o(.data)
    GPS_angle                                0x20000368   Data           4  mw.o(.data)
    nav                                      0x20000384   Data           4  mw.o(.data)
    nav_rated                                0x20000388   Data           4  mw.o(.data)
    axisPID                                  0x200003a4   Data           6  mw.o(.data)
    rcCommand                                0x200003aa   Data           8  mw.o(.data)
    GPS_coord                                0x200003b4   Data           8  mw.o(.data)
    GPS_home                                 0x200003bc   Data           8  mw.o(.data)
    GPS_hold                                 0x200003c4   Data           8  mw.o(.data)
    rcData                                   0x200003cc   Data          16  mw.o(.data)
    annex650_overrun_count                   0x200003dc   Data           2  mw.o(.data)
    GPS_update                               0x200003de   Data           1  mw.o(.data)
    GPS_ground_course                        0x200003e0   Data           2  mw.o(.data)
    GPS_Present                              0x200003e2   Data           1  mw.o(.data)
    batteryCellCount                         0x200003e3   Data           1  mw.o(.data)
    debug                                    0x200003e4   Data           8  mw.o(.data)
    GPS_distanceToHome                       0x200003ec   Data           2  mw.o(.data)
    GPS_directionToHome                      0x200003ee   Data           2  mw.o(.data)
    GPS_altitude                             0x200003f0   Data           2  mw.o(.data)
    GPS_speed                                0x200003f2   Data           2  mw.o(.data)
    accHardware                              0x200003fc   Data           1  sensors.o(.data)
    calibratingA                             0x20000400   Data           2  sensors.o(.data)
    calibratingG                             0x20000402   Data           2  sensors.o(.data)
    acc_1G                                   0x20000404   Data           2  sensors.o(.data)
    heading                                  0x2000043c   Data           2  sensors.o(.data)
    magHold                                  0x2000043e   Data           2  sensors.o(.data)
    cliMode                                  0x20000441   Data           1  serial.o(.data)
    rxBuffer                                 0x20000668   Data         256  drv_uart.o(.bss)
    txBuffer                                 0x20000768   Data         256  drv_uart.o(.bss)
    tx2Buffer                                0x20000868   Data         128  drv_uart.o(.bss)
    tx3Buffer                                0x200008e8   Data         128  drv_uart.o(.bss)
    cfg                                      0x20000998   Data         476  config.o(.bss)
    accLPFVel                                0x20000d0c   Data          12  imu.o(.bss)
    EstG                                     0x20000d18   Data          12  imu.o(.bss)
    kax                                      0x20000d24   Data          52  kalmanfilterfrontend.o(.bss)
    kay                                      0x20000d58   Data          52  kalmanfilterfrontend.o(.bss)
    kaz                                      0x20000d8c   Data          52  kalmanfilterfrontend.o(.bss)
    kgx                                      0x20000dc0   Data          52  kalmanfilterfrontend.o(.bss)
    kgy                                      0x20000df4   Data          52  kalmanfilterfrontend.o(.bss)
    kgz                                      0x20000e28   Data          52  kalmanfilterfrontend.o(.bss)
    motor                                    0x20000e5c   Data          24  mixer.o(.bss)
    flightMode                               0x20000fa0   Data          15  mw.o(.bss)
    lookupPitchRollRC                        0x20000fb0   Data          12  mw.o(.bss)
    lookupThrottleRC                         0x20000fbc   Data          22  mw.o(.bss)
    rcOptions                                0x20000fd2   Data          15  mw.o(.bss)
    acc                                      0x20001044   Data          16  sensors.o(.bss)
    gyro                                     0x20001054   Data          16  sensors.o(.bss)
    baro                                     0x20001064   Data          28  sensors.o(.bss)
    navData                                  0x200010cc   Data          36  simpleintegrator.o(.bss)
    spekFrame                                0x2000110c   Data          16  spektrum.o(.bss)
    __initial_sp                             0x20001520   Data           0  startup_stm32f4xx.o(STACK)



==============================================================================

Memory Map of the image

  Image Entry point : 0x08000189

  Load Region LR_IROM1 (Base: 0x08000000, Size: 0x0000dde8, Max: 0x00080000, ABSOLUTE, COMPRESSED[0x0000da50])

    Execution Region ER_IROM1 (Base: 0x08000000, Size: 0x0000d980, Max: 0x00080000, ABSOLUTE)

    Base Addr    Size         Type   Attr      Idx    E Section Name        Object

    0x08000000   0x00000188   Data   RO         3653    RESET               startup_stm32f4xx.o
    0x08000188   0x00000000   Code   RO         4995  * .ARM.Collect$$$$00000000  mc_w.l(entry.o)
    0x08000188   0x00000004   Code   RO         5098    .ARM.Collect$$$$00000001  mc_w.l(entry2.o)
    0x0800018c   0x00000004   Code   RO         5101    .ARM.Collect$$$$00000004  mc_w.l(entry5.o)
    0x08000190   0x00000000   Code   RO         5103    .ARM.Collect$$$$00000008  mc_w.l(entry7b.o)
    0x08000190   0x00000008   Code   RO         5104    .ARM.Collect$$$$00000009  mc_w.l(entry8.o)
    0x08000198   0x00000004   Code   RO         5099    .ARM.Collect$$$$00002712  mc_w.l(entry2.o)
    0x0800019c   0x0000018c   Code   RO            3    .text               system_stm32f4xx.o
    0x08000328   0x00000074   Code   RO          132    .text               misc.o
    0x0800039c   0x00000138   Code   RO          174    .text               stm32f4xx_adc.o
    0x080004d4   0x00000240   Code   RO         1057    .text               stm32f4xx_dma.o
    0x08000714   0x00000098   Code   RO         1138    .text               stm32f4xx_exti.o
    0x080007ac   0x00000118   Code   RO         1193    .text               stm32f4xx_flash.o
    0x080008c4   0x000000c4   Code   RO         1475    .text               stm32f4xx_gpio.o
    0x08000988   0x00000190   Code   RO         1710    .text               stm32f4xx_i2c.o
    0x08000b18   0x00000108   Code   RO         2018    .text               stm32f4xx_rcc.o
    0x08000c20   0x00000062   Code   RO         2853    .text               stm32f4xx_spi.o
    0x08000c82   0x00000002   PAD
    0x08000c84   0x00000028   Code   RO         2994    .text               stm32f4xx_syscfg.o
    0x08000cac   0x00000418   Code   RO         3043    .text               stm32f4xx_tim.o
    0x080010c4   0x00000128   Code   RO         3434    .text               stm32f4xx_usart.o
    0x080011ec   0x00000024   Code   RO         3654    .text               startup_stm32f4xx.o
    0x08001210   0x00000118   Code   RO         3660    .text               drv_adc.o
    0x08001328   0x00000164   Code   RO         3722    .text               drv_adxl345.o
    0x0800148c   0x00000024   Code   RO         3746    .text               drv_bmp085.o
    0x080014b0   0x00000128   Code   RO         3810    .text               drv_hcsr04.o
    0x080015d8   0x000000d4   Code   RO         3840    .text               drv_hmc5883l.o
    0x080016ac   0x00000550   Code   RO         3860    .text               drv_i2c.o
    0x08001bfc   0x00000100   Code   RO         3896    .text               drv_l3g4200d.o
    0x08001cfc   0x000000f4   Code   RO         3919    .text               drv_ledring.o
    0x08001df0   0x00000124   Code   RO         3945    .text               drv_mma845x.o
    0x08001f14   0x00000150   Code   RO         3968    .text               drv_mpu3050.o
    0x08002064   0x00000284   Code   RO         4055    .text               drv_ms5611.o
    0x080022e8   0x000007c0   Code   RO         4078    .text               drv_pwm.o
    0x08002aa8   0x000001f0   Code   RO         4109    .text               drv_system.o
    0x08002c98   0x0000056c   Code   RO         4135    .text               drv_uart.o
    0x08003204   0x000001d4   Code   RO         4184    .text               drv_spi.o
    0x080033d8   0x000001cc   Code   RO         4216    .text               drv_mpu6000.o
    0x080035a4   0x0000021c   Code   RO         4307    .text               buzzer.o
    0x080037c0   0x000012c0   Code   RO         4329    .text               cli.o
    0x08004a80   0x00000480   Code   RO         4356    .text               config.o
    0x08004f00   0x00000f18   Code   RO         4391    .text               gps.o
    0x08005e18   0x00000b14   Code   RO         4427    .text               imu.o
    0x0800692c   0x0000011c   Code   RO         4469    .text               kalman1d.o
    0x08006a48   0x000001c4   Code   RO         4492    .text               kalmanfilterfrontend.o
    0x08006c0c   0x0000023c   Code   RO         4519    .text               main.o
    0x08006e48   0x00000728   Code   RO         4540    .text               mixer.o
    0x08007570   0x00000fe0   Code   RO         4595    .text               mw.o
    0x08008550   0x00000258   Code   RO         4638    .text               printf.o
    0x080087a8   0x000009ec   Code   RO         4752    .text               sensors.o
    0x08009194   0x00000778   Code   RO         4790    .text               serial.o
    0x0800990c   0x00000144   Code   RO         4816    .text               simpleintegrator.o
    0x08009a50   0x000000f4   Code   RO         4864    .text               spektrum.o
    0x08009b44   0x00000338   Code   RO         4888    .text               telemetry.o
    0x08009e7c   0x00000008   Code   RO         4998    .text               mc_w.l(ctype_o.o)
    0x08009e84   0x0000000c   Code   RO         5026    .text               mc_w.l(toupper.o)
    0x08009e90   0x00000046   Code   RO         5028    .text               mc_w.l(bsearch.o)
    0x08009ed6   0x00000024   Code   RO         5030    .text               mc_w.l(memcpya.o)
    0x08009efa   0x00000026   Code   RO         5032    .text               mc_w.l(memseta.o)
    0x08009f20   0x0000001c   Code   RO         5034    .text               mc_w.l(strcat.o)
    0x08009f3c   0x0000002c   Code   RO         5036    .text               mc_w.l(strstr.o)
    0x08009f68   0x00000018   Code   RO         5038    .text               mc_w.l(strncpy.o)
    0x08009f80   0x00000012   Code   RO         5040    .text               mc_w.l(strchr.o)
    0x08009f92   0x00000010   Code   RO         5042    .text               mc_w.l(strlen.o)
    0x08009fa2   0x00000032   Code   RO         5046    .text               mc_w.l(strncasecmp.o)
    0x08009fd4   0x0000001a   Code   RO         5048    .text               mc_w.l(atoi.o)
    0x08009fee   0x0000014c   Code   RO         5050    .text               mf_w.l(dadd.o)
    0x0800a13a   0x000000e0   Code   RO         5052    .text               mf_w.l(dmul.o)
    0x0800a21a   0x000000de   Code   RO         5054    .text               mf_w.l(ddiv.o)
    0x0800a2f8   0x00000022   Code   RO         5056    .text               mf_w.l(dflti.o)
    0x0800a31a   0x0000001a   Code   RO         5058    .text               mf_w.l(dfltui.o)
    0x0800a334   0x0000003e   Code   RO         5060    .text               mf_w.l(dfixi.o)
    0x0800a372   0x0000002c   Code   RO         5062    .text               mf_w.l(f2d.o)
    0x0800a39e   0x00000038   Code   RO         5064    .text               mf_w.l(d2f.o)
    0x0800a3d6   0x0000001e   Code   RO         5105    .text               mc_w.l(llshl.o)
    0x0800a3f4   0x00000020   Code   RO         5107    .text               mc_w.l(llushr.o)
    0x0800a414   0x00000024   Code   RO         5109    .text               mc_w.l(llsshr.o)
    0x0800a438   0x0000000c   Code   RO         5111    .text               mc_w.l(tolower.o)
    0x0800a444   0x00000070   Code   RO         5120    .text               mc_w.l(strtol.o)
    0x0800a4b4   0x00000000   Code   RO         5122    .text               mc_w.l(iusefp.o)
    0x0800a4b4   0x0000006c   Code   RO         5123    .text               mf_w.l(fepilogue.o)
    0x0800a520   0x000000be   Code   RO         5125    .text               mf_w.l(depilogue.o)
    0x0800a5de   0x0000002e   Code   RO         5129    .text               mf_w.l(dscalb.o)
    0x0800a60c   0x00000028   Code   RO         5131    .text               mf_w.l(cdrcmple.o)
    0x0800a634   0x00000024   Code   RO         5133    .text               mc_w.l(init.o)
    0x0800a658   0x0000009e   Code   RO         5135    .text               mc_w.l(_strtoul.o)
    0x0800a6f6   0x000000a2   Code   RO         5137    .text               mf_w.l(dsqrt.o)
    0x0800a798   0x0000001c   Code   RO         5141    .text               mc_w.l(_chval.o)
    0x0800a7b4   0x0000005c   Code   RO         5151    .text               mc_w.l(__dczerorl2.o)
    0x0800a810   0x00000030   Code   RO         5074    i.__ARM_fpclassify  m_wm.l(fpclassify.o)
    0x0800a840   0x00000026   Code   RO         5076    i.__ARM_fpclassifyf  m_wm.l(fpclassifyf.o)
    0x0800a866   0x00000002   PAD
    0x0800a868   0x00000008   Code   RO         5113    i.__aeabi_errno_addr  mc_w.l(errno.o)
    0x0800a870   0x00000124   Code   RO         4909    i.__hardfp_asinf    m_wm.l(asinf.o)
    0x0800a994   0x00000248   Code   RO         4921    i.__hardfp_atan2f   m_wm.l(atan2f.o)
    0x0800abdc   0x00000160   Code   RO         4945    i.__hardfp_cosf     m_wm.l(cosf.o)
    0x0800ad3c   0x00000004   PAD
    0x0800ad40   0x00000ca8   Code   RO         4957    i.__hardfp_pow      m_wm.l(pow.o)
    0x0800b9e8   0x00000178   Code   RO         4971    i.__hardfp_sinf     m_wm.l(sinf.o)
    0x0800bb60   0x0000003a   Code   RO         4983    i.__hardfp_sqrtf    m_wm.l(sqrtf.o)
    0x0800bb9a   0x000000f8   Code   RO         5080    i.__kernel_poly     m_wm.l(poly.o)
    0x0800bc92   0x00000006   PAD
    0x0800bc98   0x00000020   Code   RO         5066    i.__mathlib_dbl_underflow  m_wm.l(dunder.o)
    0x0800bcb8   0x00000010   Code   RO         5078    i.__mathlib_flt_underflow  m_wm.l(funder.o)
    0x0800bcc8   0x00000140   Code   RO         5083    i.__mathlib_rredf2  m_wm.l(rredf.o)
    0x0800be08   0x0000000e   Code   RO         5145    i.__scatterload_copy  mc_w.l(handlers.o)
    0x0800be16   0x00000002   Code   RO         5146    i.__scatterload_null  mc_w.l(handlers.o)
    0x0800be18   0x0000000e   Code   RO         5147    i.__scatterload_zeroinit  mc_w.l(handlers.o)
    0x0800be26   0x00000002   PAD
    0x0800be28   0x0000000c   Code   RO         5115    i.__set_errno       mc_w.l(errno.o)
    0x0800be34   0x00000020   Code   RO         5070    i.fabs              m_wm.l(fabs.o)
    0x0800be54   0x0000006c   Code   RO         5088    i.sqrt              m_wm.l(sqrt.o)
    0x0800bec0   0x0000003e   Code   RO         4985    i.sqrtf             m_wm.l(sqrtf.o)
    0x0800befe   0x0000000e   Data   RO         4080    .constdata          drv_pwm.o
    0x0800bf0c   0x00000015   Data   RO         4081    .constdata          drv_pwm.o
    0x0800bf21   0x0000000e   Data   RO         4082    .constdata          drv_pwm.o
    0x0800bf2f   0x00000015   Data   RO         4083    .constdata          drv_pwm.o
    0x0800bf44   0x00000a0c   Data   RO         4331    .constdata          cli.o
    0x0800c950   0x00000015   Data   RO         4359    .constdata          config.o
    0x0800c965   0x00000003   PAD
    0x0800c968   0x000000c0   Data   RO         4394    .constdata          gps.o
    0x0800ca28   0x00000030   Data   RO         4544    .constdata          mixer.o
    0x0800ca58   0x00000040   Data   RO         4545    .constdata          mixer.o
    0x0800ca98   0x00000040   Data   RO         4546    .constdata          mixer.o
    0x0800cad8   0x00000020   Data   RO         4547    .constdata          mixer.o
    0x0800caf8   0x00000060   Data   RO         4548    .constdata          mixer.o
    0x0800cb58   0x00000060   Data   RO         4549    .constdata          mixer.o
    0x0800cbb8   0x00000040   Data   RO         4550    .constdata          mixer.o
    0x0800cbf8   0x00000060   Data   RO         4551    .constdata          mixer.o
    0x0800cc58   0x00000080   Data   RO         4552    .constdata          mixer.o
    0x0800ccd8   0x00000080   Data   RO         4553    .constdata          mixer.o
    0x0800cd58   0x00000080   Data   RO         4554    .constdata          mixer.o
    0x0800cdd8   0x00000040   Data   RO         4555    .constdata          mixer.o
    0x0800ce18   0x00000060   Data   RO         4556    .constdata          mixer.o
    0x0800ce78   0x000000a0   Data   RO         4557    .constdata          mixer.o
    0x0800cf18   0x0000009e   Data   RO         4792    .constdata          serial.o
    0x0800cfb6   0x00000002   PAD
    0x0800cfb8   0x00000088   Data   RO         4960    .constdata          m_wm.l(pow.o)
    0x0800d040   0x00000081   Data   RO         4999    .constdata          mc_w.l(ctype_o.o)
    0x0800d0c1   0x00000003   PAD
    0x0800d0c4   0x00000004   Data   RO         5000    .constdata          mc_w.l(ctype_o.o)
    0x0800d0c8   0x00000008   Data   RO         5082    .constdata          m_wm.l(qnan.o)
    0x0800d0d0   0x00000020   Data   RO         5084    .constdata          m_wm.l(rredf.o)
    0x0800d0f0   0x00000794   Data   RO         4332    .conststring        cli.o
    0x0800d884   0x000000da   Data   RO         4395    .conststring        gps.o
    0x0800d95e   0x00000002   PAD
    0x0800d960   0x00000020   Data   RO         5143    Region$$Table       anon$$obj.o


    Execution Region RW_IRAM1 (Base: 0x20000000, Size: 0x00001520, Max: 0x00020000, ABSOLUTE, COMPRESSED[0x000000d0])

    Base Addr    Size         Type   Attr      Idx    E Section Name        Object

    0x20000000   0x00000014   Data   RW            4    .data               system_stm32f4xx.o
    0x20000014   0x00000010   Data   RW         2036    .data               stm32f4xx_rcc.o
    0x20000024   0x00000004   Data   RW         3661    .data               drv_adc.o
    0x20000028   0x00000002   Data   RW         3723    .data               drv_adxl345.o
    0x2000002a   0x00000002   PAD
    0x2000002c   0x0000000c   Data   RW         3756    .data               drv_bmp085.o
    0x20000038   0x00000018   Data   RW         3811    .data               drv_hcsr04.o
    0x20000050   0x00000018   Data   RW         3861    .data               drv_i2c.o
    0x20000068   0x00000001   Data   RW         3897    .data               drv_l3g4200d.o
    0x20000069   0x00000001   Data   RW         3920    .data               drv_ledring.o
    0x2000006a   0x00000001   Data   RW         3946    .data               drv_mma845x.o
    0x2000006b   0x00000001   Data   RW         3969    .data               drv_mpu3050.o
    0x2000006c   0x0000000c   Data   RW         4057    .data               drv_ms5611.o
    0x20000078   0x00000158   Data   RW         4084    .data               drv_pwm.o
    0x200001d0   0x00000008   Data   RW         4110    .data               drv_system.o
    0x200001d8   0x00000028   Data   RW         4141    .data               drv_uart.o
    0x20000200   0x0000000c   Data   RW         4308    .data               buzzer.o
    0x2000020c   0x00000004   Data   RW         4333    .data               cli.o
    0x20000210   0x00000008   Data   RW         4360    .data               config.o
    0x20000218   0x00000080   Data   RW         4396    .data               gps.o
    0x20000298   0x0000006e   Data   RW         4430    .data               imu.o
    0x20000306   0x00000006   Data   RW         4431    .data               imu.o
    0x2000030c   0x00000002   Data   RW         4432    .data               imu.o
    0x2000030e   0x00000002   PAD
    0x20000310   0x00000010   Data   RW         4494    .data               kalmanfilterfrontend.o
    0x20000320   0x00000012   Data   RW         4558    .data               mixer.o
    0x20000332   0x00000002   PAD
    0x20000334   0x000000a8   Data   RW         4597    .data               mw.o
    0x200003dc   0x00000002   Data   RW         4598    .data               mw.o
    0x200003de   0x00000001   Data   RW         4599    .data               mw.o
    0x200003df   0x00000001   PAD
    0x200003e0   0x00000002   Data   RW         4600    .data               mw.o
    0x200003e2   0x00000001   Data   RW         4601    .data               mw.o
    0x200003e3   0x00000001   Data   RW         4603    .data               mw.o
    0x200003e4   0x00000008   Data   RW         4604    .data               mw.o
    0x200003ec   0x00000002   Data   RW         4606    .data               mw.o
    0x200003ee   0x00000002   Data   RW         4607    .data               mw.o
    0x200003f0   0x00000002   Data   RW         4608    .data               mw.o
    0x200003f2   0x00000002   Data   RW         4609    .data               mw.o
    0x200003f4   0x00000008   Data   RW         4641    .data               printf.o
    0x200003fc   0x00000040   Data   RW         4754    .data               sensors.o
    0x2000043c   0x00000002   Data   RW         4755    .data               sensors.o
    0x2000043e   0x00000002   Data   RW         4756    .data               sensors.o
    0x20000440   0x0000000a   Data   RW         4793    .data               serial.o
    0x2000044a   0x00000002   PAD
    0x2000044c   0x00000010   Data   RW         4866    .data               spektrum.o
    0x2000045c   0x00000008   Data   RW         4889    .data               telemetry.o
    0x20000464   0x00000004   Data   RW         5116    .data               mc_w.l(errno.o)
    0x20000468   0x00000010   Zero   RW         4056    .bss                drv_ms5611.o
    0x20000478   0x000001f0   Zero   RW         4079    .bss                drv_pwm.o
    0x20000668   0x00000300   Zero   RW         4140    .bss                drv_uart.o
    0x20000968   0x00000030   Zero   RW         4330    .bss                cli.o
    0x20000998   0x000001dc   Zero   RW         4358    .bss                config.o
    0x20000b74   0x00000120   Zero   RW         4393    .bss                gps.o
    0x20000c94   0x00000090   Zero   RW         4429    .bss                imu.o
    0x20000d24   0x00000138   Zero   RW         4493    .bss                kalmanfilterfrontend.o
    0x20000e5c   0x000000d8   Zero   RW         4543    .bss                mixer.o
    0x20000f34   0x000000ad   Zero   RW         4596    .bss                mw.o
    0x20000fe1   0x00000003   PAD
    0x20000fe4   0x0000009c   Zero   RW         4753    .bss                sensors.o
    0x20001080   0x00000040   Zero   RW         4791    .bss                serial.o
    0x200010c0   0x00000030   Zero   RW         4821    .bss                simpleintegrator.o
    0x200010f0   0x0000002c   Zero   RW         4865    .bss                spektrum.o
    0x2000111c   0x00000004   PAD
    0x20001120   0x00000400   Zero   RW         3651    STACK               startup_stm32f4xx.o


==============================================================================

Image component sizes


      Code (inc. data)   RO Data    RW Data    ZI Data      Debug   Object Name

       540         28          0         12          0       1761   buzzer.o
      4800       1458       4512          4         48       9913   cli.o
      1152         62         21          8        476      11451   config.o
       280         18          0          4          0       6400   drv_adc.o
       356         20          0          2          0       2371   drv_adxl345.o
        36          6          0         12          0       2575   drv_bmp085.o
       296         10          0         24          0      28222   drv_hcsr04.o
       212          4          0          0          0       1961   drv_hmc5883l.o
      1360         22          0         24          0       4441   drv_i2c.o
       256         18          0          1          0       1936   drv_l3g4200d.o
       244         18          0          1          0        744   drv_ledring.o
       292         24          0          1          0       2473   drv_mma845x.o
       336         22          0          1          0       2074   drv_mpu3050.o
       460         38          0          0          0       5497   drv_mpu6000.o
       644         34          0         12         16       3083   drv_ms5611.o
      1984         84         70        344        496       6666   drv_pwm.o
       468         20          0          0          0       1533   drv_spi.o
       496         62          0          8          0      29142   drv_system.o
      1388         62          0         40        768       5699   drv_uart.o
      3864        326        410        128        288      12287   gps.o
      2836        180          0        118        144       6664   imu.o
       284          8          0          0          0       2035   kalman1d.o
       452         28          0         16        312       1999   kalmanfilterfrontend.o
       572         50          0          0          0       1121   main.o
       116         14          0          0          0       1197   misc.o
      1832         58       1264         18        216      10257   mixer.o
      4064        158          0        191        173      13700   mw.o
       600          6          0          8          0       3792   printf.o
      2540        174          0         68        156       6720   sensors.o
      1912        150        158         10         64       5600   serial.o
       324         14          0          0         48       1576   simpleintegrator.o
       244         20          0         16         44       2055   spektrum.o
        36          8        392          0       1024        732   startup_stm32f4xx.o
       312         16          0          0          0       3279   stm32f4xx_adc.o
       576         32          0          0          0       4356   stm32f4xx_dma.o
       152          4          0          0          0       1584   stm32f4xx_exti.o
       280         12          0          0          0       2531   stm32f4xx_flash.o
       196          0          0          0          0       2403   stm32f4xx_gpio.o
       400         22          0          0          0       3504   stm32f4xx_i2c.o
       264         12          0         16          0       3973   stm32f4xx_rcc.o
        98          0          0          0          0       2250   stm32f4xx_spi.o
        40          6          0          0          0        644   stm32f4xx_syscfg.o
      1048         30          0          0          0       9000   stm32f4xx_tim.o
       296          8          0          0          0       3066   stm32f4xx_usart.o
       396         46          0         20          0     327523   system_stm32f4xx.o
       824         50          0          8          0       3673   telemetry.o

    ----------------------------------------------------------------------
     40160       3442       6866       1124       4280     565463   Object Totals
         0          0         32          0          0          0   (incl. Generated)
         2          0          7          9          7          0   (incl. Padding)

    ----------------------------------------------------------------------

      Code (inc. data)   RO Data    RW Data    ZI Data      Debug   Library Member Name

       292         42          0          0          0        180   asinf.o
       584         98          0          0          0        176   atan2f.o
       352         66          0          0          0        140   cosf.o
        32          8          0          0          0        124   dunder.o
        32          0          0          0          0        124   fabs.o
        48          0          0          0          0        124   fpclassify.o
        38          0          0          0          0        116   fpclassifyf.o
        16          6          0          0          0        116   funder.o
       248          0          0          0          0        152   poly.o
      3240        310        136          0          0        220   pow.o
         0          0          8          0          0          0   qnan.o
       320         26         32          0          0        160   rredf.o
       376         62          0          0          0        160   sinf.o
       108          0          0          0          0        148   sqrt.o
       120          0          0          0          0        272   sqrtf.o
        92          0          0          0          0          0   __dczerorl2.o
        28          0          0          0          0         68   _chval.o
       158          0          0          0          0         92   _strtoul.o
        26          0          0          0          0         80   atoi.o
        70          0          0          0          0         92   bsearch.o
         8          4        133          0          0         68   ctype_o.o
         0          0          0          0          0          0   entry.o
         8          4          0          0          0          0   entry2.o
         4          0          0          0          0          0   entry5.o
         0          0          0          0          0          0   entry7b.o
         8          4          0          0          0          0   entry8.o
        20         10          0          4          0        136   errno.o
        30          0          0          0          0          0   handlers.o
        36          8          0          0          0         68   init.o
         0          0          0          0          0          0   iusefp.o
        30          0          0          0          0         68   llshl.o
        36          0          0          0          0         68   llsshr.o
        32          0          0          0          0         68   llushr.o
        36          0          0          0          0         68   memcpya.o
        38          0          0          0          0        108   memseta.o
        28          0          0          0          0         68   strcat.o
        18          0          0          0          0         68   strchr.o
        16          0          0          0          0         68   strlen.o
        50          0          0          0          0         84   strncasecmp.o
        24          0          0          0          0         76   strncpy.o
        44          0          0          0          0         80   strstr.o
       112          0          0          0          0         88   strtol.o
        12          0          0          0          0         68   tolower.o
        12          0          0          0          0         68   toupper.o
        40          2          0          0          0         68   cdrcmple.o
        56          0          0          0          0         88   d2f.o
       332          0          0          0          0        148   dadd.o
       222          0          0          0          0        100   ddiv.o
       190          0          0          0          0        176   depilogue.o
        62          0          0          0          0         80   dfixi.o
        34          0          0          0          0         76   dflti.o
        26          0          0          0          0         76   dfltui.o
       224          0          0          0          0         96   dmul.o
        46          0          0          0          0         80   dscalb.o
       162          0          0          0          0        100   dsqrt.o
        44          0          0          0          0         68   f2d.o
       108          0          0          0          0        168   fepilogue.o

    ----------------------------------------------------------------------
      8342        654        312          4          0       5188   Library Totals
        14          4          3          0          0          0   (incl. Padding)

    ----------------------------------------------------------------------

      Code (inc. data)   RO Data    RW Data    ZI Data      Debug   Library Name

      5806        618        176          0          0       2212   m_wm.l
       976         30        133          4          0       1652   mc_w.l
      1546          2          0          0          0       1324   mf_w.l

    ----------------------------------------------------------------------
      8342        654        312          4          0       5188   Library Totals

    ----------------------------------------------------------------------

==============================================================================


      Code (inc. data)   RO Data    RW Data    ZI Data      Debug   

     48502       4096       7178       1128       4280     558739   Grand Totals
     48502       4096       7178        208       4280     558739   ELF Image Totals (compressed)
     48502       4096       7178        208          0          0   ROM Totals

==============================================================================

    Total RO  Size (Code + RO Data)                55680 (  54.38kB)
    Total RW  Size (RW Data + ZI Data)              5408 (   5.28kB)
    Total ROM Size (Code + RO Data + RW Data)      55888 (  54.58kB)

==============================================================================

