ARM Linker, 4.1 [Build 894] [Standard]

==============================================================================

Section Cross References

    startup_stm32f4xx_md.o(RESET) refers to startup_stm32f4xx_md.o(STACK) for __initial_sp
    startup_stm32f4xx_md.o(RESET) refers to startup_stm32f4xx_md.o(.text) for Reset_Handler
    startup_stm32f4xx_md.o(RESET) refers to main.o(.text) for HardFault_Handler
    startup_stm32f4xx_md.o(RESET) refers to drv_system.o(.text) for SysTick_Handler
    startup_stm32f4xx_md.o(RESET) refers to drv_hcsr04.o(.text) for EXTI1_IRQHandler
    startup_stm32f4xx_md.o(RESET) refers to drv_pwm.o(.text) for TIM1_CC_IRQHandler
    startup_stm32f4xx_md.o(RESET) refers to drv_i2c.o(.text) for I2C1_EV_IRQHandler
    startup_stm32f4xx_md.o(RESET) refers to drv_uart.o(.text) for USART2_IRQHandler
    startup_stm32f4xx_md.o(RESET) refers to drv_bmp085.o(.text) for EXTI15_10_IRQHandler
    startup_stm32f4xx_md.o(.text) refers to system_stm32f4xx.o(.text) for SystemInit
    startup_stm32f4xx_md.o(.text) refers to entry.o(.ARM.Collect$$$$00000000) for __main
    system_stm32f4xx.o(.text) refers to system_stm32f4xx.o(.data) for .data
    stm32f4xx_adc.o(.text) refers to stm32f4xx_rcc.o(.text) for RCC_APB2PeriphResetCmd
    stm32f4xx_can.o(.text) refers to stm32f4xx_rcc.o(.text) for RCC_APB1PeriphResetCmd
    stm32f4xx_can.o(.text) refers to stm32f4xx_can.o(.text) for CheckITStatus
    stm32f4xx_cryp.o(.text) refers to stm32f4xx_rcc.o(.text) for RCC_AHB2PeriphResetCmd
    stm32f4xx_cryp_aes.o(.text) refers to stm32f4xx_cryp.o(.text) for CRYP_KeyStructInit
    stm32f4xx_cryp_aes.o(.text) refers to stm32f4xx_cryp.o(.text) for CRYP_KeyInit
    stm32f4xx_cryp_aes.o(.text) refers to stm32f4xx_cryp.o(.text) for CRYP_Init
    stm32f4xx_cryp_aes.o(.text) refers to stm32f4xx_cryp.o(.text) for CRYP_FIFOFlush
    stm32f4xx_cryp_aes.o(.text) refers to stm32f4xx_cryp.o(.text) for CRYP_Cmd
    stm32f4xx_cryp_aes.o(.text) refers to stm32f4xx_cryp.o(.text) for CRYP_GetFlagStatus
    stm32f4xx_cryp_aes.o(.text) refers to stm32f4xx_cryp.o(.text) for CRYP_DataIn
    stm32f4xx_cryp_aes.o(.text) refers to stm32f4xx_cryp.o(.text) for CRYP_DataOut
    stm32f4xx_cryp_aes.o(.text) refers to stm32f4xx_cryp.o(.text) for CRYP_KeyStructInit
    stm32f4xx_cryp_aes.o(.text) refers to stm32f4xx_cryp.o(.text) for CRYP_KeyInit
    stm32f4xx_cryp_aes.o(.text) refers to stm32f4xx_cryp.o(.text) for CRYP_Init
    stm32f4xx_cryp_aes.o(.text) refers to stm32f4xx_cryp.o(.text) for CRYP_IVInit
    stm32f4xx_cryp_aes.o(.text) refers to stm32f4xx_cryp.o(.text) for CRYP_FIFOFlush
    stm32f4xx_cryp_aes.o(.text) refers to stm32f4xx_cryp.o(.text) for CRYP_Cmd
    stm32f4xx_cryp_aes.o(.text) refers to stm32f4xx_cryp.o(.text) for CRYP_GetFlagStatus
    stm32f4xx_cryp_aes.o(.text) refers to stm32f4xx_cryp.o(.text) for CRYP_DataIn
    stm32f4xx_cryp_aes.o(.text) refers to stm32f4xx_cryp.o(.text) for CRYP_DataOut
    stm32f4xx_cryp_aes.o(.text) refers to stm32f4xx_cryp.o(.text) for CRYP_KeyStructInit
    stm32f4xx_cryp_aes.o(.text) refers to stm32f4xx_cryp.o(.text) for CRYP_KeyInit
    stm32f4xx_cryp_aes.o(.text) refers to stm32f4xx_cryp.o(.text) for CRYP_Init
    stm32f4xx_cryp_aes.o(.text) refers to stm32f4xx_cryp.o(.text) for CRYP_IVInit
    stm32f4xx_cryp_aes.o(.text) refers to stm32f4xx_cryp.o(.text) for CRYP_FIFOFlush
    stm32f4xx_cryp_aes.o(.text) refers to stm32f4xx_cryp.o(.text) for CRYP_Cmd
    stm32f4xx_cryp_aes.o(.text) refers to stm32f4xx_cryp.o(.text) for CRYP_DataIn
    stm32f4xx_cryp_aes.o(.text) refers to stm32f4xx_cryp.o(.text) for CRYP_GetFlagStatus
    stm32f4xx_cryp_aes.o(.text) refers to stm32f4xx_cryp.o(.text) for CRYP_DataOut
    stm32f4xx_cryp_des.o(.text) refers to stm32f4xx_cryp.o(.text) for CRYP_KeyStructInit
    stm32f4xx_cryp_des.o(.text) refers to stm32f4xx_cryp.o(.text) for CRYP_Init
    stm32f4xx_cryp_des.o(.text) refers to stm32f4xx_cryp.o(.text) for CRYP_KeyInit
    stm32f4xx_cryp_des.o(.text) refers to stm32f4xx_cryp.o(.text) for CRYP_FIFOFlush
    stm32f4xx_cryp_des.o(.text) refers to stm32f4xx_cryp.o(.text) for CRYP_Cmd
    stm32f4xx_cryp_des.o(.text) refers to stm32f4xx_cryp.o(.text) for CRYP_DataIn
    stm32f4xx_cryp_des.o(.text) refers to stm32f4xx_cryp.o(.text) for CRYP_GetFlagStatus
    stm32f4xx_cryp_des.o(.text) refers to stm32f4xx_cryp.o(.text) for CRYP_DataOut
    stm32f4xx_cryp_des.o(.text) refers to stm32f4xx_cryp.o(.text) for CRYP_KeyStructInit
    stm32f4xx_cryp_des.o(.text) refers to stm32f4xx_cryp.o(.text) for CRYP_Init
    stm32f4xx_cryp_des.o(.text) refers to stm32f4xx_cryp.o(.text) for CRYP_KeyInit
    stm32f4xx_cryp_des.o(.text) refers to stm32f4xx_cryp.o(.text) for CRYP_IVInit
    stm32f4xx_cryp_des.o(.text) refers to stm32f4xx_cryp.o(.text) for CRYP_FIFOFlush
    stm32f4xx_cryp_des.o(.text) refers to stm32f4xx_cryp.o(.text) for CRYP_Cmd
    stm32f4xx_cryp_des.o(.text) refers to stm32f4xx_cryp.o(.text) for CRYP_DataIn
[...]
    buzzerIsOn                               0x20000204   Data           1  buzzer.o(.data)
    beepDone                                 0x20000205   Data           1  buzzer.o(.data)
    beeperOnBox                              0x20000206   Data           1  buzzer.o(.data)
    warn_noGPSfix                            0x20000207   Data           1  buzzer.o(.data)
    warn_failsafe                            0x20000208   Data           1  buzzer.o(.data)
    warn_runtime                             0x20000209   Data           1  buzzer.o(.data)
    icnt                                     0x2000020a   Data           1  buzzer.o(.data)
    buzzerLastToggleTime                     0x2000020c   Data           4  buzzer.o(.data)
    .data                                    0x20000210   Section        4  cli.o(.data)
    bufferIndex                              0x20000210   Data           4  cli.o(.data)
    .data                                    0x20000214   Section        8  config.o(.data)
    EEPROM_CONF_VERSION                      0x20000214   Data           1  config.o(.data)
    enabledSensors                           0x20000218   Data           4  config.o(.data)
    .data                                    0x2000021c   Section      128  gps.o(.data)
    GPS_filter_index                         0x2000021c   Data           1  gps.o(.data)
    init                                     0x2000021d   Data           1  gps.o(.data)
    param                                    0x2000021e   Data           1  gps.o(.data)
    offset                                   0x2000021f   Data           1  gps.o(.data)
    parity                                   0x20000220   Data           1  gps.o(.data)
    checksum_param                           0x20000221   Data           1  gps.o(.data)
    frame                                    0x20000222   Data           1  gps.o(.data)
    _ck_a                                    0x20000223   Data           1  gps.o(.data)
    _ck_b                                    0x20000224   Data           1  gps.o(.data)
    _step                                    0x20000225   Data           1  gps.o(.data)
    _msg_id                                  0x20000226   Data           1  gps.o(.data)
    next_fix                                 0x20000227   Data           1  gps.o(.data)
    _class                                   0x20000228   Data           1  gps.o(.data)
    _new_position                            0x20000229   Data           1  gps.o(.data)
    _new_speed                               0x2000022a   Data           1  gps.o(.data)
    crosstrack_error                         0x2000022c   Data           2  gps.o(.data)
    waypoint_speed_gov                       0x2000022e   Data           2  gps.o(.data)
    nav_takeoff_bearing                      0x20000230   Data           2  gps.o(.data)
    _payload_length                          0x20000232   Data           2  gps.o(.data)
    _payload_counter                         0x20000234   Data           2  gps.o(.data)
    actual_speed                             0x20000236   Data           4  gps.o(.data)
    nav_loopTimer                            0x2000023c   Data           4  gps.o(.data)
    speed_old                                0x20000240   Data           4  gps.o(.data)
    dTnav                                    0x20000244   Data           4  gps.o(.data)
    GPS_scaleLonDown                         0x20000248   Data           4  gps.o(.data)
    rate_error                               0x2000024c   Data           4  gps.o(.data)
    target_bearing                           0x20000250   Data           4  gps.o(.data)
    original_target_bearing                  0x20000254   Data           4  gps.o(.data)
    wp_distance                              0x20000258   Data           4  gps.o(.data)
    fraction3                                0x2000025c   Data           4  gps.o(.data)
    nav_bearing                              0x20000260   Data           4  gps.o(.data)
    last                                     0x20000264   Data           8  gps.o(.data)
    error                                    0x2000026c   Data           8  gps.o(.data)
    GPS_WP                                   0x20000274   Data           8  gps.o(.data)
    GPS_filter_sum                           0x2000027c   Data           8  gps.o(.data)
    GPS_read                                 0x20000284   Data           8  gps.o(.data)
    GPS_filtered                             0x2000028c   Data           8  gps.o(.data)
    GPS_degree                               0x20000294   Data           8  gps.o(.data)
    .data                                    0x2000029c   Section      110  imu.o(.data)
    baroHistIdx                              0x2000029c   Data           1  imu.o(.data)
    gyroYawSmooth                            0x200002a4   Data           2  imu.o(.data)
    Smoothing                                0x200002a6   Data           3  imu.o(.data)
    timeInterleave                           0x200002b4   Data           4  imu.o(.data)
    previousT                                0x200002b8   Data           4  imu.o(.data)
    deadLine                                 0x200002bc   Data           4  imu.o(.data)
    baroHigh                                 0x200002c0   Data           4  imu.o(.data)
    vel                                      0x200002c4   Data           4  imu.o(.data)
    lastBaroAlt                              0x200002c8   Data           4  imu.o(.data)
    _lastTime                                0x200002cc   Data           4  imu.o(.data)
    gyroADCprevious                          0x200002e6   Data           6  imu.o(.data)
    gyroSmooth                               0x200002ec   Data           6  imu.o(.data)
    .data                                    0x2000030a   Section        6  imu.o(.data)
    .data                                    0x20000310   Section        2  imu.o(.data)
    .data                                    0x20000314   Section       16  kalmanfilterfrontend.o(.data)
    _init                                    0x20000314   Data           4  kalmanfilterfrontend.o(.data)
    _lastTime                                0x20000318   Data           4  kalmanfilterfrontend.o(.data)
    _init                                    0x2000031c   Data           4  kalmanfilterfrontend.o(.data)
    _lastTime                                0x20000320   Data           4  kalmanfilterfrontend.o(.data)
    .data                                    0x20000324   Section       18  mixer.o(.data)
    numberMotor                              0x20000324   Data           1  mixer.o(.data)
    .data                                    0x20000338   Section      168  mw.o(.data)
    buzzerFreq                               0x2000033a   Data           1  mw.o(.data)
    vbatTimer                                0x2000033b   Data           1  mw.o(.data)
    ind                                      0x2000033c   Data           1  mw.o(.data)
    rc4ValuesIndex                           0x2000033d   Data           1  mw.o(.data)
    rcDelayCommand                           0x2000033e   Data           1  mw.o(.data)
    taskOrder                                0x2000033f   Data           1  mw.o(.data)
    initialThrottleHold                      0x20000350   Data           2  mw.o(.data)
    calibratedAccTime                        0x20000370   Data           4  mw.o(.data)
    LEDTime                                  0x20000374   Data           4  mw.o(.data)
    GPSLEDTime                               0x20000378   Data           4  mw.o(.data)
    errorAngleI                              0x2000037c   Data           4  mw.o(.data)
    rcTime                                   0x20000380   Data           4  mw.o(.data)
    loopTime                                 0x20000384   Data           4  mw.o(.data)
    lastGyro                                 0x20000390   Data           6  mw.o(.data)
    delta1                                   0x20000396   Data           6  mw.o(.data)
    delta2                                   0x2000039c   Data           6  mw.o(.data)
    errorGyroI                               0x200003a2   Data           6  mw.o(.data)
    .data                                    0x200003e0   Section        2  mw.o(.data)
    .data                                    0x200003e2   Section        1  mw.o(.data)
    .data                                    0x200003e4   Section        2  mw.o(.data)
    .data                                    0x200003e6   Section        1  mw.o(.data)
    .data                                    0x200003e7   Section        1  mw.o(.data)
    .data                                    0x200003e8   Section        8  mw.o(.data)
    .data                                    0x200003f0   Section        2  mw.o(.data)
    .data                                    0x200003f2   Section        2  mw.o(.data)
    .data                                    0x200003f4   Section        2  mw.o(.data)
    .data                                    0x200003f6   Section        2  mw.o(.data)
    .data                                    0x200003f8   Section        8  printf.o(.data)
    stdout_putf                              0x200003f8   Data           4  printf.o(.data)
    stdout_putp                              0x200003fc   Data           4  printf.o(.data)
    .data                                    0x20000400   Section       64  sensors.o(.data)
    magInit                                  0x20000401   Data           1  sensors.o(.data)
    state                                    0x20000402   Data           1  sensors.o(.data)
    angleTrim_saved                          0x2000040a   Data           4  sensors.o(.data)
    baroDeadline                             0x20000410   Data           4  sensors.o(.data)
    t                                        0x20000414   Data           4  sensors.o(.data)
    tCal                                     0x20000418   Data           4  sensors.o(.data)
    accZero_saved                            0x2000041c   Data           6  sensors.o(.data)
    previousGyroADC                          0x20000422   Data           6  sensors.o(.data)
    magZeroTempMin                           0x20000428   Data           6  sensors.o(.data)
    magZeroTempMax                           0x2000042e   Data           6  sensors.o(.data)
    magCal                                   0x20000434   Data          12  sensors.o(.data)
    .data                                    0x20000440   Section        2  sensors.o(.data)
    .data                                    0x20000442   Section        2  sensors.o(.data)
    .data                                    0x20000444   Section       10  serial.o(.data)
    guiConnected                             0x20000444   Data           1  serial.o(.data)
    t                                        0x20000446   Data           1  serial.o(.data)
    t                                        0x20000447   Data           1  serial.o(.data)
    offset                                   0x20000448   Data           1  serial.o(.data)
    dataSize                                 0x20000449   Data           1  serial.o(.data)
    c_state                                  0x2000044a   Data           1  serial.o(.data)
    checksum                                 0x2000044b   Data           1  serial.o(.data)
    indRX                                    0x2000044c   Data           1  serial.o(.data)
    cmdMSP                                   0x2000044d   Data           1  serial.o(.data)
    .data                                    0x20000450   Section       16  spektrum.o(.data)
    rcFrameComplete                          0x20000450   Data           1  spektrum.o(.data)
    spekDataIncoming                         0x20000451   Data           1  spektrum.o(.data)
    spekFramePosition                        0x20000452   Data           1  spektrum.o(.data)
    spek_chan_shift                          0x20000453   Data           1  spektrum.o(.data)
    spek_chan_mask                           0x20000454   Data           1  spektrum.o(.data)
    spekTimeLast                             0x20000458   Data           4  spektrum.o(.data)
    spekTimeInterval                         0x2000045c   Data           4  spektrum.o(.data)
    .data                                    0x20000460   Section        8  telemetry.o(.data)
    telemetryEnabled                         0x20000460   Data           1  telemetry.o(.data)
    cycleNum                                 0x20000461   Data           1  telemetry.o(.data)
    currentCell                              0x20000462   Data           2  telemetry.o(.data)
    lastCycleTime                            0x20000464   Data           4  telemetry.o(.data)
    .data                                    0x20000468   Section        4  errno.o(.data)
    _errno                                   0x20000468   Data           4  errno.o(.data)
    .bss                                     0x2000046c   Section       36  drv_bmp085.o(.bss)
    bmp085                                   0x2000046c   Data          36  drv_bmp085.o(.bss)
    .bss                                     0x20000490   Section       16  drv_ms5611.o(.bss)
    ms5611_c                                 0x20000490   Data          16  drv_ms5611.o(.bss)
    .bss                                     0x200004a0   Section      496  drv_pwm.o(.bss)
    pwmPorts                                 0x200004a0   Data         400  drv_pwm.o(.bss)
    captures                                 0x20000630   Data          16  drv_pwm.o(.bss)
    motors                                   0x20000640   Data          48  drv_pwm.o(.bss)
    servos                                   0x20000670   Data          32  drv_pwm.o(.bss)
    .bss                                     0x20000690   Section      768  drv_uart.o(.bss)
    .bss                                     0x20000990   Section       48  cli.o(.bss)
    cliBuffer                                0x20000990   Data          48  cli.o(.bss)
    .bss                                     0x200009c0   Section      476  config.o(.bss)
    .bss                                     0x20000b9c   Section      288  gps.o(.bss)
    string                                   0x20000b9c   Data          15  gps.o(.bss)
    posholdPID_PARAM                         0x20000bac   Data          16  gps.o(.bss)
    poshold_ratePID_PARAM                    0x20000bbc   Data          16  gps.o(.bss)
    navPID_PARAM                             0x20000bcc   Data          16  gps.o(.bss)
    posholdPID                               0x20000bdc   Data          40  gps.o(.bss)
    poshold_ratePID                          0x20000c04   Data          40  gps.o(.bss)
    navPID                                   0x20000c2c   Data          40  gps.o(.bss)
    GPS_filter                               0x20000c54   Data          40  gps.o(.bss)
    _buffer                                  0x20000c7c   Data          64  gps.o(.bss)
    .bss                                     0x20000cbc   Section      144  imu.o(.bss)
    EstM                                     0x20000cbc   Data          12  imu.o(.bss)
    accLPF                                   0x20000cc8   Data          12  imu.o(.bss)
    baroHistTab                              0x20000cd4   Data          96  imu.o(.bss)
    .bss                                     0x20000d4c   Section      312  kalmanfilterfrontend.o(.bss)
    .bss                                     0x20000e84   Section      216  mixer.o(.bss)
    currentMixer                             0x20000e9c   Data         192  mixer.o(.bss)
    .bss                                     0x20000f5c   Section      173  mw.o(.bss)
    vbatRawArray                             0x20000f5c   Data          16  mw.o(.bss)
    rcData4Values                            0x20000f6c   Data          64  mw.o(.bss)
    rcDataMean                               0x20000fac   Data          16  mw.o(.bss)
    lastDTerm                                0x20000fbc   Data          12  mw.o(.bss)
    .bss                                     0x2000100c   Section      156  sensors.o(.bss)
    a                                        0x2000100c   Data          12  sensors.o(.bss)
    b                                        0x20001018   Data          12  sensors.o(.bss)
    g                                        0x20001024   Data          12  sensors.o(.bss)
    var                                      0x20001030   Data          60  sensors.o(.bss)
    .bss                                     0x200010a8   Section       64  serial.o(.bss)
    inBuf                                    0x200010a8   Data          64  serial.o(.bss)
    .bss                                     0x200010e8   Section       48  simpleintegrator.o(.bss)
    nullValueCounter                         0x200010e8   Data          12  simpleintegrator.o(.bss)
    .bss                                     0x20001118   Section       44  spektrum.o(.bss)
    spekChannelData                          0x20001118   Data          28  spektrum.o(.bss)
    STACK                                    0x20001148   Section     1024  startup_stm32f4xx_md.o(STACK)

    Global Symbols

    Symbol Name                              Value     Ov Type        Size  Object(Section)

    BuildAttributes$$THM_ISAv4$E$P$D$K$B$S$7EM$VFPi3$EXTD16$VFPS$VFMA$PE$A:L22UL41UL21$X:L11$S22US41US21$IEEE1$IW$USESV6$~STKCKD$USESV7$~SHL$OTIME$ROPI$IEEEX$EBA8$MICROLIB$REQ8$PRES8$EABIv2 0x00000000   Number         0  anon$$obj.o ABSOLUTE
    __ARM_use_no_argv                        0x00000000   Number         0  main.o ABSOLUTE
    _clock_init                               - Undefined Weak Reference
    __Vectors_Size                           0x00000188   Number         0  startup_stm32f4xx_md.o ABSOLUTE
    __Vectors                                0x08000000   Data           4  startup_stm32f4xx_md.o(RESET)
    __Vectors_End                            0x08000188   Data           0  startup_stm32f4xx_md.o(RESET)
    __main                                   0x08000189   Thumb Code     0  entry.o(.ARM.Collect$$$$00000000)
    _main_stk                                0x08000189   Thumb Code     0  entry2.o(.ARM.Collect$$$$00000001)
    _main_scatterload                        0x0800018d   Thumb Code     0  entry5.o(.ARM.Collect$$$$00000004)
    __main_after_scatterload                 0x08000191   Thumb Code     0  entry5.o(.ARM.Collect$$$$00000004)
    _main_clock                              0x08000191   Thumb Code     0  entry7b.o(.ARM.Collect$$$$00000008)
    _main_init                               0x08000191   Thumb Code     0  entry8.o(.ARM.Collect$$$$00000009)
    Reset_Handler                            0x0800019d   Thumb Code     8  startup_stm32f4xx_md.o(.text)
    NMI_Handler                              0x080001a5   Thumb Code     2  startup_stm32f4xx_md.o(.text)
    MemManage_Handler                        0x080001a9   Thumb Code     2  startup_stm32f4xx_md.o(.text)
    BusFault_Handler                         0x080001ab   Thumb Code     2  startup_stm32f4xx_md.o(.text)
    UsageFault_Handler                       0x080001ad   Thumb Code     2  startup_stm32f4xx_md.o(.text)
    SVC_Handler                              0x080001af   Thumb Code     2  startup_stm32f4xx_md.o(.text)
    DebugMon_Handler                         0x080001b1   Thumb Code     2  startup_stm32f4xx_md.o(.text)
    PendSV_Handler                           0x080001b3   Thumb Code     2  startup_stm32f4xx_md.o(.text)
    ADC_IRQHandler                           0x080001b7   Thumb Code     0  startup_stm32f4xx_md.o(.text)
    CAN1_RX0_IRQHandler                      0x080001b7   Thumb Code     0  startup_stm32f4xx_md.o(.text)
    CAN1_RX1_IRQHandler                      0x080001b7   Thumb Code     0  startup_stm32f4xx_md.o(.text)
    CAN1_SCE_IRQHandler                      0x080001b7   Thumb Code     0  startup_stm32f4xx_md.o(.text)
    CAN1_TX_IRQHandler                       0x080001b7   Thumb Code     0  startup_stm32f4xx_md.o(.text)
    CAN2_RX0_IRQHandler                      0x080001b7   Thumb Code     0  startup_stm32f4xx_md.o(.text)
    CAN2_RX1_IRQHandler                      0x080001b7   Thumb Code     0  startup_stm32f4xx_md.o(.text)
    CAN2_SCE_IRQHandler                      0x080001b7   Thumb Code     0  startup_stm32f4xx_md.o(.text)
    CAN2_TX_IRQHandler                       0x080001b7   Thumb Code     0  startup_stm32f4xx_md.o(.text)
    CRYP_IRQHandler                          0x080001b7   Thumb Code     0  startup_stm32f4xx_md.o(.text)
    DCMI_IRQHandler                          0x080001b7   Thumb Code     0  startup_stm32f4xx_md.o(.text)
    DMA1_Stream0_IRQHandler                  0x080001b7   Thumb Code     0  startup_stm32f4xx_md.o(.text)
    DMA1_Stream1_IRQHandler                  0x080001b7   Thumb Code     0  startup_stm32f4xx_md.o(.text)
    DMA1_Stream2_IRQHandler                  0x080001b7   Thumb Code     0  startup_stm32f4xx_md.o(.text)
    DMA1_Stream3_IRQHandler                  0x080001b7   Thumb Code     0  startup_stm32f4xx_md.o(.text)
    DMA1_Stream4_IRQHandler                  0x080001b7   Thumb Code     0  startup_stm32f4xx_md.o(.text)
    DMA1_Stream5_IRQHandler                  0x080001b7   Thumb Code     0  startup_stm32f4xx_md.o(.text)
    DMA1_Stream6_IRQHandler                  0x080001b7   Thumb Code     0  startup_stm32f4xx_md.o(.text)
    DMA1_Stream7_IRQHandler                  0x080001b7   Thumb Code     0  startup_stm32f4xx_md.o(.text)
    DMA2_Stream0_IRQHandler                  0x080001b7   Thumb Code     0  startup_stm32f4xx_md.o(.text)
    DMA2_Stream1_IRQHandler                  0x080001b7   Thumb Code     0  startup_stm32f4xx_md.o(.text)
    DMA2_Stream2_IRQHandler                  0x080001b7   Thumb Code     0  startup_stm32f4xx_md.o(.text)
    DMA2_Stream3_IRQHandler                  0x080001b7   Thumb Code     0  startup_stm32f4xx_md.o(.text)
    DMA2_Stream4_IRQHandler                  0x080001b7   Thumb Code     0  startup_stm32f4xx_md.o(.text)
    DMA2_Stream5_IRQHandler                  0x080001b7   Thumb Code     0  startup_stm32f4xx_md.o(.text)
    DMA2_Stream6_IRQHandler                  0x080001b7   Thumb Code     0  startup_stm32f4xx_md.o(.text)
    DMA2_Stream7_IRQHandler                  0x080001b7   Thumb Code     0  startup_stm32f4xx_md.o(.text)
    ETH_IRQHandler                           0x080001b7   Thumb Code     0  startup_stm32f4xx_md.o(.text)
    ETH_WKUP_IRQHandler                      0x080001b7   Thumb Code     0  startup_stm32f4xx_md.o(.text)
    EXTI0_IRQHandler                         0x080001b7   Thumb Code     0  startup_stm32f4xx_md.o(.text)
    EXTI2_IRQHandler                         0x080001b7   Thumb Code     0  startup_stm32f4xx_md.o(.text)
    EXTI3_IRQHandler                         0x080001b7   Thumb Code     0  startup_stm32f4xx_md.o(.text)
    EXTI4_IRQHandler                         0x080001b7   Thumb Code     0  startup_stm32f4xx_md.o(.text)
    FLASH_IRQHandler                         0x080001b7   Thumb Code     0  startup_stm32f4xx_md.o(.text)
    FPU_IRQHandler                           0x080001b7   Thumb Code     0  startup_stm32f4xx_md.o(.text)
    FSMC_IRQHandler                          0x080001b7   Thumb Code     0  startup_stm32f4xx_md.o(.text)
    HASH_RNG_IRQHandler                      0x080001b7   Thumb Code     0  startup_stm32f4xx_md.o(.text)
    I2C3_ER_IRQHandler                       0x080001b7   Thumb Code     0  startup_stm32f4xx_md.o(.text)
    I2C3_EV_IRQHandler                       0x080001b7   Thumb Code     0  startup_stm32f4xx_md.o(.text)
    OTG_FS_IRQHandler                        0x080001b7   Thumb Code     0  startup_stm32f4xx_md.o(.text)
    OTG_FS_WKUP_IRQHandler                   0x080001b7   Thumb Code     0  startup_stm32f4xx_md.o(.text)
    OTG_HS_EP1_IN_IRQHandler                 0x080001b7   Thumb Code     0  startup_stm32f4xx_md.o(.text)
    OTG_HS_EP1_OUT_IRQHandler                0x080001b7   Thumb Code     0  startup_stm32f4xx_md.o(.text)
    OTG_HS_IRQHandler                        0x080001b7   Thumb Code     0  startup_stm32f4xx_md.o(.text)
    OTG_HS_WKUP_IRQHandler                   0x080001b7   Thumb Code     0  startup_stm32f4xx_md.o(.text)
    PVD_IRQHandler                           0x080001b7   Thumb Code     0  startup_stm32f4xx_md.o(.text)
    RCC_IRQHandler                           0x080001b7   Thumb Code     0  startup_stm32f4xx_md.o(.text)
    RTC_Alarm_IRQHandler                     0x080001b7   Thumb Code     0  startup_stm32f4xx_md.o(.text)
    RTC_WKUP_IRQHandler                      0x080001b7   Thumb Code     0  startup_stm32f4xx_md.o(.text)
    SDIO_IRQHandler                          0x080001b7   Thumb Code     0  startup_stm32f4xx_md.o(.text)
    SPI1_IRQHandler                          0x080001b7   Thumb Code     0  startup_stm32f4xx_md.o(.text)
    SPI2_IRQHandler                          0x080001b7   Thumb Code     0  startup_stm32f4xx_md.o(.text)
    SPI3_IRQHandler                          0x080001b7   Thumb Code     0  startup_stm32f4xx_md.o(.text)
    TAMP_STAMP_IRQHandler                    0x080001b7   Thumb Code     0  startup_stm32f4xx_md.o(.text)
    TIM1_BRK_TIM9_IRQHandler                 0x080001b7   Thumb Code     0  startup_stm32f4xx_md.o(.text)
    TIM1_TRG_COM_TIM11_IRQHandler            0x080001b7   Thumb Code     0  startup_stm32f4xx_md.o(.text)
    TIM1_UP_TIM10_IRQHandler                 0x080001b7   Thumb Code     0  startup_stm32f4xx_md.o(.text)
    TIM6_DAC_IRQHandler                      0x080001b7   Thumb Code     0  startup_stm32f4xx_md.o(.text)
    TIM7_IRQHandler                          0x080001b7   Thumb Code     0  startup_stm32f4xx_md.o(.text)
    TIM8_BRK_TIM12_IRQHandler                0x080001b7   Thumb Code     0  startup_stm32f4xx_md.o(.text)
    TIM8_TRG_COM_TIM14_IRQHandler            0x080001b7   Thumb Code     0  startup_stm32f4xx_md.o(.text)
    TIM8_UP_TIM13_IRQHandler                 0x080001b7   Thumb Code     0  startup_stm32f4xx_md.o(.text)
    UART4_IRQHandler                         0x080001b7   Thumb Code     0  startup_stm32f4xx_md.o(.text)
    UART5_IRQHandler                         0x080001b7   Thumb Code     0  startup_stm32f4xx_md.o(.text)
    USART1_IRQHandler                        0x080001b7   Thumb Code     0  startup_stm32f4xx_md.o(.text)
    USART6_IRQHandler                        0x080001b7   Thumb Code     0  startup_stm32f4xx_md.o(.text)
    WWDG_IRQHandler                          0x080001b7   Thumb Code     0  startup_stm32f4xx_md.o(.text)
    SystemInit                               0x080001c1   Thumb Code    74  system_stm32f4xx.o(.text)
    SystemCoreClockUpdate                    0x0800020b   Thumb Code   112  system_stm32f4xx.o(.text)
    NVIC_PriorityGroupConfig                 0x0800032d   Thumb Code    10  misc.o(.text)
    NVIC_Init                                0x08000337   Thumb Code    92  misc.o(.text)
    ADC_DeInit                               0x080003a1   Thumb Code    24  stm32f4xx_adc.o(.text)
    ADC_Init                                 0x080003b9   Thumb Code    66  stm32f4xx_adc.o(.text)
    ADC_CommonInit                           0x080003fb   Thumb Code    40  stm32f4xx_adc.o(.text)
    ADC_Cmd                                  0x08000423   Thumb Code    20  stm32f4xx_adc.o(.text)
    ADC_RegularChannelConfig                 0x08000437   Thumb Code   116  stm32f4xx_adc.o(.text)
    ADC_SoftwareStartConv                    0x080004ab   Thumb Code    10  stm32f4xx_adc.o(.text)
    ADC_DMACmd                               0x080004b5   Thumb Code    20  stm32f4xx_adc.o(.text)
    DMA_DeInit                               0x080004d9   Thumb Code   270  stm32f4xx_dma.o(.text)
    DMA_Init                                 0x080005e7   Thumb Code    80  stm32f4xx_dma.o(.text)
    DMA_Cmd                                  0x08000637   Thumb Code    20  stm32f4xx_dma.o(.text)
    DMA_GetCurrDataCounter                   0x0800064b   Thumb Code     6  stm32f4xx_dma.o(.text)
    DMA_ITConfig                             0x08000651   Thumb Code    44  stm32f4xx_dma.o(.text)
    EXTI_Init                                0x08000695   Thumb Code   112  stm32f4xx_exti.o(.text)
    EXTI_GetITStatus                         0x08000705   Thumb Code    28  stm32f4xx_exti.o(.text)
    EXTI_ClearITPendingBit                   0x08000721   Thumb Code     8  stm32f4xx_exti.o(.text)
    FLASH_Unlock                             0x0800072d   Thumb Code    22  stm32f4xx_flash.o(.text)
    FLASH_Lock                               0x08000743   Thumb Code    12  stm32f4xx_flash.o(.text)
    FLASH_GetStatus                          0x0800074f   Thumb Code    48  stm32f4xx_flash.o(.text)
    FLASH_WaitForLastOperation               0x0800077f   Thumb Code    12  stm32f4xx_flash.o(.text)
    FLASH_EraseSector                        0x0800078b   Thumb Code   108  stm32f4xx_flash.o(.text)
    FLASH_ProgramWord                        0x080007f7   Thumb Code    58  stm32f4xx_flash.o(.text)
    FLASH_ClearFlag                          0x08000831   Thumb Code     8  stm32f4xx_flash.o(.text)
    GPIO_Init                                0x08000845   Thumb Code   124  stm32f4xx_gpio.o(.text)
    GPIO_StructInit                          0x080008c1   Thumb Code    18  stm32f4xx_gpio.o(.text)
    GPIO_ReadInputDataBit                    0x080008d3   Thumb Code    14  stm32f4xx_gpio.o(.text)
    GPIO_SetBits                             0x080008e1   Thumb Code     4  stm32f4xx_gpio.o(.text)
    GPIO_ResetBits                           0x080008e5   Thumb Code     4  stm32f4xx_gpio.o(.text)
    GPIO_PinAFConfig                         0x080008e9   Thumb Code    32  stm32f4xx_gpio.o(.text)
    I2C_DeInit                               0x08000909   Thumb Code    56  stm32f4xx_i2c.o(.text)
    I2C_Init                                 0x08000941   Thumb Code   172  stm32f4xx_i2c.o(.text)
    I2C_StructInit                           0x080009ed   Thumb Code    28  stm32f4xx_i2c.o(.text)
    I2C_Cmd                                  0x08000a09   Thumb Code    20  stm32f4xx_i2c.o(.text)
    I2C_GenerateSTART                        0x08000a1d   Thumb Code    20  stm32f4xx_i2c.o(.text)
    I2C_GenerateSTOP                         0x08000a31   Thumb Code    20  stm32f4xx_i2c.o(.text)
    I2C_Send7bitAddress                      0x08000a45   Thumb Code    16  stm32f4xx_i2c.o(.text)
    I2C_AcknowledgeConfig                    0x08000a55   Thumb Code    20  stm32f4xx_i2c.o(.text)
    I2C_SendData                             0x08000a69   Thumb Code     4  stm32f4xx_i2c.o(.text)
    I2C_ReceiveData                          0x08000a6d   Thumb Code     6  stm32f4xx_i2c.o(.text)
    I2C_ITConfig                             0x08000a73   Thumb Code    16  stm32f4xx_i2c.o(.text)
    RCC_GetClocksFreq                        0x08000a99   Thumb Code   138  stm32f4xx_rcc.o(.text)
    RCC_AHB1PeriphClockCmd                   0x08000b23   Thumb Code    20  stm32f4xx_rcc.o(.text)
    RCC_APB1PeriphClockCmd                   0x08000b37   Thumb Code    20  stm32f4xx_rcc.o(.text)
    RCC_APB2PeriphClockCmd                   0x08000b4b   Thumb Code    20  stm32f4xx_rcc.o(.text)
    RCC_APB1PeriphResetCmd                   0x08000b5f   Thumb Code    20  stm32f4xx_rcc.o(.text)
    RCC_APB2PeriphResetCmd                   0x08000b73   Thumb Code    20  stm32f4xx_rcc.o(.text)
    RCC_ClearFlag                            0x08000b87   Thumb Code    14  stm32f4xx_rcc.o(.text)
    SYSCFG_EXTILineConfig                    0x08000ba1   Thumb Code    34  stm32f4xx_syscfg.o(.text)
    TIM_TimeBaseInit                         0x08000bc9   Thumb Code   100  stm32f4xx_tim.o(.text)
    TIM_TimeBaseStructInit                   0x08000c2d   Thumb Code    18  stm32f4xx_tim.o(.text)
    TIM_Cmd                                  0x08000c3f   Thumb Code    20  stm32f4xx_tim.o(.text)
    TIM_OC1Init                              0x08000c53   Thumb Code    88  stm32f4xx_tim.o(.text)
    TIM_OC2Init                              0x08000cab   Thumb Code   116  stm32f4xx_tim.o(.text)
    TIM_OC3Init                              0x08000d1f   Thumb Code   112  stm32f4xx_tim.o(.text)
    TIM_OC4Init                              0x08000d8f   Thumb Code    84  stm32f4xx_tim.o(.text)
    TIM_OCStructInit                         0x08000de3   Thumb Code    20  stm32f4xx_tim.o(.text)
    TIM_OC1PreloadConfig                     0x08000df7   Thumb Code    12  stm32f4xx_tim.o(.text)
    TIM_OC2PreloadConfig                     0x08000e03   Thumb Code    14  stm32f4xx_tim.o(.text)
    TIM_OC3PreloadConfig                     0x08000e11   Thumb Code    12  stm32f4xx_tim.o(.text)
    TIM_OC4PreloadConfig                     0x08000e1d   Thumb Code    14  stm32f4xx_tim.o(.text)
    TIM_SetIC4Prescaler                      0x08000e2b   Thumb Code    18  stm32f4xx_tim.o(.text)
    TIM_SetIC3Prescaler                      0x08000e3d   Thumb Code    16  stm32f4xx_tim.o(.text)
    TIM_SetIC2Prescaler                      0x08000e4d   Thumb Code    18  stm32f4xx_tim.o(.text)
    TIM_SetIC1Prescaler                      0x08000e8d   Thumb Code    16  stm32f4xx_tim.o(.text)
    TIM_ICInit                               0x08000e9d   Thumb Code   152  stm32f4xx_tim.o(.text)
    TIM_ICStructInit                         0x08000f35   Thumb Code    16  stm32f4xx_tim.o(.text)
    TIM_GetCapture1                          0x08000f45   Thumb Code     4  stm32f4xx_tim.o(.text)
    TIM_GetCapture2                          0x08000f49   Thumb Code     4  stm32f4xx_tim.o(.text)
    TIM_GetCapture3                          0x08000f4d   Thumb Code     4  stm32f4xx_tim.o(.text)
    TIM_GetCapture4                          0x08000f51   Thumb Code     4  stm32f4xx_tim.o(.text)
    TIM_CtrlPWMOutputs                       0x08000f55   Thumb Code    22  stm32f4xx_tim.o(.text)
    TIM_ITConfig                             0x08000f6b   Thumb Code    16  stm32f4xx_tim.o(.text)
    TIM_GetITStatus                          0x08000f7b   Thumb Code    22  stm32f4xx_tim.o(.text)
    TIM_ClearITPendingBit                    0x08000f91   Thumb Code     6  stm32f4xx_tim.o(.text)
    USART_Init                               0x08000fe1   Thumb Code   174  stm32f4xx_usart.o(.text)
    USART_StructInit                         0x0800108f   Thumb Code    22  stm32f4xx_usart.o(.text)
    USART_Cmd                                0x080010a5   Thumb Code    20  stm32f4xx_usart.o(.text)
    USART_ReceiveData                        0x080010b9   Thumb Code     8  stm32f4xx_usart.o(.text)
    USART_DMACmd                             0x080010c1   Thumb Code    16  stm32f4xx_usart.o(.text)
    USART_ITConfig                           0x080010d1   Thumb Code    48  stm32f4xx_usart.o(.text)
    adcInit                                  0x08001109   Thumb Code   254  drv_adc.o(.text)
    adcGetChannel                            0x08001207   Thumb Code     8  drv_adc.o(.text)
    adxl345Detect                            0x08001335   Thumb Code    60  drv_adxl345.o(.text)
    EXTI15_10_IRQHandler                     0x08001385   Thumb Code    30  drv_bmp085.o(.text)
    bmp085Detect                             0x0800145d   Thumb Code   262  drv_bmp085.o(.text)
    ECHO_EXTI_IRQHandler                     0x08001685   Thumb Code    54  drv_hcsr04.o(.text)
    EXTI1_IRQHandler                         0x080016bb   Thumb Code     2  drv_hcsr04.o(.text)
    EXTI9_5_IRQHandler                       0x080016bd   Thumb Code     2  drv_hcsr04.o(.text)
    hcsr04_init                              0x080016bf   Thumb Code   176  drv_hcsr04.o(.text)
    hcsr04_get_distance                      0x0800176f   Thumb Code    52  drv_hcsr04.o(.text)
    hmc5883lDetect                           0x080017ad   Thumb Code    38  drv_hmc5883l.o(.text)
    hmc5883lInit                             0x080017d3   Thumb Code    48  drv_hmc5883l.o(.text)
    hmc5883lCal                              0x08001803   Thumb Code    44  drv_hmc5883l.o(.text)
    hmc5883lFinishCal                        0x0800182f   Thumb Code    36  drv_hmc5883l.o(.text)
    hmc5883lRead                             0x08001853   Thumb Code    42  drv_hmc5883l.o(.text)
    i2cInit                                  0x08001881   Thumb Code   182  drv_i2c.o(.text)
    I2C1_ER_IRQHandler                       0x080019a9   Thumb Code     2  drv_i2c.o(.text)
    I2C1_EV_IRQHandler                       0x08001bcb   Thumb Code     2  drv_i2c.o(.text)
    I2C2_ER_IRQHandler                       0x08001bcd   Thumb Code     2  drv_i2c.o(.text)
    I2C2_EV_IRQHandler                       0x08001bcf   Thumb Code     2  drv_i2c.o(.text)
    i2cWriteBuffer                           0x08001bd1   Thumb Code   136  drv_i2c.o(.text)
    i2cWrite                                 0x08001c59   Thumb Code    12  drv_i2c.o(.text)
    i2cRead                                  0x08001c65   Thumb Code   122  drv_i2c.o(.text)
    i2cGetErrorCounter                       0x08001cdf   Thumb Code     6  drv_i2c.o(.text)
    l3g4200dDetect                           0x08001e3b   Thumb Code    50  drv_l3g4200d.o(.text)
    l3g4200dConfig                           0x08001e6d   Thumb Code    50  drv_l3g4200d.o(.text)
    ledringState                             0x08001eb1   Thumb Code   194  drv_ledring.o(.text)
    ledringBlink                             0x08001f73   Thumb Code    32  drv_ledring.o(.text)
    mma8452Detect                            0x08002075   Thumb Code    60  drv_mma845x.o(.text)
    mpu3050Detect                            0x08002191   Thumb Code    44  drv_mpu3050.o(.text)
    mpu3050Config                            0x080021bd   Thumb Code    70  drv_mpu3050.o(.text)
    mpu6050Detect                            0x08002337   Thumb Code   188  drv_mpu6050.o(.text)
    ms5611Detect                             0x0800255d   Thumb Code   180  drv_ms5611.o(.text)
    TIM1_CC_IRQHandler                       0x080028f9   Thumb Code   158  drv_pwm.o(.text)
    TIM8_CC_IRQHandler                       0x08002997   Thumb Code   158  drv_pwm.o(.text)
    TIM2_IRQHandler                          0x08002a35   Thumb Code    80  drv_pwm.o(.text)
    TIM3_IRQHandler                          0x08002a85   Thumb Code   124  drv_pwm.o(.text)
    TIM4_IRQHandler                          0x08002b01   Thumb Code   150  drv_pwm.o(.text)
    TIM5_IRQHandler                          0x08002b97   Thumb Code   156  drv_pwm.o(.text)
    pwmInit                                  0x08002cc3   Thumb Code   174  drv_pwm.o(.text)
    pwmWriteMotor                            0x08002d71   Thumb Code    22  drv_pwm.o(.text)
    pwmWriteServo                            0x08002d87   Thumb Code    22  drv_pwm.o(.text)
    pwmRead                                  0x08002d9d   Thumb Code     8  drv_pwm.o(.text)
    SysTick_Handler                          0x08002e9b   Thumb Code    12  drv_system.o(.text)
    micros                                   0x08002ea7   Thumb Code    44  drv_system.o(.text)
    millis                                   0x08002ed3   Thumb Code     6  drv_system.o(.text)
    delayMicroseconds                        0x08002ed9   Thumb Code    24  drv_system.o(.text)
    delay                                    0x08002ef1   Thumb Code    24  drv_system.o(.text)
    systemInit                               0x08002f09   Thumb Code   200  drv_system.o(.text)
    failureMode                              0x08002fd1   Thumb Code    76  drv_system.o(.text)
    systemReset                              0x0800301d   Thumb Code    18  drv_system.o(.text)
    uartInit                                 0x080030a1   Thumb Code   318  drv_uart.o(.text)
    uartAvailable                            0x080031df   Thumb Code    26  drv_uart.o(.text)
    uartTransmitEmpty                        0x080031f9   Thumb Code    18  drv_uart.o(.text)
    uartRead                                 0x0800320b   Thumb Code    26  drv_uart.o(.text)
    uartWrite                                0x08003225   Thumb Code    28  drv_uart.o(.text)
    uartPrint                                0x08003241   Thumb Code    20  drv_uart.o(.text)
    uart2Init                                0x0800329b   Thumb Code   170  drv_uart.o(.text)
    uart2ChangeBaud                          0x08003345   Thumb Code     2  drv_uart.o(.text)
    uart2Write                               0x08003347   Thumb Code    36  drv_uart.o(.text)
    uart2TransmitEmpty                       0x0800336b   Thumb Code    18  drv_uart.o(.text)
    USART2_IRQHandler                        0x0800337d   Thumb Code    78  drv_uart.o(.text)
    USART3_IRQHandler                        0x080033cb   Thumb Code    80  drv_uart.o(.text)
    buzzer                                   0x08003531   Thumb Code   284  buzzer.o(.text)
    itoa                                     0x0800368d   Thumb Code    40  cli.o(.text)
    cliProcess                               0x080044bf   Thumb Code  1042  cli.o(.text)
    parseRcChannels                          0x08004929   Thumb Code    44  config.o(.text)
    readEEPROM                               0x08004955   Thumb Code   224  config.o(.text)
    writeParams                              0x08004a35   Thumb Code   132  config.o(.text)
    setFeature                               0x08004ab9   Thumb Code    10  config.o(.text)
    checkFirstTime                           0x08004cd9   Thumb Code   124  config.o(.text)
    getSensors                               0x08004d55   Thumb Code    16  config.o(.text)
    setSensors                               0x08004d65   Thumb Code    10  config.o(.text)
    clearSensors                             0x08004d6f   Thumb Code    10  config.o(.text)
    sensorsMask                              0x08004d79   Thumb Code     6  config.o(.text)
    getFeature                               0x08004d7f   Thumb Code    16  config.o(.text)
    featureClear                             0x08004d8f   Thumb Code    10  config.o(.text)
    featureMask                              0x08004d99   Thumb Code     6  config.o(.text)
    wrap_18000                               0x08004ddf   Thumb Code    26  gps.o(.text)
    GPS_reset_home_position                  0x080052a9   Thumb Code    48  gps.o(.text)
    GPS_coord_to_degrees                     0x08005499   Thumb Code   160  gps.o(.text)
    gpsInit                                  0x08005a49   Thumb Code   218  gps.o(.text)
    GPS_reset_nav                            0x08005b23   Thumb Code    80  gps.o(.text)
    GPS_set_next_wp                          0x08005b73   Thumb Code    78  gps.o(.text)
    imuInit                                  0x08005cc1   Thumb Code    82  imu.o(.text)
    rotateV                                  0x08005d13   Thumb Code   208  imu.o(.text)
    applyDeadband16                          0x08005de3   Thumb Code    36  imu.o(.text)
    integratorStep                           0x08005e07   Thumb Code   342  imu.o(.text)
    computeIMU                               0x080062e1   Thumb Code   304  imu.o(.text)
    applyDeadbandFloat                       0x08006411   Thumb Code    92  imu.o(.text)
    InvSqrt                                  0x0800646d   Thumb Code    40  imu.o(.text)
    getEstimatedAltitude                     0x08006495   Thumb Code   774  imu.o(.text)
    initKalman1D                             0x080067d5   Thumb Code    50  kalman1d.o(.text)
    kalman1DUpdate32                         0x08006807   Thumb Code   202  kalman1d.o(.text)
    kalman1DUpdate                           0x080068d1   Thumb Code    24  kalman1d.o(.text)
    accelKalmanfilterStep                    0x080068f1   Thumb Code   212  kalmanfilterfrontend.o(.text)
    gyroKalmanfilterStep                     0x080069c5   Thumb Code   212  kalmanfilterfrontend.o(.text)
    main                                     0x08006abb   Thumb Code   440  main.o(.text)
    HardFault_Handler                        0x08006c73   Thumb Code    12  main.o(.text)
    mixerInit                                0x08006cad   Thumb Code   132  mixer.o(.text)
    mixerLoadMix                             0x08006d31   Thumb Code    76  mixer.o(.text)
    writeServos                              0x08006d7d   Thumb Code   120  mixer.o(.text)
    writeMotors                              0x08006df5   Thumb Code    34  mixer.o(.text)
    writeAllMotors                           0x08006e17   Thumb Code    28  mixer.o(.text)
    mixTable                                 0x08006f65   Thumb Code  1120  mixer.o(.text)
    blinkLED                                 0x080073d5   Thumb Code    86  mw.o(.text)
    annexCode                                0x0800742b   Thumb Code   894  mw.o(.text)
    pwmReadRawRC                             0x080077a9   Thumb Code    32  mw.o(.text)
    computeRC                                0x080077c9   Thumb Code   198  mw.o(.text)
    loop                                     0x0800788f   Thumb Code  2820  mw.o(.text)
    tfp_format                               0x080084ab   Thumb Code   306  printf.o(.text)
    init_printf                              0x080085dd   Thumb Code     8  printf.o(.text)
    tfp_printf                               0x080085e5   Thumb Code    34  printf.o(.text)
    sensorsAutodetect                        0x0800860d   Thumb Code   328  sensors.o(.text)
    batteryAdcToVoltage                      0x08008755   Thumb Code    56  sensors.o(.text)
    batteryInit                              0x0800878d   Thumb Code    74  sensors.o(.text)
    ACC_getADC                               0x080089ad   Thumb Code    52  sensors.o(.text)
    Baro_update                              0x080089e1   Thumb Code   238  sensors.o(.text)
    Gyro_getADC                              0x08008c69   Thumb Code    50  sensors.o(.text)
    Mag_init                                 0x08008c9b   Thumb Code   376  sensors.o(.text)
    Mag_getADC                               0x08008e13   Thumb Code   420  sensors.o(.text)
    Sonar_init                               0x08008fb7   Thumb Code    22  sensors.o(.text)
    Sonar_update                             0x08008fcd   Thumb Code     6  sensors.o(.text)
    serialize32                              0x08009001   Thumb Code    76  serial.o(.text)
    serialize16                              0x0800904d   Thumb Code    42  serial.o(.text)
    serialize8                               0x08009077   Thumb Code    18  serial.o(.text)
    read8                                    0x08009089   Thumb Code    14  serial.o(.text)
    read16                                   0x08009097   Thumb Code    20  serial.o(.text)
    read32                                   0x080090ab   Thumb Code    18  serial.o(.text)
    headSerialResponse                       0x080090bd   Thumb Code    50  serial.o(.text)
    headSerialReply                          0x080090ef   Thumb Code     6  serial.o(.text)
    headSerialError                          0x080090f5   Thumb Code     6  serial.o(.text)
    tailSerialReply                          0x080090fb   Thumb Code     6  serial.o(.text)
    serializeNames                           0x08009101   Thumb Code    22  serial.o(.text)
    serialInit                               0x08009117   Thumb Code     4  serial.o(.text)
    serialCom                                0x0800964d   Thumb Code   234  serial.o(.text)
    resetIntegrator                          0x08009779   Thumb Code    44  simpleintegrator.o(.text)
    accIntegratorStep                        0x080097a5   Thumb Code   266  simpleintegrator.o(.text)
    spektrumInit                             0x080098f7   Thumb Code    36  spektrum.o(.text)
    spektrumFrameComplete                    0x0800991b   Thumb Code     6  spektrum.o(.text)
    spektrumReadRawRC                        0x08009921   Thumb Code   124  spektrum.o(.text)
    initTelemetry                            0x08009a85   Thumb Code    34  telemetry.o(.text)
    sendTelemetry                            0x08009aa7   Thumb Code   406  telemetry.o(.text)
    __rt_ctype_table                         0x08009ce9   Thumb Code     4  ctype_o.o(.text)
    toupper                                  0x08009cf1   Thumb Code    12  toupper.o(.text)
    bsearch                                  0x08009cfd   Thumb Code    70  bsearch.o(.text)
    __aeabi_memcpy                           0x08009d43   Thumb Code    36  memcpya.o(.text)
    __aeabi_memcpy4                          0x08009d43   Thumb Code     0  memcpya.o(.text)
    __aeabi_memcpy8                          0x08009d43   Thumb Code     0  memcpya.o(.text)
    __aeabi_memset                           0x08009d67   Thumb Code    14  memseta.o(.text)
    __aeabi_memset4                          0x08009d67   Thumb Code     0  memseta.o(.text)
    __aeabi_memset8                          0x08009d67   Thumb Code     0  memseta.o(.text)
    __aeabi_memclr                           0x08009d75   Thumb Code     4  memseta.o(.text)
    __aeabi_memclr4                          0x08009d75   Thumb Code     0  memseta.o(.text)
    __aeabi_memclr8                          0x08009d75   Thumb Code     0  memseta.o(.text)
    _memset$wrapper                          0x08009d79   Thumb Code    20  memseta.o(.text)
    strcat                                   0x08009d8d   Thumb Code    28  strcat.o(.text)
    strstr                                   0x08009da9   Thumb Code    44  strstr.o(.text)
    strncpy                                  0x08009dd5   Thumb Code    24  strncpy.o(.text)
    strchr                                   0x08009ded   Thumb Code    18  strchr.o(.text)
    strlen                                   0x08009dff   Thumb Code    16  strlen.o(.text)
    strncasecmp                              0x08009e0f   Thumb Code    50  strncasecmp.o(.text)
    atoi                                     0x08009e41   Thumb Code    26  atoi.o(.text)
    __aeabi_dadd                             0x08009e5b   Thumb Code   320  dadd.o(.text)
    __aeabi_dsub                             0x08009f9b   Thumb Code     6  dadd.o(.text)
    __aeabi_drsub                            0x08009fa1   Thumb Code     6  dadd.o(.text)
    __aeabi_dmul                             0x08009fa7   Thumb Code   224  dmul.o(.text)
    __aeabi_ddiv                             0x0800a087   Thumb Code   222  ddiv.o(.text)
    __aeabi_i2d                              0x0800a165   Thumb Code    34  dflti.o(.text)
    __aeabi_ui2d                             0x0800a187   Thumb Code    26  dfltui.o(.text)
    __aeabi_d2iz                             0x0800a1a1   Thumb Code    62  dfixi.o(.text)
    __aeabi_f2d                              0x0800a1df   Thumb Code    44  f2d.o(.text)
    __aeabi_d2f                              0x0800a20b   Thumb Code    56  d2f.o(.text)
    __aeabi_llsl                             0x0800a243   Thumb Code    30  llshl.o(.text)
    _ll_shift_l                              0x0800a243   Thumb Code     0  llshl.o(.text)
    __aeabi_llsr                             0x0800a261   Thumb Code    32  llushr.o(.text)
    _ll_ushift_r                             0x0800a261   Thumb Code     0  llushr.o(.text)
    __aeabi_lasr                             0x0800a281   Thumb Code    36  llsshr.o(.text)
    _ll_sshift_r                             0x0800a281   Thumb Code     0  llsshr.o(.text)
    tolower                                  0x0800a2a5   Thumb Code    12  tolower.o(.text)
    strtol                                   0x0800a2b1   Thumb Code   112  strtol.o(.text)
    __I$use$fp                               0x0800a321   Thumb Code     0  iusefp.o(.text)
    _float_round                             0x0800a321   Thumb Code    18  fepilogue.o(.text)
    _float_epilogue                          0x0800a333   Thumb Code    90  fepilogue.o(.text)
    _double_round                            0x0800a38d   Thumb Code    26  depilogue.o(.text)
    _double_epilogue                         0x0800a3a7   Thumb Code   164  depilogue.o(.text)
    __ARM_scalbn                             0x0800a44b   Thumb Code    46  dscalb.o(.text)
    scalbn                                   0x0800a44b   Thumb Code     0  dscalb.o(.text)
    __aeabi_cdrcmple                         0x0800a479   Thumb Code    38  cdrcmple.o(.text)
    __scatterload                            0x0800a4a1   Thumb Code    28  init.o(.text)
    __scatterload_rt2                        0x0800a4a1   Thumb Code     0  init.o(.text)
    _strtoul                                 0x0800a4c5   Thumb Code   158  _strtoul.o(.text)
    _dsqrt                                   0x0800a563   Thumb Code   162  dsqrt.o(.text)
    _chval                                   0x0800a605   Thumb Code    28  _chval.o(.text)
    __decompress                             0x0800a621   Thumb Code     0  __dczerorl2.o(.text)
    __decompress1                            0x0800a621   Thumb Code    92  __dczerorl2.o(.text)
    __ARM_fpclassify                         0x0800a67d   Thumb Code    48  fpclassify.o(i.__ARM_fpclassify)
    __ARM_fpclassifyf                        0x0800a6ad   Thumb Code    38  fpclassifyf.o(i.__ARM_fpclassifyf)
    __aeabi_errno_addr                       0x0800a6d5   Thumb Code     4  errno.o(i.__aeabi_errno_addr)
    __rt_errno_addr                          0x0800a6d5   Thumb Code     0  errno.o(i.__aeabi_errno_addr)
    __hardfp_asinf                           0x0800a6dd   Thumb Code   250  asinf.o(i.__hardfp_asinf)
    __hardfp_atan2f                          0x0800a801   Thumb Code   486  atan2f.o(i.__hardfp_atan2f)
    __hardfp_cosf                            0x0800aa49   Thumb Code   286  cosf.o(i.__hardfp_cosf)
    __hardfp_pow                             0x0800aba9   Thumb Code  3148  pow.o(i.__hardfp_pow)
    __hardfp_sinf                            0x0800b851   Thumb Code   314  sinf.o(i.__hardfp_sinf)
    __hardfp_sqrtf                           0x0800b9c9   Thumb Code    58  sqrtf.o(i.__hardfp_sqrtf)
    __kernel_poly                            0x0800ba03   Thumb Code   248  poly.o(i.__kernel_poly)
    __mathlib_dbl_underflow                  0x0800bb01   Thumb Code    24  dunder.o(i.__mathlib_dbl_underflow)
    __mathlib_flt_underflow                  0x0800bb21   Thumb Code    10  funder.o(i.__mathlib_flt_underflow)
    __mathlib_rredf2                         0x0800bb31   Thumb Code   294  rredf.o(i.__mathlib_rredf2)
    __scatterload_copy                       0x0800bc71   Thumb Code    14  handlers.o(i.__scatterload_copy)
    __scatterload_null                       0x0800bc7f   Thumb Code     2  handlers.o(i.__scatterload_null)
    __scatterload_zeroinit                   0x0800bc81   Thumb Code    14  handlers.o(i.__scatterload_zeroinit)
    __set_errno                              0x0800bc91   Thumb Code     6  errno.o(i.__set_errno)
    fabs                                     0x0800bc9d   Thumb Code    32  fabs.o(i.fabs)
    sqrt                                     0x0800bcbd   Thumb Code   108  sqrt.o(i.sqrt)
    sqrtf                                    0x0800bd29   Thumb Code    62  sqrtf.o(i.sqrtf)
    mixerNames                               0x0800bdac   Data          80  cli.o(.constdata)
    featureNames                             0x0800bdfc   Data          52  cli.o(.constdata)
    sensorNames                              0x0800be30   Data          24  cli.o(.constdata)
    accNames                                 0x0800be48   Data          20  cli.o(.constdata)
    cmdTable                                 0x0800be5c   Data         156  cli.o(.constdata)
    valueTable                               0x0800bef8   Data        2240  cli.o(.constdata)
    rcChannelLetters                         0x0800c7b8   Data           9  config.o(.constdata)
    init_speed                               0x0800c7d0   Data          20  gps.o(.constdata)
    mixers                                   0x0800cce0   Data         160  mixer.o(.constdata)
    __ctype_table                            0x0800cea8   Data         129  ctype_o.o(.constdata)
    __mathlib_zero                           0x0800cf30   Data           8  qnan.o(.constdata)
    Region$$Table$$Base                      0x0800d7c8   Number         0  anon$$obj.o(Region$$Table)
    Region$$Table$$Limit                     0x0800d7e8   Number         0  anon$$obj.o(Region$$Table)
    SystemCoreClock                          0x20000000   Data           4  system_stm32f4xx.o(.data)
    AHBPrescTable                            0x20000004   Data          16  system_stm32f4xx.o(.data)
    acc_samples                              0x20000029   Data           1  drv_adxl345.o(.data)
    uart2RxOnly                              0x200001dc   Data           1  drv_uart.o(.data)
    uart3RxOnly                              0x200001dd   Data           1  drv_uart.o(.data)
    rxDMAPos                                 0x200001e0   Data           4  drv_uart.o(.data)
    txBufferTail                             0x200001e4   Data           4  drv_uart.o(.data)
    txBufferHead                             0x200001e8   Data           4  drv_uart.o(.data)
    uart2Callback                            0x200001ec   Data           4  drv_uart.o(.data)
    tx2BufferTail                            0x200001f0   Data           4  drv_uart.o(.data)
    tx2BufferHead                            0x200001f4   Data           4  drv_uart.o(.data)
    uart3Callback                            0x200001f8   Data           4  drv_uart.o(.data)
    tx3BufferTail                            0x200001fc   Data           4  drv_uart.o(.data)
    tx3BufferHead                            0x20000200   Data           4  drv_uart.o(.data)
    acc_25deg                                0x2000029e   Data           2  imu.o(.data)
    BaroPID                                  0x200002a0   Data           2  imu.o(.data)
    errorAltitudeI                           0x200002a2   Data           2  imu.o(.data)
    magneticDeclination                      0x200002ac   Data           4  imu.o(.data)
    angle                                    0x200002b0   Data           4  imu.o(.data)
    BaroAlt                                  0x200002d0   Data           4  imu.o(.data)
    EstAlt                                   0x200002d4   Data           4  imu.o(.data)
    AltHold                                  0x200002d8   Data           4  imu.o(.data)
    accVelScale                              0x200002dc   Data           4  imu.o(.data)
    gyroData                                 0x200002e0   Data           6  imu.o(.data)
    gyroADC                                  0x200002f2   Data           6  imu.o(.data)
    accADC                                   0x200002f8   Data           6  imu.o(.data)
    accSmooth                                0x200002fe   Data           6  imu.o(.data)
    magADC                                   0x20000304   Data           6  imu.o(.data)
    gyroZero                                 0x2000030a   Data           6  imu.o(.data)
    sonarAlt                                 0x20000310   Data           2  imu.o(.data)
    useServo                                 0x20000325   Data           1  mixer.o(.data)
    servo                                    0x20000326   Data          16  mixer.o(.data)
    toggleBeep                               0x20000338   Data           1  mw.o(.data)
    nav_mode                                 0x20000339   Data           1  mw.o(.data)
    vbat                                     0x20000340   Data           1  mw.o(.data)
    GPS_numSat                               0x20000341   Data           1  mw.o(.data)
    cycleTime                                0x20000342   Data           2  mw.o(.data)
    failsafeCnt                              0x20000344   Data           2  mw.o(.data)
    failsafeEvents                           0x20000346   Data           2  mw.o(.data)
    InflightcalibratingA                     0x20000348   Data           2  mw.o(.data)
    AccInflightCalibrationMeasurementDone    0x2000034a   Data           2  mw.o(.data)
    AccInflightCalibrationSavetoEEProm       0x2000034c   Data           2  mw.o(.data)
    AccInflightCalibrationActive             0x2000034e   Data           2  mw.o(.data)
    headFreeModeHold                         0x20000352   Data           2  mw.o(.data)
    telemTemperature1                        0x20000354   Data           2  mw.o(.data)
    AccInflightCalibrationArmed              0x20000356   Data           2  mw.o(.data)
    batteryWarningVoltage                    0x20000358   Data           2  mw.o(.data)
    dynP8                                    0x2000035a   Data           3  mw.o(.data)
    dynD8                                    0x2000035d   Data           3  mw.o(.data)
    currentTime                              0x20000360   Data           4  mw.o(.data)
    previousTime                             0x20000364   Data           4  mw.o(.data)
    rcReadRawFunc                            0x20000368   Data           4  mw.o(.data)
    GPS_angle                                0x2000036c   Data           4  mw.o(.data)
    nav                                      0x20000388   Data           4  mw.o(.data)
    nav_rated                                0x2000038c   Data           4  mw.o(.data)
    axisPID                                  0x200003a8   Data           6  mw.o(.data)
    rcCommand                                0x200003ae   Data           8  mw.o(.data)
    GPS_coord                                0x200003b8   Data           8  mw.o(.data)
    GPS_home                                 0x200003c0   Data           8  mw.o(.data)
    GPS_hold                                 0x200003c8   Data           8  mw.o(.data)
    rcData                                   0x200003d0   Data          16  mw.o(.data)
    annex650_overrun_count                   0x200003e0   Data           2  mw.o(.data)
    GPS_update                               0x200003e2   Data           1  mw.o(.data)
    GPS_ground_course                        0x200003e4   Data           2  mw.o(.data)
    GPS_Present                              0x200003e6   Data           1  mw.o(.data)
    batteryCellCount                         0x200003e7   Data           1  mw.o(.data)
    debug                                    0x200003e8   Data           8  mw.o(.data)
    GPS_distanceToHome                       0x200003f0   Data           2  mw.o(.data)
    GPS_directionToHome                      0x200003f2   Data           2  mw.o(.data)
    GPS_altitude                             0x200003f4   Data           2  mw.o(.data)
    GPS_speed                                0x200003f6   Data           2  mw.o(.data)
    accHardware                              0x20000400   Data           1  sensors.o(.data)
    calibratingA                             0x20000404   Data           2  sensors.o(.data)
    calibratingG                             0x20000406   Data           2  sensors.o(.data)
    acc_1G                                   0x20000408   Data           2  sensors.o(.data)
    heading                                  0x20000440   Data           2  sensors.o(.data)
    magHold                                  0x20000442   Data           2  sensors.o(.data)
    cliMode                                  0x20000445   Data           1  serial.o(.data)
    rxBuffer                                 0x20000690   Data         256  drv_uart.o(.bss)
    txBuffer                                 0x20000790   Data         256  drv_uart.o(.bss)
    tx2Buffer                                0x20000890   Data         128  drv_uart.o(.bss)
    tx3Buffer                                0x20000910   Data         128  drv_uart.o(.bss)
    cfg                                      0x200009c0   Data         476  config.o(.bss)
    accLPFVel                                0x20000d34   Data          12  imu.o(.bss)
    EstG                                     0x20000d40   Data          12  imu.o(.bss)
    kax                                      0x20000d4c   Data          52  kalmanfilterfrontend.o(.bss)
    kay                                      0x20000d80   Data          52  kalmanfilterfrontend.o(.bss)
    kaz                                      0x20000db4   Data          52  kalmanfilterfrontend.o(.bss)
    kgx                                      0x20000de8   Data          52  kalmanfilterfrontend.o(.bss)
    kgy                                      0x20000e1c   Data          52  kalmanfilterfrontend.o(.bss)
    kgz                                      0x20000e50   Data          52  kalmanfilterfrontend.o(.bss)
    motor                                    0x20000e84   Data          24  mixer.o(.bss)
    flightMode                               0x20000fc8   Data          15  mw.o(.bss)
    lookupPitchRollRC                        0x20000fd8   Data          12  mw.o(.bss)
    lookupThrottleRC                         0x20000fe4   Data          22  mw.o(.bss)
    rcOptions                                0x20000ffa   Data          15  mw.o(.bss)
    acc                                      0x2000106c   Data          16  sensors.o(.bss)
    gyro                                     0x2000107c   Data          16  sensors.o(.bss)
    baro                                     0x2000108c   Data          28  sensors.o(.bss)
    navData                                  0x200010f4   Data          36  simpleintegrator.o(.bss)
    spekFrame                                0x20001134   Data          16  spektrum.o(.bss)
    __initial_sp                             0x20001548   Data           0  startup_stm32f4xx_md.o(STACK)



==============================================================================

Memory Map of the image

  Image Entry point : 0x08000189

  Load Region LR_IROM1 (Base: 0x08000000, Size: 0x0000dc54, Max: 0x00060000, ABSOLUTE, COMPRESSED[0x0000d8b4])

    Execution Region ER_IROM1 (Base: 0x08000000, Size: 0x0000d7e8, Max: 0x00060000, ABSOLUTE)

    Base Addr    Size         Type   Attr      Idx    E Section Name        Object

    0x08000000   0x00000188   Data   RO            3    RESET               startup_stm32f4xx_md.o
    0x08000188   0x00000000   Code   RO         4942  * .ARM.Collect$$$$00000000  mc_w.l(entry.o)
    0x08000188   0x00000004   Code   RO         5045    .ARM.Collect$$$$00000001  mc_w.l(entry2.o)
    0x0800018c   0x00000004   Code   RO         5048    .ARM.Collect$$$$00000004  mc_w.l(entry5.o)
    0x08000190   0x00000000   Code   RO         5050    .ARM.Collect$$$$00000008  mc_w.l(entry7b.o)
    0x08000190   0x00000008   Code   RO         5051    .ARM.Collect$$$$00000009  mc_w.l(entry8.o)
    0x08000198   0x00000004   Code   RO         5046    .ARM.Collect$$$$00002712  mc_w.l(entry2.o)
    0x0800019c   0x00000024   Code   RO            4    .text               startup_stm32f4xx_md.o
    0x080001c0   0x0000016c   Code   RO           12    .text               system_stm32f4xx.o
    0x0800032c   0x00000074   Code   RO          139    .text               misc.o
    0x080003a0   0x00000138   Code   RO          181    .text               stm32f4xx_adc.o
    0x080004d8   0x000001bc   Code   RO         1064    .text               stm32f4xx_dma.o
    0x08000694   0x00000098   Code   RO         1169    .text               stm32f4xx_exti.o
    0x0800072c   0x00000118   Code   RO         1224    .text               stm32f4xx_flash.o
    0x08000844   0x000000c4   Code   RO         1506    .text               stm32f4xx_gpio.o
    0x08000908   0x00000190   Code   RO         1741    .text               stm32f4xx_i2c.o
    0x08000a98   0x00000108   Code   RO         2049    .text               stm32f4xx_rcc.o
    0x08000ba0   0x00000028   Code   RO         3049    .text               stm32f4xx_syscfg.o
    0x08000bc8   0x00000418   Code   RO         3098    .text               stm32f4xx_tim.o
    0x08000fe0   0x00000128   Code   RO         3489    .text               stm32f4xx_usart.o
    0x08001108   0x00000118   Code   RO         3708    .text               drv_adc.o
    0x08001220   0x00000164   Code   RO         3776    .text               drv_adxl345.o
    0x08001384   0x00000300   Code   RO         3800    .text               drv_bmp085.o
    0x08001684   0x00000128   Code   RO         3823    .text               drv_hcsr04.o
    0x080017ac   0x000000d4   Code   RO         3853    .text               drv_hmc5883l.o
    0x08001880   0x00000530   Code   RO         3873    .text               drv_i2c.o
    0x08001db0   0x00000100   Code   RO         3909    .text               drv_l3g4200d.o
    0x08001eb0   0x000000f4   Code   RO         3932    .text               drv_ledring.o
    0x08001fa4   0x00000124   Code   RO         3958    .text               drv_mma845x.o
    0x080020c8   0x00000150   Code   RO         3981    .text               drv_mpu3050.o
    0x08002218   0x00000200   Code   RO         4003    .text               drv_mpu6050.o
    0x08002418   0x000002ac   Code   RO         4038    .text               drv_ms5611.o
    0x080026c4   0x000007c0   Code   RO         4061    .text               drv_pwm.o
    0x08002e84   0x000001e8   Code   RO         4092    .text               drv_system.o
    0x0800306c   0x000003e0   Code   RO         4118    .text               drv_uart.o
    0x0800344c   0x0000021c   Code   RO         4254    .text               buzzer.o
    0x08003668   0x000012c0   Code   RO         4276    .text               cli.o
    0x08004928   0x00000480   Code   RO         4303    .text               config.o
    0x08004da8   0x00000f18   Code   RO         4338    .text               gps.o
    0x08005cc0   0x00000b14   Code   RO         4374    .text               imu.o
    0x080067d4   0x0000011c   Code   RO         4416    .text               kalman1d.o
    0x080068f0   0x000001c4   Code   RO         4439    .text               kalmanfilterfrontend.o
    0x08006ab4   0x000001f8   Code   RO         4466    .text               main.o
    0x08006cac   0x00000728   Code   RO         4487    .text               mixer.o
    0x080073d4   0x00000fe0   Code   RO         4542    .text               mw.o
    0x080083b4   0x00000258   Code   RO         4585    .text               printf.o
    0x0800860c   0x000009f4   Code   RO         4699    .text               sensors.o
    0x08009000   0x00000778   Code   RO         4737    .text               serial.o
    0x08009778   0x00000144   Code   RO         4763    .text               simpleintegrator.o
    0x080098bc   0x000000f4   Code   RO         4811    .text               spektrum.o
    0x080099b0   0x00000338   Code   RO         4835    .text               telemetry.o
    0x08009ce8   0x00000008   Code   RO         4945    .text               mc_w.l(ctype_o.o)
    0x08009cf0   0x0000000c   Code   RO         4973    .text               mc_w.l(toupper.o)
    0x08009cfc   0x00000046   Code   RO         4975    .text               mc_w.l(bsearch.o)
    0x08009d42   0x00000024   Code   RO         4977    .text               mc_w.l(memcpya.o)
    0x08009d66   0x00000026   Code   RO         4979    .text               mc_w.l(memseta.o)
    0x08009d8c   0x0000001c   Code   RO         4981    .text               mc_w.l(strcat.o)
    0x08009da8   0x0000002c   Code   RO         4983    .text               mc_w.l(strstr.o)
    0x08009dd4   0x00000018   Code   RO         4985    .text               mc_w.l(strncpy.o)
    0x08009dec   0x00000012   Code   RO         4987    .text               mc_w.l(strchr.o)
    0x08009dfe   0x00000010   Code   RO         4989    .text               mc_w.l(strlen.o)
    0x08009e0e   0x00000032   Code   RO         4993    .text               mc_w.l(strncasecmp.o)
    0x08009e40   0x0000001a   Code   RO         4995    .text               mc_w.l(atoi.o)
    0x08009e5a   0x0000014c   Code   RO         4997    .text               mf_w.l(dadd.o)
    0x08009fa6   0x000000e0   Code   RO         4999    .text               mf_w.l(dmul.o)
    0x0800a086   0x000000de   Code   RO         5001    .text               mf_w.l(ddiv.o)
    0x0800a164   0x00000022   Code   RO         5003    .text               mf_w.l(dflti.o)
    0x0800a186   0x0000001a   Code   RO         5005    .text               mf_w.l(dfltui.o)
    0x0800a1a0   0x0000003e   Code   RO         5007    .text               mf_w.l(dfixi.o)
    0x0800a1de   0x0000002c   Code   RO         5009    .text               mf_w.l(f2d.o)
    0x0800a20a   0x00000038   Code   RO         5011    .text               mf_w.l(d2f.o)
    0x0800a242   0x0000001e   Code   RO         5052    .text               mc_w.l(llshl.o)
    0x0800a260   0x00000020   Code   RO         5054    .text               mc_w.l(llushr.o)
    0x0800a280   0x00000024   Code   RO         5056    .text               mc_w.l(llsshr.o)
    0x0800a2a4   0x0000000c   Code   RO         5058    .text               mc_w.l(tolower.o)
    0x0800a2b0   0x00000070   Code   RO         5067    .text               mc_w.l(strtol.o)
    0x0800a320   0x00000000   Code   RO         5069    .text               mc_w.l(iusefp.o)
    0x0800a320   0x0000006c   Code   RO         5070    .text               mf_w.l(fepilogue.o)
    0x0800a38c   0x000000be   Code   RO         5072    .text               mf_w.l(depilogue.o)
    0x0800a44a   0x0000002e   Code   RO         5076    .text               mf_w.l(dscalb.o)
    0x0800a478   0x00000028   Code   RO         5078    .text               mf_w.l(cdrcmple.o)
    0x0800a4a0   0x00000024   Code   RO         5080    .text               mc_w.l(init.o)
    0x0800a4c4   0x0000009e   Code   RO         5082    .text               mc_w.l(_strtoul.o)
    0x0800a562   0x000000a2   Code   RO         5084    .text               mf_w.l(dsqrt.o)
    0x0800a604   0x0000001c   Code   RO         5088    .text               mc_w.l(_chval.o)
    0x0800a620   0x0000005c   Code   RO         5098    .text               mc_w.l(__dczerorl2.o)
    0x0800a67c   0x00000030   Code   RO         5021    i.__ARM_fpclassify  m_wm.l(fpclassify.o)
    0x0800a6ac   0x00000026   Code   RO         5023    i.__ARM_fpclassifyf  m_wm.l(fpclassifyf.o)
    0x0800a6d2   0x00000002   PAD
    0x0800a6d4   0x00000008   Code   RO         5060    i.__aeabi_errno_addr  mc_w.l(errno.o)
    0x0800a6dc   0x00000124   Code   RO         4856    i.__hardfp_asinf    m_wm.l(asinf.o)
    0x0800a800   0x00000248   Code   RO         4868    i.__hardfp_atan2f   m_wm.l(atan2f.o)
    0x0800aa48   0x00000160   Code   RO         4892    i.__hardfp_cosf     m_wm.l(cosf.o)
    0x0800aba8   0x00000ca8   Code   RO         4904    i.__hardfp_pow      m_wm.l(pow.o)
    0x0800b850   0x00000178   Code   RO         4918    i.__hardfp_sinf     m_wm.l(sinf.o)
    0x0800b9c8   0x0000003a   Code   RO         4930    i.__hardfp_sqrtf    m_wm.l(sqrtf.o)
    0x0800ba02   0x000000f8   Code   RO         5027    i.__kernel_poly     m_wm.l(poly.o)
    0x0800bafa   0x00000006   PAD
    0x0800bb00   0x00000020   Code   RO         5013    i.__mathlib_dbl_underflow  m_wm.l(dunder.o)
    0x0800bb20   0x00000010   Code   RO         5025    i.__mathlib_flt_underflow  m_wm.l(funder.o)
    0x0800bb30   0x00000140   Code   RO         5030    i.__mathlib_rredf2  m_wm.l(rredf.o)
    0x0800bc70   0x0000000e   Code   RO         5092    i.__scatterload_copy  mc_w.l(handlers.o)
    0x0800bc7e   0x00000002   Code   RO         5093    i.__scatterload_null  mc_w.l(handlers.o)
    0x0800bc80   0x0000000e   Code   RO         5094    i.__scatterload_zeroinit  mc_w.l(handlers.o)
    0x0800bc8e   0x00000002   PAD
    0x0800bc90   0x0000000c   Code   RO         5062    i.__set_errno       mc_w.l(errno.o)
    0x0800bc9c   0x00000020   Code   RO         5017    i.fabs              m_wm.l(fabs.o)
    0x0800bcbc   0x0000006c   Code   RO         5035    i.sqrt              m_wm.l(sqrt.o)
    0x0800bd28   0x0000003e   Code   RO         4932    i.sqrtf             m_wm.l(sqrtf.o)
    0x0800bd66   0x0000000e   Data   RO         4063    .constdata          drv_pwm.o
    0x0800bd74   0x00000015   Data   RO         4064    .constdata          drv_pwm.o
    0x0800bd89   0x0000000e   Data   RO         4065    .constdata          drv_pwm.o
    0x0800bd97   0x00000015   Data   RO         4066    .constdata          drv_pwm.o
    0x0800bdac   0x00000a0c   Data   RO         4278    .constdata          cli.o
    0x0800c7b8   0x00000015   Data   RO         4306    .constdata          config.o
    0x0800c7cd   0x00000003   PAD
    0x0800c7d0   0x000000c0   Data   RO         4341    .constdata          gps.o
    0x0800c890   0x00000030   Data   RO         4491    .constdata          mixer.o
    0x0800c8c0   0x00000040   Data   RO         4492    .constdata          mixer.o
    0x0800c900   0x00000040   Data   RO         4493    .constdata          mixer.o
    0x0800c940   0x00000020   Data   RO         4494    .constdata          mixer.o
    0x0800c960   0x00000060   Data   RO         4495    .constdata          mixer.o
    0x0800c9c0   0x00000060   Data   RO         4496    .constdata          mixer.o
    0x0800ca20   0x00000040   Data   RO         4497    .constdata          mixer.o
    0x0800ca60   0x00000060   Data   RO         4498    .constdata          mixer.o
    0x0800cac0   0x00000080   Data   RO         4499    .constdata          mixer.o
    0x0800cb40   0x00000080   Data   RO         4500    .constdata          mixer.o
    0x0800cbc0   0x00000080   Data   RO         4501    .constdata          mixer.o
    0x0800cc40   0x00000040   Data   RO         4502    .constdata          mixer.o
    0x0800cc80   0x00000060   Data   RO         4503    .constdata          mixer.o
    0x0800cce0   0x000000a0   Data   RO         4504    .constdata          mixer.o
    0x0800cd80   0x0000009e   Data   RO         4739    .constdata          serial.o
    0x0800ce1e   0x00000002   PAD
    0x0800ce20   0x00000088   Data   RO         4907    .constdata          m_wm.l(pow.o)
    0x0800cea8   0x00000081   Data   RO         4946    .constdata          mc_w.l(ctype_o.o)
    0x0800cf29   0x00000003   PAD
    0x0800cf2c   0x00000004   Data   RO         4947    .constdata          mc_w.l(ctype_o.o)
    0x0800cf30   0x00000008   Data   RO         5029    .constdata          m_wm.l(qnan.o)
    0x0800cf38   0x00000020   Data   RO         5031    .constdata          m_wm.l(rredf.o)
    0x0800cf58   0x00000794   Data   RO         4279    .conststring        cli.o
    0x0800d6ec   0x000000da   Data   RO         4342    .conststring        gps.o
    0x0800d7c6   0x00000002   PAD
    0x0800d7c8   0x00000020   Data   RO         5090    Region$$Table       anon$$obj.o


    Execution Region RW_IRAM1 (Base: 0x20000000, Size: 0x00001548, Max: 0x00020000, ABSOLUTE, COMPRESSED[0x000000cc])

    Base Addr    Size         Type   Attr      Idx    E Section Name        Object

    0x20000000   0x00000014   Data   RW           13    .data               system_stm32f4xx.o
    0x20000014   0x00000010   Data   RW         2067    .data               stm32f4xx_rcc.o
    0x20000024   0x00000004   Data   RW         3709    .data               drv_adc.o
    0x20000028   0x00000002   Data   RW         3777    .data               drv_adxl345.o
    0x2000002a   0x00000002   PAD
    0x2000002c   0x0000000c   Data   RW         3802    .data               drv_bmp085.o
    0x20000038   0x00000018   Data   RW         3824    .data               drv_hcsr04.o
    0x20000050   0x00000018   Data   RW         3874    .data               drv_i2c.o
    0x20000068   0x00000001   Data   RW         3910    .data               drv_l3g4200d.o
    0x20000069   0x00000001   Data   RW         3933    .data               drv_ledring.o
    0x2000006a   0x00000001   Data   RW         3959    .data               drv_mma845x.o
    0x2000006b   0x00000001   Data   RW         3982    .data               drv_mpu3050.o
    0x2000006c   0x00000001   Data   RW         4006    .data               drv_mpu6050.o
    0x2000006d   0x00000003   PAD
    0x20000070   0x0000000c   Data   RW         4040    .data               drv_ms5611.o
    0x2000007c   0x00000158   Data   RW         4067    .data               drv_pwm.o
    0x200001d4   0x00000008   Data   RW         4093    .data               drv_system.o
    0x200001dc   0x00000028   Data   RW         4127    .data               drv_uart.o
    0x20000204   0x0000000c   Data   RW         4255    .data               buzzer.o
    0x20000210   0x00000004   Data   RW         4280    .data               cli.o
    0x20000214   0x00000008   Data   RW         4307    .data               config.o
    0x2000021c   0x00000080   Data   RW         4343    .data               gps.o
    0x2000029c   0x0000006e   Data   RW         4377    .data               imu.o
    0x2000030a   0x00000006   Data   RW         4378    .data               imu.o
    0x20000310   0x00000002   Data   RW         4379    .data               imu.o
    0x20000312   0x00000002   PAD
    0x20000314   0x00000010   Data   RW         4441    .data               kalmanfilterfrontend.o
    0x20000324   0x00000012   Data   RW         4505    .data               mixer.o
    0x20000336   0x00000002   PAD
    0x20000338   0x000000a8   Data   RW         4544    .data               mw.o
    0x200003e0   0x00000002   Data   RW         4545    .data               mw.o
    0x200003e2   0x00000001   Data   RW         4546    .data               mw.o
    0x200003e3   0x00000001   PAD
    0x200003e4   0x00000002   Data   RW         4547    .data               mw.o
    0x200003e6   0x00000001   Data   RW         4548    .data               mw.o
    0x200003e7   0x00000001   Data   RW         4550    .data               mw.o
    0x200003e8   0x00000008   Data   RW         4551    .data               mw.o
    0x200003f0   0x00000002   Data   RW         4553    .data               mw.o
    0x200003f2   0x00000002   Data   RW         4554    .data               mw.o
    0x200003f4   0x00000002   Data   RW         4555    .data               mw.o
    0x200003f6   0x00000002   Data   RW         4556    .data               mw.o
    0x200003f8   0x00000008   Data   RW         4588    .data               printf.o
    0x20000400   0x00000040   Data   RW         4701    .data               sensors.o
    0x20000440   0x00000002   Data   RW         4702    .data               sensors.o
    0x20000442   0x00000002   Data   RW         4703    .data               sensors.o
    0x20000444   0x0000000a   Data   RW         4740    .data               serial.o
    0x2000044e   0x00000002   PAD
    0x20000450   0x00000010   Data   RW         4813    .data               spektrum.o
    0x20000460   0x00000008   Data   RW         4836    .data               telemetry.o
    0x20000468   0x00000004   Data   RW         5063    .data               mc_w.l(errno.o)
    0x2000046c   0x00000024   Zero   RW         3801    .bss                drv_bmp085.o
    0x20000490   0x00000010   Zero   RW         4039    .bss                drv_ms5611.o
    0x200004a0   0x000001f0   Zero   RW         4062    .bss                drv_pwm.o
    0x20000690   0x00000300   Zero   RW         4126    .bss                drv_uart.o
    0x20000990   0x00000030   Zero   RW         4277    .bss                cli.o
    0x200009c0   0x000001dc   Zero   RW         4305    .bss                config.o
    0x20000b9c   0x00000120   Zero   RW         4340    .bss                gps.o
    0x20000cbc   0x00000090   Zero   RW         4376    .bss                imu.o
    0x20000d4c   0x00000138   Zero   RW         4440    .bss                kalmanfilterfrontend.o
    0x20000e84   0x000000d8   Zero   RW         4490    .bss                mixer.o
    0x20000f5c   0x000000ad   Zero   RW         4543    .bss                mw.o
    0x20001009   0x00000003   PAD
    0x2000100c   0x0000009c   Zero   RW         4700    .bss                sensors.o
    0x200010a8   0x00000040   Zero   RW         4738    .bss                serial.o
    0x200010e8   0x00000030   Zero   RW         4768    .bss                simpleintegrator.o
    0x20001118   0x0000002c   Zero   RW         4812    .bss                spektrum.o
    0x20001144   0x00000004   PAD
    0x20001148   0x00000400   Zero   RW            1    STACK               startup_stm32f4xx_md.o


==============================================================================

Image component sizes


      Code (inc. data)   RO Data    RW Data    ZI Data      Debug   Object Name

       540         28          0         12          0       1761   buzzer.o
      4800       1458       4512          4         48       9913   cli.o
      1152         62         21          8        476      11451   config.o
       280         18          0          4          0       6404   drv_adc.o
       356         20          0          2          0       2371   drv_adxl345.o
       768         36          0         12         36       4504   drv_bmp085.o
       296         10          0         24          0      28222   drv_hcsr04.o
       212          4          0          0          0       1961   drv_hmc5883l.o
      1328         22          0         24          0       4385   drv_i2c.o
       256         18          0          1          0       1936   drv_l3g4200d.o
       244         18          0          1          0        744   drv_ledring.o
       292         24          0          1          0       2473   drv_mma845x.o
       336         22          0          1          0       2074   drv_mpu3050.o
       512         38          0          1          0       5353   drv_mpu6050.o
       684         38          0         12         16       3227   drv_ms5611.o
      1984         84         70        344        496       6666   drv_pwm.o
       488         62          0          8          0      29130   drv_system.o
       992         50          0         40        768       4585   drv_uart.o
      3864        326        410        128        288      12287   gps.o
      2836        180          0        118        144       6664   imu.o
       284          8          0          0          0       2035   kalman1d.o
       452         28          0         16        312       1999   kalmanfilterfrontend.o
       504         46          0          0          0       1081   main.o
       116         14          0          0          0       1197   misc.o
      1832         58       1264         18        216      10257   mixer.o
      4064        158          0        191        173      13700   mw.o
       600          6          0          8          0       3792   printf.o
      2548        174          0         68        156       6720   sensors.o
      1912        150        158         10         64       5588   serial.o
       324         14          0          0         48       1576   simpleintegrator.o
       244         20          0         16         44       2055   spektrum.o
        36          8        392          0       1024        772   startup_stm32f4xx_md.o
       312         16          0          0          0       3279   stm32f4xx_adc.o
       444         24          0          0          0       3254   stm32f4xx_dma.o
       152          4          0          0          0       1584   stm32f4xx_exti.o
       280         12          0          0          0       2531   stm32f4xx_flash.o
       196          0          0          0          0       2403   stm32f4xx_gpio.o
       400         22          0          0          0       3504   stm32f4xx_i2c.o
       264         12          0         16          0       3973   stm32f4xx_rcc.o
        40          6          0          0          0        644   stm32f4xx_syscfg.o
      1048         30          0          0          0       9000   stm32f4xx_tim.o
       296          8          0          0          0       3066   stm32f4xx_usart.o
       364         38          0         20          0     319423   system_stm32f4xx.o
       824         50          0          8          0       3673   telemetry.o

    ----------------------------------------------------------------------
     39756       3424       6866       1128       4316     553217   Object Totals
         0          0         32          0          0          0   (incl. Generated)
         0          0          7         12          7          0   (incl. Padding)

    ----------------------------------------------------------------------

      Code (inc. data)   RO Data    RW Data    ZI Data      Debug   Library Member Name

       292         42          0          0          0        180   asinf.o
       584         98          0          0          0        176   atan2f.o
       352         66          0          0          0        140   cosf.o
        32          8          0          0          0        124   dunder.o
        32          0          0          0          0        124   fabs.o
        48          0          0          0          0        124   fpclassify.o
        38          0          0          0          0        116   fpclassifyf.o
        16          6          0          0          0        116   funder.o
       248          0          0          0          0        152   poly.o
      3240        310        136          0          0        220   pow.o
         0          0          8          0          0          0   qnan.o
       320         26         32          0          0        160   rredf.o
       376         62          0          0          0        160   sinf.o
       108          0          0          0          0        148   sqrt.o
       120          0          0          0          0        272   sqrtf.o
        92          0          0          0          0          0   __dczerorl2.o
        28          0          0          0          0         68   _chval.o
       158          0          0          0          0         92   _strtoul.o
        26          0          0          0          0         80   atoi.o
        70          0          0          0          0         92   bsearch.o
         8          4        133          0          0         68   ctype_o.o
         0          0          0          0          0          0   entry.o
         8          4          0          0          0          0   entry2.o
         4          0          0          0          0          0   entry5.o
         0          0          0          0          0          0   entry7b.o
         8          4          0          0          0          0   entry8.o
        20         10          0          4          0        136   errno.o
        30          0          0          0          0          0   handlers.o
        36          8          0          0          0         68   init.o
         0          0          0          0          0          0   iusefp.o
        30          0          0          0          0         68   llshl.o
        36          0          0          0          0         68   llsshr.o
        32          0          0          0          0         68   llushr.o
        36          0          0          0          0         68   memcpya.o
        38          0          0          0          0        108   memseta.o
        28          0          0          0          0         68   strcat.o
        18          0          0          0          0         68   strchr.o
        16          0          0          0          0         68   strlen.o
        50          0          0          0          0         84   strncasecmp.o
        24          0          0          0          0         76   strncpy.o
        44          0          0          0          0         80   strstr.o
       112          0          0          0          0         88   strtol.o
        12          0          0          0          0         68   tolower.o
        12          0          0          0          0         68   toupper.o
        40          2          0          0          0         68   cdrcmple.o
        56          0          0          0          0         88   d2f.o
       332          0          0          0          0        148   dadd.o
       222          0          0          0          0        100   ddiv.o
       190          0          0          0          0        176   depilogue.o
        62          0          0          0          0         80   dfixi.o
        34          0          0          0          0         76   dflti.o
        26          0          0          0          0         76   dfltui.o
       224          0          0          0          0         96   dmul.o
        46          0          0          0          0         80   dscalb.o
       162          0          0          0          0        100   dsqrt.o
        44          0          0          0          0         68   f2d.o
       108          0          0          0          0        168   fepilogue.o

    ----------------------------------------------------------------------
      8338        650        312          4          0       5188   Library Totals
        10          0          3          0          0          0   (incl. Padding)

    ----------------------------------------------------------------------

      Code (inc. data)   RO Data    RW Data    ZI Data      Debug   Library Name

      5806        618        176          0          0       2212   m_wm.l
       976         30        133          4          0       1652   mc_w.l
      1546          2          0          0          0       1324   mf_w.l

    ----------------------------------------------------------------------
      8338        650        312          4          0       5188   Library Totals

    ----------------------------------------------------------------------

==============================================================================


      Code (inc. data)   RO Data    RW Data    ZI Data      Debug   

     48094       4074       7178       1132       4316     546993   Grand Totals
     48094       4074       7178        204       4316     546993   ELF Image Totals (compressed)
     48094       4074       7178        204          0          0   ROM Totals

==============================================================================

    Total RO  Size (Code + RO Data)                55272 (  53.98kB)
    Total RW  Size (RW Data + ZI Data)              5448 (   5.32kB)
    Total ROM Size (Code + RO Data + RW Data)      55476 (  54.18kB)

==============================================================================

