<!doctype html public "-//w3c//dtd html 4.0 transitional//en">
<html><head>
<title>Static Call Graph - [.\obj\Multirotorcontrol.axf]</title></head>
<body><HR>
<H1>Static Call Graph for image .\obj\Multirotorcontrol.axf</H1><HR>
<BR><P>#&#060CALLGRAPH&#062# ARM Linker, 4.1 [Build 894]: Last Updated: Thu Jun 13 00:35:31 2013
<BR><P>
<H3>Maximum Stack Usage =        576 bytes + Unknown(Cycles, Untraceable Function Pointers)</H3><H3>
Call chain for Maximum Stack Depth:</H3>
main &rArr; loop &rArr; computeIMU &rArr; annexCode &rArr; serialCom &rArr; evaluateCommand &rArr; serializeBoxNamesReply &rArr; headSerialReply &rArr; headSerialResponse &rArr; serialize8 &rArr; uartWrite
<P>
<H3>
Mutually Recursive functions
</H3> <LI><a href="#[1]">NMI_Handler</a>&nbsp;&nbsp;&nbsp;&rArr;&nbsp;&nbsp;&nbsp;<a href="#[1]">NMI_Handler</a><BR>
 <LI><a href="#[3]">MemManage_Handler</a>&nbsp;&nbsp;&nbsp;&rArr;&nbsp;&nbsp;&nbsp;<a href="#[3]">MemManage_Handler</a><BR>
 <LI><a href="#[4]">BusFault_Handler</a>&nbsp;&nbsp;&nbsp;&rArr;&nbsp;&nbsp;&nbsp;<a href="#[4]">BusFault_Handler</a><BR>
 <LI><a href="#[5]">UsageFault_Handler</a>&nbsp;&nbsp;&nbsp;&rArr;&nbsp;&nbsp;&nbsp;<a href="#[5]">UsageFault_Handler</a><BR>
 <LI><a href="#[6]">SVC_Handler</a>&nbsp;&nbsp;&nbsp;&rArr;&nbsp;&nbsp;&nbsp;<a href="#[6]">SVC_Handler</a><BR>
 <LI><a href="#[7]">DebugMon_Handler</a>&nbsp;&nbsp;&nbsp;&rArr;&nbsp;&nbsp;&nbsp;<a href="#[7]">DebugMon_Handler</a><BR>
 <LI><a href="#[8]">PendSV_Handler</a>&nbsp;&nbsp;&nbsp;&rArr;&nbsp;&nbsp;&nbsp;<a href="#[8]">PendSV_Handler</a><BR>
 <LI><a href="#[1c]">ADC_IRQHandler</a>&nbsp;&nbsp;&nbsp;&rArr;&nbsp;&nbsp;&nbsp;<a href="#[1c]">ADC_IRQHandler</a><BR>
 <LI><a href="#[81]">cliCMix</a>&nbsp;&nbsp;&nbsp;&rArr;&nbsp;&nbsp;&nbsp;<a href="#[81]">cliCMix</a><BR>
 <LI><a href="#[96]">i2a</a>&nbsp;&nbsp;&nbsp;&rArr;&nbsp;&nbsp;&nbsp;<a href="#[96]">i2a</a><BR>
</UL>
<P>
<H3>
Function Pointers
</H3><UL>
 <LI><a href="#[1c]">ADC_IRQHandler</a> from startup_stm32f4xx.o(.text) referenced from startup_stm32f4xx.o(RESET)
 <LI><a href="#[4]">BusFault_Handler</a> from startup_stm32f4xx.o(.text) referenced from startup_stm32f4xx.o(RESET)
 <LI><a href="#[1e]">CAN1_RX0_IRQHandler</a> from startup_stm32f4xx.o(.text) referenced from startup_stm32f4xx.o(RESET)
 <LI><a href="#[1f]">CAN1_RX1_IRQHandler</a> from startup_stm32f4xx.o(.text) referenced from startup_stm32f4xx.o(RESET)
 <LI><a href="#[20]">CAN1_SCE_IRQHandler</a> from startup_stm32f4xx.o(.text) referenced from startup_stm32f4xx.o(RESET)
 <LI><a href="#[1d]">CAN1_TX_IRQHandler</a> from startup_stm32f4xx.o(.text) referenced from startup_stm32f4xx.o(RESET)
 <LI><a href="#[4a]">CAN2_RX0_IRQHandler</a> from startup_stm32f4xx.o(.text) referenced from startup_stm32f4xx.o(RESET)
 <LI><a href="#[4b]">CAN2_RX1_IRQHandler</a> from startup_stm32f4xx.o(.text) referenced from startup_stm32f4xx.o(RESET)
 <LI><a href="#[4c]">CAN2_SCE_IRQHandler</a> from startup_stm32f4xx.o(.text) referenced from startup_stm32f4xx.o(RESET)
 <LI><a href="#[49]">CAN2_TX_IRQHandler</a> from startup_stm32f4xx.o(.text) referenced from startup_stm32f4xx.o(RESET)
 <LI><a href="#[59]">CRYP_IRQHandler</a> from startup_stm32f4xx.o(.text) referenced from startup_stm32f4xx.o(RESET)
 <LI><a href="#[58]">DCMI_IRQHandler</a> from startup_stm32f4xx.o(.text) referenced from startup_stm32f4xx.o(RESET)
 <LI><a href="#[15]">DMA1_Stream0_IRQHandler</a> from startup_stm32f4xx.o(.text) referenced from startup_stm32f4xx.o(RESET)
 <LI><a href="#[16]">DMA1_Stream1_IRQHandler</a> from startup_stm32f4xx.o(.text) referenced from startup_stm32f4xx.o(RESET)
 <LI><a href="#[17]">DMA1_Stream2_IRQHandler</a> from startup_stm32f4xx.o(.text) referenced from startup_stm32f4xx.o(RESET)
 <LI><a href="#[18]">DMA1_Stream3_IRQHandler</a> from startup_stm32f4xx.o(.text) referenced from startup_stm32f4xx.o(RESET)
 <LI><a href="#[19]">DMA1_Stream4_IRQHandler</a> from startup_stm32f4xx.o(.text) referenced from startup_stm32f4xx.o(RESET)
 <LI><a href="#[1a]">DMA1_Stream5_IRQHandler</a> from startup_stm32f4xx.o(.text) referenced from startup_stm32f4xx.o(RESET)
 <LI><a href="#[1b]">DMA1_Stream6_IRQHandler</a> from startup_stm32f4xx.o(.text) referenced from startup_stm32f4xx.o(RESET)
 <LI><a href="#[39]">DMA1_Stream7_IRQHandler</a> from startup_stm32f4xx.o(.text) referenced from startup_stm32f4xx.o(RESET)
 <LI><a href="#[42]">DMA2_Stream0_IRQHandler</a> from startup_stm32f4xx.o(.text) referenced from startup_stm32f4xx.o(RESET)
 <LI><a href="#[43]">DMA2_Stream1_IRQHandler</a> from startup_stm32f4xx.o(.text) referenced from startup_stm32f4xx.o(RESET)
 <LI><a href="#[44]">DMA2_Stream2_IRQHandler</a> from startup_stm32f4xx.o(.text) referenced from startup_stm32f4xx.o(RESET)
 <LI><a href="#[45]">DMA2_Stream3_IRQHandler</a> from startup_stm32f4xx.o(.text) referenced from startup_stm32f4xx.o(RESET)
 <LI><a href="#[46]">DMA2_Stream4_IRQHandler</a> from startup_stm32f4xx.o(.text) referenced from startup_stm32f4xx.o(RESET)
 <LI><a href="#[4e]">DMA2_Stream5_IRQHandler</a> from startup_stm32f4xx.o(.text) referenced from startup_stm32f4xx.o(RESET)
 <LI><a href="#[4f]">DMA2_Stream6_IRQHandler</a> from startup_stm32f4xx.o(.text) referenced from startup_stm32f4xx.o(RESET)
 <LI><a href="#[50]">DMA2_Stream7_IRQHandler</a> from drv_uart.o(.text) referenced from startup_stm32f4xx.o(RESET)
 <LI><a href="#[7]">DebugMon_Handler</a> from startup_stm32f4xx.o(.text) referenced from startup_stm32f4xx.o(RESET)
 <LI><a href="#[47]">ETH_IRQHandler</a> from startup_stm32f4xx.o(.text) referenced from startup_stm32f4xx.o(RESET)
 <LI><a href="#[48]">ETH_WKUP_IRQHandler</a> from startup_stm32f4xx.o(.text) referenced from startup_stm32f4xx.o(RESET)
 <LI><a href="#[10]">EXTI0_IRQHandler</a> from startup_stm32f4xx.o(.text) referenced from startup_stm32f4xx.o(RESET)
 <LI><a href="#[32]">EXTI15_10_IRQHandler</a> from startup_stm32f4xx.o(.text) referenced from startup_stm32f4xx.o(RESET)
 <LI><a href="#[11]">EXTI1_IRQHandler</a> from startup_stm32f4xx.o(.text) referenced from startup_stm32f4xx.o(RESET)
 <LI><a href="#[12]">EXTI2_IRQHandler</a> from startup_stm32f4xx.o(.text) referenced from startup_stm32f4xx.o(RESET)
 <LI><a href="#[13]">EXTI3_IRQHandler</a> from startup_stm32f4xx.o(.text) referenced from startup_stm32f4xx.o(RESET)
 <LI><a href="#[14]">EXTI4_IRQHandler</a> from drv_hcsr04.o(.text) referenced from startup_stm32f4xx.o(RESET)
 <LI><a href="#[21]">EXTI9_5_IRQHandler</a> from drv_hcsr04.o(.text) referenced from startup_stm32f4xx.o(RESET)
 <LI><a href="#[e]">FLASH_IRQHandler</a> from startup_stm32f4xx.o(.text) referenced from startup_stm32f4xx.o(RESET)
 <LI><a href="#[5b]">FPU_IRQHandler</a> from startup_stm32f4xx.o(.text) referenced from startup_stm32f4xx.o(RESET)
 <LI><a href="#[3a]">FSMC_IRQHandler</a> from startup_stm32f4xx.o(.text) referenced from startup_stm32f4xx.o(RESET)
 <LI><a href="#[60]">GPS_NewData</a> from gps.o(.text) referenced from gps.o(.text)
 <LI><a href="#[5a]">HASH_RNG_IRQHandler</a> from startup_stm32f4xx.o(.text) referenced from startup_stm32f4xx.o(RESET)
 <LI><a href="#[2]">HardFault_Handler</a> from main.o(.text) referenced from startup_stm32f4xx.o(RESET)
 <LI><a href="#[2a]">I2C1_ER_IRQHandler</a> from drv_i2c.o(.text) referenced from startup_stm32f4xx.o(RESET)
 <LI><a href="#[29]">I2C1_EV_IRQHandler</a> from drv_i2c.o(.text) referenced from startup_stm32f4xx.o(RESET)
 <LI><a href="#[2c]">I2C2_ER_IRQHandler</a> from drv_i2c.o(.text) referenced from startup_stm32f4xx.o(RESET)
 <LI><a href="#[2b]">I2C2_EV_IRQHandler</a> from drv_i2c.o(.text) referenced from startup_stm32f4xx.o(RESET)
 <LI><a href="#[53]">I2C3_ER_IRQHandler</a> from startup_stm32f4xx.o(.text) referenced from startup_stm32f4xx.o(RESET)
 <LI><a href="#[52]">I2C3_EV_IRQHandler</a> from startup_stm32f4xx.o(.text) referenced from startup_stm32f4xx.o(RESET)
 <LI><a href="#[3]">MemManage_Handler</a> from startup_stm32f4xx.o(.text) referenced from startup_stm32f4xx.o(RESET)
 <LI><a href="#[1]">NMI_Handler</a> from startup_stm32f4xx.o(.text) referenced from startup_stm32f4xx.o(RESET)
 <LI><a href="#[4d]">OTG_FS_IRQHandler</a> from startup_stm32f4xx.o(.text) referenced from startup_stm32f4xx.o(RESET)
 <LI><a href="#[34]">OTG_FS_WKUP_IRQHandler</a> from startup_stm32f4xx.o(.text) referenced from startup_stm32f4xx.o(RESET)
 <LI><a href="#[55]">OTG_HS_EP1_IN_IRQHandler</a> from startup_stm32f4xx.o(.text) referenced from startup_stm32f4xx.o(RESET)
 <LI><a href="#[54]">OTG_HS_EP1_OUT_IRQHandler</a> from startup_stm32f4xx.o(.text) referenced from startup_stm32f4xx.o(RESET)
 <LI><a href="#[57]">OTG_HS_IRQHandler</a> from startup_stm32f4xx.o(.text) referenced from startup_stm32f4xx.o(RESET)
 <LI><a href="#[56]">OTG_HS_WKUP_IRQHandler</a> from startup_stm32f4xx.o(.text) referenced from startup_stm32f4xx.o(RESET)
 <LI><a href="#[b]">PVD_IRQHandler</a> from startup_stm32f4xx.o(.text) referenced from startup_stm32f4xx.o(RESET)
 <LI><a href="#[8]">PendSV_Handler</a> from startup_stm32f4xx.o(.text) referenced from startup_stm32f4xx.o(RESET)
 <LI><a href="#[f]">RCC_IRQHandler</a> from startup_stm32f4xx.o(.text) referenced from startup_stm32f4xx.o(RESET)
 <LI><a href="#[33]">RTC_Alarm_IRQHandler</a> from startup_stm32f4xx.o(.text) referenced from startup_stm32f4xx.o(RESET)
 <LI><a href="#[d]">RTC_WKUP_IRQHandler</a> from startup_stm32f4xx.o(.text) referenced from startup_stm32f4xx.o(RESET)
 <LI><a href="#[0]">Reset_Handler</a> from startup_stm32f4xx.o(.text) referenced from startup_stm32f4xx.o(RESET)
 <LI><a href="#[3b]">SDIO_IRQHandler</a> from startup_stm32f4xx.o(.text) referenced from startup_stm32f4xx.o(RESET)
 <LI><a href="#[2d]">SPI1_IRQHandler</a> from startup_stm32f4xx.o(.text) referenced from startup_stm32f4xx.o(RESET)
 <LI><a href="#[2e]">SPI2_IRQHandler</a> from startup_stm32f4xx.o(.text) referenced from startup_stm32f4xx.o(RESET)
 <LI><a href="#[3d]">SPI3_IRQHandler</a> from startup_stm32f4xx.o(.text) referenced from startup_stm32f4xx.o(RESET)
 <LI><a href="#[6]">SVC_Handler</a> from startup_stm32f4xx.o(.text) referenced from startup_stm32f4xx.o(RESET)
 <LI><a href="#[9]">SysTick_Handler</a> from drv_system.o(.text) referenced from startup_stm32f4xx.o(RESET)
 <LI><a href="#[5d]">SystemInit</a> from system_stm32f4xx.o(.text) referenced from startup_stm32f4xx.o(.text)
 <LI><a href="#[c]">TAMP_STAMP_IRQHandler</a> from startup_stm32f4xx.o(.text) referenced from startup_stm32f4xx.o(RESET)
 <LI><a href="#[22]">TIM1_BRK_TIM9_IRQHandler</a> from startup_stm32f4xx.o(.text) referenced from startup_stm32f4xx.o(RESET)
 <LI><a href="#[25]">TIM1_CC_IRQHandler</a> from drv_pwm.o(.text) referenced from startup_stm32f4xx.o(RESET)
 <LI><a href="#[24]">TIM1_TRG_COM_TIM11_IRQHandler</a> from startup_stm32f4xx.o(.text) referenced from startup_stm32f4xx.o(RESET)
 <LI><a href="#[23]">TIM1_UP_TIM10_IRQHandler</a> from startup_stm32f4xx.o(.text) referenced from startup_stm32f4xx.o(RESET)
 <LI><a href="#[26]">TIM2_IRQHandler</a> from drv_pwm.o(.text) referenced from startup_stm32f4xx.o(RESET)
 <LI><a href="#[27]">TIM3_IRQHandler</a> from drv_pwm.o(.text) referenced from startup_stm32f4xx.o(RESET)
 <LI><a href="#[28]">TIM4_IRQHandler</a> from drv_pwm.o(.text) referenced from startup_stm32f4xx.o(RESET)
 <LI><a href="#[3c]">TIM5_IRQHandler</a> from drv_pwm.o(.text) referenced from startup_stm32f4xx.o(RESET)
 <LI><a href="#[40]">TIM6_DAC_IRQHandler</a> from startup_stm32f4xx.o(.text) referenced from startup_stm32f4xx.o(RESET)
 <LI><a href="#[41]">TIM7_IRQHandler</a> from startup_stm32f4xx.o(.text) referenced from startup_stm32f4xx.o(RESET)
 <LI><a href="#[35]">TIM8_BRK_TIM12_IRQHandler</a> from startup_stm32f4xx.o(.text) referenced from startup_stm32f4xx.o(RESET)
 <LI><a href="#[38]">TIM8_CC_IRQHandler</a> from drv_pwm.o(.text) referenced from startup_stm32f4xx.o(RESET)
 <LI><a href="#[37]">TIM8_TRG_COM_TIM14_IRQHandler</a> from startup_stm32f4xx.o(.text) referenced from startup_stm32f4xx.o(RESET)
 <LI><a href="#[36]">TIM8_UP_TIM13_IRQHandler</a> from startup_stm32f4xx.o(.text) referenced from startup_stm32f4xx.o(RESET)
 <LI><a href="#[3e]">UART4_IRQHandler</a> from startup_stm32f4xx.o(.text) referenced from startup_stm32f4xx.o(RESET)
 <LI><a href="#[3f]">UART5_IRQHandler</a> from startup_stm32f4xx.o(.text) referenced from startup_stm32f4xx.o(RESET)
 <LI><a href="#[2f]">USART1_IRQHandler</a> from startup_stm32f4xx.o(.text) referenced from startup_stm32f4xx.o(RESET)
 <LI><a href="#[30]">USART2_IRQHandler</a> from drv_uart.o(.text) referenced from startup_stm32f4xx.o(RESET)
 <LI><a href="#[31]">USART3_IRQHandler</a> from drv_uart.o(.text) referenced from startup_stm32f4xx.o(RESET)
 <LI><a href="#[51]">USART6_IRQHandler</a> from startup_stm32f4xx.o(.text) referenced from startup_stm32f4xx.o(RESET)
 <LI><a href="#[5]">UsageFault_Handler</a> from startup_stm32f4xx.o(.text) referenced from startup_stm32f4xx.o(RESET)
 <LI><a href="#[a]">WWDG_IRQHandler</a> from startup_stm32f4xx.o(.text) referenced from startup_stm32f4xx.o(RESET)
 <LI><a href="#[5e]">__main</a> from entry.o(.ARM.Collect$$$$00000000) referenced from startup_stm32f4xx.o(.text)
 <LI><a href="#[61]">_putc</a> from main.o(.text) referenced from main.o(.text)
 <LI><a href="#[68]">adxl345Align</a> from drv_adxl345.o(.text) referenced from drv_adxl345.o(.text)
 <LI><a href="#[66]">adxl345Init</a> from drv_adxl345.o(.text) referenced from drv_adxl345.o(.text)
 <LI><a href="#[67]">adxl345Read</a> from drv_adxl345.o(.text) referenced from drv_adxl345.o(.text)
 <LI><a href="#[80]">cliAux</a> from cli.o(.text) referenced from cli.o(.constdata)
 <LI><a href="#[81]">cliCMix</a> from cli.o(.text) referenced from cli.o(.constdata)
 <LI><a href="#[5f]">cliCompare</a> from cli.o(.text) referenced from cli.o(.text)
 <LI><a href="#[82]">cliDefaults</a> from cli.o(.text) referenced from cli.o(.constdata)
 <LI><a href="#[83]">cliDump</a> from cli.o(.text) referenced from cli.o(.constdata)
 <LI><a href="#[84]">cliExit</a> from cli.o(.text) referenced from cli.o(.constdata)
 <LI><a href="#[85]">cliFeature</a> from cli.o(.text) referenced from cli.o(.constdata)
 <LI><a href="#[86]">cliHelp</a> from cli.o(.text) referenced from cli.o(.constdata)
 <LI><a href="#[87]">cliMap</a> from cli.o(.text) referenced from cli.o(.constdata)
 <LI><a href="#[88]">cliMixer</a> from cli.o(.text) referenced from cli.o(.constdata)
 <LI><a href="#[89]">cliProfile</a> from cli.o(.text) referenced from cli.o(.constdata)
 <LI><a href="#[8a]">cliSave</a> from cli.o(.text) referenced from cli.o(.constdata)
 <LI><a href="#[8b]">cliSet</a> from cli.o(.text) referenced from cli.o(.constdata)
 <LI><a href="#[8c]">cliStatus</a> from cli.o(.text) referenced from cli.o(.constdata)
 <LI><a href="#[8d]">cliVersion</a> from cli.o(.text) referenced from cli.o(.constdata)
 <LI><a href="#[6b]">l3g4200dAlign</a> from drv_l3g4200d.o(.text) referenced from drv_l3g4200d.o(.text)
 <LI><a href="#[69]">l3g4200dInit</a> from drv_l3g4200d.o(.text) referenced from drv_l3g4200d.o(.text)
 <LI><a href="#[6a]">l3g4200dRead</a> from drv_l3g4200d.o(.text) referenced from drv_l3g4200d.o(.text)
 <LI><a href="#[5c]">main</a> from main.o(.text) referenced from entry8.o(.ARM.Collect$$$$00000009)
 <LI><a href="#[6e]">mma8452Align</a> from drv_mma845x.o(.text) referenced from drv_mma845x.o(.text)
 <LI><a href="#[6c]">mma8452Init</a> from drv_mma845x.o(.text) referenced from drv_mma845x.o(.text)
 <LI><a href="#[6d]">mma8452Read</a> from drv_mma845x.o(.text) referenced from drv_mma845x.o(.text)
 <LI><a href="#[71]">mpu3050Align</a> from drv_mpu3050.o(.text) referenced from drv_mpu3050.o(.text)
 <LI><a href="#[6f]">mpu3050Init</a> from drv_mpu3050.o(.text) referenced from drv_mpu3050.o(.text)
 <LI><a href="#[70]">mpu3050Read</a> from drv_mpu3050.o(.text) referenced from drv_mpu3050.o(.text)
 <LI><a href="#[72]">mpu3050ReadTemp</a> from drv_mpu3050.o(.text) referenced from drv_mpu3050.o(.text)
 <LI><a href="#[75]">mpu6000AccAlign</a> from drv_mpu6000.o(.text) referenced from drv_mpu6000.o(.text)
 <LI><a href="#[73]">mpu6000AccInit</a> from drv_mpu6000.o(.text) referenced from drv_mpu6000.o(.text)
 <LI><a href="#[74]">mpu6000AccRead</a> from drv_mpu6000.o(.text) referenced from drv_mpu6000.o(.text)
 <LI><a href="#[78]">mpu6000GyroAlign</a> from drv_mpu6000.o(.text) referenced from drv_mpu6000.o(.text)
 <LI><a href="#[76]">mpu6000GyroInit</a> from drv_mpu6000.o(.text) referenced from drv_mpu6000.o(.text)
 <LI><a href="#[77]">mpu6000GyroRead</a> from drv_mpu6000.o(.text) referenced from drv_mpu6000.o(.text)
 <LI><a href="#[7d]">ms5611_calculate</a> from drv_ms5611.o(.text) referenced from drv_ms5611.o(.text)
 <LI><a href="#[7c]">ms5611_get_up</a> from drv_ms5611.o(.text) referenced from drv_ms5611.o(.text)
 <LI><a href="#[7a]">ms5611_get_ut</a> from drv_ms5611.o(.text) referenced from drv_ms5611.o(.text)
 <LI><a href="#[7b]">ms5611_start_up</a> from drv_ms5611.o(.text) referenced from drv_ms5611.o(.text)
 <LI><a href="#[79]">ms5611_start_ut</a> from drv_ms5611.o(.text) referenced from drv_ms5611.o(.text)
 <LI><a href="#[7e]">ppmCallback</a> from drv_pwm.o(.text) referenced from drv_pwm.o(.text)
 <LI><a href="#[64]">putcp</a> from printf.o(.text) referenced from printf.o(.text)
 <LI><a href="#[7f]">pwmCallback</a> from drv_pwm.o(.text) referenced from drv_pwm.o(.text)
 <LI><a href="#[62]">pwmReadRawRC</a> from mw.o(.text) referenced from main.o(.text)
 <LI><a href="#[65]">spektrumDataReceive</a> from spektrum.o(.text) referenced from spektrum.o(.text)
 <LI><a href="#[63]">spektrumReadRawRC</a> from spektrum.o(.text) referenced from main.o(.text)
</UL>
<P>
<H3>
Global Symbols
</H3>
<P><STRONG><a name="[5e]"></a>__main</STRONG> (Thumb, 0 bytes, Stack size unknown bytes, entry.o(.ARM.Collect$$$$00000000))
<BR>[Address Reference Count : 1]<UL><LI> startup_stm32f4xx.o(.text)
</UL>
<P><STRONG><a name="[1e5]"></a>_main_stk</STRONG> (Thumb, 0 bytes, Stack size unknown bytes, entry2.o(.ARM.Collect$$$$00000001))

<P><STRONG><a name="[8e]"></a>_main_scatterload</STRONG> (Thumb, 0 bytes, Stack size unknown bytes, entry5.o(.ARM.Collect$$$$00000004))
<BR><BR>[Calls]<UL><LI><a href="#[8f]">&gt;&gt;</a>&nbsp;&nbsp;&nbsp;__scatterload
</UL>

<P><STRONG><a name="[1df]"></a>__main_after_scatterload</STRONG> (Thumb, 0 bytes, Stack size unknown bytes, entry5.o(.ARM.Collect$$$$00000004))
<BR><BR>[Called By]<UL><LI><a href="#[8f]">&gt;&gt;</a>&nbsp;&nbsp;&nbsp;__scatterload
</UL>

<P><STRONG><a name="[1e6]"></a>_main_clock</STRONG> (Thumb, 0 bytes, Stack size unknown bytes, entry7b.o(.ARM.Collect$$$$00000008))

<P><STRONG><a name="[1e7]"></a>_main_init</STRONG> (Thumb, 0 bytes, Stack size unknown bytes, entry8.o(.ARM.Collect$$$$00000009))

<P><STRONG><a name="[0]"></a>Reset_Handler</STRONG> (Thumb, 8 bytes, Stack size 0 bytes, startup_stm32f4xx.o(.text))
<BR>[Address Reference Count : 1]<UL><LI> startup_stm32f4xx.o(RESET)
</UL>
<P><STRONG><a name="[1]"></a>NMI_Handler</STRONG> (Thumb, 2 bytes, Stack size 0 bytes, startup_stm32f4xx.o(.text))
<BR><BR>[Calls]<UL><LI><a href="#[1]">&gt;&gt;</a>&nbsp;&nbsp;&nbsp;NMI_Handler
</UL>
<BR>[Called By]<UL><LI><a href="#[1]">&gt;&gt;</a>&nbsp;&nbsp;&nbsp;NMI_Handler
</UL>
<BR>[Address Reference Count : 1]<UL><LI> startup_stm32f4xx.o(RESET)
</UL>
<P><STRONG><a name="[3]"></a>MemManage_Handler</STRONG> (Thumb, 2 bytes, Stack size 0 bytes, startup_stm32f4xx.o(.text))
<BR><BR>[Calls]<UL><LI><a href="#[3]">&gt;&gt;</a>&nbsp;&nbsp;&nbsp;MemManage_Handler
</UL>
<BR>[Called By]<UL><LI><a href="#[3]">&gt;&gt;</a>&nbsp;&nbsp;&nbsp;MemManage_Handler
</UL>
<BR>[Address Reference Count : 1]<UL><LI> startup_stm32f4xx.o(RESET)
</UL>
<P><STRONG><a name="[4]"></a>BusFault_Handler</STRONG> (Thumb, 2 bytes, Stack size 0 bytes, startup_stm32f4xx.o(.text))
<BR><BR>[Calls]<UL><LI><a href="#[4]">&gt;&gt;</a>&nbsp;&nbsp;&nbsp;BusFault_Handler
</UL>
<BR>[Called By]<UL><LI><a href="#[4]">&gt;&gt;</a>&nbsp;&nbsp;&nbsp;BusFault_Handler
</UL>
<BR>[Address Reference Count : 1]<UL><LI> startup_stm32f4xx.o(RESET)
</UL>
<P><STRONG><a name="[5]"></a>UsageFault_Handler</STRONG> (Thumb, 2 bytes, Stack size 0 bytes, startup_stm32f4xx.o(.text))
<BR><BR>[Calls]<UL><LI><a href="#[5]">&gt;&gt;</a>&nbsp;&nbsp;&nbsp;UsageFault_Handler
</UL>
<BR>[Called By]<UL><LI><a href="#[5]">&gt;&gt;</a>&nbsp;&nbsp;&nbsp;UsageFault_Handler
</UL>
<BR>[Address Reference Count : 1]<UL><LI> startup_stm32f4xx.o(RESET)
</UL>
<P><STRONG><a name="[6]"></a>SVC_Handler</STRONG> (Thumb, 2 bytes, Stack size 0 bytes, startup_stm32f4xx.o(.text))
<BR><BR>[Calls]<UL><LI><a href="#[6]">&gt;&gt;</a>&nbsp;&nbsp;&nbsp;SVC_Handler
</UL>
<BR>[Called By]<UL><LI><a href="#[6]">&gt;&gt;</a>&nbsp;&nbsp;&nbsp;SVC_Handler
</UL>
<BR>[Address Reference Count : 1]<UL><LI> startup_stm32f4xx.o(RESET)
</UL>
<P><STRONG><a name="[7]"></a>DebugMon_Handler</STRONG> (Thumb, 2 bytes, Stack size 0 bytes, startup_stm32f4xx.o(.text))
<BR><BR>[Calls]<UL><LI><a href="#[7]">&gt;&gt;</a>&nbsp;&nbsp;&nbsp;DebugMon_Handler
</UL>
<BR>[Called By]<UL><LI><a href="#[7]">&gt;&gt;</a>&nbsp;&nbsp;&nbsp;DebugMon_Handler
</UL>
<BR>[Address Reference Count : 1]<UL><LI> startup_stm32f4xx.o(RESET)
</UL>
<P><STRONG><a name="[8]"></a>PendSV_Handler</STRONG> (Thumb, 2 bytes, Stack size 0 bytes, startup_stm32f4xx.o(.text))
<BR><BR>[Calls]<UL><LI><a href="#[8]">&gt;&gt;</a>&nbsp;&nbsp;&nbsp;PendSV_Handler
</UL>
<BR>[Called By]<UL><LI><a href="#[8]">&gt;&gt;</a>&nbsp;&nbsp;&nbsp;PendSV_Handler
</UL>
<BR>[Address Reference Count : 1]<UL><LI> startup_stm32f4xx.o(RESET)
</UL>
<P><STRONG><a name="[1c]"></a>ADC_IRQHandler</STRONG> (Thumb, 0 bytes, Stack size 0 bytes, startup_stm32f4xx.o(.text))
<BR><BR>[Calls]<UL><LI><a href="#[1c]">&gt;&gt;</a>&nbsp;&nbsp;&nbsp;ADC_IRQHandler
</UL>
<BR>[Called By]<UL><LI><a href="#[1c]">&gt;&gt;</a>&nbsp;&nbsp;&nbsp;ADC_IRQHandler
</UL>
<BR>[Address Reference Count : 1]<UL><LI> startup_stm32f4xx.o(RESET)
</UL>
<P><STRONG><a name="[1e]"></a>CAN1_RX0_IRQHandler</STRONG> (Thumb, 0 bytes, Stack size 0 bytes, startup_stm32f4xx.o(.text))
<BR>[Address Reference Count : 1]<UL><LI> startup_stm32f4xx.o(RESET)
</UL>
<P><STRONG><a name="[1f]"></a>CAN1_RX1_IRQHandler</STRONG> (Thumb, 0 bytes, Stack size 0 bytes, startup_stm32f4xx.o(.text))
<BR>[Address Reference Count : 1]<UL><LI> startup_stm32f4xx.o(RESET)
</UL>
<P><STRONG><a name="[20]"></a>CAN1_SCE_IRQHandler</STRONG> (Thumb, 0 bytes, Stack size 0 bytes, startup_stm32f4xx.o(.text))
<BR>[Address Reference Count : 1]<UL><LI> startup_stm32f4xx.o(RESET)
</UL>
<P><STRONG><a name="[1d]"></a>CAN1_TX_IRQHandler</STRONG> (Thumb, 0 bytes, Stack size 0 bytes, startup_stm32f4xx.o(.text))
<BR>[Address Reference Count : 1]<UL><LI> startup_stm32f4xx.o(RESET)
</UL>
<P><STRONG><a name="[4a]"></a>CAN2_RX0_IRQHandler</STRONG> (Thumb, 0 bytes, Stack size 0 bytes, startup_stm32f4xx.o(.text))
<BR>[Address Reference Count : 1]<UL><LI> startup_stm32f4xx.o(RESET)
</UL>
<P><STRONG><a name="[4b]"></a>CAN2_RX1_IRQHandler</STRONG> (Thumb, 0 bytes, Stack size 0 bytes, startup_stm32f4xx.o(.text))
<BR>[Address Reference Count : 1]<UL><LI> startup_stm32f4xx.o(RESET)
</UL>
<P><STRONG><a name="[4c]"></a>CAN2_SCE_IRQHandler</STRONG> (Thumb, 0 bytes, Stack size 0 bytes, startup_stm32f4xx.o(.text))
<BR>[Address Reference Count : 1]<UL><LI> startup_stm32f4xx.o(RESET)
</UL>
<P><STRONG><a name="[49]"></a>CAN2_TX_IRQHandler</STRONG> (Thumb, 0 bytes, Stack size 0 bytes, startup_stm32f4xx.o(.text))
<BR>[Address Reference Count : 1]<UL><LI> startup_stm32f4xx.o(RESET)
</UL>
<P><STRONG><a name="[59]"></a>CRYP_IRQHandler</STRONG> (Thumb, 0 bytes, Stack size 0 bytes, startup_stm32f4xx.o(.text))
<BR>[Address Reference Count : 1]<UL><LI> startup_stm32f4xx.o(RESET)
</UL>
<P><STRONG><a name="[58]"></a>DCMI_IRQHandler</STRONG> (Thumb, 0 bytes, Stack size 0 bytes, startup_stm32f4xx.o(.text))
<BR>[Address Reference Count : 1]<UL><LI> startup_stm32f4xx.o(RESET)
</UL>
<P><STRONG><a name="[15]"></a>DMA1_Stream0_IRQHandler</STRONG> (Thumb, 0 bytes, Stack size 0 bytes, startup_stm32f4xx.o(.text))
<BR>[Address Reference Count : 1]<UL><LI> startup_stm32f4xx.o(RESET)
</UL>
<P><STRONG><a name="[16]"></a>DMA1_Stream1_IRQHandler</STRONG> (Thumb, 0 bytes, Stack size 0 bytes, startup_stm32f4xx.o(.text))
<BR>[Address Reference Count : 1]<UL><LI> startup_stm32f4xx.o(RESET)
</UL>
<P><STRONG><a name="[17]"></a>DMA1_Stream2_IRQHandler</STRONG> (Thumb, 0 bytes, Stack size 0 bytes, startup_stm32f4xx.o(.text))
<BR>[Address Reference Count : 1]<UL><LI> startup_stm32f4xx.o(RESET)
</UL>
<P><STRONG><a name="[18]"></a>DMA1_Stream3_IRQHandler</STRONG> (Thumb, 0 bytes, Stack size 0 bytes, startup_stm32f4xx.o(.text))
<BR>[Address Reference Count : 1]<UL><LI> startup_stm32f4xx.o(RESET)
</UL>
<P><STRONG><a name="[19]"></a>DMA1_Stream4_IRQHandler</STRONG> (Thumb, 0 bytes, Stack size 0 bytes, startup_stm32f4xx.o(.text))
<BR>[Address Reference Count : 1]<UL><LI> startup_stm32f4xx.o(RESET)
</UL>
<P><STRONG><a name="[1a]"></a>DMA1_Stream5_IRQHandler</STRONG> (Thumb, 0 bytes, Stack size 0 bytes, startup_stm32f4xx.o(.text))
<BR>[Address Reference Count : 1]<UL><LI> startup_stm32f4xx.o(RESET)
</UL>
<P><STRONG><a name="[1b]"></a>DMA1_Stream6_IRQHandler</STRONG> (Thumb, 0 bytes, Stack size 0 bytes, startup_stm32f4xx.o(.text))
<BR>[Address Reference Count : 1]<UL><LI> startup_stm32f4xx.o(RESET)
</UL>
<P><STRONG><a name="[39]"></a>DMA1_Stream7_IRQHandler</STRONG> (Thumb, 0 bytes, Stack size 0 bytes, startup_stm32f4xx.o(.text))
<BR>[Address Reference Count : 1]<UL><LI> startup_stm32f4xx.o(RESET)
</UL>
<P><STRONG><a name="[42]"></a>DMA2_Stream0_IRQHandler</STRONG> (Thumb, 0 bytes, Stack size 0 bytes, startup_stm32f4xx.o(.text))
<BR>[Address Reference Count : 1]<UL><LI> startup_stm32f4xx.o(RESET)
</UL>
<P><STRONG><a name="[43]"></a>DMA2_Stream1_IRQHandler</STRONG> (Thumb, 0 bytes, Stack size 0 bytes, startup_stm32f4xx.o(.text))
<BR>[Address Reference Count : 1]<UL><LI> startup_stm32f4xx.o(RESET)
</UL>
<P><STRONG><a name="[44]"></a>DMA2_Stream2_IRQHandler</STRONG> (Thumb, 0 bytes, Stack size 0 bytes, startup_stm32f4xx.o(.text))
<BR>[Address Reference Count : 1]<UL><LI> startup_stm32f4xx.o(RESET)
</UL>
<P><STRONG><a name="[45]"></a>DMA2_Stream3_IRQHandler</STRONG> (Thumb, 0 bytes, Stack size 0 bytes, startup_stm32f4xx.o(.text))
<BR>[Address Reference Count : 1]<UL><LI> startup_stm32f4xx.o(RESET)
</UL>
<P><STRONG><a name="[46]"></a>DMA2_Stream4_IRQHandler</STRONG> (Thumb, 0 bytes, Stack size 0 bytes, startup_stm32f4xx.o(.text))
<BR>[Address Reference Count : 1]<UL><LI> startup_stm32f4xx.o(RESET)
</UL>
<P><STRONG><a name="[4e]"></a>DMA2_Stream5_IRQHandler</STRONG> (Thumb, 0 bytes, Stack size 0 bytes, startup_stm32f4xx.o(.text))
<BR>[Address Reference Count : 1]<UL><LI> startup_stm32f4xx.o(RESET)
</UL>
<P><STRONG><a name="[4f]"></a>DMA2_Stream6_IRQHandler</STRONG> (Thumb, 0 bytes, Stack size 0 bytes, startup_stm32f4xx.o(.text))
<BR>[Address Reference Count : 1]<UL><LI> startup_stm32f4xx.o(RESET)
</UL>
<P><STRONG><a name="[47]"></a>ETH_IRQHandler</STRONG> (Thumb, 0 bytes, Stack size 0 bytes, startup_stm32f4xx.o(.text))
<BR>[Address Reference Count : 1]<UL><LI> startup_stm32f4xx.o(RESET)
</UL>
<P><STRONG><a name="[48]"></a>ETH_WKUP_IRQHandler</STRONG> (Thumb, 0 bytes, Stack size 0 bytes, startup_stm32f4xx.o(.text))
<BR>[Address Reference Count : 1]<UL><LI> startup_stm32f4xx.o(RESET)
</UL>
<P><STRONG><a name="[10]"></a>EXTI0_IRQHandler</STRONG> (Thumb, 0 bytes, Stack size 0 bytes, startup_stm32f4xx.o(.text))
<BR>[Address Reference Count : 1]<UL><LI> startup_stm32f4xx.o(RESET)
</UL>
<P><STRONG><a name="[32]"></a>EXTI15_10_IRQHandler</STRONG> (Thumb, 0 bytes, Stack size 0 bytes, startup_stm32f4xx.o(.text))
<BR>[Address Reference Count : 1]<UL><LI> startup_stm32f4xx.o(RESET)
</UL>
<P><STRONG><a name="[11]"></a>EXTI1_IRQHandler</STRONG> (Thumb, 0 bytes, Stack size 0 bytes, startup_stm32f4xx.o(.text))
<BR>[Address Reference Count : 1]<UL><LI> startup_stm32f4xx.o(RESET)
</UL>
<P><STRONG><a name="[12]"></a>EXTI2_IRQHandler</STRONG> (Thumb, 0 bytes, Stack size 0 bytes, startup_stm32f4xx.o(.text))
<BR>[Address Reference Count : 1]<UL><LI> startup_stm32f4xx.o(RESET)
</UL>
<P><STRONG><a name="[13]"></a>EXTI3_IRQHandler</STRONG> (Thumb, 0 bytes, Stack size 0 bytes, startup_stm32f4xx.o(.text))
<BR>[Address Reference Count : 1]<UL><LI> startup_stm32f4xx.o(RESET)
</UL>
<P><STRONG><a name="[e]"></a>FLASH_IRQHandler</STRONG> (Thumb, 0 bytes, Stack size 0 bytes, startup_stm32f4xx.o(.text))
<BR>[Address Reference Count : 1]<UL><LI> startup_stm32f4xx.o(RESET)
</UL>
<P><STRONG><a name="[5b]"></a>FPU_IRQHandler</STRONG> (Thumb, 0 bytes, Stack size 0 bytes, startup_stm32f4xx.o(.text))
<BR>[Address Reference Count : 1]<UL><LI> startup_stm32f4xx.o(RESET)
</UL>
<P><STRONG><a name="[3a]"></a>FSMC_IRQHandler</STRONG> (Thumb, 0 bytes, Stack size 0 bytes, startup_stm32f4xx.o(.text))
<BR>[Address Reference Count : 1]<UL><LI> startup_stm32f4xx.o(RESET)
</UL>
<P><STRONG><a name="[5a]"></a>HASH_RNG_IRQHandler</STRONG> (Thumb, 0 bytes, Stack size 0 bytes, startup_stm32f4xx.o(.text))
<BR>[Address Reference Count : 1]<UL><LI> startup_stm32f4xx.o(RESET)
</UL>
<P><STRONG><a name="[53]"></a>I2C3_ER_IRQHandler</STRONG> (Thumb, 0 bytes, Stack size 0 bytes, startup_stm32f4xx.o(.text))
<BR>[Address Reference Count : 1]<UL><LI> startup_stm32f4xx.o(RESET)
</UL>
<P><STRONG><a name="[52]"></a>I2C3_EV_IRQHandler</STRONG> (Thumb, 0 bytes, Stack size 0 bytes, startup_stm32f4xx.o(.text))
<BR>[Address Reference Count : 1]<UL><LI> startup_stm32f4xx.o(RESET)
</UL>
<P><STRONG><a name="[4d]"></a>OTG_FS_IRQHandler</STRONG> (Thumb, 0 bytes, Stack size 0 bytes, startup_stm32f4xx.o(.text))
<BR>[Address Reference Count : 1]<UL><LI> startup_stm32f4xx.o(RESET)
</UL>
<P><STRONG><a name="[34]"></a>OTG_FS_WKUP_IRQHandler</STRONG> (Thumb, 0 bytes, Stack size 0 bytes, startup_stm32f4xx.o(.text))
<BR>[Address Reference Count : 1]<UL><LI> startup_stm32f4xx.o(RESET)
</UL>
<P><STRONG><a name="[55]"></a>OTG_HS_EP1_IN_IRQHandler</STRONG> (Thumb, 0 bytes, Stack size 0 bytes, startup_stm32f4xx.o(.text))
<BR>[Address Reference Count : 1]<UL><LI> startup_stm32f4xx.o(RESET)
</UL>
<P><STRONG><a name="[54]"></a>OTG_HS_EP1_OUT_IRQHandler</STRONG> (Thumb, 0 bytes, Stack size 0 bytes, startup_stm32f4xx.o(.text))
<BR>[Address Reference Count : 1]<UL><LI> startup_stm32f4xx.o(RESET)
</UL>
<P><STRONG><a name="[57]"></a>OTG_HS_IRQHandler</STRONG> (Thumb, 0 bytes, Stack size 0 bytes, startup_stm32f4xx.o(.text))
<BR>[Address Reference Count : 1]<UL><LI> startup_stm32f4xx.o(RESET)
</UL>
<P><STRONG><a name="[56]"></a>OTG_HS_WKUP_IRQHandler</STRONG> (Thumb, 0 bytes, Stack size 0 bytes, startup_stm32f4xx.o(.text))
<BR>[Address Reference Count : 1]<UL><LI> startup_stm32f4xx.o(RESET)
</UL>
<P><STRONG><a name="[b]"></a>PVD_IRQHandler</STRONG> (Thumb, 0 bytes, Stack size 0 bytes, startup_stm32f4xx.o(.text))
<BR>[Address Reference Count : 1]<UL><LI> startup_stm32f4xx.o(RESET)
</UL>
<P><STRONG><a name="[f]"></a>RCC_IRQHandler</STRONG> (Thumb, 0 bytes, Stack size 0 bytes, startup_stm32f4xx.o(.text))
<BR>[Address Reference Count : 1]<UL><LI> startup_stm32f4xx.o(RESET)
</UL>
<P><STRONG><a name="[33]"></a>RTC_Alarm_IRQHandler</STRONG> (Thumb, 0 bytes, Stack size 0 bytes, startup_stm32f4xx.o(.text))
<BR>[Address Reference Count : 1]<UL><LI> startup_stm32f4xx.o(RESET)
</UL>
<P><STRONG><a name="[d]"></a>RTC_WKUP_IRQHandler</STRONG> (Thumb, 0 bytes, Stack size 0 bytes, startup_stm32f4xx.o(.text))
<BR>[Address Reference Count : 1]<UL><LI> startup_stm32f4xx.o(RESET)
</UL>
<P><STRONG><a name="[3b]"></a>SDIO_IRQHandler</STRONG> (Thumb, 0 bytes, Stack size 0 bytes, startup_stm32f4xx.o(.text))
<BR>[Address Reference Count : 1]<UL><LI> startup_stm32f4xx.o(RESET)
</UL>
<P><STRONG><a name="[2d]"></a>SPI1_IRQHandler</STRONG> (Thumb, 0 bytes, Stack size 0 bytes, startup_stm32f4xx.o(.text))
<BR>[Address Reference Count : 1]<UL><LI> startup_stm32f4xx.o(RESET)
</UL>
<P><STRONG><a name="[2e]"></a>SPI2_IRQHandler</STRONG> (Thumb, 0 bytes, Stack size 0 bytes, startup_stm32f4xx.o(.text))
<BR>[Address Reference Count : 1]<UL><LI> startup_stm32f4xx.o(RESET)
</UL>
<P><STRONG><a name="[3d]"></a>SPI3_IRQHandler</STRONG> (Thumb, 0 bytes, Stack size 0 bytes, startup_stm32f4xx.o(.text))
<BR>[Address Reference Count : 1]<UL><LI> startup_stm32f4xx.o(RESET)
</UL>
<P><STRONG><a name="[c]"></a>TAMP_STAMP_IRQHandler</STRONG> (Thumb, 0 bytes, Stack size 0 bytes, startup_stm32f4xx.o(.text))
<BR>[Address Reference Count : 1]<UL><LI> startup_stm32f4xx.o(RESET)
</UL>
<P><STRONG><a name="[22]"></a>TIM1_BRK_TIM9_IRQHandler</STRONG> (Thumb, 0 bytes, Stack size 0 bytes, startup_stm32f4xx.o(.text))
<BR>[Address Reference Count : 1]<UL><LI> startup_stm32f4xx.o(RESET)
</UL>
<P><STRONG><a name="[24]"></a>TIM1_TRG_COM_TIM11_IRQHandler</STRONG> (Thumb, 0 bytes, Stack size 0 bytes, startup_stm32f4xx.o(.text))
<BR>[Address Reference Count : 1]<UL><LI> startup_stm32f4xx.o(RESET)
</UL>
<P><STRONG><a name="[23]"></a>TIM1_UP_TIM10_IRQHandler</STRONG> (Thumb, 0 bytes, Stack size 0 bytes, startup_stm32f4xx.o(.text))
<BR>[Address Reference Count : 1]<UL><LI> startup_stm32f4xx.o(RESET)
</UL>
<P><STRONG><a name="[40]"></a>TIM6_DAC_IRQHandler</STRONG> (Thumb, 0 bytes, Stack size 0 bytes, startup_stm32f4xx.o(.text))
<BR>[Address Reference Count : 1]<UL><LI> startup_stm32f4xx.o(RESET)
</UL>
<P><STRONG><a name="[41]"></a>TIM7_IRQHandler</STRONG> (Thumb, 0 bytes, Stack size 0 bytes, startup_stm32f4xx.o(.text))
<BR>[Address Reference Count : 1]<UL><LI> startup_stm32f4xx.o(RESET)
</UL>
<P><STRONG><a name="[35]"></a>TIM8_BRK_TIM12_IRQHandler</STRONG> (Thumb, 0 bytes, Stack size 0 bytes, startup_stm32f4xx.o(.text))
<BR>[Address Reference Count : 1]<UL><LI> startup_stm32f4xx.o(RESET)
</UL>
<P><STRONG><a name="[37]"></a>TIM8_TRG_COM_TIM14_IRQHandler</STRONG> (Thumb, 0 bytes, Stack size 0 bytes, startup_stm32f4xx.o(.text))
<BR>[Address Reference Count : 1]<UL><LI> startup_stm32f4xx.o(RESET)
</UL>
<P><STRONG><a name="[36]"></a>TIM8_UP_TIM13_IRQHandler</STRONG> (Thumb, 0 bytes, Stack size 0 bytes, startup_stm32f4xx.o(.text))
<BR>[Address Reference Count : 1]<UL><LI> startup_stm32f4xx.o(RESET)
</UL>
<P><STRONG><a name="[3e]"></a>UART4_IRQHandler</STRONG> (Thumb, 0 bytes, Stack size 0 bytes, startup_stm32f4xx.o(.text))
<BR>[Address Reference Count : 1]<UL><LI> startup_stm32f4xx.o(RESET)
</UL>
<P><STRONG><a name="[3f]"></a>UART5_IRQHandler</STRONG> (Thumb, 0 bytes, Stack size 0 bytes, startup_stm32f4xx.o(.text))
<BR>[Address Reference Count : 1]<UL><LI> startup_stm32f4xx.o(RESET)
</UL>
<P><STRONG><a name="[2f]"></a>USART1_IRQHandler</STRONG> (Thumb, 0 bytes, Stack size 0 bytes, startup_stm32f4xx.o(.text))
<BR>[Address Reference Count : 1]<UL><LI> startup_stm32f4xx.o(RESET)
</UL>
<P><STRONG><a name="[51]"></a>USART6_IRQHandler</STRONG> (Thumb, 0 bytes, Stack size 0 bytes, startup_stm32f4xx.o(.text))
<BR>[Address Reference Count : 1]<UL><LI> startup_stm32f4xx.o(RESET)
</UL>
<P><STRONG><a name="[a]"></a>WWDG_IRQHandler</STRONG> (Thumb, 0 bytes, Stack size 0 bytes, startup_stm32f4xx.o(.text))
<BR>[Address Reference Count : 1]<UL><LI> startup_stm32f4xx.o(RESET)
</UL>
<P><STRONG><a name="[93]"></a>buzzer</STRONG> (Thumb, 284 bytes, Stack size 32 bytes, buzzer.o(.text))
<BR><BR>[Stack]<UL><LI>Max Depth = 80<LI>Call Chain = buzzer &rArr; beep_code &rArr; beep
</UL>
<BR>[Calls]<UL><LI><a href="#[95]">&gt;&gt;</a>&nbsp;&nbsp;&nbsp;sensors
<LI><a href="#[94]">&gt;&gt;</a>&nbsp;&nbsp;&nbsp;feature
<LI><a href="#[92]">&gt;&gt;</a>&nbsp;&nbsp;&nbsp;beep_code
<LI><a href="#[90]">&gt;&gt;</a>&nbsp;&nbsp;&nbsp;beep
</UL>
<BR>[Called By]<UL><LI><a href="#[f5]">&gt;&gt;</a>&nbsp;&nbsp;&nbsp;annexCode
</UL>

<P><STRONG><a name="[97]"></a>itoa</STRONG> (Thumb, 40 bytes, Stack size 16 bytes, cli.o(.text))
<BR><BR>[Stack]<UL><LI>Max Depth = 32<LI>Call Chain = itoa &rArr; i2a &rArr;  i2a (Cycle)
</UL>
<BR>[Calls]<UL><LI><a href="#[96]">&gt;&gt;</a>&nbsp;&nbsp;&nbsp;i2a
</UL>
<BR>[Called By]<UL><LI><a href="#[9e]">&gt;&gt;</a>&nbsp;&nbsp;&nbsp;ftoa
</UL>

<P><STRONG><a name="[b5]"></a>cliProcess</STRONG> (Thumb, 678 bytes, Stack size 56 bytes, cli.o(.text))
<BR><BR>[Stack]<UL><LI>Max Depth = 172<LI>Call Chain = cliProcess &rArr; cliExit &rArr; cliSave &rArr; writeEEPROM &rArr; blinkLED &rArr; delay &rArr; delayMicroseconds &rArr; micros
</UL>
<BR>[Calls]<UL><LI><a href="#[ba]">&gt;&gt;</a>&nbsp;&nbsp;&nbsp;uartWrite
<LI><a href="#[b9]">&gt;&gt;</a>&nbsp;&nbsp;&nbsp;uartReadPoll
<LI><a href="#[b8]">&gt;&gt;</a>&nbsp;&nbsp;&nbsp;uartRead
<LI><a href="#[a6]">&gt;&gt;</a>&nbsp;&nbsp;&nbsp;uartPrint
<LI><a href="#[b7]">&gt;&gt;</a>&nbsp;&nbsp;&nbsp;uartAvailable
<LI><a href="#[a5]">&gt;&gt;</a>&nbsp;&nbsp;&nbsp;tfp_printf
<LI><a href="#[b6]">&gt;&gt;</a>&nbsp;&nbsp;&nbsp;cliPrompt
<LI><a href="#[84]">&gt;&gt;</a>&nbsp;&nbsp;&nbsp;cliExit
<LI><a href="#[a2]">&gt;&gt;</a>&nbsp;&nbsp;&nbsp;strncasecmp
<LI><a href="#[9f]">&gt;&gt;</a>&nbsp;&nbsp;&nbsp;strlen
<LI><a href="#[bb]">&gt;&gt;</a>&nbsp;&nbsp;&nbsp;__aeabi_memmove
<LI><a href="#[bc]">&gt;&gt;</a>&nbsp;&nbsp;&nbsp;bsearch
</UL>
<BR>[Called By]<UL><LI><a href="#[10e]">&gt;&gt;</a>&nbsp;&nbsp;&nbsp;serialCom
</UL>

<P><STRONG><a name="[b1]"></a>parseRcChannels</STRONG> (Thumb, 44 bytes, Stack size 24 bytes, config.o(.text))
<BR><BR>[Stack]<UL><LI>Max Depth = 24<LI>Call Chain = parseRcChannels
</UL>
<BR>[Calls]<UL><LI><a href="#[a4]">&gt;&gt;</a>&nbsp;&nbsp;&nbsp;strchr
</UL>
<BR>[Called By]<UL><LI><a href="#[c7]">&gt;&gt;</a>&nbsp;&nbsp;&nbsp;resetConf
<LI><a href="#[87]">&gt;&gt;</a>&nbsp;&nbsp;&nbsp;cliMap
</UL>

<P><STRONG><a name="[bd]"></a>readEEPROM</STRONG> (Thumb, 270 bytes, Stack size 40 bytes, config.o(.text))
<BR><BR>[Stack]<UL><LI>Max Depth = 68<LI>Call Chain = readEEPROM &rArr; failureMode &rArr; delay &rArr; delayMicroseconds &rArr; micros
</UL>
<BR>[Calls]<UL><LI><a href="#[bf]">&gt;&gt;</a>&nbsp;&nbsp;&nbsp;failureMode
<LI><a href="#[be]">&gt;&gt;</a>&nbsp;&nbsp;&nbsp;validEEPROM
<LI><a href="#[c0]">&gt;&gt;</a>&nbsp;&nbsp;&nbsp;__aeabi_memcpy4
</UL>
<BR>[Called By]<UL><LI><a href="#[5c]">&gt;&gt;</a>&nbsp;&nbsp;&nbsp;main
<LI><a href="#[ad]">&gt;&gt;</a>&nbsp;&nbsp;&nbsp;writeEEPROM
</UL>

<P><STRONG><a name="[ad]"></a>writeEEPROM</STRONG> (Thumb, 194 bytes, Stack size 32 bytes, config.o(.text))
<BR><BR>[Stack]<UL><LI>Max Depth = 100<LI>Call Chain = writeEEPROM &rArr; blinkLED &rArr; delay &rArr; delayMicroseconds &rArr; micros
</UL>
<BR>[Calls]<UL><LI><a href="#[bf]">&gt;&gt;</a>&nbsp;&nbsp;&nbsp;failureMode
<LI><a href="#[c6]">&gt;&gt;</a>&nbsp;&nbsp;&nbsp;blinkLED
<LI><a href="#[c1]">&gt;&gt;</a>&nbsp;&nbsp;&nbsp;FLASH_Unlock
<LI><a href="#[c4]">&gt;&gt;</a>&nbsp;&nbsp;&nbsp;FLASH_ProgramWord
<LI><a href="#[c5]">&gt;&gt;</a>&nbsp;&nbsp;&nbsp;FLASH_Lock
<LI><a href="#[c3]">&gt;&gt;</a>&nbsp;&nbsp;&nbsp;FLASH_EraseSector
<LI><a href="#[c2]">&gt;&gt;</a>&nbsp;&nbsp;&nbsp;FLASH_ClearFlag
<LI><a href="#[bd]">&gt;&gt;</a>&nbsp;&nbsp;&nbsp;readEEPROM
<LI><a href="#[be]">&gt;&gt;</a>&nbsp;&nbsp;&nbsp;validEEPROM
<LI><a href="#[c0]">&gt;&gt;</a>&nbsp;&nbsp;&nbsp;__aeabi_memcpy4
</UL>
<BR>[Called By]<UL><LI><a href="#[125]">&gt;&gt;</a>&nbsp;&nbsp;&nbsp;ACC_Common
<LI><a href="#[114]">&gt;&gt;</a>&nbsp;&nbsp;&nbsp;Mag_getADC
<LI><a href="#[103]">&gt;&gt;</a>&nbsp;&nbsp;&nbsp;loop
<LI><a href="#[a8]">&gt;&gt;</a>&nbsp;&nbsp;&nbsp;checkFirstTime
<LI><a href="#[89]">&gt;&gt;</a>&nbsp;&nbsp;&nbsp;cliProfile
<LI><a href="#[8a]">&gt;&gt;</a>&nbsp;&nbsp;&nbsp;cliSave
<LI><a href="#[13b]">&gt;&gt;</a>&nbsp;&nbsp;&nbsp;evaluateCommand
</UL>

<P><STRONG><a name="[af]"></a>featureSet</STRONG> (Thumb, 10 bytes, Stack size 0 bytes, config.o(.text))
<BR><BR>[Called By]<UL><LI><a href="#[c7]">&gt;&gt;</a>&nbsp;&nbsp;&nbsp;resetConf
<LI><a href="#[85]">&gt;&gt;</a>&nbsp;&nbsp;&nbsp;cliFeature
</UL>

<P><STRONG><a name="[1e8]"></a>featureClearAll</STRONG> (Thumb, 8 bytes, Stack size 0 bytes, config.o(.text), UNUSED)

<P><STRONG><a name="[a8]"></a>checkFirstTime</STRONG> (Thumb, 30 bytes, Stack size 8 bytes, config.o(.text))
<BR><BR>[Stack]<UL><LI>Max Depth = 108<LI>Call Chain = checkFirstTime &rArr; writeEEPROM &rArr; blinkLED &rArr; delay &rArr; delayMicroseconds &rArr; micros
</UL>
<BR>[Calls]<UL><LI><a href="#[c7]">&gt;&gt;</a>&nbsp;&nbsp;&nbsp;resetConf
<LI><a href="#[be]">&gt;&gt;</a>&nbsp;&nbsp;&nbsp;validEEPROM
<LI><a href="#[ad]">&gt;&gt;</a>&nbsp;&nbsp;&nbsp;writeEEPROM
</UL>
<BR>[Called By]<UL><LI><a href="#[5c]">&gt;&gt;</a>&nbsp;&nbsp;&nbsp;main
<LI><a href="#[82]">&gt;&gt;</a>&nbsp;&nbsp;&nbsp;cliDefaults
<LI><a href="#[13b]">&gt;&gt;</a>&nbsp;&nbsp;&nbsp;evaluateCommand
</UL>

<P><STRONG><a name="[95]"></a>sensors</STRONG> (Thumb, 16 bytes, Stack size 0 bytes, config.o(.text))
<BR><BR>[Called By]<UL><LI><a href="#[102]">&gt;&gt;</a>&nbsp;&nbsp;&nbsp;serialInit
<LI><a href="#[100]">&gt;&gt;</a>&nbsp;&nbsp;&nbsp;sensorsAutodetect
<LI><a href="#[103]">&gt;&gt;</a>&nbsp;&nbsp;&nbsp;loop
<LI><a href="#[f5]">&gt;&gt;</a>&nbsp;&nbsp;&nbsp;annexCode
<LI><a href="#[f2]">&gt;&gt;</a>&nbsp;&nbsp;&nbsp;computeIMU
<LI><a href="#[ec]">&gt;&gt;</a>&nbsp;&nbsp;&nbsp;imuInit
<LI><a href="#[ef]">&gt;&gt;</a>&nbsp;&nbsp;&nbsp;getEstimatedAttitude
<LI><a href="#[8c]">&gt;&gt;</a>&nbsp;&nbsp;&nbsp;cliStatus
<LI><a href="#[93]">&gt;&gt;</a>&nbsp;&nbsp;&nbsp;buzzer
<LI><a href="#[13c]">&gt;&gt;</a>&nbsp;&nbsp;&nbsp;sendTelemetry
<LI><a href="#[13b]">&gt;&gt;</a>&nbsp;&nbsp;&nbsp;evaluateCommand
</UL>

<P><STRONG><a name="[e8]"></a>sensorsSet</STRONG> (Thumb, 10 bytes, Stack size 0 bytes, config.o(.text))
<BR><BR>[Called By]<UL><LI><a href="#[ff]">&gt;&gt;</a>&nbsp;&nbsp;&nbsp;Sonar_init
<LI><a href="#[5c]">&gt;&gt;</a>&nbsp;&nbsp;&nbsp;main
<LI><a href="#[e4]">&gt;&gt;</a>&nbsp;&nbsp;&nbsp;gpsInit
</UL>

<P><STRONG><a name="[122]"></a>sensorsClear</STRONG> (Thumb, 10 bytes, Stack size 0 bytes, config.o(.text))
<BR><BR>[Called By]<UL><LI><a href="#[100]">&gt;&gt;</a>&nbsp;&nbsp;&nbsp;sensorsAutodetect
</UL>

<P><STRONG><a name="[b3]"></a>sensorsMask</STRONG> (Thumb, 6 bytes, Stack size 0 bytes, config.o(.text))
<BR><BR>[Called By]<UL><LI><a href="#[8c]">&gt;&gt;</a>&nbsp;&nbsp;&nbsp;cliStatus
</UL>

<P><STRONG><a name="[94]"></a>feature</STRONG> (Thumb, 16 bytes, Stack size 0 bytes, config.o(.text))
<BR><BR>[Called By]<UL><LI><a href="#[125]">&gt;&gt;</a>&nbsp;&nbsp;&nbsp;ACC_Common
<LI><a href="#[10e]">&gt;&gt;</a>&nbsp;&nbsp;&nbsp;serialCom
<LI><a href="#[109]">&gt;&gt;</a>&nbsp;&nbsp;&nbsp;mixTable
<LI><a href="#[105]">&gt;&gt;</a>&nbsp;&nbsp;&nbsp;writeServos
<LI><a href="#[102]">&gt;&gt;</a>&nbsp;&nbsp;&nbsp;serialInit
<LI><a href="#[fc]">&gt;&gt;</a>&nbsp;&nbsp;&nbsp;mixerInit
<LI><a href="#[103]">&gt;&gt;</a>&nbsp;&nbsp;&nbsp;loop
<LI><a href="#[5c]">&gt;&gt;</a>&nbsp;&nbsp;&nbsp;main
<LI><a href="#[f5]">&gt;&gt;</a>&nbsp;&nbsp;&nbsp;annexCode
<LI><a href="#[f2]">&gt;&gt;</a>&nbsp;&nbsp;&nbsp;computeIMU
<LI><a href="#[93]">&gt;&gt;</a>&nbsp;&nbsp;&nbsp;buzzer
<LI><a href="#[13c]">&gt;&gt;</a>&nbsp;&nbsp;&nbsp;sendTelemetry
</UL>

<P><STRONG><a name="[ae]"></a>featureClear</STRONG> (Thumb, 10 bytes, Stack size 0 bytes, config.o(.text))
<BR><BR>[Called By]<UL><LI><a href="#[85]">&gt;&gt;</a>&nbsp;&nbsp;&nbsp;cliFeature
</UL>

<P><STRONG><a name="[ac]"></a>featureMask</STRONG> (Thumb, 6 bytes, Stack size 0 bytes, config.o(.text))
<BR><BR>[Called By]<UL><LI><a href="#[85]">&gt;&gt;</a>&nbsp;&nbsp;&nbsp;cliFeature
<LI><a href="#[83]">&gt;&gt;</a>&nbsp;&nbsp;&nbsp;cliDump
</UL>

<P><STRONG><a name="[cd]"></a>wrap_18000</STRONG> (Thumb, 26 bytes, Stack size 0 bytes, gps.o(.text))
<BR><BR>[Called By]<UL><LI><a href="#[103]">&gt;&gt;</a>&nbsp;&nbsp;&nbsp;loop
<LI><a href="#[60]">&gt;&gt;</a>&nbsp;&nbsp;&nbsp;GPS_NewData
<LI><a href="#[cc]">&gt;&gt;</a>&nbsp;&nbsp;&nbsp;GPS_update_crosstrack
</UL>

<P><STRONG><a name="[d9]"></a>GPS_reset_home_position</STRONG> (Thumb, 48 bytes, Stack size 8 bytes, gps.o(.text))
<BR><BR>[Stack]<UL><LI>Max Depth = 44<LI>Call Chain = GPS_reset_home_position &rArr; GPS_calc_longitude_scaling &rArr; __hardfp_cosf &rArr; __mathlib_rredf2
</UL>
<BR>[Calls]<UL><LI><a href="#[d8]">&gt;&gt;</a>&nbsp;&nbsp;&nbsp;GPS_calc_longitude_scaling
</UL>
<BR>[Called By]<UL><LI><a href="#[103]">&gt;&gt;</a>&nbsp;&nbsp;&nbsp;loop
<LI><a href="#[60]">&gt;&gt;</a>&nbsp;&nbsp;&nbsp;GPS_NewData
</UL>

<P><STRONG><a name="[dc]"></a>GPS_coord_to_degrees</STRONG> (Thumb, 158 bytes, Stack size 24 bytes, gps.o(.text))
<BR><BR>[Stack]<UL><LI>Max Depth = 24<LI>Call Chain = GPS_coord_to_degrees
</UL>
<BR>[Calls]<UL><LI><a href="#[dd]">&gt;&gt;</a>&nbsp;&nbsp;&nbsp;__rt_ctype_table
</UL>
<BR>[Called By]<UL><LI><a href="#[de]">&gt;&gt;</a>&nbsp;&nbsp;&nbsp;GPS_NMEA_newFrame
</UL>

<P><STRONG><a name="[e4]"></a>gpsInit</STRONG> (Thumb, 312 bytes, Stack size 32 bytes, gps.o(.text))
<BR><BR>[Stack]<UL><LI>Max Depth = 148<LI>Call Chain = gpsInit &rArr; uart2Init &rArr; uart2Open &rArr; USART_Init &rArr; RCC_GetClocksFreq
</UL>
<BR>[Calls]<UL><LI><a href="#[ca]">&gt;&gt;</a>&nbsp;&nbsp;&nbsp;uart2Write
<LI><a href="#[e6]">&gt;&gt;</a>&nbsp;&nbsp;&nbsp;uart2Init
<LI><a href="#[e7]">&gt;&gt;</a>&nbsp;&nbsp;&nbsp;uart2ChangeBaud
<LI><a href="#[e5]">&gt;&gt;</a>&nbsp;&nbsp;&nbsp;GPS_set_pids
<LI><a href="#[c9]">&gt;&gt;</a>&nbsp;&nbsp;&nbsp;gpsPrint
<LI><a href="#[e8]">&gt;&gt;</a>&nbsp;&nbsp;&nbsp;sensorsSet
<LI><a href="#[a9]">&gt;&gt;</a>&nbsp;&nbsp;&nbsp;delay
</UL>
<BR>[Called By]<UL><LI><a href="#[5c]">&gt;&gt;</a>&nbsp;&nbsp;&nbsp;main
</UL>

<P><STRONG><a name="[1e9]"></a>leadFilter_clear</STRONG> (Thumb, 6 bytes, Stack size 0 bytes, gps.o(.text), UNUSED)

<P><STRONG><a name="[1ea]"></a>leadFilter_getPosition</STRONG> (Thumb, 68 bytes, Stack size 8 bytes, gps.o(.text), UNUSED)

<P><STRONG><a name="[e9]"></a>GPS_reset_nav</STRONG> (Thumb, 82 bytes, Stack size 40 bytes, gps.o(.text))
<BR><BR>[Stack]<UL><LI>Max Depth = 40<LI>Call Chain = GPS_reset_nav
</UL>
<BR>[Calls]<UL><LI><a href="#[ea]">&gt;&gt;</a>&nbsp;&nbsp;&nbsp;reset_PID
</UL>
<BR>[Called By]<UL><LI><a href="#[103]">&gt;&gt;</a>&nbsp;&nbsp;&nbsp;loop
</UL>

<P><STRONG><a name="[eb]"></a>GPS_set_next_wp</STRONG> (Thumb, 78 bytes, Stack size 24 bytes, gps.o(.text))
<BR><BR>[Stack]<UL><LI>Max Depth = 64<LI>Call Chain = GPS_set_next_wp &rArr; GPS_distance_cm_bearing &rArr; __hardfp_sqrtf
</UL>
<BR>[Calls]<UL><LI><a href="#[d8]">&gt;&gt;</a>&nbsp;&nbsp;&nbsp;GPS_calc_longitude_scaling
<LI><a href="#[d5]">&gt;&gt;</a>&nbsp;&nbsp;&nbsp;GPS_distance_cm_bearing
<LI><a href="#[e2]">&gt;&gt;</a>&nbsp;&nbsp;&nbsp;GPS_calc_location_error
</UL>
<BR>[Called By]<UL><LI><a href="#[103]">&gt;&gt;</a>&nbsp;&nbsp;&nbsp;loop
<LI><a href="#[13b]">&gt;&gt;</a>&nbsp;&nbsp;&nbsp;evaluateCommand
</UL>

<P><STRONG><a name="[1eb]"></a>_update_checksum</STRONG> (Thumb, 32 bytes, Stack size 12 bytes, gps.o(.text), UNUSED)

<P><STRONG><a name="[ec]"></a>imuInit</STRONG> (Thumb, 82 bytes, Stack size 8 bytes, imu.o(.text))
<BR><BR>[Stack]<UL><LI>Max Depth = 252<LI>Call Chain = imuInit &rArr; Mag_init &rArr; hmc5883lInit &rArr; i2cWrite &rArr; i2cWriteBuffer &rArr; i2cInit &rArr; i2cUnstick &rArr; GPIO_Init
</UL>
<BR>[Calls]<UL><LI><a href="#[ed]">&gt;&gt;</a>&nbsp;&nbsp;&nbsp;Mag_init
<LI><a href="#[95]">&gt;&gt;</a>&nbsp;&nbsp;&nbsp;sensors
</UL>
<BR>[Called By]<UL><LI><a href="#[5c]">&gt;&gt;</a>&nbsp;&nbsp;&nbsp;main
</UL>

<P><STRONG><a name="[ee]"></a>rotateV</STRONG> (Thumb, 208 bytes, Stack size 48 bytes, imu.o(.text))
<BR><BR>[Stack]<UL><LI>Max Depth = 84<LI>Call Chain = rotateV &rArr; __hardfp_sinf &rArr; __mathlib_rredf2
</UL>
<BR>[Calls]<UL><LI><a href="#[ce]">&gt;&gt;</a>&nbsp;&nbsp;&nbsp;__hardfp_sinf
<LI><a href="#[d0]">&gt;&gt;</a>&nbsp;&nbsp;&nbsp;__hardfp_cosf
</UL>
<BR>[Called By]<UL><LI><a href="#[ef]">&gt;&gt;</a>&nbsp;&nbsp;&nbsp;getEstimatedAttitude
</UL>

<P><STRONG><a name="[f2]"></a>computeIMU</STRONG> (Thumb, 342 bytes, Stack size 56 bytes, imu.o(.text))
<BR><BR>[Stack]<UL><LI>Max Depth = 488<LI>Call Chain = computeIMU &rArr; annexCode &rArr; serialCom &rArr; evaluateCommand &rArr; serializeBoxNamesReply &rArr; headSerialReply &rArr; headSerialResponse &rArr; serialize8 &rArr; uartWrite
</UL>
<BR>[Calls]<UL><LI><a href="#[f0]">&gt;&gt;</a>&nbsp;&nbsp;&nbsp;micros
<LI><a href="#[f5]">&gt;&gt;</a>&nbsp;&nbsp;&nbsp;annexCode
<LI><a href="#[f4]">&gt;&gt;</a>&nbsp;&nbsp;&nbsp;Gyro_getADC
<LI><a href="#[f3]">&gt;&gt;</a>&nbsp;&nbsp;&nbsp;ACC_getADC
<LI><a href="#[ef]">&gt;&gt;</a>&nbsp;&nbsp;&nbsp;getEstimatedAttitude
<LI><a href="#[95]">&gt;&gt;</a>&nbsp;&nbsp;&nbsp;sensors
<LI><a href="#[94]">&gt;&gt;</a>&nbsp;&nbsp;&nbsp;feature
</UL>
<BR>[Called By]<UL><LI><a href="#[103]">&gt;&gt;</a>&nbsp;&nbsp;&nbsp;loop
</UL>

<P><STRONG><a name="[f8]"></a>applyDeadband</STRONG> (Thumb, 36 bytes, Stack size 0 bytes, imu.o(.text))
<BR><BR>[Called By]<UL><LI><a href="#[f6]">&gt;&gt;</a>&nbsp;&nbsp;&nbsp;getEstimatedAltitude
</UL>

<P><STRONG><a name="[f6]"></a>getEstimatedAltitude</STRONG> (Thumb, 564 bytes, Stack size 24 bytes, imu.o(.text))
<BR><BR>[Stack]<UL><LI>Max Depth = 32<LI>Call Chain = getEstimatedAltitude &rArr; micros
</UL>
<BR>[Calls]<UL><LI><a href="#[f0]">&gt;&gt;</a>&nbsp;&nbsp;&nbsp;micros
<LI><a href="#[f8]">&gt;&gt;</a>&nbsp;&nbsp;&nbsp;applyDeadband
<LI><a href="#[f7]">&gt;&gt;</a>&nbsp;&nbsp;&nbsp;__hardfp_logf
</UL>
<BR>[Called By]<UL><LI><a href="#[103]">&gt;&gt;</a>&nbsp;&nbsp;&nbsp;loop
</UL>

<P><STRONG><a name="[5c]"></a>main</STRONG> (Thumb, 444 bytes, Stack size 24 bytes, main.o(.text))
<BR><BR>[Stack]<UL><LI>Max Depth = 576<LI>Call Chain = main &rArr; loop &rArr; computeIMU &rArr; annexCode &rArr; serialCom &rArr; evaluateCommand &rArr; serializeBoxNamesReply &rArr; headSerialReply &rArr; headSerialResponse &rArr; serialize8 &rArr; uartWrite
</UL>
<BR>[Calls]<UL><LI><a href="#[f9]">&gt;&gt;</a>&nbsp;&nbsp;&nbsp;systemInit
<LI><a href="#[fe]">&gt;&gt;</a>&nbsp;&nbsp;&nbsp;spektrumInit
<LI><a href="#[102]">&gt;&gt;</a>&nbsp;&nbsp;&nbsp;serialInit
<LI><a href="#[100]">&gt;&gt;</a>&nbsp;&nbsp;&nbsp;sensorsAutodetect
<LI><a href="#[fd]">&gt;&gt;</a>&nbsp;&nbsp;&nbsp;pwmInit
<LI><a href="#[fc]">&gt;&gt;</a>&nbsp;&nbsp;&nbsp;mixerInit
<LI><a href="#[103]">&gt;&gt;</a>&nbsp;&nbsp;&nbsp;loop
<LI><a href="#[fa]">&gt;&gt;</a>&nbsp;&nbsp;&nbsp;init_printf
<LI><a href="#[101]">&gt;&gt;</a>&nbsp;&nbsp;&nbsp;batteryInit
<LI><a href="#[fb]">&gt;&gt;</a>&nbsp;&nbsp;&nbsp;adcInit
<LI><a href="#[ff]">&gt;&gt;</a>&nbsp;&nbsp;&nbsp;Sonar_init
<LI><a href="#[f0]">&gt;&gt;</a>&nbsp;&nbsp;&nbsp;micros
<LI><a href="#[ec]">&gt;&gt;</a>&nbsp;&nbsp;&nbsp;imuInit
<LI><a href="#[e4]">&gt;&gt;</a>&nbsp;&nbsp;&nbsp;gpsInit
<LI><a href="#[e8]">&gt;&gt;</a>&nbsp;&nbsp;&nbsp;sensorsSet
<LI><a href="#[bd]">&gt;&gt;</a>&nbsp;&nbsp;&nbsp;readEEPROM
<LI><a href="#[a9]">&gt;&gt;</a>&nbsp;&nbsp;&nbsp;delay
<LI><a href="#[a8]">&gt;&gt;</a>&nbsp;&nbsp;&nbsp;checkFirstTime
<LI><a href="#[94]">&gt;&gt;</a>&nbsp;&nbsp;&nbsp;feature
</UL>
<BR>[Address Reference Count : 1]<UL><LI> entry8.o(.ARM.Collect$$$$00000009)
</UL>
<P><STRONG><a name="[2]"></a>HardFault_Handler</STRONG> (Thumb, 12 bytes, Stack size 0 bytes, main.o(.text))
<BR><BR>[Stack]<UL><LI>Max Depth = 16<LI>Call Chain = HardFault_Handler &rArr; writeAllMotors &rArr; writeMotors
</UL>
<BR>[Calls]<UL><LI><a href="#[104]">&gt;&gt;</a>&nbsp;&nbsp;&nbsp;writeAllMotors
</UL>
<BR>[Address Reference Count : 1]<UL><LI> startup_stm32f4xx.o(RESET)
</UL>
<P><STRONG><a name="[fc]"></a>mixerInit</STRONG> (Thumb, 132 bytes, Stack size 16 bytes, mixer.o(.text))
<BR><BR>[Stack]<UL><LI>Max Depth = 16<LI>Call Chain = mixerInit
</UL>
<BR>[Calls]<UL><LI><a href="#[94]">&gt;&gt;</a>&nbsp;&nbsp;&nbsp;feature
</UL>
<BR>[Called By]<UL><LI><a href="#[5c]">&gt;&gt;</a>&nbsp;&nbsp;&nbsp;main
</UL>

<P><STRONG><a name="[a7]"></a>mixerLoadMix</STRONG> (Thumb, 74 bytes, Stack size 12 bytes, mixer.o(.text))
<BR><BR>[Stack]<UL><LI>Max Depth = 12<LI>Call Chain = mixerLoadMix
</UL>
<BR>[Called By]<UL><LI><a href="#[81]">&gt;&gt;</a>&nbsp;&nbsp;&nbsp;cliCMix
</UL>

<P><STRONG><a name="[105]"></a>writeServos</STRONG> (Thumb, 92 bytes, Stack size 8 bytes, mixer.o(.text))
<BR><BR>[Stack]<UL><LI>Max Depth = 8<LI>Call Chain = writeServos
</UL>
<BR>[Calls]<UL><LI><a href="#[106]">&gt;&gt;</a>&nbsp;&nbsp;&nbsp;pwmWriteServo
<LI><a href="#[94]">&gt;&gt;</a>&nbsp;&nbsp;&nbsp;feature
</UL>
<BR>[Called By]<UL><LI><a href="#[103]">&gt;&gt;</a>&nbsp;&nbsp;&nbsp;loop
</UL>

<P><STRONG><a name="[107]"></a>writeMotors</STRONG> (Thumb, 36 bytes, Stack size 16 bytes, mixer.o(.text))
<BR><BR>[Stack]<UL><LI>Max Depth = 16<LI>Call Chain = writeMotors
</UL>
<BR>[Calls]<UL><LI><a href="#[108]">&gt;&gt;</a>&nbsp;&nbsp;&nbsp;pwmWriteMotor
</UL>
<BR>[Called By]<UL><LI><a href="#[104]">&gt;&gt;</a>&nbsp;&nbsp;&nbsp;writeAllMotors
<LI><a href="#[103]">&gt;&gt;</a>&nbsp;&nbsp;&nbsp;loop
</UL>

<P><STRONG><a name="[104]"></a>writeAllMotors</STRONG> (Thumb, 28 bytes, Stack size 0 bytes, mixer.o(.text))
<BR><BR>[Stack]<UL><LI>Max Depth = 16<LI>Call Chain = writeAllMotors &rArr; writeMotors
</UL>
<BR>[Calls]<UL><LI><a href="#[107]">&gt;&gt;</a>&nbsp;&nbsp;&nbsp;writeMotors
</UL>
<BR>[Called By]<UL><LI><a href="#[2]">&gt;&gt;</a>&nbsp;&nbsp;&nbsp;HardFault_Handler
</UL>

<P><STRONG><a name="[109]"></a>mixTable</STRONG> (Thumb, 1114 bytes, Stack size 40 bytes, mixer.o(.text))
<BR><BR>[Stack]<UL><LI>Max Depth = 40<LI>Call Chain = mixTable
</UL>
<BR>[Calls]<UL><LI><a href="#[106]">&gt;&gt;</a>&nbsp;&nbsp;&nbsp;pwmWriteServo
<LI><a href="#[94]">&gt;&gt;</a>&nbsp;&nbsp;&nbsp;feature
</UL>
<BR>[Called By]<UL><LI><a href="#[103]">&gt;&gt;</a>&nbsp;&nbsp;&nbsp;loop
</UL>

<P><STRONG><a name="[c6]"></a>blinkLED</STRONG> (Thumb, 86 bytes, Stack size 40 bytes, mw.o(.text))
<BR><BR>[Stack]<UL><LI>Max Depth = 68<LI>Call Chain = blinkLED &rArr; delay &rArr; delayMicroseconds &rArr; micros
</UL>
<BR>[Calls]<UL><LI><a href="#[a9]">&gt;&gt;</a>&nbsp;&nbsp;&nbsp;delay
</UL>
<BR>[Called By]<UL><LI><a href="#[128]">&gt;&gt;</a>&nbsp;&nbsp;&nbsp;GYRO_Common
<LI><a href="#[110]">&gt;&gt;</a>&nbsp;&nbsp;&nbsp;mwArm
<LI><a href="#[103]">&gt;&gt;</a>&nbsp;&nbsp;&nbsp;loop
<LI><a href="#[ad]">&gt;&gt;</a>&nbsp;&nbsp;&nbsp;writeEEPROM
</UL>

<P><STRONG><a name="[f5]"></a>annexCode</STRONG> (Thumb, 894 bytes, Stack size 48 bytes, mw.o(.text))
<BR><BR>[Stack]<UL><LI>Max Depth = 432<LI>Call Chain = annexCode &rArr; serialCom &rArr; evaluateCommand &rArr; serializeBoxNamesReply &rArr; headSerialReply &rArr; headSerialResponse &rArr; serialize8 &rArr; uartWrite
</UL>
<BR>[Calls]<UL><LI><a href="#[10e]">&gt;&gt;</a>&nbsp;&nbsp;&nbsp;serialCom
<LI><a href="#[10d]">&gt;&gt;</a>&nbsp;&nbsp;&nbsp;ledringState
<LI><a href="#[10c]">&gt;&gt;</a>&nbsp;&nbsp;&nbsp;initTelemetry
<LI><a href="#[10b]">&gt;&gt;</a>&nbsp;&nbsp;&nbsp;batteryAdcToVoltage
<LI><a href="#[10a]">&gt;&gt;</a>&nbsp;&nbsp;&nbsp;adcGetChannel
<LI><a href="#[95]">&gt;&gt;</a>&nbsp;&nbsp;&nbsp;sensors
<LI><a href="#[94]">&gt;&gt;</a>&nbsp;&nbsp;&nbsp;feature
<LI><a href="#[93]">&gt;&gt;</a>&nbsp;&nbsp;&nbsp;buzzer
<LI><a href="#[ce]">&gt;&gt;</a>&nbsp;&nbsp;&nbsp;__hardfp_sinf
<LI><a href="#[d0]">&gt;&gt;</a>&nbsp;&nbsp;&nbsp;__hardfp_cosf
</UL>
<BR>[Called By]<UL><LI><a href="#[f2]">&gt;&gt;</a>&nbsp;&nbsp;&nbsp;computeIMU
</UL>

<P><STRONG><a name="[62]"></a>pwmReadRawRC</STRONG> (Thumb, 32 bytes, Stack size 8 bytes, mw.o(.text))
<BR><BR>[Stack]<UL><LI>Max Depth = 8<LI>Call Chain = pwmReadRawRC
</UL>
<BR>[Calls]<UL><LI><a href="#[10f]">&gt;&gt;</a>&nbsp;&nbsp;&nbsp;pwmRead
</UL>
<BR>[Address Reference Count : 1]<UL><LI> main.o(.text)
</UL>
<P><STRONG><a name="[112]"></a>computeRC</STRONG> (Thumb, 202 bytes, Stack size 32 bytes, mw.o(.text))
<BR><BR>[Stack]<UL><LI>Max Depth = 32<LI>Call Chain = computeRC
</UL>
<BR>[Called By]<UL><LI><a href="#[103]">&gt;&gt;</a>&nbsp;&nbsp;&nbsp;loop
</UL>

<P><STRONG><a name="[103]"></a>loop</STRONG> (Thumb, 2850 bytes, Stack size 64 bytes, mw.o(.text))
<BR><BR>[Stack]<UL><LI>Max Depth = 552<LI>Call Chain = loop &rArr; computeIMU &rArr; annexCode &rArr; serialCom &rArr; evaluateCommand &rArr; serializeBoxNamesReply &rArr; headSerialReply &rArr; headSerialResponse &rArr; serialize8 &rArr; uartWrite
</UL>
<BR>[Calls]<UL><LI><a href="#[111]">&gt;&gt;</a>&nbsp;&nbsp;&nbsp;spektrumFrameComplete
<LI><a href="#[116]">&gt;&gt;</a>&nbsp;&nbsp;&nbsp;Sonar_update
<LI><a href="#[114]">&gt;&gt;</a>&nbsp;&nbsp;&nbsp;Mag_getADC
<LI><a href="#[115]">&gt;&gt;</a>&nbsp;&nbsp;&nbsp;Baro_update
<LI><a href="#[112]">&gt;&gt;</a>&nbsp;&nbsp;&nbsp;computeRC
<LI><a href="#[113]">&gt;&gt;</a>&nbsp;&nbsp;&nbsp;mwDisarm
<LI><a href="#[110]">&gt;&gt;</a>&nbsp;&nbsp;&nbsp;mwArm
<LI><a href="#[109]">&gt;&gt;</a>&nbsp;&nbsp;&nbsp;mixTable
<LI><a href="#[107]">&gt;&gt;</a>&nbsp;&nbsp;&nbsp;writeMotors
<LI><a href="#[105]">&gt;&gt;</a>&nbsp;&nbsp;&nbsp;writeServos
<LI><a href="#[f0]">&gt;&gt;</a>&nbsp;&nbsp;&nbsp;micros
<LI><a href="#[f6]">&gt;&gt;</a>&nbsp;&nbsp;&nbsp;getEstimatedAltitude
<LI><a href="#[f2]">&gt;&gt;</a>&nbsp;&nbsp;&nbsp;computeIMU
<LI><a href="#[eb]">&gt;&gt;</a>&nbsp;&nbsp;&nbsp;GPS_set_next_wp
<LI><a href="#[e9]">&gt;&gt;</a>&nbsp;&nbsp;&nbsp;GPS_reset_nav
<LI><a href="#[d9]">&gt;&gt;</a>&nbsp;&nbsp;&nbsp;GPS_reset_home_position
<LI><a href="#[cd]">&gt;&gt;</a>&nbsp;&nbsp;&nbsp;wrap_18000
<LI><a href="#[c6]">&gt;&gt;</a>&nbsp;&nbsp;&nbsp;blinkLED
<LI><a href="#[ad]">&gt;&gt;</a>&nbsp;&nbsp;&nbsp;writeEEPROM
<LI><a href="#[95]">&gt;&gt;</a>&nbsp;&nbsp;&nbsp;sensors
<LI><a href="#[94]">&gt;&gt;</a>&nbsp;&nbsp;&nbsp;feature
<LI><a href="#[ce]">&gt;&gt;</a>&nbsp;&nbsp;&nbsp;__hardfp_sinf
<LI><a href="#[d0]">&gt;&gt;</a>&nbsp;&nbsp;&nbsp;__hardfp_cosf
</UL>
<BR>[Called By]<UL><LI><a href="#[5c]">&gt;&gt;</a>&nbsp;&nbsp;&nbsp;main
</UL>

<P><STRONG><a name="[117]"></a>tfp_format</STRONG> (Thumb, 306 bytes, Stack size 56 bytes, printf.o(.text))
<BR><BR>[Stack]<UL><LI>Max Depth = 80<LI>Call Chain = tfp_format &rArr; putchw
</UL>
<BR>[Calls]<UL><LI><a href="#[118]">&gt;&gt;</a>&nbsp;&nbsp;&nbsp;putchw
<LI><a href="#[11a]">&gt;&gt;</a>&nbsp;&nbsp;&nbsp;ui2a
<LI><a href="#[119]">&gt;&gt;</a>&nbsp;&nbsp;&nbsp;uli2a
</UL>
<BR>[Called By]<UL><LI><a href="#[11c]">&gt;&gt;</a>&nbsp;&nbsp;&nbsp;tfp_sprintf
<LI><a href="#[a5]">&gt;&gt;</a>&nbsp;&nbsp;&nbsp;tfp_printf
</UL>

<P><STRONG><a name="[fa]"></a>init_printf</STRONG> (Thumb, 8 bytes, Stack size 0 bytes, printf.o(.text))
<BR><BR>[Called By]<UL><LI><a href="#[5c]">&gt;&gt;</a>&nbsp;&nbsp;&nbsp;main
</UL>

<P><STRONG><a name="[a5]"></a>tfp_printf</STRONG> (Thumb, 34 bytes, Stack size 24 bytes, printf.o(.text))
<BR><BR>[Stack]<UL><LI>Max Depth = 104<LI>Call Chain = tfp_printf &rArr; tfp_format &rArr; putchw
</UL>
<BR>[Calls]<UL><LI><a href="#[11b]">&gt;&gt;</a>&nbsp;&nbsp;&nbsp;uartTransmitEmpty
<LI><a href="#[117]">&gt;&gt;</a>&nbsp;&nbsp;&nbsp;tfp_format
</UL>
<BR>[Called By]<UL><LI><a href="#[b5]">&gt;&gt;</a>&nbsp;&nbsp;&nbsp;cliProcess
<LI><a href="#[8c]">&gt;&gt;</a>&nbsp;&nbsp;&nbsp;cliStatus
<LI><a href="#[8b]">&gt;&gt;</a>&nbsp;&nbsp;&nbsp;cliSet
<LI><a href="#[89]">&gt;&gt;</a>&nbsp;&nbsp;&nbsp;cliProfile
<LI><a href="#[88]">&gt;&gt;</a>&nbsp;&nbsp;&nbsp;cliMixer
<LI><a href="#[87]">&gt;&gt;</a>&nbsp;&nbsp;&nbsp;cliMap
<LI><a href="#[86]">&gt;&gt;</a>&nbsp;&nbsp;&nbsp;cliHelp
<LI><a href="#[85]">&gt;&gt;</a>&nbsp;&nbsp;&nbsp;cliFeature
<LI><a href="#[83]">&gt;&gt;</a>&nbsp;&nbsp;&nbsp;cliDump
<LI><a href="#[ab]">&gt;&gt;</a>&nbsp;&nbsp;&nbsp;cliPrintVar
<LI><a href="#[81]">&gt;&gt;</a>&nbsp;&nbsp;&nbsp;cliCMix
<LI><a href="#[80]">&gt;&gt;</a>&nbsp;&nbsp;&nbsp;cliAux
</UL>

<P><STRONG><a name="[11c]"></a>tfp_sprintf</STRONG> (Thumb, 26 bytes, Stack size 24 bytes, printf.o(.text), UNUSED)
<BR><BR>[Calls]<UL><LI><a href="#[117]">&gt;&gt;</a>&nbsp;&nbsp;&nbsp;tfp_format
<LI><a href="#[64]">&gt;&gt;</a>&nbsp;&nbsp;&nbsp;putcp
</UL>

<P><STRONG><a name="[100]"></a>sensorsAutodetect</STRONG> (Thumb, 306 bytes, Stack size 32 bytes, sensors.o(.text))
<BR><BR>[Stack]<UL><LI>Max Depth = 220<LI>Call Chain = sensorsAutodetect &rArr; ms5611Detect &rArr; i2cWrite &rArr; i2cWriteBuffer &rArr; i2cInit &rArr; i2cUnstick &rArr; GPIO_Init
</UL>
<BR>[Calls]<UL><LI><a href="#[bf]">&gt;&gt;</a>&nbsp;&nbsp;&nbsp;failureMode
<LI><a href="#[122]">&gt;&gt;</a>&nbsp;&nbsp;&nbsp;sensorsClear
<LI><a href="#[95]">&gt;&gt;</a>&nbsp;&nbsp;&nbsp;sensors
<LI><a href="#[123]">&gt;&gt;</a>&nbsp;&nbsp;&nbsp;ms5611Detect
<LI><a href="#[11d]">&gt;&gt;</a>&nbsp;&nbsp;&nbsp;mpu6000Detect
<LI><a href="#[11f]">&gt;&gt;</a>&nbsp;&nbsp;&nbsp;mpu3050Detect
<LI><a href="#[121]">&gt;&gt;</a>&nbsp;&nbsp;&nbsp;mma8452Detect
<LI><a href="#[11e]">&gt;&gt;</a>&nbsp;&nbsp;&nbsp;l3g4200dDetect
<LI><a href="#[124]">&gt;&gt;</a>&nbsp;&nbsp;&nbsp;hmc5883lDetect
<LI><a href="#[120]">&gt;&gt;</a>&nbsp;&nbsp;&nbsp;adxl345Detect
</UL>
<BR>[Called By]<UL><LI><a href="#[5c]">&gt;&gt;</a>&nbsp;&nbsp;&nbsp;main
</UL>

<P><STRONG><a name="[10b]"></a>batteryAdcToVoltage</STRONG> (Thumb, 54 bytes, Stack size 0 bytes, sensors.o(.text))
<BR><BR>[Called By]<UL><LI><a href="#[101]">&gt;&gt;</a>&nbsp;&nbsp;&nbsp;batteryInit
<LI><a href="#[f5]">&gt;&gt;</a>&nbsp;&nbsp;&nbsp;annexCode
</UL>

<P><STRONG><a name="[101]"></a>batteryInit</STRONG> (Thumb, 74 bytes, Stack size 16 bytes, sensors.o(.text))
<BR><BR>[Stack]<UL><LI>Max Depth = 44<LI>Call Chain = batteryInit &rArr; delay &rArr; delayMicroseconds &rArr; micros
</UL>
<BR>[Calls]<UL><LI><a href="#[10b]">&gt;&gt;</a>&nbsp;&nbsp;&nbsp;batteryAdcToVoltage
<LI><a href="#[10a]">&gt;&gt;</a>&nbsp;&nbsp;&nbsp;adcGetChannel
<LI><a href="#[a9]">&gt;&gt;</a>&nbsp;&nbsp;&nbsp;delay
</UL>
<BR>[Called By]<UL><LI><a href="#[5c]">&gt;&gt;</a>&nbsp;&nbsp;&nbsp;main
</UL>

<P><STRONG><a name="[f3]"></a>ACC_getADC</STRONG> (Thumb, 42 bytes, Stack size 8 bytes, sensors.o(.text))
<BR><BR>[Stack]<UL><LI>Max Depth = 148<LI>Call Chain = ACC_getADC &rArr; ACC_Common &rArr; writeEEPROM &rArr; blinkLED &rArr; delay &rArr; delayMicroseconds &rArr; micros
</UL>
<BR>[Calls]<UL><LI><a href="#[125]">&gt;&gt;</a>&nbsp;&nbsp;&nbsp;ACC_Common
<LI><a href="#[126]">&gt;&gt;</a>&nbsp;&nbsp;&nbsp;alignSensors
</UL>
<BR>[Called By]<UL><LI><a href="#[f2]">&gt;&gt;</a>&nbsp;&nbsp;&nbsp;computeIMU
</UL>

<P><STRONG><a name="[127]"></a>Baro_Common</STRONG> (Thumb, 130 bytes, Stack size 12 bytes, sensors.o(.text))
<BR><BR>[Stack]<UL><LI>Max Depth = 12<LI>Call Chain = Baro_Common
</UL>
<BR>[Called By]<UL><LI><a href="#[115]">&gt;&gt;</a>&nbsp;&nbsp;&nbsp;Baro_update
</UL>

<P><STRONG><a name="[115]"></a>Baro_update</STRONG> (Thumb, 86 bytes, Stack size 16 bytes, sensors.o(.text))
<BR><BR>[Stack]<UL><LI>Max Depth = 28<LI>Call Chain = Baro_update &rArr; Baro_Common
</UL>
<BR>[Calls]<UL><LI><a href="#[127]">&gt;&gt;</a>&nbsp;&nbsp;&nbsp;Baro_Common
</UL>
<BR>[Called By]<UL><LI><a href="#[103]">&gt;&gt;</a>&nbsp;&nbsp;&nbsp;loop
</UL>

<P><STRONG><a name="[f4]"></a>Gyro_getADC</STRONG> (Thumb, 42 bytes, Stack size 8 bytes, sensors.o(.text))
<BR><BR>[Stack]<UL><LI>Max Depth = 124<LI>Call Chain = Gyro_getADC &rArr; GYRO_Common &rArr; blinkLED &rArr; delay &rArr; delayMicroseconds &rArr; micros
</UL>
<BR>[Calls]<UL><LI><a href="#[128]">&gt;&gt;</a>&nbsp;&nbsp;&nbsp;GYRO_Common
<LI><a href="#[126]">&gt;&gt;</a>&nbsp;&nbsp;&nbsp;alignSensors
</UL>
<BR>[Called By]<UL><LI><a href="#[f2]">&gt;&gt;</a>&nbsp;&nbsp;&nbsp;computeIMU
</UL>

<P><STRONG><a name="[ed]"></a>Mag_init</STRONG> (Thumb, 26 bytes, Stack size 16 bytes, sensors.o(.text))
<BR><BR>[Stack]<UL><LI>Max Depth = 244<LI>Call Chain = Mag_init &rArr; hmc5883lInit &rArr; i2cWrite &rArr; i2cWriteBuffer &rArr; i2cInit &rArr; i2cUnstick &rArr; GPIO_Init
</UL>
<BR>[Calls]<UL><LI><a href="#[129]">&gt;&gt;</a>&nbsp;&nbsp;&nbsp;hmc5883lInit
</UL>
<BR>[Called By]<UL><LI><a href="#[ec]">&gt;&gt;</a>&nbsp;&nbsp;&nbsp;imuInit
</UL>

<P><STRONG><a name="[114]"></a>Mag_getADC</STRONG> (Thumb, 348 bytes, Stack size 32 bytes, sensors.o(.text))
<BR><BR>[Stack]<UL><LI>Max Depth = 188<LI>Call Chain = Mag_getADC &rArr; hmc5883lRead &rArr; i2cRead &rArr; i2cInit &rArr; i2cUnstick &rArr; GPIO_Init
</UL>
<BR>[Calls]<UL><LI><a href="#[ad]">&gt;&gt;</a>&nbsp;&nbsp;&nbsp;writeEEPROM
<LI><a href="#[12a]">&gt;&gt;</a>&nbsp;&nbsp;&nbsp;hmc5883lRead
</UL>
<BR>[Called By]<UL><LI><a href="#[103]">&gt;&gt;</a>&nbsp;&nbsp;&nbsp;loop
</UL>

<P><STRONG><a name="[ff]"></a>Sonar_init</STRONG> (Thumb, 22 bytes, Stack size 8 bytes, sensors.o(.text))
<BR><BR>[Stack]<UL><LI>Max Depth = 68<LI>Call Chain = Sonar_init &rArr; hcsr04_init &rArr; GPIO_Init
</UL>
<BR>[Calls]<UL><LI><a href="#[e8]">&gt;&gt;</a>&nbsp;&nbsp;&nbsp;sensorsSet
<LI><a href="#[12b]">&gt;&gt;</a>&nbsp;&nbsp;&nbsp;hcsr04_init
</UL>
<BR>[Called By]<UL><LI><a href="#[5c]">&gt;&gt;</a>&nbsp;&nbsp;&nbsp;main
</UL>

<P><STRONG><a name="[116]"></a>Sonar_update</STRONG> (Thumb, 6 bytes, Stack size 0 bytes, sensors.o(.text))
<BR><BR>[Stack]<UL><LI>Max Depth = 32<LI>Call Chain = Sonar_update &rArr; hcsr04_get_distance &rArr; delayMicroseconds &rArr; micros
</UL>
<BR>[Calls]<UL><LI><a href="#[12c]">&gt;&gt;</a>&nbsp;&nbsp;&nbsp;hcsr04_get_distance
</UL>
<BR>[Called By]<UL><LI><a href="#[103]">&gt;&gt;</a>&nbsp;&nbsp;&nbsp;loop
</UL>

<P><STRONG><a name="[12d]"></a>serialize32</STRONG> (Thumb, 76 bytes, Stack size 16 bytes, serial.o(.text))
<BR><BR>[Stack]<UL><LI>Max Depth = 32<LI>Call Chain = serialize32 &rArr; uartWrite
</UL>
<BR>[Calls]<UL><LI><a href="#[ba]">&gt;&gt;</a>&nbsp;&nbsp;&nbsp;uartWrite
</UL>
<BR>[Called By]<UL><LI><a href="#[13b]">&gt;&gt;</a>&nbsp;&nbsp;&nbsp;evaluateCommand
</UL>

<P><STRONG><a name="[12e]"></a>serialize16</STRONG> (Thumb, 42 bytes, Stack size 16 bytes, serial.o(.text))
<BR><BR>[Stack]<UL><LI>Max Depth = 32<LI>Call Chain = serialize16 &rArr; uartWrite
</UL>
<BR>[Calls]<UL><LI><a href="#[ba]">&gt;&gt;</a>&nbsp;&nbsp;&nbsp;uartWrite
</UL>
<BR>[Called By]<UL><LI><a href="#[13b]">&gt;&gt;</a>&nbsp;&nbsp;&nbsp;evaluateCommand
</UL>

<P><STRONG><a name="[12f]"></a>serialize8</STRONG> (Thumb, 18 bytes, Stack size 8 bytes, serial.o(.text))
<BR><BR>[Stack]<UL><LI>Max Depth = 24<LI>Call Chain = serialize8 &rArr; uartWrite
</UL>
<BR>[Calls]<UL><LI><a href="#[ba]">&gt;&gt;</a>&nbsp;&nbsp;&nbsp;uartWrite
</UL>
<BR>[Called By]<UL><LI><a href="#[138]">&gt;&gt;</a>&nbsp;&nbsp;&nbsp;serializeBoxNamesReply
<LI><a href="#[137]">&gt;&gt;</a>&nbsp;&nbsp;&nbsp;serializeNames
<LI><a href="#[136]">&gt;&gt;</a>&nbsp;&nbsp;&nbsp;tailSerialReply
<LI><a href="#[133]">&gt;&gt;</a>&nbsp;&nbsp;&nbsp;headSerialResponse
<LI><a href="#[13b]">&gt;&gt;</a>&nbsp;&nbsp;&nbsp;evaluateCommand
</UL>

<P><STRONG><a name="[131]"></a>read8</STRONG> (Thumb, 14 bytes, Stack size 0 bytes, serial.o(.text))
<BR><BR>[Called By]<UL><LI><a href="#[130]">&gt;&gt;</a>&nbsp;&nbsp;&nbsp;read16
<LI><a href="#[13b]">&gt;&gt;</a>&nbsp;&nbsp;&nbsp;evaluateCommand
</UL>

<P><STRONG><a name="[130]"></a>read16</STRONG> (Thumb, 20 bytes, Stack size 4 bytes, serial.o(.text))
<BR><BR>[Stack]<UL><LI>Max Depth = 4<LI>Call Chain = read16
</UL>
<BR>[Calls]<UL><LI><a href="#[131]">&gt;&gt;</a>&nbsp;&nbsp;&nbsp;read8
</UL>
<BR>[Called By]<UL><LI><a href="#[132]">&gt;&gt;</a>&nbsp;&nbsp;&nbsp;read32
<LI><a href="#[13b]">&gt;&gt;</a>&nbsp;&nbsp;&nbsp;evaluateCommand
</UL>

<P><STRONG><a name="[132]"></a>read32</STRONG> (Thumb, 18 bytes, Stack size 4 bytes, serial.o(.text))
<BR><BR>[Stack]<UL><LI>Max Depth = 8<LI>Call Chain = read32 &rArr; read16
</UL>
<BR>[Calls]<UL><LI><a href="#[130]">&gt;&gt;</a>&nbsp;&nbsp;&nbsp;read16
</UL>
<BR>[Called By]<UL><LI><a href="#[13b]">&gt;&gt;</a>&nbsp;&nbsp;&nbsp;evaluateCommand
</UL>

<P><STRONG><a name="[133]"></a>headSerialResponse</STRONG> (Thumb, 50 bytes, Stack size 16 bytes, serial.o(.text))
<BR><BR>[Stack]<UL><LI>Max Depth = 40<LI>Call Chain = headSerialResponse &rArr; serialize8 &rArr; uartWrite
</UL>
<BR>[Calls]<UL><LI><a href="#[12f]">&gt;&gt;</a>&nbsp;&nbsp;&nbsp;serialize8
</UL>
<BR>[Called By]<UL><LI><a href="#[135]">&gt;&gt;</a>&nbsp;&nbsp;&nbsp;headSerialError
<LI><a href="#[134]">&gt;&gt;</a>&nbsp;&nbsp;&nbsp;headSerialReply
</UL>

<P><STRONG><a name="[134]"></a>headSerialReply</STRONG> (Thumb, 6 bytes, Stack size 0 bytes, serial.o(.text))
<BR><BR>[Stack]<UL><LI>Max Depth = 40<LI>Call Chain = headSerialReply &rArr; headSerialResponse &rArr; serialize8 &rArr; uartWrite
</UL>
<BR>[Calls]<UL><LI><a href="#[133]">&gt;&gt;</a>&nbsp;&nbsp;&nbsp;headSerialResponse
</UL>
<BR>[Called By]<UL><LI><a href="#[138]">&gt;&gt;</a>&nbsp;&nbsp;&nbsp;serializeBoxNamesReply
<LI><a href="#[13b]">&gt;&gt;</a>&nbsp;&nbsp;&nbsp;evaluateCommand
</UL>

<P><STRONG><a name="[135]"></a>headSerialError</STRONG> (Thumb, 6 bytes, Stack size 0 bytes, serial.o(.text))
<BR><BR>[Stack]<UL><LI>Max Depth = 40<LI>Call Chain = headSerialError &rArr; headSerialResponse &rArr; serialize8 &rArr; uartWrite
</UL>
<BR>[Calls]<UL><LI><a href="#[133]">&gt;&gt;</a>&nbsp;&nbsp;&nbsp;headSerialResponse
</UL>
<BR>[Called By]<UL><LI><a href="#[13b]">&gt;&gt;</a>&nbsp;&nbsp;&nbsp;evaluateCommand
</UL>

<P><STRONG><a name="[136]"></a>tailSerialReply</STRONG> (Thumb, 6 bytes, Stack size 0 bytes, serial.o(.text))
<BR><BR>[Stack]<UL><LI>Max Depth = 24<LI>Call Chain = tailSerialReply &rArr; serialize8 &rArr; uartWrite
</UL>
<BR>[Calls]<UL><LI><a href="#[12f]">&gt;&gt;</a>&nbsp;&nbsp;&nbsp;serialize8
</UL>
<BR>[Called By]<UL><LI><a href="#[13b]">&gt;&gt;</a>&nbsp;&nbsp;&nbsp;evaluateCommand
</UL>

<P><STRONG><a name="[137]"></a>serializeNames</STRONG> (Thumb, 22 bytes, Stack size 8 bytes, serial.o(.text))
<BR><BR>[Stack]<UL><LI>Max Depth = 32<LI>Call Chain = serializeNames &rArr; serialize8 &rArr; uartWrite
</UL>
<BR>[Calls]<UL><LI><a href="#[12f]">&gt;&gt;</a>&nbsp;&nbsp;&nbsp;serialize8
</UL>
<BR>[Called By]<UL><LI><a href="#[13b]">&gt;&gt;</a>&nbsp;&nbsp;&nbsp;evaluateCommand
</UL>

<P><STRONG><a name="[138]"></a>serializeBoxNamesReply</STRONG> (Thumb, 120 bytes, Stack size 288 bytes, serial.o(.text))
<BR><BR>[Stack]<UL><LI>Max Depth = 328<LI>Call Chain = serializeBoxNamesReply &rArr; headSerialReply &rArr; headSerialResponse &rArr; serialize8 &rArr; uartWrite
</UL>
<BR>[Calls]<UL><LI><a href="#[134]">&gt;&gt;</a>&nbsp;&nbsp;&nbsp;headSerialReply
<LI><a href="#[12f]">&gt;&gt;</a>&nbsp;&nbsp;&nbsp;serialize8
<LI><a href="#[9f]">&gt;&gt;</a>&nbsp;&nbsp;&nbsp;strlen
<LI><a href="#[a0]">&gt;&gt;</a>&nbsp;&nbsp;&nbsp;strcat
<LI><a href="#[c8]">&gt;&gt;</a>&nbsp;&nbsp;&nbsp;__aeabi_memclr4
</UL>
<BR>[Called By]<UL><LI><a href="#[13b]">&gt;&gt;</a>&nbsp;&nbsp;&nbsp;evaluateCommand
</UL>

<P><STRONG><a name="[102]"></a>serialInit</STRONG> (Thumb, 190 bytes, Stack size 16 bytes, serial.o(.text))
<BR><BR>[Stack]<UL><LI>Max Depth = 180<LI>Call Chain = serialInit &rArr; uartInit &rArr; USART_Init &rArr; RCC_GetClocksFreq
</UL>
<BR>[Calls]<UL><LI><a href="#[95]">&gt;&gt;</a>&nbsp;&nbsp;&nbsp;sensors
<LI><a href="#[94]">&gt;&gt;</a>&nbsp;&nbsp;&nbsp;feature
<LI><a href="#[139]">&gt;&gt;</a>&nbsp;&nbsp;&nbsp;uartInit
<LI><a href="#[13a]">&gt;&gt;</a>&nbsp;&nbsp;&nbsp;__aeabi_memset
</UL>
<BR>[Called By]<UL><LI><a href="#[10c]">&gt;&gt;</a>&nbsp;&nbsp;&nbsp;initTelemetry
<LI><a href="#[5c]">&gt;&gt;</a>&nbsp;&nbsp;&nbsp;main
</UL>

<P><STRONG><a name="[10e]"></a>serialCom</STRONG> (Thumb, 232 bytes, Stack size 16 bytes, serial.o(.text))
<BR><BR>[Stack]<UL><LI>Max Depth = 384<LI>Call Chain = serialCom &rArr; evaluateCommand &rArr; serializeBoxNamesReply &rArr; headSerialReply &rArr; headSerialResponse &rArr; serialize8 &rArr; uartWrite
</UL>
<BR>[Calls]<UL><LI><a href="#[b8]">&gt;&gt;</a>&nbsp;&nbsp;&nbsp;uartRead
<LI><a href="#[b7]">&gt;&gt;</a>&nbsp;&nbsp;&nbsp;uartAvailable
<LI><a href="#[aa]">&gt;&gt;</a>&nbsp;&nbsp;&nbsp;systemReset
<LI><a href="#[b5]">&gt;&gt;</a>&nbsp;&nbsp;&nbsp;cliProcess
<LI><a href="#[94]">&gt;&gt;</a>&nbsp;&nbsp;&nbsp;feature
<LI><a href="#[13c]">&gt;&gt;</a>&nbsp;&nbsp;&nbsp;sendTelemetry
<LI><a href="#[13b]">&gt;&gt;</a>&nbsp;&nbsp;&nbsp;evaluateCommand
</UL>
<BR>[Called By]<UL><LI><a href="#[f5]">&gt;&gt;</a>&nbsp;&nbsp;&nbsp;annexCode
</UL>

<P><STRONG><a name="[fe]"></a>spektrumInit</STRONG> (Thumb, 36 bytes, Stack size 0 bytes, spektrum.o(.text))
<BR><BR>[Stack]<UL><LI>Max Depth = 116<LI>Call Chain = spektrumInit &rArr; uart2Init &rArr; uart2Open &rArr; USART_Init &rArr; RCC_GetClocksFreq
</UL>
<BR>[Calls]<UL><LI><a href="#[e6]">&gt;&gt;</a>&nbsp;&nbsp;&nbsp;uart2Init
</UL>
<BR>[Called By]<UL><LI><a href="#[5c]">&gt;&gt;</a>&nbsp;&nbsp;&nbsp;main
</UL>

<P><STRONG><a name="[111]"></a>spektrumFrameComplete</STRONG> (Thumb, 6 bytes, Stack size 0 bytes, spektrum.o(.text))
<BR><BR>[Called By]<UL><LI><a href="#[103]">&gt;&gt;</a>&nbsp;&nbsp;&nbsp;loop
</UL>

<P><STRONG><a name="[63]"></a>spektrumReadRawRC</STRONG> (Thumb, 124 bytes, Stack size 20 bytes, spektrum.o(.text))
<BR><BR>[Stack]<UL><LI>Max Depth = 20<LI>Call Chain = spektrumReadRawRC
</UL>
<BR>[Address Reference Count : 1]<UL><LI> main.o(.text)
</UL>
<P><STRONG><a name="[10c]"></a>initTelemetry</STRONG> (Thumb, 34 bytes, Stack size 16 bytes, telemetry.o(.text))
<BR><BR>[Stack]<UL><LI>Max Depth = 196<LI>Call Chain = initTelemetry &rArr; serialInit &rArr; uartInit &rArr; USART_Init &rArr; RCC_GetClocksFreq
</UL>
<BR>[Calls]<UL><LI><a href="#[102]">&gt;&gt;</a>&nbsp;&nbsp;&nbsp;serialInit
</UL>
<BR>[Called By]<UL><LI><a href="#[f5]">&gt;&gt;</a>&nbsp;&nbsp;&nbsp;annexCode
</UL>

<P><STRONG><a name="[13c]"></a>sendTelemetry</STRONG> (Thumb, 406 bytes, Stack size 32 bytes, telemetry.o(.text))
<BR><BR>[Stack]<UL><LI>Max Depth = 88<LI>Call Chain = sendTelemetry &rArr; sendGPS &rArr; serialize16 &rArr; serializeFrsky &rArr; uartWrite
</UL>
<BR>[Calls]<UL><LI><a href="#[ba]">&gt;&gt;</a>&nbsp;&nbsp;&nbsp;uartWrite
<LI><a href="#[95]">&gt;&gt;</a>&nbsp;&nbsp;&nbsp;sensors
<LI><a href="#[91]">&gt;&gt;</a>&nbsp;&nbsp;&nbsp;millis
<LI><a href="#[94]">&gt;&gt;</a>&nbsp;&nbsp;&nbsp;feature
<LI><a href="#[141]">&gt;&gt;</a>&nbsp;&nbsp;&nbsp;sendVoltage
<LI><a href="#[140]">&gt;&gt;</a>&nbsp;&nbsp;&nbsp;serialize16
<LI><a href="#[13f]">&gt;&gt;</a>&nbsp;&nbsp;&nbsp;sendDataHead
<LI><a href="#[13e]">&gt;&gt;</a>&nbsp;&nbsp;&nbsp;sendGPS
</UL>
<BR>[Called By]<UL><LI><a href="#[10e]">&gt;&gt;</a>&nbsp;&nbsp;&nbsp;serialCom
</UL>

<P><STRONG><a name="[fb]"></a>adcInit</STRONG> (Thumb, 254 bytes, Stack size 136 bytes, drv_adc.o(.text))
<BR><BR>[Stack]<UL><LI>Max Depth = 164<LI>Call Chain = adcInit &rArr; DMA_DeInit
</UL>
<BR>[Calls]<UL><LI><a href="#[143]">&gt;&gt;</a>&nbsp;&nbsp;&nbsp;RCC_APB2PeriphClockCmd
<LI><a href="#[142]">&gt;&gt;</a>&nbsp;&nbsp;&nbsp;RCC_AHB1PeriphClockCmd
<LI><a href="#[147]">&gt;&gt;</a>&nbsp;&nbsp;&nbsp;GPIO_Init
<LI><a href="#[145]">&gt;&gt;</a>&nbsp;&nbsp;&nbsp;DMA_Init
<LI><a href="#[144]">&gt;&gt;</a>&nbsp;&nbsp;&nbsp;DMA_DeInit
<LI><a href="#[146]">&gt;&gt;</a>&nbsp;&nbsp;&nbsp;DMA_Cmd
<LI><a href="#[14e]">&gt;&gt;</a>&nbsp;&nbsp;&nbsp;ADC_SoftwareStartConv
<LI><a href="#[14b]">&gt;&gt;</a>&nbsp;&nbsp;&nbsp;ADC_RegularChannelConfig
<LI><a href="#[14a]">&gt;&gt;</a>&nbsp;&nbsp;&nbsp;ADC_Init
<LI><a href="#[148]">&gt;&gt;</a>&nbsp;&nbsp;&nbsp;ADC_DeInit
<LI><a href="#[14c]">&gt;&gt;</a>&nbsp;&nbsp;&nbsp;ADC_DMACmd
<LI><a href="#[149]">&gt;&gt;</a>&nbsp;&nbsp;&nbsp;ADC_CommonInit
<LI><a href="#[14d]">&gt;&gt;</a>&nbsp;&nbsp;&nbsp;ADC_Cmd
</UL>
<BR>[Called By]<UL><LI><a href="#[5c]">&gt;&gt;</a>&nbsp;&nbsp;&nbsp;main
</UL>

<P><STRONG><a name="[10a]"></a>adcGetChannel</STRONG> (Thumb, 8 bytes, Stack size 0 bytes, drv_adc.o(.text))
<BR><BR>[Called By]<UL><LI><a href="#[101]">&gt;&gt;</a>&nbsp;&nbsp;&nbsp;batteryInit
<LI><a href="#[f5]">&gt;&gt;</a>&nbsp;&nbsp;&nbsp;annexCode
</UL>

<P><STRONG><a name="[120]"></a>adxl345Detect</STRONG> (Thumb, 60 bytes, Stack size 16 bytes, drv_adxl345.o(.text))
<BR><BR>[Stack]<UL><LI>Max Depth = 140<LI>Call Chain = adxl345Detect &rArr; i2cRead &rArr; i2cInit &rArr; i2cUnstick &rArr; GPIO_Init
</UL>
<BR>[Calls]<UL><LI><a href="#[14f]">&gt;&gt;</a>&nbsp;&nbsp;&nbsp;i2cRead
</UL>
<BR>[Called By]<UL><LI><a href="#[100]">&gt;&gt;</a>&nbsp;&nbsp;&nbsp;sensorsAutodetect
</UL>

<P><STRONG><a name="[151]"></a>ECHO_EXTI_IRQHandler</STRONG> (Thumb, 54 bytes, Stack size 8 bytes, drv_hcsr04.o(.text))
<BR><BR>[Stack]<UL><LI>Max Depth = 16<LI>Call Chain = ECHO_EXTI_IRQHandler &rArr; micros
</UL>
<BR>[Calls]<UL><LI><a href="#[f0]">&gt;&gt;</a>&nbsp;&nbsp;&nbsp;micros
<LI><a href="#[152]">&gt;&gt;</a>&nbsp;&nbsp;&nbsp;GPIO_ReadInputDataBit
<LI><a href="#[153]">&gt;&gt;</a>&nbsp;&nbsp;&nbsp;EXTI_ClearITPendingBit
</UL>
<BR>[Called By]<UL><LI><a href="#[21]">&gt;&gt;</a>&nbsp;&nbsp;&nbsp;EXTI9_5_IRQHandler
<LI><a href="#[14]">&gt;&gt;</a>&nbsp;&nbsp;&nbsp;EXTI4_IRQHandler
</UL>

<P><STRONG><a name="[14]"></a>EXTI4_IRQHandler</STRONG> (Thumb, 2 bytes, Stack size 0 bytes, drv_hcsr04.o(.text))
<BR><BR>[Stack]<UL><LI>Max Depth = 16<LI>Call Chain = EXTI4_IRQHandler &rArr; ECHO_EXTI_IRQHandler &rArr; micros
</UL>
<BR>[Calls]<UL><LI><a href="#[151]">&gt;&gt;</a>&nbsp;&nbsp;&nbsp;ECHO_EXTI_IRQHandler
</UL>
<BR>[Address Reference Count : 1]<UL><LI> startup_stm32f4xx.o(RESET)
</UL>
<P><STRONG><a name="[21]"></a>EXTI9_5_IRQHandler</STRONG> (Thumb, 2 bytes, Stack size 0 bytes, drv_hcsr04.o(.text))
<BR><BR>[Stack]<UL><LI>Max Depth = 16<LI>Call Chain = EXTI9_5_IRQHandler &rArr; ECHO_EXTI_IRQHandler &rArr; micros
</UL>
<BR>[Calls]<UL><LI><a href="#[151]">&gt;&gt;</a>&nbsp;&nbsp;&nbsp;ECHO_EXTI_IRQHandler
</UL>
<BR>[Address Reference Count : 1]<UL><LI> startup_stm32f4xx.o(RESET)
</UL>
<P><STRONG><a name="[12b]"></a>hcsr04_init</STRONG> (Thumb, 150 bytes, Stack size 40 bytes, drv_hcsr04.o(.text))
<BR><BR>[Stack]<UL><LI>Max Depth = 60<LI>Call Chain = hcsr04_init &rArr; GPIO_Init
</UL>
<BR>[Calls]<UL><LI><a href="#[91]">&gt;&gt;</a>&nbsp;&nbsp;&nbsp;millis
<LI><a href="#[154]">&gt;&gt;</a>&nbsp;&nbsp;&nbsp;SYSCFG_EXTILineConfig
<LI><a href="#[155]">&gt;&gt;</a>&nbsp;&nbsp;&nbsp;EXTI_Init
<LI><a href="#[153]">&gt;&gt;</a>&nbsp;&nbsp;&nbsp;EXTI_ClearITPendingBit
<LI><a href="#[147]">&gt;&gt;</a>&nbsp;&nbsp;&nbsp;GPIO_Init
</UL>
<BR>[Called By]<UL><LI><a href="#[ff]">&gt;&gt;</a>&nbsp;&nbsp;&nbsp;Sonar_init
</UL>

<P><STRONG><a name="[12c]"></a>hcsr04_get_distance</STRONG> (Thumb, 52 bytes, Stack size 16 bytes, drv_hcsr04.o(.text))
<BR><BR>[Stack]<UL><LI>Max Depth = 32<LI>Call Chain = hcsr04_get_distance &rArr; delayMicroseconds &rArr; micros
</UL>
<BR>[Calls]<UL><LI><a href="#[91]">&gt;&gt;</a>&nbsp;&nbsp;&nbsp;millis
<LI><a href="#[157]">&gt;&gt;</a>&nbsp;&nbsp;&nbsp;delayMicroseconds
<LI><a href="#[156]">&gt;&gt;</a>&nbsp;&nbsp;&nbsp;GPIO_SetBits
<LI><a href="#[158]">&gt;&gt;</a>&nbsp;&nbsp;&nbsp;GPIO_ResetBits
</UL>
<BR>[Called By]<UL><LI><a href="#[116]">&gt;&gt;</a>&nbsp;&nbsp;&nbsp;Sonar_update
</UL>

<P><STRONG><a name="[124]"></a>hmc5883lDetect</STRONG> (Thumb, 50 bytes, Stack size 16 bytes, drv_hmc5883l.o(.text))
<BR><BR>[Stack]<UL><LI>Max Depth = 140<LI>Call Chain = hmc5883lDetect &rArr; i2cRead &rArr; i2cInit &rArr; i2cUnstick &rArr; GPIO_Init
</UL>
<BR>[Calls]<UL><LI><a href="#[14f]">&gt;&gt;</a>&nbsp;&nbsp;&nbsp;i2cRead
</UL>
<BR>[Called By]<UL><LI><a href="#[100]">&gt;&gt;</a>&nbsp;&nbsp;&nbsp;sensorsAutodetect
</UL>

<P><STRONG><a name="[12a]"></a>hmc5883lRead</STRONG> (Thumb, 86 bytes, Stack size 32 bytes, drv_hmc5883l.o(.text))
<BR><BR>[Stack]<UL><LI>Max Depth = 156<LI>Call Chain = hmc5883lRead &rArr; i2cRead &rArr; i2cInit &rArr; i2cUnstick &rArr; GPIO_Init
</UL>
<BR>[Calls]<UL><LI><a href="#[14f]">&gt;&gt;</a>&nbsp;&nbsp;&nbsp;i2cRead
</UL>
<BR>[Called By]<UL><LI><a href="#[114]">&gt;&gt;</a>&nbsp;&nbsp;&nbsp;Mag_getADC
<LI><a href="#[129]">&gt;&gt;</a>&nbsp;&nbsp;&nbsp;hmc5883lInit
</UL>

<P><STRONG><a name="[129]"></a>hmc5883lInit</STRONG> (Thumb, 502 bytes, Stack size 72 bytes, drv_hmc5883l.o(.text))
<BR><BR>[Stack]<UL><LI>Max Depth = 228<LI>Call Chain = hmc5883lInit &rArr; i2cWrite &rArr; i2cWriteBuffer &rArr; i2cInit &rArr; i2cUnstick &rArr; GPIO_Init
</UL>
<BR>[Calls]<UL><LI><a href="#[a9]">&gt;&gt;</a>&nbsp;&nbsp;&nbsp;delay
<LI><a href="#[99]">&gt;&gt;</a>&nbsp;&nbsp;&nbsp;__aeabi_i2d
<LI><a href="#[9c]">&gt;&gt;</a>&nbsp;&nbsp;&nbsp;__aeabi_ddiv
<LI><a href="#[9d]">&gt;&gt;</a>&nbsp;&nbsp;&nbsp;__aeabi_d2f
<LI><a href="#[150]">&gt;&gt;</a>&nbsp;&nbsp;&nbsp;i2cWrite
<LI><a href="#[147]">&gt;&gt;</a>&nbsp;&nbsp;&nbsp;GPIO_Init
<LI><a href="#[12a]">&gt;&gt;</a>&nbsp;&nbsp;&nbsp;hmc5883lRead
<LI><a href="#[159]">&gt;&gt;</a>&nbsp;&nbsp;&nbsp;__hardfp_fabs
</UL>
[...]
<BR><BR>[Stack]<UL><LI>Max Depth = 32<LI>Call Chain = serialize16 &rArr; serializeFrsky &rArr; uartWrite
</UL>
<BR>[Calls]<UL><LI><a href="#[13d]">&gt;&gt;</a>&nbsp;&nbsp;&nbsp;serializeFrsky
</UL>
<BR>[Called By]<UL><LI><a href="#[141]">&gt;&gt;</a>&nbsp;&nbsp;&nbsp;sendVoltage
<LI><a href="#[13e]">&gt;&gt;</a>&nbsp;&nbsp;&nbsp;sendGPS
<LI><a href="#[13c]">&gt;&gt;</a>&nbsp;&nbsp;&nbsp;sendTelemetry
</UL>

<P><STRONG><a name="[141]"></a>sendVoltage</STRONG> (Thumb, 82 bytes, Stack size 16 bytes, telemetry.o(.text))
<BR><BR>[Stack]<UL><LI>Max Depth = 48<LI>Call Chain = sendVoltage &rArr; serialize16 &rArr; serializeFrsky &rArr; uartWrite
</UL>
<BR>[Calls]<UL><LI><a href="#[140]">&gt;&gt;</a>&nbsp;&nbsp;&nbsp;serialize16
<LI><a href="#[13f]">&gt;&gt;</a>&nbsp;&nbsp;&nbsp;sendDataHead
</UL>
<BR>[Called By]<UL><LI><a href="#[13c]">&gt;&gt;</a>&nbsp;&nbsp;&nbsp;sendTelemetry
</UL>

<P><STRONG><a name="[68]"></a>adxl345Align</STRONG> (Thumb, 2 bytes, Stack size 0 bytes, drv_adxl345.o(.text))
<BR>[Address Reference Count : 1]<UL><LI> drv_adxl345.o(.text)
</UL>
<P><STRONG><a name="[67]"></a>adxl345Read</STRONG> (Thumb, 188 bytes, Stack size 40 bytes, drv_adxl345.o(.text))
<BR><BR>[Stack]<UL><LI>Max Depth = 164<LI>Call Chain = adxl345Read &rArr; i2cRead &rArr; i2cInit &rArr; i2cUnstick &rArr; GPIO_Init
</UL>
<BR>[Calls]<UL><LI><a href="#[14f]">&gt;&gt;</a>&nbsp;&nbsp;&nbsp;i2cRead
</UL>
<BR>[Address Reference Count : 1]<UL><LI> drv_adxl345.o(.text)
</UL>
<P><STRONG><a name="[66]"></a>adxl345Init</STRONG> (Thumb, 86 bytes, Stack size 8 bytes, drv_adxl345.o(.text))
<BR><BR>[Stack]<UL><LI>Max Depth = 164<LI>Call Chain = adxl345Init &rArr; i2cWrite &rArr; i2cWriteBuffer &rArr; i2cInit &rArr; i2cUnstick &rArr; GPIO_Init
</UL>
<BR>[Calls]<UL><LI><a href="#[150]">&gt;&gt;</a>&nbsp;&nbsp;&nbsp;i2cWrite
</UL>
<BR>[Address Reference Count : 1]<UL><LI> drv_adxl345.o(.text)
</UL>
<P><STRONG><a name="[164]"></a>i2c_er_handler</STRONG> (Thumb, 114 bytes, Stack size 16 bytes, drv_i2c.o(.text))
<BR><BR>[Stack]<UL><LI>Max Depth = 124<LI>Call Chain = i2c_er_handler &rArr; i2cInit &rArr; i2cUnstick &rArr; GPIO_Init
</UL>
<BR>[Calls]<UL><LI><a href="#[15f]">&gt;&gt;</a>&nbsp;&nbsp;&nbsp;I2C_ITConfig
<LI><a href="#[165]">&gt;&gt;</a>&nbsp;&nbsp;&nbsp;I2C_GenerateSTOP
<LI><a href="#[15a]">&gt;&gt;</a>&nbsp;&nbsp;&nbsp;i2cInit
</UL>
<BR>[Called By]<UL><LI><a href="#[2c]">&gt;&gt;</a>&nbsp;&nbsp;&nbsp;I2C2_ER_IRQHandler
<LI><a href="#[2a]">&gt;&gt;</a>&nbsp;&nbsp;&nbsp;I2C1_ER_IRQHandler
</UL>

<P><STRONG><a name="[166]"></a>i2c_ev_handler</STRONG> (Thumb, 544 bytes, Stack size 24 bytes, drv_i2c.o(.text))
<BR><BR>[Stack]<UL><LI>Max Depth = 24<LI>Call Chain = i2c_ev_handler
</UL>
<BR>[Calls]<UL><LI><a href="#[16b]">&gt;&gt;</a>&nbsp;&nbsp;&nbsp;I2C_SendData
<LI><a href="#[168]">&gt;&gt;</a>&nbsp;&nbsp;&nbsp;I2C_Send7bitAddress
<LI><a href="#[169]">&gt;&gt;</a>&nbsp;&nbsp;&nbsp;I2C_ReceiveData
<LI><a href="#[15f]">&gt;&gt;</a>&nbsp;&nbsp;&nbsp;I2C_ITConfig
<LI><a href="#[165]">&gt;&gt;</a>&nbsp;&nbsp;&nbsp;I2C_GenerateSTOP
<LI><a href="#[16a]">&gt;&gt;</a>&nbsp;&nbsp;&nbsp;I2C_GenerateSTART
<LI><a href="#[167]">&gt;&gt;</a>&nbsp;&nbsp;&nbsp;I2C_AcknowledgeConfig
</UL>
<BR>[Called By]<UL><LI><a href="#[2b]">&gt;&gt;</a>&nbsp;&nbsp;&nbsp;I2C2_EV_IRQHandler
<LI><a href="#[29]">&gt;&gt;</a>&nbsp;&nbsp;&nbsp;I2C1_EV_IRQHandler
</UL>

<P><STRONG><a name="[15c]"></a>i2cUnstick</STRONG> (Thumb, 192 bytes, Stack size 40 bytes, drv_i2c.o(.text))
<BR><BR>[Stack]<UL><LI>Max Depth = 60<LI>Call Chain = i2cUnstick &rArr; GPIO_Init
</UL>
<BR>[Calls]<UL><LI><a href="#[157]">&gt;&gt;</a>&nbsp;&nbsp;&nbsp;delayMicroseconds
<LI><a href="#[156]">&gt;&gt;</a>&nbsp;&nbsp;&nbsp;GPIO_SetBits
<LI><a href="#[158]">&gt;&gt;</a>&nbsp;&nbsp;&nbsp;GPIO_ResetBits
<LI><a href="#[152]">&gt;&gt;</a>&nbsp;&nbsp;&nbsp;GPIO_ReadInputDataBit
<LI><a href="#[147]">&gt;&gt;</a>&nbsp;&nbsp;&nbsp;GPIO_Init
</UL>
<BR>[Called By]<UL><LI><a href="#[15a]">&gt;&gt;</a>&nbsp;&nbsp;&nbsp;i2cInit
</UL>

<P><STRONG><a name="[6b]"></a>l3g4200dAlign</STRONG> (Thumb, 14 bytes, Stack size 0 bytes, drv_l3g4200d.o(.text))
<BR>[Address Reference Count : 1]<UL><LI> drv_l3g4200d.o(.text)
</UL>
<P><STRONG><a name="[6a]"></a>l3g4200dRead</STRONG> (Thumb, 72 bytes, Stack size 16 bytes, drv_l3g4200d.o(.text))
<BR><BR>[Stack]<UL><LI>Max Depth = 140<LI>Call Chain = l3g4200dRead &rArr; i2cRead &rArr; i2cInit &rArr; i2cUnstick &rArr; GPIO_Init
</UL>
<BR>[Calls]<UL><LI><a href="#[14f]">&gt;&gt;</a>&nbsp;&nbsp;&nbsp;i2cRead
</UL>
<BR>[Address Reference Count : 1]<UL><LI> drv_l3g4200d.o(.text)
</UL>
<P><STRONG><a name="[69]"></a>l3g4200dInit</STRONG> (Thumb, 52 bytes, Stack size 8 bytes, drv_l3g4200d.o(.text))
<BR><BR>[Stack]<UL><LI>Max Depth = 164<LI>Call Chain = l3g4200dInit &rArr; i2cWrite &rArr; i2cWriteBuffer &rArr; i2cInit &rArr; i2cUnstick &rArr; GPIO_Init
</UL>
<BR>[Calls]<UL><LI><a href="#[bf]">&gt;&gt;</a>&nbsp;&nbsp;&nbsp;failureMode
<LI><a href="#[a9]">&gt;&gt;</a>&nbsp;&nbsp;&nbsp;delay
<LI><a href="#[150]">&gt;&gt;</a>&nbsp;&nbsp;&nbsp;i2cWrite
</UL>
<BR>[Address Reference Count : 1]<UL><LI> drv_l3g4200d.o(.text)
</UL>
<P><STRONG><a name="[6e]"></a>mma8452Align</STRONG> (Thumb, 14 bytes, Stack size 0 bytes, drv_mma845x.o(.text))
<BR>[Address Reference Count : 1]<UL><LI> drv_mma845x.o(.text)
</UL>
<P><STRONG><a name="[6d]"></a>mma8452Read</STRONG> (Thumb, 78 bytes, Stack size 16 bytes, drv_mma845x.o(.text))
<BR><BR>[Stack]<UL><LI>Max Depth = 140<LI>Call Chain = mma8452Read &rArr; i2cRead &rArr; i2cInit &rArr; i2cUnstick &rArr; GPIO_Init
</UL>
<BR>[Calls]<UL><LI><a href="#[14f]">&gt;&gt;</a>&nbsp;&nbsp;&nbsp;i2cRead
</UL>
<BR>[Address Reference Count : 1]<UL><LI> drv_mma845x.o(.text)
</UL>
<P><STRONG><a name="[6c]"></a>mma8452Init</STRONG> (Thumb, 114 bytes, Stack size 16 bytes, drv_mma845x.o(.text))
<BR><BR>[Stack]<UL><LI>Max Depth = 172<LI>Call Chain = mma8452Init &rArr; i2cWrite &rArr; i2cWriteBuffer &rArr; i2cInit &rArr; i2cUnstick &rArr; GPIO_Init
</UL>
<BR>[Calls]<UL><LI><a href="#[150]">&gt;&gt;</a>&nbsp;&nbsp;&nbsp;i2cWrite
<LI><a href="#[147]">&gt;&gt;</a>&nbsp;&nbsp;&nbsp;GPIO_Init
</UL>
<BR>[Address Reference Count : 1]<UL><LI> drv_mma845x.o(.text)
</UL>
<P><STRONG><a name="[72]"></a>mpu3050ReadTemp</STRONG> (Thumb, 44 bytes, Stack size 16 bytes, drv_mpu3050.o(.text))
<BR><BR>[Stack]<UL><LI>Max Depth = 140<LI>Call Chain = mpu3050ReadTemp &rArr; i2cRead &rArr; i2cInit &rArr; i2cUnstick &rArr; GPIO_Init
</UL>
<BR>[Calls]<UL><LI><a href="#[14f]">&gt;&gt;</a>&nbsp;&nbsp;&nbsp;i2cRead
</UL>
<BR>[Address Reference Count : 1]<UL><LI> drv_mpu3050.o(.text)
</UL>
<P><STRONG><a name="[71]"></a>mpu3050Align</STRONG> (Thumb, 8 bytes, Stack size 0 bytes, drv_mpu3050.o(.text))
<BR>[Address Reference Count : 1]<UL><LI> drv_mpu3050.o(.text)
</UL>
<P><STRONG><a name="[70]"></a>mpu3050Read</STRONG> (Thumb, 72 bytes, Stack size 16 bytes, drv_mpu3050.o(.text))
<BR><BR>[Stack]<UL><LI>Max Depth = 140<LI>Call Chain = mpu3050Read &rArr; i2cRead &rArr; i2cInit &rArr; i2cUnstick &rArr; GPIO_Init
</UL>
<BR>[Calls]<UL><LI><a href="#[14f]">&gt;&gt;</a>&nbsp;&nbsp;&nbsp;i2cRead
</UL>
<BR>[Address Reference Count : 1]<UL><LI> drv_mpu3050.o(.text)
</UL>
<P><STRONG><a name="[6f]"></a>mpu3050Init</STRONG> (Thumb, 76 bytes, Stack size 8 bytes, drv_mpu3050.o(.text))
<BR><BR>[Stack]<UL><LI>Max Depth = 164<LI>Call Chain = mpu3050Init &rArr; i2cWrite &rArr; i2cWriteBuffer &rArr; i2cInit &rArr; i2cUnstick &rArr; GPIO_Init
</UL>
<BR>[Calls]<UL><LI><a href="#[bf]">&gt;&gt;</a>&nbsp;&nbsp;&nbsp;failureMode
<LI><a href="#[a9]">&gt;&gt;</a>&nbsp;&nbsp;&nbsp;delay
<LI><a href="#[150]">&gt;&gt;</a>&nbsp;&nbsp;&nbsp;i2cWrite
</UL>
<BR>[Address Reference Count : 1]<UL><LI> drv_mpu3050.o(.text)
</UL>
<P><STRONG><a name="[78]"></a>mpu6000GyroAlign</STRONG> (Thumb, 18 bytes, Stack size 0 bytes, drv_mpu6000.o(.text))
<BR>[Address Reference Count : 1]<UL><LI> drv_mpu6000.o(.text)
</UL>
<P><STRONG><a name="[77]"></a>mpu6000GyroRead</STRONG> (Thumb, 98 bytes, Stack size 32 bytes, drv_mpu6000.o(.text))
<BR><BR>[Stack]<UL><LI>Max Depth = 48<LI>Call Chain = mpu6000GyroRead &rArr; spi_writeByte
</UL>
<BR>[Calls]<UL><LI><a href="#[16f]">&gt;&gt;</a>&nbsp;&nbsp;&nbsp;spi_writeByte
<LI><a href="#[170]">&gt;&gt;</a>&nbsp;&nbsp;&nbsp;spi_readByte
</UL>
<BR>[Address Reference Count : 1]<UL><LI> drv_mpu6000.o(.text)
</UL>
<P><STRONG><a name="[76]"></a>mpu6000GyroInit</STRONG> (Thumb, 126 bytes, Stack size 16 bytes, drv_mpu6000.o(.text))
<BR><BR>[Stack]<UL><LI>Max Depth = 60<LI>Call Chain = mpu6000GyroInit &rArr; SPI1_Write &rArr; delay &rArr; delayMicroseconds &rArr; micros
</UL>
<BR>[Calls]<UL><LI><a href="#[a9]">&gt;&gt;</a>&nbsp;&nbsp;&nbsp;delay
<LI><a href="#[171]">&gt;&gt;</a>&nbsp;&nbsp;&nbsp;SPI1_Write
<LI><a href="#[147]">&gt;&gt;</a>&nbsp;&nbsp;&nbsp;GPIO_Init
</UL>
<BR>[Address Reference Count : 1]<UL><LI> drv_mpu6000.o(.text)
</UL>
<P><STRONG><a name="[75]"></a>mpu6000AccAlign</STRONG> (Thumb, 14 bytes, Stack size 0 bytes, drv_mpu6000.o(.text))
<BR>[Address Reference Count : 1]<UL><LI> drv_mpu6000.o(.text)
</UL>
<P><STRONG><a name="[74]"></a>mpu6000AccRead</STRONG> (Thumb, 98 bytes, Stack size 32 bytes, drv_mpu6000.o(.text))
<BR><BR>[Stack]<UL><LI>Max Depth = 48<LI>Call Chain = mpu6000AccRead &rArr; spi_writeByte
</UL>
<BR>[Calls]<UL><LI><a href="#[16f]">&gt;&gt;</a>&nbsp;&nbsp;&nbsp;spi_writeByte
<LI><a href="#[170]">&gt;&gt;</a>&nbsp;&nbsp;&nbsp;spi_readByte
</UL>
<BR>[Address Reference Count : 1]<UL><LI> drv_mpu6000.o(.text)
</UL>
<P><STRONG><a name="[73]"></a>mpu6000AccInit</STRONG> (Thumb, 10 bytes, Stack size 0 bytes, drv_mpu6000.o(.text))
<BR>[Address Reference Count : 1]<UL><LI> drv_mpu6000.o(.text)
</UL>
<P><STRONG><a name="[171]"></a>SPI1_Write</STRONG> (Thumb, 32 bytes, Stack size 16 bytes, drv_mpu6000.o(.text))
<BR><BR>[Stack]<UL><LI>Max Depth = 44<LI>Call Chain = SPI1_Write &rArr; delay &rArr; delayMicroseconds &rArr; micros
</UL>
<BR>[Calls]<UL><LI><a href="#[a9]">&gt;&gt;</a>&nbsp;&nbsp;&nbsp;delay
<LI><a href="#[16f]">&gt;&gt;</a>&nbsp;&nbsp;&nbsp;spi_writeByte
</UL>
<BR>[Called By]<UL><LI><a href="#[76]">&gt;&gt;</a>&nbsp;&nbsp;&nbsp;mpu6000GyroInit
</UL>

<P><STRONG><a name="[7d]"></a>ms5611_calculate</STRONG> (Thumb, 262 bytes, Stack size 36 bytes, drv_ms5611.o(.text))
<BR><BR>[Stack]<UL><LI>Max Depth = 36<LI>Call Chain = ms5611_calculate
</UL>
<BR>[Address Reference Count : 1]<UL><LI> drv_ms5611.o(.text)
</UL>
<P><STRONG><a name="[7c]"></a>ms5611_get_up</STRONG> (Thumb, 12 bytes, Stack size 8 bytes, drv_ms5611.o(.text))
<BR><BR>[Stack]<UL><LI>Max Depth = 140<LI>Call Chain = ms5611_get_up &rArr; ms5611_read_adc &rArr; i2cRead &rArr; i2cInit &rArr; i2cUnstick &rArr; GPIO_Init
</UL>
<BR>[Calls]<UL><LI><a href="#[172]">&gt;&gt;</a>&nbsp;&nbsp;&nbsp;ms5611_read_adc
</UL>
<BR>[Address Reference Count : 1]<UL><LI> drv_ms5611.o(.text)
</UL>
<P><STRONG><a name="[7b]"></a>ms5611_start_up</STRONG> (Thumb, 16 bytes, Stack size 0 bytes, drv_ms5611.o(.text))
<BR><BR>[Stack]<UL><LI>Max Depth = 156<LI>Call Chain = ms5611_start_up &rArr; i2cWrite &rArr; i2cWriteBuffer &rArr; i2cInit &rArr; i2cUnstick &rArr; GPIO_Init
</UL>
<BR>[Calls]<UL><LI><a href="#[150]">&gt;&gt;</a>&nbsp;&nbsp;&nbsp;i2cWrite
</UL>
<BR>[Address Reference Count : 1]<UL><LI> drv_ms5611.o(.text)
</UL>
<P><STRONG><a name="[7a]"></a>ms5611_get_ut</STRONG> (Thumb, 12 bytes, Stack size 8 bytes, drv_ms5611.o(.text))
<BR><BR>[Stack]<UL><LI>Max Depth = 140<LI>Call Chain = ms5611_get_ut &rArr; ms5611_read_adc &rArr; i2cRead &rArr; i2cInit &rArr; i2cUnstick &rArr; GPIO_Init
</UL>
<BR>[Calls]<UL><LI><a href="#[172]">&gt;&gt;</a>&nbsp;&nbsp;&nbsp;ms5611_read_adc
</UL>
<BR>[Address Reference Count : 1]<UL><LI> drv_ms5611.o(.text)
</UL>
<P><STRONG><a name="[79]"></a>ms5611_start_ut</STRONG> (Thumb, 16 bytes, Stack size 0 bytes, drv_ms5611.o(.text))
<BR><BR>[Stack]<UL><LI>Max Depth = 156<LI>Call Chain = ms5611_start_ut &rArr; i2cWrite &rArr; i2cWriteBuffer &rArr; i2cInit &rArr; i2cUnstick &rArr; GPIO_Init
</UL>
<BR>[Calls]<UL><LI><a href="#[150]">&gt;&gt;</a>&nbsp;&nbsp;&nbsp;i2cWrite
</UL>
<BR>[Address Reference Count : 1]<UL><LI> drv_ms5611.o(.text)
</UL>
<P><STRONG><a name="[172]"></a>ms5611_read_adc</STRONG> (Thumb, 36 bytes, Stack size 8 bytes, drv_ms5611.o(.text))
<BR><BR>[Stack]<UL><LI>Max Depth = 132<LI>Call Chain = ms5611_read_adc &rArr; i2cRead &rArr; i2cInit &rArr; i2cUnstick &rArr; GPIO_Init
</UL>
<BR>[Calls]<UL><LI><a href="#[14f]">&gt;&gt;</a>&nbsp;&nbsp;&nbsp;i2cRead
</UL>
<BR>[Called By]<UL><LI><a href="#[7a]">&gt;&gt;</a>&nbsp;&nbsp;&nbsp;ms5611_get_ut
<LI><a href="#[7c]">&gt;&gt;</a>&nbsp;&nbsp;&nbsp;ms5611_get_up
</UL>

<P><STRONG><a name="[173]"></a>ms5611_crc</STRONG> (Thumb, 106 bytes, Stack size 20 bytes, drv_ms5611.o(.text))
<BR><BR>[Stack]<UL><LI>Max Depth = 20<LI>Call Chain = ms5611_crc
</UL>
<BR>[Called By]<UL><LI><a href="#[123]">&gt;&gt;</a>&nbsp;&nbsp;&nbsp;ms5611Detect
</UL>

<P><STRONG><a name="[174]"></a>pwmTimeBase</STRONG> (Thumb, 70 bytes, Stack size 24 bytes, drv_pwm.o(.text))
<BR><BR>[Stack]<UL><LI>Max Depth = 36<LI>Call Chain = pwmTimeBase &rArr; TIM_TimeBaseInit
</UL>
<BR>[Calls]<UL><LI><a href="#[175]">&gt;&gt;</a>&nbsp;&nbsp;&nbsp;TIM_TimeBaseStructInit
<LI><a href="#[176]">&gt;&gt;</a>&nbsp;&nbsp;&nbsp;TIM_TimeBaseInit
</UL>
<BR>[Called By]<UL><LI><a href="#[17d]">&gt;&gt;</a>&nbsp;&nbsp;&nbsp;pwmInConfig
<LI><a href="#[179]">&gt;&gt;</a>&nbsp;&nbsp;&nbsp;pwmOutConfig
</UL>

<P><STRONG><a name="[177]"></a>pwmGPIOConfig</STRONG> (Thumb, 258 bytes, Stack size 24 bytes, drv_pwm.o(.text))
<BR><BR>[Stack]<UL><LI>Max Depth = 44<LI>Call Chain = pwmGPIOConfig &rArr; GPIO_Init
</UL>
<BR>[Calls]<UL><LI><a href="#[178]">&gt;&gt;</a>&nbsp;&nbsp;&nbsp;GPIO_StructInit
<LI><a href="#[15b]">&gt;&gt;</a>&nbsp;&nbsp;&nbsp;GPIO_PinAFConfig
<LI><a href="#[147]">&gt;&gt;</a>&nbsp;&nbsp;&nbsp;GPIO_Init
</UL>
<BR>[Called By]<UL><LI><a href="#[17d]">&gt;&gt;</a>&nbsp;&nbsp;&nbsp;pwmInConfig
<LI><a href="#[179]">&gt;&gt;</a>&nbsp;&nbsp;&nbsp;pwmOutConfig
</UL>

<P><STRONG><a name="[179]"></a>pwmOutConfig</STRONG> (Thumb, 112 bytes, Stack size 16 bytes, drv_pwm.o(.text))
<BR><BR>[Stack]<UL><LI>Max Depth = 68<LI>Call Chain = pwmOutConfig &rArr; pwmOCConfig &rArr; TIM_OC4Init
</UL>
<BR>[Calls]<UL><LI><a href="#[17b]">&gt;&gt;</a>&nbsp;&nbsp;&nbsp;TIM_CtrlPWMOutputs
<LI><a href="#[17c]">&gt;&gt;</a>&nbsp;&nbsp;&nbsp;TIM_Cmd
<LI><a href="#[17a]">&gt;&gt;</a>&nbsp;&nbsp;&nbsp;pwmOCConfig
<LI><a href="#[177]">&gt;&gt;</a>&nbsp;&nbsp;&nbsp;pwmGPIOConfig
<LI><a href="#[174]">&gt;&gt;</a>&nbsp;&nbsp;&nbsp;pwmTimeBase
</UL>
<BR>[Called By]<UL><LI><a href="#[fd]">&gt;&gt;</a>&nbsp;&nbsp;&nbsp;pwmInit
</UL>

<P><STRONG><a name="[17d]"></a>pwmInConfig</STRONG> (Thumb, 148 bytes, Stack size 24 bytes, drv_pwm.o(.text))
<BR><BR>[Stack]<UL><LI>Max Depth = 84<LI>Call Chain = pwmInConfig &rArr; pwmICConfig &rArr; TIM_ICInit &rArr; TI2_Config
</UL>
<BR>[Calls]<UL><LI><a href="#[17f]">&gt;&gt;</a>&nbsp;&nbsp;&nbsp;TIM_ITConfig
<LI><a href="#[17c]">&gt;&gt;</a>&nbsp;&nbsp;&nbsp;TIM_Cmd
<LI><a href="#[17e]">&gt;&gt;</a>&nbsp;&nbsp;&nbsp;pwmICConfig
<LI><a href="#[177]">&gt;&gt;</a>&nbsp;&nbsp;&nbsp;pwmGPIOConfig
<LI><a href="#[174]">&gt;&gt;</a>&nbsp;&nbsp;&nbsp;pwmTimeBase
<LI><a href="#[163]">&gt;&gt;</a>&nbsp;&nbsp;&nbsp;NVIC_Init
</UL>
<BR>[Called By]<UL><LI><a href="#[fd]">&gt;&gt;</a>&nbsp;&nbsp;&nbsp;pwmInit
</UL>

<P><STRONG><a name="[7e]"></a>ppmCallback</STRONG> (Thumb, 108 bytes, Stack size 16 bytes, drv_pwm.o(.text))
<BR><BR>[Stack]<UL><LI>Max Depth = 16<LI>Call Chain = ppmCallback
</UL>
<BR>[Address Reference Count : 1]<UL><LI> drv_pwm.o(.text)
</UL>
<P><STRONG><a name="[7f]"></a>pwmCallback</STRONG> (Thumb, 80 bytes, Stack size 16 bytes, drv_pwm.o(.text))
<BR><BR>[Stack]<UL><LI>Max Depth = 76<LI>Call Chain = pwmCallback &rArr; pwmICConfig &rArr; TIM_ICInit &rArr; TI2_Config
</UL>
<BR>[Calls]<UL><LI><a href="#[17e]">&gt;&gt;</a>&nbsp;&nbsp;&nbsp;pwmICConfig
</UL>
<BR>[Address Reference Count : 1]<UL><LI> drv_pwm.o(.text)
</UL>
<P><STRONG><a name="[17a]"></a>pwmOCConfig</STRONG> (Thumb, 136 bytes, Stack size 40 bytes, drv_pwm.o(.text))
<BR><BR>[Stack]<UL><LI>Max Depth = 52<LI>Call Chain = pwmOCConfig &rArr; TIM_OC4Init
</UL>
<BR>[Calls]<UL><LI><a href="#[186]">&gt;&gt;</a>&nbsp;&nbsp;&nbsp;TIM_OCStructInit
<LI><a href="#[188]">&gt;&gt;</a>&nbsp;&nbsp;&nbsp;TIM_OC4PreloadConfig
<LI><a href="#[187]">&gt;&gt;</a>&nbsp;&nbsp;&nbsp;TIM_OC4Init
<LI><a href="#[18e]">&gt;&gt;</a>&nbsp;&nbsp;&nbsp;TIM_OC3PreloadConfig
<LI><a href="#[18d]">&gt;&gt;</a>&nbsp;&nbsp;&nbsp;TIM_OC3Init
<LI><a href="#[18c]">&gt;&gt;</a>&nbsp;&nbsp;&nbsp;TIM_OC2PreloadConfig
<LI><a href="#[18b]">&gt;&gt;</a>&nbsp;&nbsp;&nbsp;TIM_OC2Init
<LI><a href="#[18a]">&gt;&gt;</a>&nbsp;&nbsp;&nbsp;TIM_OC1PreloadConfig
<LI><a href="#[189]">&gt;&gt;</a>&nbsp;&nbsp;&nbsp;TIM_OC1Init
</UL>
<BR>[Called By]<UL><LI><a href="#[179]">&gt;&gt;</a>&nbsp;&nbsp;&nbsp;pwmOutConfig
</UL>

<P><STRONG><a name="[17e]"></a>pwmICConfig</STRONG> (Thumb, 48 bytes, Stack size 32 bytes, drv_pwm.o(.text))
<BR><BR>[Stack]<UL><LI>Max Depth = 60<LI>Call Chain = pwmICConfig &rArr; TIM_ICInit &rArr; TI2_Config
</UL>
<BR>[Calls]<UL><LI><a href="#[18f]">&gt;&gt;</a>&nbsp;&nbsp;&nbsp;TIM_ICStructInit
<LI><a href="#[190]">&gt;&gt;</a>&nbsp;&nbsp;&nbsp;TIM_ICInit
</UL>
<BR>[Called By]<UL><LI><a href="#[7f]">&gt;&gt;</a>&nbsp;&nbsp;&nbsp;pwmCallback
<LI><a href="#[17d]">&gt;&gt;</a>&nbsp;&nbsp;&nbsp;pwmInConfig
</UL>

<P><STRONG><a name="[19e]"></a>uartTxDMA</STRONG> (Thumb, 50 bytes, Stack size 0 bytes, drv_uart.o(.text))
<BR><BR>[Calls]<UL><LI><a href="#[146]">&gt;&gt;</a>&nbsp;&nbsp;&nbsp;DMA_Cmd
</UL>
<BR>[Called By]<UL><LI><a href="#[ba]">&gt;&gt;</a>&nbsp;&nbsp;&nbsp;uartWrite
<LI><a href="#[50]">&gt;&gt;</a>&nbsp;&nbsp;&nbsp;DMA2_Stream7_IRQHandler
</UL>

<P><STRONG><a name="[1a7]"></a>uart2Open</STRONG> (Thumb, 70 bytes, Stack size 24 bytes, drv_uart.o(.text))
<BR><BR>[Stack]<UL><LI>Max Depth = 68<LI>Call Chain = uart2Open &rArr; USART_Init &rArr; RCC_GetClocksFreq
</UL>
<BR>[Calls]<UL><LI><a href="#[1a8]">&gt;&gt;</a>&nbsp;&nbsp;&nbsp;USART_StructInit
<LI><a href="#[1a1]">&gt;&gt;</a>&nbsp;&nbsp;&nbsp;USART_Init
<LI><a href="#[1a6]">&gt;&gt;</a>&nbsp;&nbsp;&nbsp;USART_Cmd
</UL>
<BR>[Called By]<UL><LI><a href="#[e6]">&gt;&gt;</a>&nbsp;&nbsp;&nbsp;uart2Init
<LI><a href="#[e7]">&gt;&gt;</a>&nbsp;&nbsp;&nbsp;uart2ChangeBaud
</UL>

<P><STRONG><a name="[1ab]"></a>uart3Open</STRONG> (Thumb, 70 bytes, Stack size 24 bytes, drv_uart.o(.text), UNUSED)
<BR><BR>[Calls]<UL><LI><a href="#[1a8]">&gt;&gt;</a>&nbsp;&nbsp;&nbsp;USART_StructInit
<LI><a href="#[1a1]">&gt;&gt;</a>&nbsp;&nbsp;&nbsp;USART_Init
<LI><a href="#[1a6]">&gt;&gt;</a>&nbsp;&nbsp;&nbsp;USART_Cmd
</UL>
<BR>[Called By]<UL><LI><a href="#[1ad]">&gt;&gt;</a>&nbsp;&nbsp;&nbsp;uart3ChangeBaud
<LI><a href="#[1ac]">&gt;&gt;</a>&nbsp;&nbsp;&nbsp;uart3Init
</UL>

<P><STRONG><a name="[1af]"></a>SetSysClock</STRONG> (Thumb, 140 bytes, Stack size 0 bytes, system_stm32f4xx.o(.text))
<BR><BR>[Called By]<UL><LI><a href="#[5d]">&gt;&gt;</a>&nbsp;&nbsp;&nbsp;SystemInit
</UL>

<P><STRONG><a name="[1c6]"></a>TI2_Config</STRONG> (Thumb, 46 bytes, Stack size 12 bytes, stm32f4xx_tim.o(.text))
<BR><BR>[Stack]<UL><LI>Max Depth = 12<LI>Call Chain = TI2_Config
</UL>
<BR>[Called By]<UL><LI><a href="#[190]">&gt;&gt;</a>&nbsp;&nbsp;&nbsp;TIM_ICInit
<LI><a href="#[1cc]">&gt;&gt;</a>&nbsp;&nbsp;&nbsp;TIM_TIxExternalClockConfig
<LI><a href="#[1c9]">&gt;&gt;</a>&nbsp;&nbsp;&nbsp;TIM_PWMIConfig
</UL>

<P><STRONG><a name="[1c4]"></a>TI1_Config</STRONG> (Thumb, 44 bytes, Stack size 8 bytes, stm32f4xx_tim.o(.text))
<BR><BR>[Stack]<UL><LI>Max Depth = 8<LI>Call Chain = TI1_Config
</UL>
<BR>[Called By]<UL><LI><a href="#[190]">&gt;&gt;</a>&nbsp;&nbsp;&nbsp;TIM_ICInit
<LI><a href="#[1cc]">&gt;&gt;</a>&nbsp;&nbsp;&nbsp;TIM_TIxExternalClockConfig
<LI><a href="#[1c9]">&gt;&gt;</a>&nbsp;&nbsp;&nbsp;TIM_PWMIConfig
</UL>
<P>
<H3>
Undefined Global Symbols
</H3><HR></body></html>
