<html>
<body>
<pre>
<h1>µVision Build Log</h1>
<h2>Project:</h2>
D:\MultirotorF4_2\Multirotorcontrol.uvproj
Project File Date:  05/03/2013

<h2>Output:</h2>
Build target 'Multirotorcontrol'
compiling buzzer.c...
compiling cli.c...
src\cli.c(843): warning:  #1293-D: assignment in condition
src\cli.c(885): error:  #136: struct "master_t" has no field "mpu6000_scale"
compiling config.c...
compiling gps.c...
src\gps.c(998): warning:  #550-D: variable "_class" was set but never used
src\gps.c(1006): warning:  #177-D: variable "_disable_counter" was declared but never referenced
compiling imu.c...
compiling main.c...
compiling mixer.c...
src\mixer.c(10): warning:  #177-D: variable "currentServo" was declared but never referenced
src\mixer.c(135): warning:  #177-D: variable "servoInit" was declared but never referenced
compiling mw.c...
compiling printf.c...
src\printf.c(136): warning:  #1293-D: assignment in condition
src\printf.c(146): warning:  #1293-D: assignment in condition
compiling sensors.c...
src\sensors.c(39): error:  #136: struct "master_t" has no field "mpu6000_scale"
src\sensors.c(64): error:  #136: struct "master_t" has no field "mpu6000_scale"
compiling serial.c...
src\serial.c(90): warning:  #177-D: variable "boxnames" was declared but never referenced
src\serial.c(149): warning:  #550-D: variable "guiConnected" was set but never used
compiling spektrum.c...
compiling telemetry.c...
compiling drv_adc.c...
src\drv_adc.c(16): error:  #20: identifier "DMA1_Channel1" is undefined
src\drv_adc.c(18): error:  #136: struct "<unnamed>" has no field "DMA_MemoryBaseAddr"
src\drv_adc.c(19): error:  #20: identifier "DMA_DIR_PeripheralSRC" is undefined
src\drv_adc.c(27): error:  #136: struct "<unnamed>" has no field "DMA_M2M"
src\drv_adc.c(27): error:  #20: identifier "DMA_M2M_Disable" is undefined
src\drv_adc.c(32): error:  #136: struct "<unnamed>" has no field "ADC_Mode"
src\drv_adc.c(35): error:  #20: identifier "ADC_ExternalTrigConv_None" is undefined
src\drv_adc.c(37): error:  #136: struct "<unnamed>" has no field "ADC_NbrOfChannel"
src\drv_adc.c(40): error:  #20: identifier "ADC_SampleTime_28Cycles5" is undefined
src\drv_adc.c(48): warning:  #223-D: function "ADC_ResetCalibration" declared implicitly
src\drv_adc.c(49): warning:  #223-D: function "ADC_GetResetCalibrationStatus" declared implicitly
src\drv_adc.c(50): warning:  #223-D: function "ADC_StartCalibration" declared implicitly
src\drv_adc.c(51): warning:  #223-D: function "ADC_GetCalibrationStatus" declared implicitly
src\drv_adc.c(54): warning:  #223-D: function "ADC_SoftwareStartConvCmd" declared implicitly
compiling drv_adc_fy90q.c...
compiling drv_adxl345.c...
compiling drv_hcsr04.c...
compiling drv_hmc5883l.c...
src\drv_hmc5883l.c(48): error:  #20: identifier "GPIO_Mode_IN_FLOATING" is undefined
compiling drv_i2c.c...
compiling drv_i2c_soft.c...
compiling drv_l3g4200d.c...
compiling drv_ledring.c...
compiling drv_mma845x.c...
src\drv_mma845x.c(81): error:  #20: identifier "GPIO_Mode_IN_FLOATING" is undefined
src\drv_mma845x.c(51): warning:  #550-D: variable "device_id" was set but never used
compiling drv_mpu3050.c...
compiling drv_mpu6000.c...
src\drv_mpu6000.c(252): warning:  #223-D: function "spi_writeByte" declared implicitly
src\drv_mpu6000.c(281): warning:  #223-D: function "spi_writeByte" declared implicitly
src\drv_mpu6000.c(282): warning:  #223-D: function "spi_readByte" declared implicitly
src\drv_mpu6000.c(379): warning:  #223-D: function "spi_writeByte" declared implicitly
src\drv_mpu6000.c(381): warning:  #223-D: function "spi_readByte" declared implicitly
src\drv_mpu6000.c(446): warning:  #223-D: function "spi_writeByte" declared implicitly
src\drv_mpu6000.c(449): warning:  #223-D: function "spi_readByte" declared implicitly
compiling drv_ms5611.c...
compiling drv_pwm.c...
compiling drv_pwm_fy90q.c...
compiling drv_spi.c...
src\drv_spi.c(166): warning:  #550-D: parameter "received_val" was set but never used
compiling drv_system.c...
src\drv_system.c(50): error:  #101: "GPIO_InitStructure" has already been declared in the current scope
src\drv_system.c(68): error:  #29: expected an expression
src\drv_system.c(71): warning:  #12-D: parsing restarts here after previous syntax error
src\drv_system.c(71): error:  #65: expected a ";"
src\drv_system.c(47): warning:  #177-D: variable "GPIO_InitStructure" was declared but never referenced
src\drv_system.c(72): error:  #20: identifier "gpio_cfg" is undefined
src\drv_system.c(75): warning:  #1295-D: Deprecated declaration SystemCoreClockUpdate - give arg types
src\drv_system.c(75): warning:  #77-D: this declaration has no storage class or type specifier
src\drv_system.c(75): error:  #147: declaration is incompatible with "void SystemCoreClockUpdate(void)" (declared at line 81 of ".\lib\CMSIS\ST\STM32F4xx\Include\system_stm32f4xx.h")
src\drv_system.c(78): error:  #79: expected a type specifier
src\drv_system.c(78): error:  #757: constant "ENABLE" is not a type name
src\drv_system.c(78): warning:  #77-D: this declaration has no storage class or type specifier
src\drv_system.c(78): error:  #147: declaration is incompatible with "void RCC_APB1PeriphClockCmd(uint32_t, FunctionalState)" (declared at line 474 of ".\lib\STM32F4xx_StdPeriph_Driver\inc\stm32f4xx_rcc.h")
src\drv_system.c(79): error:  #79: expected a type specifier
src\drv_system.c(79): error:  #757: constant "ENABLE" is not a type name
src\drv_system.c(79): warning:  #77-D: this declaration has no storage class or type specifier
src\drv_system.c(79): error:  #147: declaration is incompatible with "void RCC_APB2PeriphClockCmd(uint32_t, FunctionalState)" (declared at line 475 of ".\lib\STM32F4xx_StdPeriph_Driver\inc\stm32f4xx_rcc.h")
src\drv_system.c(80): error:  #79: expected a type specifier
src\drv_system.c(80): error:  #757: constant "ENABLE" is not a type name
src\drv_system.c(80): warning:  #77-D: this declaration has no storage class or type specifier
src\drv_system.c(80): error:  #147: declaration is incompatible with "void RCC_AHB1PeriphClockCmd(uint32_t, FunctionalState)" (declared at line 471 of ".\lib\STM32F4xx_StdPeriph_Driver\inc\stm32f4xx_rcc.h")
src\drv_system.c(81): warning:  #1295-D: Deprecated declaration RCC_ClearFlag - give arg types
src\drv_system.c(81): warning:  #77-D: this declaration has no storage class or type specifier
src\drv_system.c(81): error:  #147: declaration is incompatible with "void RCC_ClearFlag(void)" (declared at line 492 of ".\lib\STM32F4xx_StdPeriph_Driver\inc\stm32f4xx_rcc.h")
src\drv_system.c(101): error:  #169: expected a declaration
src\drv_system.c(102): error:  #169: expected a declaration
src\drv_system.c(103): error:  #169: expected a declaration
src\drv_system.c(104): error:  #169: expected a declaration
src\drv_system.c(105): error:  #169: expected a declaration
src\drv_system.c(108): warning:  #1295-D: Deprecated declaration cycleCounterInit - give arg types
src\drv_system.c(108): warning:  #77-D: this declaration has no storage class or type specifier
src\drv_system.c(108): error:  #147: declaration is incompatible with "void cycleCounterInit(void)" (declared at line 15)
src\drv_system.c(111): error:  #757: variable "SystemCoreClock" is not a type name
src\drv_system.c(111): error:  #18: expected a ")"
src\drv_system.c(111): warning:  #77-D: this declaration has no storage class or type specifier
src\drv_system.c(111): error:  #147-D: declaration is incompatible with "uint32_t SysTick_Config(uint32_t)" (declared at line 1281 of ".\lib\CMSIS\Include\core_cm4.h")
src\drv_system.c(115): error:  #79: expected a type specifier
src\drv_system.c(115): warning:  #77-D: this declaration has no storage class or type specifier
src\drv_system.c(115): error:  #147: declaration is incompatible with "void i2cInit(I2C_TypeDef *)" (declared at line 3 of "src\drv_i2c.h")
src\drv_system.c(116): warning:  #1295-D: Deprecated declaration init_SPI1 - give arg types
src\drv_system.c(116): warning:  #77-D: this declaration has no storage class or type specifier
src\drv_system.c(117): warning:  #1295-D: Deprecated declaration init_SPI2 - give arg types
src\drv_system.c(117): warning:  #77-D: this declaration has no storage class or type specifier
src\drv_system.c(122): error:  #79: expected a type specifier
src\drv_system.c(122): warning:  #77-D: this declaration has no storage class or type specifier
src\drv_system.c(122): error:  #147: declaration is incompatible with "void delay(uint32_t)" (declared at line 5 of "src\drv_system.h")
src\drv_system.c(123): error:  #169: expected a declaration
src\drv_system.c(191): warning: At end of source:  #12-D: parsing restarts here after previous syntax error
src\drv_system.c(15): warning:  #177-D: function "cycleCounterInit" was declared but never referenced
compiling drv_uart.c...
compiling system_stm32f4xx.c...
compiling misc.c...
compiling stm32f4xx_adc.c...
compiling stm32f4xx_can.c...
compiling stm32f4xx_crc.c...
compiling stm32f4xx_cryp.c...
compiling stm32f4xx_cryp_aes.c...
compiling stm32f4xx_cryp_des.c...
compiling stm32f4xx_cryp_tdes.c...
compiling stm32f4xx_dac.c...
compiling stm32f4xx_dbgmcu.c...
compiling stm32f4xx_dcmi.c...
compiling stm32f4xx_dma.c...
compiling stm32f4xx_exti.c...
compiling stm32f4xx_flash.c...
compiling stm32f4xx_fsmc.c...
compiling stm32f4xx_gpio.c...
compiling stm32f4xx_hash.c...
compiling stm32f4xx_hash_md5.c...
compiling stm32f4xx_hash_sha1.c...
compiling stm32f4xx_i2c.c...
compiling stm32f4xx_iwdg.c...
compiling stm32f4xx_pwr.c...
compiling stm32f4xx_rcc.c...
compiling stm32f4xx_rng.c...
compiling stm32f4xx_rtc.c...
compiling stm32f4xx_sdio.c...
compiling stm32f4xx_spi.c...
compiling stm32f4xx_syscfg.c...
compiling stm32f4xx_tim.c...
compiling stm32f4xx_usart.c...
compiling stm32f4xx_wwdg.c...
Target not created
Build target 'Multirotorcontrol'
compiling buzzer.c...
compiling cli.c...
src\cli.c(843): warning:  #1293-D: assignment in condition
compiling config.c...
compiling gps.c...
src\gps.c(998): warning:  #550-D: variable "_class" was set but never used
src\gps.c(1006): warning:  #177-D: variable "_disable_counter" was declared but never referenced
compiling imu.c...
compiling main.c...
compiling mixer.c...
src\mixer.c(10): warning:  #177-D: variable "currentServo" was declared but never referenced
src\mixer.c(135): warning:  #177-D: variable "servoInit" was declared but never referenced
compiling mw.c...
compiling sensors.c...
compiling serial.c...
src\serial.c(90): warning:  #177-D: variable "boxnames" was declared but never referenced
src\serial.c(149): warning:  #550-D: variable "guiConnected" was set but never used
compiling spektrum.c...
compiling telemetry.c...
compiling drv_adc.c...
src\drv_adc.c(16): error:  #20: identifier "DMA1_Channel1" is undefined
src\drv_adc.c(18): error:  #136: struct "<unnamed>" has no field "DMA_MemoryBaseAddr"
src\drv_adc.c(19): error:  #20: identifier "DMA_DIR_PeripheralSRC" is undefined
src\drv_adc.c(27): error:  #136: struct "<unnamed>" has no field "DMA_M2M"
src\drv_adc.c(27): error:  #20: identifier "DMA_M2M_Disable" is undefined
src\drv_adc.c(32): error:  #136: struct "<unnamed>" has no field "ADC_Mode"
src\drv_adc.c(35): error:  #20: identifier "ADC_ExternalTrigConv_None" is undefined
src\drv_adc.c(37): error:  #136: struct "<unnamed>" has no field "ADC_NbrOfChannel"
src\drv_adc.c(40): error:  #20: identifier "ADC_SampleTime_28Cycles5" is undefined
src\drv_adc.c(48): warning:  #223-D: function "ADC_ResetCalibration" declared implicitly
src\drv_adc.c(49): warning:  #223-D: function "ADC_GetResetCalibrationStatus" declared implicitly
src\drv_adc.c(50): warning:  #223-D: function "ADC_StartCalibration" declared implicitly
src\drv_adc.c(51): warning:  #223-D: function "ADC_GetCalibrationStatus" declared implicitly
src\drv_adc.c(54): warning:  #223-D: function "ADC_SoftwareStartConvCmd" declared implicitly
compiling drv_hcsr04.c...
compiling drv_hmc5883l.c...
src\drv_hmc5883l.c(48): error:  #20: identifier "GPIO_Mode_IN_FLOATING" is undefined
compiling drv_ledring.c...
compiling drv_mma845x.c...
src\drv_mma845x.c(81): error:  #20: identifier "GPIO_Mode_IN_FLOATING" is undefined
src\drv_mma845x.c(51): warning:  #550-D: variable "device_id" was set but never used
compiling drv_system.c...
src\drv_system.c(50): error:  #101: "GPIO_InitStructure" has already been declared in the current scope
src\drv_system.c(68): error:  #29: expected an expression
src\drv_system.c(71): warning:  #12-D: parsing restarts here after previous syntax error
src\drv_system.c(71): error:  #65: expected a ";"
src\drv_system.c(47): warning:  #177-D: variable "GPIO_InitStructure" was declared but never referenced
src\drv_system.c(72): error:  #20: identifier "gpio_cfg" is undefined
src\drv_system.c(75): warning:  #1295-D: Deprecated declaration SystemCoreClockUpdate - give arg types
src\drv_system.c(75): warning:  #77-D: this declaration has no storage class or type specifier
src\drv_system.c(75): error:  #147: declaration is incompatible with "void SystemCoreClockUpdate(void)" (declared at line 81 of ".\lib\CMSIS\ST\STM32F4xx\Include\system_stm32f4xx.h")
src\drv_system.c(78): error:  #79: expected a type specifier
src\drv_system.c(78): error:  #757: constant "ENABLE" is not a type name
src\drv_system.c(78): warning:  #77-D: this declaration has no storage class or type specifier
src\drv_system.c(78): error:  #147: declaration is incompatible with "void RCC_APB1PeriphClockCmd(uint32_t, FunctionalState)" (declared at line 474 of ".\lib\STM32F4xx_StdPeriph_Driver\inc\stm32f4xx_rcc.h")
src\drv_system.c(79): error:  #79: expected a type specifier
src\drv_system.c(79): error:  #757: constant "ENABLE" is not a type name
src\drv_system.c(79): warning:  #77-D: this declaration has no storage class or type specifier
src\drv_system.c(79): error:  #147: declaration is incompatible with "void RCC_APB2PeriphClockCmd(uint32_t, FunctionalState)" (declared at line 475 of ".\lib\STM32F4xx_StdPeriph_Driver\inc\stm32f4xx_rcc.h")
src\drv_system.c(80): error:  #79: expected a type specifier
src\drv_system.c(80): error:  #757: constant "ENABLE" is not a type name
src\drv_system.c(80): warning:  #77-D: this declaration has no storage class or type specifier
src\drv_system.c(80): error:  #147: declaration is incompatible with "void RCC_AHB1PeriphClockCmd(uint32_t, FunctionalState)" (declared at line 471 of ".\lib\STM32F4xx_StdPeriph_Driver\inc\stm32f4xx_rcc.h")
src\drv_system.c(81): warning:  #1295-D: Deprecated declaration RCC_ClearFlag - give arg types
src\drv_system.c(81): warning:  #77-D: this declaration has no storage class or type specifier
src\drv_system.c(81): error:  #147: declaration is incompatible with "void RCC_ClearFlag(void)" (declared at line 492 of ".\lib\STM32F4xx_StdPeriph_Driver\inc\stm32f4xx_rcc.h")
src\drv_system.c(101): error:  #169: expected a declaration
src\drv_system.c(102): error:  #169: expected a declaration
src\drv_system.c(103): error:  #169: expected a declaration
src\drv_system.c(104): error:  #169: expected a declaration
src\drv_system.c(105): error:  #169: expected a declaration
src\drv_system.c(108): warning:  #1295-D: Deprecated declaration cycleCounterInit - give arg types
src\drv_system.c(108): warning:  #77-D: this declaration has no storage class or type specifier
src\drv_system.c(108): error:  #147: declaration is incompatible with "void cycleCounterInit(void)" (declared at line 15)
src\drv_system.c(111): error:  #757: variable "SystemCoreClock" is not a type name
src\drv_system.c(111): error:  #18: expected a ")"
src\drv_system.c(111): warning:  #77-D: this declaration has no storage class or type specifier
src\drv_system.c(111): error:  #147-D: declaration is incompatible with "uint32_t SysTick_Config(uint32_t)" (declared at line 1281 of ".\lib\CMSIS\Include\core_cm4.h")
src\drv_system.c(115): error:  #79: expected a type specifier
src\drv_system.c(115): warning:  #77-D: this declaration has no storage class or type specifier
src\drv_system.c(115): error:  #147: declaration is incompatible with "void i2cInit(I2C_TypeDef *)" (declared at line 3 of "src\drv_i2c.h")
src\drv_system.c(116): warning:  #1295-D: Deprecated declaration init_SPI1 - give arg types
src\drv_system.c(116): warning:  #77-D: this declaration has no storage class or type specifier
src\drv_system.c(117): warning:  #1295-D: Deprecated declaration init_SPI2 - give arg types
src\drv_system.c(117): warning:  #77-D: this declaration has no storage class or type specifier
src\drv_system.c(122): error:  #79: expected a type specifier
src\drv_system.c(122): warning:  #77-D: this declaration has no storage class or type specifier
src\drv_system.c(122): error:  #147: declaration is incompatible with "void delay(uint32_t)" (declared at line 5 of "src\drv_system.h")
src\drv_system.c(123): error:  #169: expected a declaration
src\drv_system.c(191): warning: At end of source:  #12-D: parsing restarts here after previous syntax error
src\drv_system.c(15): warning:  #177-D: function "cycleCounterInit" was declared but never referenced
Target not created
Build target 'Multirotorcontrol'
compiling drv_adc.c...
src\drv_adc.c(16): error:  #20: identifier "DMA1_Channel1" is undefined
src\drv_adc.c(18): error:  #136: struct "<unnamed>" has no field "DMA_MemoryBaseAddr"
src\drv_adc.c(19): error:  #20: identifier "DMA_DIR_PeripheralSRC" is undefined
src\drv_adc.c(27): error:  #136: struct "<unnamed>" has no field "DMA_M2M"
src\drv_adc.c(27): error:  #20: identifier "DMA_M2M_Disable" is undefined
src\drv_adc.c(32): error:  #136: struct "<unnamed>" has no field "ADC_Mode"
src\drv_adc.c(35): error:  #20: identifier "ADC_ExternalTrigConv_None" is undefined
src\drv_adc.c(37): error:  #136: struct "<unnamed>" has no field "ADC_NbrOfChannel"
src\drv_adc.c(40): error:  #20: identifier "ADC_SampleTime_28Cycles5" is undefined
src\drv_adc.c(48): warning:  #223-D: function "ADC_ResetCalibration" declared implicitly
src\drv_adc.c(49): warning:  #223-D: function "ADC_GetResetCalibrationStatus" declared implicitly
src\drv_adc.c(50): warning:  #223-D: function "ADC_StartCalibration" declared implicitly
src\drv_adc.c(51): warning:  #223-D: function "ADC_GetCalibrationStatus" declared implicitly
src\drv_adc.c(54): warning:  #223-D: function "ADC_SoftwareStartConvCmd" declared implicitly
compiling drv_hmc5883l.c...
src\drv_hmc5883l.c(48): error:  #20: identifier "GPIO_Mode_IN_FLOATING" is undefined
compiling drv_mma845x.c...
src\drv_mma845x.c(81): error:  #20: identifier "GPIO_Mode_IN_FLOATING" is undefined
src\drv_mma845x.c(51): warning:  #550-D: variable "device_id" was set but never used
compiling drv_system.c...
src\drv_system.c(50): error:  #101: "GPIO_InitStructure" has already been declared in the current scope
src\drv_system.c(72): error:  #268: declaration may not appear after executable statement in block
src\drv_system.c(72): error:  #20: identifier "gpio_cfg" is undefined
src\drv_system.c(116): warning:  #223-D: function "init_SPI1" declared implicitly
src\drv_system.c(117): warning:  #223-D: function "init_SPI2" declared implicitly
src\drv_system.c(47): warning:  #177-D: variable "GPIO_InitStructure" was declared but never referenced
Target not created
Build target 'Multirotorcontrol'
compiling drv_adc.c...
src\drv_adc.c(16): error:  #20: identifier "DMA1_Channel1" is undefined
src\drv_adc.c(18): error:  #136: struct "<unnamed>" has no field "DMA_MemoryBaseAddr"
src\drv_adc.c(19): error:  #20: identifier "DMA_DIR_PeripheralSRC" is undefined
src\drv_adc.c(27): error:  #136: struct "<unnamed>" has no field "DMA_M2M"
src\drv_adc.c(27): error:  #20: identifier "DMA_M2M_Disable" is undefined
src\drv_adc.c(32): error:  #136: struct "<unnamed>" has no field "ADC_Mode"
src\drv_adc.c(35): error:  #20: identifier "ADC_ExternalTrigConv_None" is undefined
src\drv_adc.c(37): error:  #136: struct "<unnamed>" has no field "ADC_NbrOfChannel"
src\drv_adc.c(40): error:  #20: identifier "ADC_SampleTime_28Cycles5" is undefined
src\drv_adc.c(48): warning:  #223-D: function "ADC_ResetCalibration" declared implicitly
src\drv_adc.c(49): warning:  #223-D: function "ADC_GetResetCalibrationStatus" declared implicitly
src\drv_adc.c(50): warning:  #223-D: function "ADC_StartCalibration" declared implicitly
src\drv_adc.c(51): warning:  #223-D: function "ADC_GetCalibrationStatus" declared implicitly
src\drv_adc.c(54): warning:  #223-D: function "ADC_SoftwareStartConvCmd" declared implicitly
compiling drv_hmc5883l.c...
src\drv_hmc5883l.c(48): error:  #20: identifier "GPIO_Mode_IN_FLOATING" is undefined
compiling drv_mma845x.c...
src\drv_mma845x.c(81): error:  #20: identifier "GPIO_Mode_IN_FLOATING" is undefined
src\drv_mma845x.c(51): warning:  #550-D: variable "device_id" was set but never used
compiling drv_system.c...
src\drv_system.c(50): error:  #101: "GPIO_InitStructure" has already been declared in the current scope
src\drv_system.c(116): warning:  #223-D: function "init_SPI1" declared implicitly
src\drv_system.c(117): warning:  #223-D: function "init_SPI2" declared implicitly
src\drv_system.c(47): warning:  #177-D: variable "GPIO_InitStructure" was declared but never referenced
Target not created
Build target 'Multirotorcontrol'
compiling drv_adc.c...
src\drv_adc.c(16): error:  #20: identifier "DMA1_Channel1" is undefined
src\drv_adc.c(18): error:  #136: struct "<unnamed>" has no field "DMA_MemoryBaseAddr"
src\drv_adc.c(19): error:  #20: identifier "DMA_DIR_PeripheralSRC" is undefined
src\drv_adc.c(27): error:  #136: struct "<unnamed>" has no field "DMA_M2M"
src\drv_adc.c(27): error:  #20: identifier "DMA_M2M_Disable" is undefined
src\drv_adc.c(32): error:  #136: struct "<unnamed>" has no field "ADC_Mode"
src\drv_adc.c(35): error:  #20: identifier "ADC_ExternalTrigConv_None" is undefined
src\drv_adc.c(37): error:  #136: struct "<unnamed>" has no field "ADC_NbrOfChannel"
src\drv_adc.c(40): error:  #20: identifier "ADC_SampleTime_28Cycles5" is undefined
src\drv_adc.c(48): warning:  #223-D: function "ADC_ResetCalibration" declared implicitly
src\drv_adc.c(49): warning:  #223-D: function "ADC_GetResetCalibrationStatus" declared implicitly
src\drv_adc.c(50): warning:  #223-D: function "ADC_StartCalibration" declared implicitly
src\drv_adc.c(51): warning:  #223-D: function "ADC_GetCalibrationStatus" declared implicitly
src\drv_adc.c(54): warning:  #223-D: function "ADC_SoftwareStartConvCmd" declared implicitly
compiling drv_hmc5883l.c...
src\drv_hmc5883l.c(48): error:  #20: identifier "GPIO_Mode_IN_FLOATING" is undefined
compiling drv_mma845x.c...
src\drv_mma845x.c(81): error:  #20: identifier "GPIO_Mode_IN_FLOATING" is undefined
src\drv_mma845x.c(51): warning:  #550-D: variable "device_id" was set but never used
compiling drv_system.c...
src\drv_system.c(116): warning:  #223-D: function "init_SPI1" declared implicitly
src\drv_system.c(117): warning:  #223-D: function "init_SPI2" declared implicitly
Target not created
Build target 'Multirotorcontrol'
compiling buzzer.c...
compiling cli.c...
src\cli.c(843): warning:  #1293-D: assignment in condition
compiling config.c...
compiling gps.c...
src\gps.c(998): warning:  #550-D: variable "_class" was set but never used
src\gps.c(1006): warning:  #177-D: variable "_disable_counter" was declared but never referenced
compiling imu.c...
compiling main.c...
compiling mixer.c...
src\mixer.c(10): warning:  #177-D: variable "currentServo" was declared but never referenced
src\mixer.c(135): warning:  #177-D: variable "servoInit" was declared but never referenced
compiling mw.c...
compiling printf.c...
src\printf.c(136): warning:  #1293-D: assignment in condition
src\printf.c(146): warning:  #1293-D: assignment in condition
compiling sensors.c...
compiling serial.c...
src\serial.c(90): warning:  #177-D: variable "boxnames" was declared but never referenced
src\serial.c(149): warning:  #550-D: variable "guiConnected" was set but never used
compiling spektrum.c...
compiling telemetry.c...
compiling drv_adc.c...
compiling drv_adxl345.c...
compiling drv_hcsr04.c...
compiling drv_hmc5883l.c...
src\drv_hmc5883l.c(48): error:  #20: identifier "GPIO_Mode_IN_FLOATING" is undefined
compiling drv_i2c.c...
compiling drv_i2c_soft.c...
compiling drv_l3g4200d.c...
compiling drv_ledring.c...
compiling drv_mma845x.c...
src\drv_mma845x.c(81): error:  #20: identifier "GPIO_Mode_IN_FLOATING" is undefined
src\drv_mma845x.c(51): warning:  #550-D: variable "device_id" was set but never used
compiling drv_mpu3050.c...
compiling drv_mpu6000.c...
src\drv_mpu6000.c(252): warning:  #223-D: function "spi_writeByte" declared implicitly
src\drv_mpu6000.c(281): warning:  #223-D: function "spi_writeByte" declared implicitly
src\drv_mpu6000.c(282): warning:  #223-D: function "spi_readByte" declared implicitly
src\drv_mpu6000.c(379): warning:  #223-D: function "spi_writeByte" declared implicitly
src\drv_mpu6000.c(381): warning:  #223-D: function "spi_readByte" declared implicitly
src\drv_mpu6000.c(446): warning:  #223-D: function "spi_writeByte" declared implicitly
src\drv_mpu6000.c(449): warning:  #223-D: function "spi_readByte" declared implicitly
compiling drv_ms5611.c...
compiling drv_pwm.c...
compiling drv_spi.c...
src\drv_spi.c(166): warning:  #550-D: parameter "received_val" was set but never used
compiling drv_system.c...
src\drv_system.c(116): warning:  #223-D: function "init_SPI1" declared implicitly
src\drv_system.c(117): warning:  #223-D: function "init_SPI2" declared implicitly
compiling drv_uart.c...
Target not created
Build target 'Multirotorcontrol'
compiling drv_hmc5883l.c...
compiling drv_mma845x.c...
src\drv_mma845x.c(51): warning:  #550-D: variable "device_id" was set but never used
linking...
.\obj\Multirotorcontrol.axf: Error: L6218E: Undefined symbol bmp085Detect (referred from sensors.o).
Target not created
Build target 'Multirotorcontrol'
compiling sensors.c...
compiling drv_ms5611.c...
src\drv_ms5611.c(44): warning:  #177-D: variable "GPIO_InitStructure" was declared but never referenced
src\drv_ms5611.c(208): warning:  #1-D: last line of file ends without a newline
linking...
Program Size: Code=49692 RO-data=6932 RW-data=1396 ZI-data=5180  
FromELF: creating hex file...
".\obj\Multirotorcontrol.axf" - 0 Error(s), 2 Warning(s).
Rebuild target 'Multirotorcontrol'
assembling startup_stm32f4xx.s...
compiling buzzer.c...
compiling cli.c...
src\cli.c(843): warning:  #1293-D: assignment in condition
compiling config.c...
compiling gps.c...
src\gps.c(998): warning:  #550-D: variable "_class" was set but never used
src\gps.c(1006): warning:  #177-D: variable "_disable_counter" was declared but never referenced
compiling imu.c...
compiling main.c...
compiling mixer.c...
src\mixer.c(10): warning:  #177-D: variable "currentServo" was declared but never referenced
src\mixer.c(135): warning:  #177-D: variable "servoInit" was declared but never referenced
compiling mw.c...
compiling printf.c...
src\printf.c(136): warning:  #1293-D: assignment in condition
src\printf.c(146): warning:  #1293-D: assignment in condition
compiling sensors.c...
compiling serial.c...
src\serial.c(90): warning:  #177-D: variable "boxnames" was declared but never referenced
src\serial.c(149): warning:  #550-D: variable "guiConnected" was set but never used
compiling spektrum.c...
compiling telemetry.c...
compiling drv_adc.c...
compiling drv_adc_fy90q.c...
compiling drv_adxl345.c...
compiling drv_hcsr04.c...
compiling drv_hmc5883l.c...
compiling drv_i2c.c...
compiling drv_i2c_soft.c...
compiling drv_l3g4200d.c...
compiling drv_ledring.c...
compiling drv_mma845x.c...
src\drv_mma845x.c(51): warning:  #550-D: variable "device_id" was set but never used
compiling drv_mpu3050.c...
compiling drv_mpu6000.c...
src\drv_mpu6000.c(252): warning:  #223-D: function "spi_writeByte" declared implicitly
src\drv_mpu6000.c(281): warning:  #223-D: function "spi_writeByte" declared implicitly
src\drv_mpu6000.c(282): warning:  #223-D: function "spi_readByte" declared implicitly
src\drv_mpu6000.c(379): warning:  #223-D: function "spi_writeByte" declared implicitly
src\drv_mpu6000.c(381): warning:  #223-D: function "spi_readByte" declared implicitly
src\drv_mpu6000.c(446): warning:  #223-D: function "spi_writeByte" declared implicitly
src\drv_mpu6000.c(449): warning:  #223-D: function "spi_readByte" declared implicitly
compiling drv_ms5611.c...
compiling drv_pwm.c...
compiling drv_pwm_fy90q.c...
compiling drv_spi.c...
src\drv_spi.c(166): warning:  #550-D: parameter "received_val" was set but never used
compiling drv_system.c...
src\drv_system.c(116): warning:  #223-D: function "init_SPI1" declared implicitly
src\drv_system.c(117): warning:  #223-D: function "init_SPI2" declared implicitly
compiling drv_uart.c...
compiling system_stm32f4xx.c...
compiling misc.c...
compiling stm32f4xx_adc.c...
compiling stm32f4xx_can.c...
compiling stm32f4xx_crc.c...
compiling stm32f4xx_cryp.c...
compiling stm32f4xx_cryp_aes.c...
compiling stm32f4xx_cryp_des.c...
compiling stm32f4xx_cryp_tdes.c...
compiling stm32f4xx_dac.c...
compiling stm32f4xx_dbgmcu.c...
compiling stm32f4xx_dcmi.c...
compiling stm32f4xx_dma.c...
compiling stm32f4xx_exti.c...
compiling stm32f4xx_flash.c...
compiling stm32f4xx_fsmc.c...
compiling stm32f4xx_gpio.c...
compiling stm32f4xx_hash.c...
compiling stm32f4xx_hash_md5.c...
compiling stm32f4xx_hash_sha1.c...
compiling stm32f4xx_i2c.c...
compiling stm32f4xx_iwdg.c...
compiling stm32f4xx_pwr.c...
compiling stm32f4xx_rcc.c...
compiling stm32f4xx_rng.c...
compiling stm32f4xx_rtc.c...
compiling stm32f4xx_sdio.c...
compiling stm32f4xx_spi.c...
compiling stm32f4xx_syscfg.c...
compiling stm32f4xx_tim.c...
compiling stm32f4xx_usart.c...
compiling stm32f4xx_wwdg.c...
linking...
Program Size: Code=49692 RO-data=6932 RW-data=1396 ZI-data=5180  
FromELF: creating hex file...
".\obj\Multirotorcontrol.axf" - 0 Error(s), 20 Warning(s).
Rebuild target 'Multirotorcontrol'
assembling startup_stm32f4xx.s...
compiling buzzer.c...
compiling cli.c...
src\cli.c(843): warning:  #1293-D: assignment in condition
compiling config.c...
compiling gps.c...
src\gps.c(998): warning:  #550-D: variable "_class" was set but never used
src\gps.c(1006): warning:  #177-D: variable "_disable_counter" was declared but never referenced
compiling imu.c...
compiling main.c...
compiling mixer.c...
src\mixer.c(10): warning:  #177-D: variable "currentServo" was declared but never referenced
src\mixer.c(135): warning:  #177-D: variable "servoInit" was declared but never referenced
compiling mw.c...
compiling printf.c...
src\printf.c(136): warning:  #1293-D: assignment in condition
src\printf.c(146): warning:  #1293-D: assignment in condition
compiling sensors.c...
compiling serial.c...
src\serial.c(90): warning:  #177-D: variable "boxnames" was declared but never referenced
src\serial.c(149): warning:  #550-D: variable "guiConnected" was set but never used
compiling spektrum.c...
compiling telemetry.c...
compiling drv_adc.c...
compiling drv_adc_fy90q.c...
compiling drv_adxl345.c...
compiling drv_hcsr04.c...
compiling drv_hmc5883l.c...
compiling drv_i2c.c...
compiling drv_i2c_soft.c...
compiling drv_l3g4200d.c...
compiling drv_ledring.c...
compiling drv_mma845x.c...
src\drv_mma845x.c(51): warning:  #550-D: variable "device_id" was set but never used
compiling drv_mpu3050.c...
compiling drv_mpu6000.c...
compiling drv_ms5611.c...
compiling drv_pwm.c...
compiling drv_pwm_fy90q.c...
compiling drv_spi.c...
src\drv_spi.c(166): warning:  #550-D: parameter "received_val" was set but never used
compiling drv_system.c...
compiling drv_uart.c...
compiling system_stm32f4xx.c...
compiling misc.c...
compiling stm32f4xx_adc.c...
compiling stm32f4xx_can.c...
compiling stm32f4xx_crc.c...
compiling stm32f4xx_cryp.c...
compiling stm32f4xx_cryp_aes.c...
compiling stm32f4xx_cryp_des.c...
compiling stm32f4xx_cryp_tdes.c...
compiling stm32f4xx_dac.c...
compiling stm32f4xx_dbgmcu.c...
compiling stm32f4xx_dcmi.c...
compiling stm32f4xx_dma.c...
compiling stm32f4xx_exti.c...
compiling stm32f4xx_flash.c...
compiling stm32f4xx_fsmc.c...
compiling stm32f4xx_gpio.c...
compiling stm32f4xx_hash.c...
compiling stm32f4xx_hash_md5.c...
compiling stm32f4xx_hash_sha1.c...
compiling stm32f4xx_i2c.c...
compiling stm32f4xx_iwdg.c...
compiling stm32f4xx_pwr.c...
compiling stm32f4xx_rcc.c...
compiling stm32f4xx_rng.c...
compiling stm32f4xx_rtc.c...
compiling stm32f4xx_sdio.c...
compiling stm32f4xx_spi.c...
compiling stm32f4xx_syscfg.c...
compiling stm32f4xx_tim.c...
compiling stm32f4xx_usart.c...
compiling stm32f4xx_wwdg.c...
linking...
Program Size: Code=49688 RO-data=6932 RW-data=1396 ZI-data=5180  
FromELF: creating hex file...
".\obj\Multirotorcontrol.axf" - 0 Error(s), 11 Warning(s).
Build target 'Multirotorcontrol'
compiling drv_hcsr04.c...
linking...
Program Size: Code=49660 RO-data=6932 RW-data=1396 ZI-data=5180  
FromELF: creating hex file...
".\obj\Multirotorcontrol.axf" - 0 Error(s), 0 Warning(s).
